Godot Engine v4.7.1.stable.official.a13da4feb - https://godotengine.org

(0.03911, 0.017409, 0.065218)
(0.03911, 0.017409, 0.065218)
(0.03911, 0.017409, 0.065218)
CHECKPOINT_LOAD_FAILED|slot=918305
CHECKPOINT_LOAD_FAILED|slot=918305
CHECKPOINT_LOAD_FAILED|slot=918305
CHECKPOINT_LOAD_FAILED|slot=918305
CHECKPOINT_LOAD_FAILED|slot=918305
CHECKPOINT_LOAD_FAILED|slot=918305
CHECKPOINT_LOAD_FAILED|slot=918305
CHECKPOINT_LOAD_FAILED|slot=918305
CHECKPOINT_LOAD_FAILED|slot=918305
CHECKPOINT_LOAD_FAILED|slot=918305
CHECKPOINT_LOAD_FAILED|slot=918305
CHECKPOINT_LOAD_FAILED|slot=918305
CHECKPOINT_LOAD_FAILED|slot=918305
CHECKPOINT_LOAD_FAILED|slot=918305
CHECKPOINT_LOAD_FAILED|slot=918305
CHECKPOINT_LOAD_FAILED|slot=918305
CHECKPOINT_LOAD_FAILED|slot=918305
CHECKPOINT_LOAD_FAILED|slot=918305
CHECKPOINT_LOAD_FAILED|slot=918305
CHECKPOINT_LOAD_FAILED|slot=918305
CHECKPOINT_LOAD_FAILED|slot=918305
CHECKPOINT_LOAD_FAILED|slot=918305
CHECKPOINT_LOAD_FAILED|slot=918305
CHECKPOINT_LOAD_FAILED|slot=918305
CHECKPOINT_LOAD_FAILED|slot=918305
CHECKPOINT_LOAD_FAILED|slot=918305
CHECKPOINT_LOAD_FAILED|slot=918305
CHECKPOINT_LOAD_FAILED|slot=918305
CHECKPOINT_LOAD_FAILED|slot=918305
CHECKPOINT_LOAD_FAILED|slot=918305
CHECKPOINT_LOAD_FAILED|slot=918305
CHECKPOINT_LOAD_FAILED|slot=918305
PROLOGUE_PHASE|complete
CHECKPOINT LOAD FAILURES: clean
