Godot Engine v4.7.1.stable.official.a13da4feb - https://godotengine.org

(0.03911, 0.017409, 0.065218)
(0.03911, 0.017409, 0.065218)
(0.03911, 0.017409, 0.065218)
PROLOGUE_PHASE|complete
EARNED MAP ENTRY|position=(286.609, 2.0, 16.0)|goal=(277.3036, 2.0, -3.952991)|yaw=0.0
EARNED MAP RISE|frames=0|held=false|y=2.0|goal=2.0|fps=40.0
ROUTE LEG|(286.1059, 2.0, 15.85358)
ROUTE LEG|(285.3672, 2.0, 15.72035)
ROUTE LEG|(284.6113, 2.0, 15.69069)
ROUTE LEG|(283.8281, 2.0, 15.71591)
ROUTE LEG|(283.1151, 2.0, 15.74597)
ROUTE LEG|(282.318, 2.0, 15.76233)
ROUTE LEG|(281.5995, 2.0, 15.76163)
ROUTE LEG|(280.8, 2.0, 15.75418)
ROUTE LEG|(280.0807, 2.0, 15.74863)
ROUTE LEG|(279.3621, 2.0, 15.74685)
ROUTE LEG|(278.5626, 2.0, 15.74792)
ROUTE LEG|(277.8432, 2.0, 15.74959)
ROUTE LEG|(277.2289, 2.0, 15.30356)
ROUTE LEG|(277.275, 2.0, 14.53447)
ROUTE LEG|(277.4532, 2.0, 13.81573)
ROUTE LEG|(277.5584, 2.0, 13.04896)
ROUTE LEG|(277.5656, 2.0, 12.34234)
ROUTE LEG|(277.5285, 2.0, 11.54988)
ROUTE LEG|(277.4962, 2.0, 10.83354)
ROUTE LEG|(277.4835, 2.0, 10.11625)
ROUTE LEG|(277.4875, 2.0, 9.317348)
ROUTE LEG|(277.4966, 2.0, 8.598228)
ROUTE LEG|(277.5028, 2.0, 7.798423)
ROUTE LEG|(277.5037, 2.0, 7.078913)
ROUTE LEG|(277.502, 2.0, 6.360279)
ROUTE LEG|(277.5, 2.0, 5.560679)
ROUTE LEG|(277.4992, 2.0, 4.841238)
ROUTE LEG|(277.4993, 2.0, 4.041279)
ROUTE LEG|(277.4999, 2.0, 3.321712)
ROUTE LEG|(277.5002, 2.0, 2.60305)
ROUTE LEG|(277.5002, 2.0, 1.803436)
ROUTE LEG|(277.5001, 2.0, 1.083989)
ROUTE LEG|(277.5, 2.0, 0.365376)
ROUTE LEG|(277.5, 2.0, -0.434216)
ROUTE LEG|(277.5, 2.0, -1.153655)
ROUTE LEG|(277.5, 2.0, -1.953612)
ROUTE LEG|(277.5, 2.0, -2.673179)
ROUTE LEG|(277.5, 2.0, -3.391841)
ROUTE LEG|(277.4909, 2.0, -3.626032)
ROUTE LEG|(277.9215, 2.0, -3.817459)
ROUTE LEG|(278.393, 2.0, -3.342341)
ROUTE LEG|(278.4364, 2.0, -2.538252)
ROUTE LEG|(278.3138, 2.0, -1.798125)
ROUTE LEG|(278.2249, 2.0, -1.103367)
ROUTE LEG|(278.1988, 2.0, -0.314781)
ROUTE LEG|(278.2187, 2.0, 0.399741)
ROUTE LEG|(278.247, 2.0, 1.197033)
ROUTE LEG|(278.2603, 2.0, 1.915614)
ROUTE LEG|(278.2607, 2.0, 2.633831)
ROUTE LEG|(278.2544, 2.0, 3.433203)
ROUTE LEG|(278.2493, 2.0, 4.15255)
ROUTE LEG|(278.2473, 2.0, 4.952465)
ROUTE LEG|(278.2481, 2.0, 5.672014)
ROUTE LEG|(278.2495, 2.0, 6.390666)
ROUTE LEG|(278.2505, 2.0, 7.190277)
ROUTE LEG|(278.2506, 2.0, 7.909722)
ROUTE LEG|(278.2503, 2.0, 8.709681)
ROUTE LEG|(278.7554, 2.0, 9.298179)
ROUTE LEG|(279.455, 2.0, 9.199337)
ROUTE LEG|(280.1738, 2.0, 9.024152)
ROUTE LEG|(280.9421, 2.0, 8.935616)
ROUTE LEG|(281.6491, 2.0, 8.938396)
ROUTE LEG|(282.4419, 2.0, 8.977262)
ROUTE LEG|(283.1585, 2.0, 9.006611)
ROUTE LEG|(283.9572, 2.0, 9.016136)
ROUTE LEG|(284.6762, 2.0, 9.010092)
ROUTE LEG|(285.3946, 2.0, 9.001669)
ROUTE LEG|(286.1941, 2.0, 8.99675)
ROUTE LEG|(286.7926, 2.0, 9.501151)
ROUTE LEG|(286.7027, 2.0, 10.20306)
ROUTE LEG|(286.529, 2.0, 10.92249)
ROUTE LEG|(286.438, 2.0, 11.6908)
ROUTE LEG|(286.4383, 2.0, 12.39786)
ROUTE LEG|(286.476, 2.0, 13.19073)
ROUTE LEG|(286.5056, 2.0, 13.90736)
ROUTE LEG|(286.5159, 2.0, 14.70603)
ROUTE LEG|(286.5103, 2.0, 15.42504)
ROUTE LEG|(286.5123, 2.0, 15.66059)
EARNED MAP ROUTE|distance=759 samples|position=(286.5123, 2.0, 15.66059)|map_count=1|keys=0
MARC EARNED MAP: clean
