Godot Engine v4.7.1.stable.official.a13da4feb - https://godotengine.org

(0.03911, 0.017409, 0.065218)
(0.03911, 0.017409, 0.065218)
(0.03911, 0.017409, 0.065218)
PROLOGUE_PHASE|complete
ERROR: Lambda capture at index 0 was freed. Passed "null" instead.
   at: call (modules/gdscript/gdscript_lambda_callable.cpp:242)
ERROR: Lambda capture at index 0 was freed. Passed "null" instead.
   at: call (modules/gdscript/gdscript_lambda_callable.cpp:242)
ERROR: Lambda capture at index 0 was freed. Passed "null" instead.
   at: call (modules/gdscript/gdscript_lambda_callable.cpp:242)
ERROR: Lambda capture at index 0 was freed. Passed "null" instead.
   at: call (modules/gdscript/gdscript_lambda_callable.cpp:242)
WHIRL_ACTOR_LIFETIME|rig=0|phase=spiral|replacement_completions=1
WHIRL_ACTOR_LIFETIME|rig=0|phase=vanish|replacement_completions=1
ERROR: Lambda capture at index 0 was freed. Passed "null" instead.
   at: call (modules/gdscript/gdscript_lambda_callable.cpp:242)
ERROR: Lambda capture at index 0 was freed. Passed "null" instead.
   at: call (modules/gdscript/gdscript_lambda_callable.cpp:242)
WHIRL_ACTOR_LIFETIME|rig=1|phase=spiral|replacement_completions=1
WHIRL_ACTOR_LIFETIME|rig=1|phase=vanish|replacement_completions=1
ERROR: Lambda capture at index 0 was freed. Passed "null" instead.
   at: call (modules/gdscript/gdscript_lambda_callable.cpp:242)
WHIRL_ACTOR_LIFETIME|rig=2|phase=spiral|replacement_completions=1
WHIRL_ACTOR_LIFETIME|rig=2|phase=vanish|replacement_completions=1
WHIRL_NONSTEAL|actor=0|mask=5|lock=true
WHIRL_NONSTEAL|actor=1|mask=9|lock=true
WHIRL_NONSTEAL|actor=2|mask=17|lock=true
WHIRL_ACTOR_LIFETIME|cases=9|no_player_files=true
FINDING WHIRL-3 hazard steals a preexisting lock
FINDING WHIRL-3 hazard steals a preexisting lock
WHIRLPOOL SAFETY: findings=2
