Godot Engine v4.7.1.stable.official.a13da4feb - https://godotengine.org

ROUTE START|(-4.493615, 0.0, -4.72307)
ROUTE LEG|(-4.87922, 2.706857, -4.609349)
ROUTE LEG|(-5.659538, 2.793013, -4.47436)
ROUTE LEG|(-6.412078, 2.816654, -4.447445)
ROUTE LEG|(-7.194166, 2.825477, -4.470592)
ROUTE LEG|(-7.906939, 2.828574, -4.497707)
ROUTE LEG|(-8.703907, 2.82994, -4.511717)
ROUTE LEG|(-9.422373, 2.830419, -4.510231)
ROUTE LEG|(-10.14053, 2.830617, -4.50385)
ROUTE LEG|(-10.93992, 2.830704, -4.498564)
ROUTE LEG|(-11.65928, 2.830735, -4.497292)
ROUTE LEG|(-12.4592, 2.830749, -4.49838)
ROUTE LEG|(-13.17876, 2.830753, -4.499819)
ROUTE LEG|(-13.89741, 2.830755, -4.50058)
ROUTE LEG|(-14.69702, 2.830756, -4.500579)
ROUTE LEG|(-15.41647, 2.830756, -4.500228)
ROUTE LEG|(-16.13508, 2.830756, -4.499941)
ROUTE LEG|(-16.93468, 2.830756, -4.499844)
ROUTE LEG|(-17.65412, 2.830756, -4.499897)
ROUTE LEG|(-18.45407, 2.830756, -4.499985)
ROUTE LEG|(-19.17364, 2.830756, -4.50003)
ROUTE LEG|(-19.8923, 2.830756, -4.500034)
ROUTE LEG|(-20.69192, 2.830756, -4.500015)
ROUTE LEG|(-21.41136, 2.830756, -4.499999)
ROUTE LEG|(-22.21132, 2.830756, -4.499992)
ROUTE LEG|(-22.79877, 2.830756, -5.005347)
ROUTE LEG|(-22.69914, 2.830756, -5.70474)
ROUTE LEG|(-22.52383, 2.830756, -6.423594)
ROUTE LEG|(-22.43546, 2.830756, -7.191899)
ROUTE LEG|(-22.43839, 2.830756, -7.898825)
ROUTE LEG|(-22.47731, 2.830756, -8.691627)
ROUTE LEG|(-22.50665, 2.830756, -9.408262)
ROUTE LEG|(-22.51615, 2.830756, -10.20693)
ROUTE LEG|(-22.51009, 2.830756, -10.92594)
ROUTE LEG|(-22.50166, 2.830756, -11.64432)
ROUTE LEG|(-22.49675, 2.830756, -12.4438)
ROUTE LEG|(-22.49672, 2.830756, -13.1632)
ROUTE LEG|(-22.49851, 2.830756, -13.88178)
ROUTE LEG|(-22.50023, 2.830756, -14.68136)
ROUTE LEG|(-22.50079, 2.830756, -15.4008)
ROUTE LEG|(-22.50056, 2.830756, -16.20076)
ROUTE LEG|(-22.50013, 2.830756, -16.92032)
ROUTE LEG|(-22.49986, 2.830756, -17.63898)
ROUTE LEG|(-22.49982, 2.830756, -18.4386)
ROUTE LEG|(-22.49991, 2.830756, -19.15804)
ROUTE LEG|(-22.50001, 2.830756, -19.958)
ROUTE LEG|(-22.50004, 2.830756, -20.67757)
ROUTE LEG|(-22.50003, 2.830756, -21.41578)
ROUTE LEG|(-22.50001, 2.830756, -22.14218)
ROUTE LEG|(-22.49999, 2.830756, -22.9452)
ROUTE LEG|(-22.49999, 2.830756, -23.66584)
ROUTE LEG|(-22.55441, 2.830756, -24.37855)
ROUTE WALL|CSGBox3D|position=(-4.591, 1.42021, -0.03414)|size=(9.7915, 4.05762, 1.0)|yaw=0.0
ROUTE WALL|CurrentWall1|position=(0.804751, 1.42021, 8.669861)|size=(18.408, 4.058, 1.0)|yaw=-1.570796251297
ROUTE WALL|CurrentWall2|position=(9.012, 1.42021, 4.06209)|size=(27.8898, 4.05762, 1.0)|yaw=1.57079637050629
ROUTE WALL|CurrentWall3|position=(-0.38523, 1.4204, -9.412)|size=(17.8135, 4.058, 1.0)|yaw=0.0
ROUTE WALL|CSGBox3D6|position=(19.21275, 1.42021, 39.73236)|size=(80.533, 4.058, 1.0)|yaw=-1.57079637050629
ROUTE WALL|CSGBox3D7|position=(24.37105, 1.42021, 39.73231)|size=(80.5329, 4.058, 1.0)|yaw=-1.57079637050629
ROUTE CURRENT|WindCorridor1|position=(4.806735, 1.03851, 4.351933)|size=(6.5101, 3.07703, 36.1632)
ROUTE CURRENT|WindCorridor3|position=(21.7919, 1.03851, 7.78957)|size=(6.43193, 3.07703, 16.0659)
ROUTE CHANNEL|start=(21.7919, 2.831885, -2.534168)|end=(21.7919, 2.831885, 29.40242)
FINDING ROUTE actual chest did not supply the earned map
FINDING ROUTE first earned L does not present navigation lesson
FINDING ROUTE normal keys stopped at (-22.86851, 2.831885, -25.65542) before (-21.75, 2.831885, -25.5) (push=(0.0, 0.0, 0.0), axis=(0.0, 0.0, 0.0))
FINDING ROUTE normal keys stopped at (-22.86851, 2.831885, -25.65542) before (-21.75, 2.831885, -25.5) (push=(0.0, 0.0, 0.0), axis=(0.0, 0.0, 0.0))
FINDING ROUTE map did not open
FINDING ROUTE entrance did not reveal hallway walls
MAZE CURRENT ROUTE: 6 findings
