Godot Engine v4.7.1.stable.official.a13da4feb - https://godotengine.org

ROUTE START|(-4.493615, 0.0, -4.72307)
ROUTE LEG|(-4.879221, 2.811811, -4.609349)
ROUTE LEG|(-5.659539, 2.912228, -4.474359)
ROUTE LEG|(-6.412079, 2.939782, -4.447444)
ROUTE LEG|(-7.194167, 2.950065, -4.470592)
ROUTE LEG|(-7.906939, 2.953675, -4.497707)
ROUTE LEG|(-8.703908, 2.955266, -4.511717)
ROUTE LEG|(-9.422374, 2.955825, -4.510231)
ROUTE LEG|(-10.14053, 2.956057, -4.50385)
ROUTE LEG|(-10.93992, 2.956158, -4.498564)
ROUTE LEG|(-11.65928, 2.956194, -4.497292)
ROUTE LEG|(-12.4592, 2.95621, -4.49838)
ROUTE LEG|(-13.17876, 2.956215, -4.499819)
ROUTE LEG|(-13.89741, 2.956218, -4.50058)
ROUTE LEG|(-14.69702, 2.956218, -4.500579)
ROUTE LEG|(-15.41647, 2.956218, -4.500228)
ROUTE LEG|(-16.13508, 2.956218, -4.499941)
ROUTE LEG|(-16.93468, 2.956218, -4.499844)
ROUTE LEG|(-17.65412, 2.956218, -4.499897)
ROUTE LEG|(-18.45407, 2.956218, -4.499985)
ROUTE LEG|(-19.17364, 2.956218, -4.50003)
ROUTE LEG|(-19.8923, 2.956218, -4.500034)
ROUTE LEG|(-20.69192, 2.956218, -4.500015)
ROUTE LEG|(-21.41136, 2.956218, -4.499999)
ROUTE LEG|(-22.21132, 2.956218, -4.499992)
ROUTE LEG|(-22.79877, 2.956218, -5.005347)
ROUTE LEG|(-22.69914, 2.956218, -5.70474)
ROUTE LEG|(-22.52383, 2.956218, -6.423594)
ROUTE LEG|(-22.43546, 2.956218, -7.191899)
ROUTE LEG|(-22.43839, 2.956218, -7.898825)
ROUTE LEG|(-22.47731, 2.956218, -8.691627)
ROUTE LEG|(-22.50665, 2.956218, -9.408262)
ROUTE LEG|(-22.51615, 2.956218, -10.20693)
ROUTE LEG|(-22.51009, 2.956218, -10.92594)
ROUTE LEG|(-22.50166, 2.956218, -11.64432)
ROUTE LEG|(-22.49675, 2.956218, -12.4438)
ROUTE LEG|(-22.49672, 2.956218, -13.1632)
ROUTE LEG|(-22.49851, 2.956218, -13.88178)
ROUTE LEG|(-22.50023, 2.956218, -14.68136)
ROUTE LEG|(-22.50079, 2.956218, -15.4008)
ROUTE LEG|(-22.50056, 2.956218, -16.20076)
ROUTE LEG|(-22.50013, 2.956218, -16.92032)
ROUTE LEG|(-22.49986, 2.956218, -17.63898)
ROUTE LEG|(-22.49982, 2.956218, -18.4386)
ROUTE LEG|(-22.49991, 2.956218, -19.15804)
ROUTE LEG|(-22.50001, 2.956218, -19.958)
ROUTE LEG|(-22.50004, 2.956218, -20.67757)
ROUTE LEG|(-22.50003, 2.956218, -21.39623)
ROUTE LEG|(-22.50002, 2.956218, -22.19585)
ROUTE LEG|(-22.5, 2.956218, -22.91529)
ROUTE LEG|(-22.49999, 2.956218, -23.63391)
ROUTE LEG|(-22.56556, 2.956218, -24.42579)
ROUTE WALL|CSGBox3D|position=(-4.591, 1.42021, -0.03414)|size=(9.7915, 4.05762, 1.0)|yaw=0.0
ROUTE WALL|CurrentWall1|position=(0.804751, 1.42021, 8.669861)|size=(18.408, 4.058, 1.0)|yaw=-1.570796251297
ROUTE WALL|CurrentWall2|position=(9.012, 1.42021, 4.06209)|size=(27.8898, 4.05762, 1.0)|yaw=1.57079637050629
ROUTE WALL|CurrentWall3|position=(-0.38523, 1.4204, -9.412)|size=(17.8135, 4.058, 1.0)|yaw=0.0
ROUTE WALL|CSGBox3D6|position=(19.21275, 1.42021, 39.73236)|size=(80.533, 4.058, 1.0)|yaw=-1.57079637050629
ROUTE WALL|CSGBox3D7|position=(24.37105, 1.42021, 39.73231)|size=(80.5329, 4.058, 1.0)|yaw=-1.57079637050629
ROUTE CURRENT|WindCorridor1|position=(4.806735, 1.03851, 4.351933)|size=(6.5101, 3.07703, 36.1632)
ROUTE CURRENT|WindCorridor3|position=(21.7919, 1.03851, 7.78957)|size=(6.43193, 3.07703, 16.0659)
ROUTE CHANNEL|start=(21.7919, 3.081867, -2.534168)|end=(21.7919, 3.081867, 29.40242)
FINDING ROUTE actual chest did not supply the earned map
FINDING ROUTE first earned L does not present navigation lesson
FINDING ROUTE acquired map has no collision/current-valid return path
FINDING ROUTE failed to swim back after actual map acquisition
FINDING ROUTE no collision-valid approach from normal entry to channel
FINDING ROUTE map did not open
FINDING ROUTE entrance did not reveal hallway walls
MAZE CURRENT ROUTE: 7 findings
