Godot Engine v4.7.1.stable.official.a13da4feb - https://godotengine.org
OpenGL API 4.1 Metal - 90.5 - Compatibility - Using Device: Apple - Apple M1

ROUTE START|(-4.493615, 0.0, -4.72307)
ROUTE WALL|CSGBox3D|position=(-4.591, 1.42021, -0.03414)|size=(9.7915, 4.05762, 1.0)|yaw=0.0
ROUTE WALL|CurrentWall1|position=(0.804751, 1.42021, 8.669861)|size=(18.408, 4.058, 1.0)|yaw=-1.570796251297
ROUTE WALL|CurrentWall2|position=(9.012, 1.42021, 4.06209)|size=(27.8898, 4.05762, 1.0)|yaw=1.57079637050629
ROUTE WALL|CurrentWall3|position=(-0.38523, 1.4204, -9.412)|size=(17.8135, 4.058, 1.0)|yaw=0.0
ROUTE WALL|CSGBox3D6|position=(19.21275, 1.42021, 39.73236)|size=(80.533, 4.058, 1.0)|yaw=-1.57079637050629
ROUTE WALL|CSGBox3D7|position=(24.37105, 1.42021, 39.73231)|size=(80.5329, 4.058, 1.0)|yaw=-1.57079637050629
ROUTE CURRENT|WindCorridor1|position=(4.806735, 1.03851, 4.351933)|size=(6.5101, 3.07703, 36.1632)
ROUTE CURRENT|WindCorridor3|position=(21.7919, 1.03851, 7.78957)|size=(6.43193, 3.07703, 16.0659)
ROUTE LEG|(-1.858218, 0.0, -4.661883)
ROUTE LEG|(-1.110539, 0.0, -4.473503)
ROUTE LEG|(-0.365381, 0.0, -4.451142)
ROUTE LEG|(0.413789, 0.0, -4.470961)
ROUTE LEG|(1.024289, 0.0, -4.045849)
ROUTE LEG|(1.03331, 0.0, -3.881637)
ROUTE CHANNEL|start=(21.7919, 0.0, -2.534168)|end=(21.7919, 0.0, 29.40242)
ROUTE LEG|(1.174511, 0.0, -4.34981)
ROUTE LEG|(1.933215, 0.0, -4.546644)
ROUTE LEG|(2.678894, 0.0, -4.578839)
ROUTE LEG|(3.456757, 0.0, -4.539723)
ROUTE LEG|(4.167502, 0.0, -4.499426)
ROUTE LEG|(4.882434, 0.0, -4.481285)
ROUTE LEG|(5.680271, 0.0, -4.484073)
ROUTE LEG|(6.398974, 0.0, -4.494593)
ROUTE LEG|(7.198584, 0.0, -4.502775)
ROUTE LEG|(7.918025, 0.0, -4.504401)
ROUTE LEG|(8.636627, 0.0, -4.502707)
ROUTE LEG|(9.436213, 0.0, -4.500294)
ROUTE LEG|(10.15565, 0.0, -4.499146)
ROUTE LEG|(10.9556, 0.0, -4.49914)
ROUTE LEG|(11.67517, 0.0, -4.499664)
ROUTE LEG|(12.39383, 0.0, -4.500092)
ROUTE LEG|(13.19345, 0.0, -4.500235)
ROUTE LEG|(13.9129, 0.0, -4.500152)
ROUTE LEG|(14.5237, 0.0, -4.052586)
ROUTE LEG|(14.47403, 0.0, -3.283809)
ROUTE LEG|(14.46673, 0.0, -2.740977)
ROUTE LEG|(14.58839, 0.0, -2.238989)
ROUTE LEG|(15.48912, 0.0, -2.005497)
ROUTE LEG|(16.18654, 0.0, -2.184373)
ROUTE LEG|(16.9437, 0.0, -2.302806)
ROUTE LEG|(17.64716, 0.0, -2.319085)
ROUTE LEG|(18.43813, 0.0, -2.284631)
ROUTE LEG|(19.15378, 0.0, -2.250064)
ROUTE LEG|(19.95201, 0.0, -2.233985)
ROUTE LEG|(20.67087, 0.0, -2.237233)
ROUTE LEG|(21.38916, 0.0, -2.245817)
ROUTE LEG|(21.46729, 0.0, -2.246744)
ROUTE LEG|(21.79655, 0.0, 29.07463)
MAZE CURRENT ROUTE: clean
