Godot Engine v4.7.1.stable.official.a13da4feb - https://godotengine.org

ROUTE START|(-4.493615, 0.0, -4.72307)
ROUTE WALL|CSGBox3D|position=(-4.591, 1.42021, -0.03414)|size=(9.7915, 4.05762, 1.0)|yaw=0.0
ROUTE WALL|CurrentWall1|position=(0.804751, 1.42021, 8.669861)|size=(18.408, 4.058, 1.0)|yaw=-1.570796251297
ROUTE WALL|CurrentWall2|position=(9.012, 1.42021, 4.06209)|size=(27.8898, 4.05762, 1.0)|yaw=1.57079637050629
ROUTE WALL|CurrentWall3|position=(-0.38523, 1.4204, -9.412)|size=(17.8135, 4.058, 1.0)|yaw=0.0
ROUTE WALL|CSGBox3D6|position=(19.21275, 1.42021, 39.73236)|size=(80.533, 4.058, 1.0)|yaw=-1.57079637050629
ROUTE WALL|CSGBox3D7|position=(24.37105, 1.42021, 39.73231)|size=(80.5329, 4.058, 1.0)|yaw=-1.57079637050629
ROUTE CURRENT|WindCorridor1|position=(4.806735, 1.03851, 4.351933)|size=(6.5101, 3.07703, 36.1632)
ROUTE CURRENT|WindCorridor3|position=(21.7919, 1.03851, 7.78957)|size=(6.43193, 3.07703, 16.0659)
ROUTE LEG|(-1.858218, 0.0, -4.661883)
ROUTE LEG|(-1.072821, 0.0, -4.489544)
ROUTE LEG|(-0.339178, 0.0, -4.448772)
ROUTE LEG|(0.435953, 0.0, -4.465341)
ROUTE LEG|(1.027123, 0.0, -4.042521)
ROUTE LEG|(1.024865, 0.0, -3.882421)
ROUTE CHANNEL|start=(21.7919, 0.0, -2.534168)|end=(21.7919, 0.0, 29.40242)
ROUTE LEG|(1.18396, 0.0, -4.353258)
ROUTE LEG|(1.94231, 0.0, -4.549516)
ROUTE LEG|(2.687787, 0.0, -4.579095)
ROUTE LEG|(3.385595, 0.0, -4.543793)
ROUTE LEG|(4.175026, 0.0, -4.501079)
ROUTE LEG|(4.890817, 0.0, -4.483233)
ROUTE LEG|(5.689057, 0.0, -4.485101)
ROUTE LEG|(6.407915, 0.0, -4.494758)
ROUTE LEG|(7.207594, 0.0, -4.502481)
ROUTE LEG|(7.92706, 0.0, -4.504086)
ROUTE LEG|(8.645673, 0.0, -4.502529)
ROUTE LEG|(9.445263, 0.0, -4.500268)
ROUTE LEG|(10.1647, 0.0, -4.499193)
ROUTE LEG|(10.88331, 0.0, -4.499146)
ROUTE LEG|(11.6829, 0.0, -4.499635)
ROUTE LEG|(12.40234, 0.0, -4.500049)
ROUTE LEG|(13.20229, 0.0, -4.500211)
ROUTE LEG|(13.92186, 0.0, -4.500148)
ROUTE LEG|(14.52761, 0.0, -4.052325)
ROUTE LEG|(14.47287, 0.0, -3.284448)
ROUTE LEG|(14.46457, 0.0, -2.741958)
ROUTE LEG|(14.58585, 0.0, -2.240386)
ROUTE LEG|(15.44731, 0.0, -2.016788)
ROUTE LEG|(16.14796, 0.0, -2.178218)
ROUTE LEG|(16.90696, 0.0, -2.290614)
ROUTE LEG|(17.69176, 0.0, -2.310507)
FINDING ROUTE normal keys stopped at (18.13442, 0.0, -2.79179) before (18.75, 0.0, -2.25) (push=(-4.2, 0.0, -7.0), axis=(0.0, 0.0, -1.0))
MAZE CURRENT ROUTE: 1 findings
