Godot Engine v4.7.1.stable.official.a13da4feb - https://godotengine.org

(0.03911, 0.017409, 0.065218)
(0.03911, 0.017409, 0.065218)
(0.03911, 0.017409, 0.065218)
PROLOGUE_PHASE|complete
MAZE RELIC CASE|relic=reef_plate|present=true|result=won|actions=3|known=["heavy_slam", "mending_current", "tidal_revival"]|points=2
(0.03911, 0.017409, 0.065218)
(0.03911, 0.017409, 0.065218)
(0.03911, 0.017409, 0.065218)
PROLOGUE_PHASE|complete
MAZE RELIC CASE|relic=reef_plate|present=false|result=won|actions=3|known=["heavy_slam", "mending_current"]|points=5
(0.03911, 0.017409, 0.065218)
(0.03911, 0.017409, 0.065218)
(0.03911, 0.017409, 0.065218)
PROLOGUE_PHASE|complete
MAZE RELIC CASE|relic=sunken_core|present=true|result=won|actions=3|known=["heavy_slam", "mending_current", "guard_break"]|points=3
(0.03911, 0.017409, 0.065218)
(0.03911, 0.017409, 0.065218)
(0.03911, 0.017409, 0.065218)
PROLOGUE_PHASE|complete
MAZE RELIC CASE|relic=sunken_core|present=false|result=won|actions=3|known=["heavy_slam", "mending_current"]|points=5
(0.03911, 0.017409, 0.065218)
(0.03911, 0.017409, 0.065218)
(0.03911, 0.017409, 0.065218)
PROLOGUE_PHASE|complete
MAZE RELIC CASE|relic=abyssal_lens|present=true|result=won|actions=3|known=["swift_strike", "current_snare", "healing_current", "riptide_slash"]|points=1
(0.03911, 0.017409, 0.065218)
(0.03911, 0.017409, 0.065218)
(0.03911, 0.017409, 0.065218)
PROLOGUE_PHASE|complete
MAZE RELIC CASE|relic=abyssal_lens|present=false|result=won|actions=3|known=["swift_strike", "current_snare", "healing_current"]|points=3
(0.03911, 0.017409, 0.065218)
(0.03911, 0.017409, 0.065218)
(0.03911, 0.017409, 0.065218)
PROLOGUE_PHASE|complete
MAZE RELIC CASE|relic=current_pearl|present=true|result=won|actions=3|known=["swift_strike", "current_snare", "healing_current", "riptide_slash", "tidal_burst"]|points=0
(0.03911, 0.017409, 0.065218)
(0.03911, 0.017409, 0.065218)
(0.03911, 0.017409, 0.065218)
PROLOGUE_PHASE|complete
MAZE RELIC CASE|relic=current_pearl|present=false|result=won|actions=3|known=["swift_strike", "current_snare", "healing_current", "riptide_slash"]|points=3
MAZE RELIC CONSUMERS: clean
