Godot Engine v4.7.1.stable.official.a13da4feb - https://godotengine.org

ROUTE START|(-4.493615, 0.0, -4.72307)
ROUTE LEG|(-4.87922, 2.706857, -4.609349)
ROUTE LEG|(-5.659538, 2.793013, -4.47436)
ROUTE LEG|(-6.412078, 2.816654, -4.447445)
ROUTE LEG|(-7.194166, 2.825477, -4.470592)
ROUTE LEG|(-7.906939, 2.828574, -4.497707)
ROUTE LEG|(-8.703907, 2.82994, -4.511717)
ROUTE LEG|(-9.422373, 2.830419, -4.510231)
ROUTE LEG|(-10.14053, 2.830617, -4.50385)
ROUTE LEG|(-10.93992, 2.830704, -4.498564)
ROUTE LEG|(-11.65928, 2.830735, -4.497292)
ROUTE LEG|(-12.4592, 2.830749, -4.49838)
ROUTE LEG|(-13.17876, 2.830753, -4.499819)
ROUTE LEG|(-13.89741, 2.830755, -4.50058)
ROUTE LEG|(-14.69702, 2.830756, -4.500579)
ROUTE LEG|(-15.41647, 2.830756, -4.500228)
ROUTE LEG|(-16.13508, 2.830756, -4.499941)
ROUTE LEG|(-16.93468, 2.830756, -4.499844)
ROUTE LEG|(-17.65412, 2.830756, -4.499897)
ROUTE LEG|(-18.45407, 2.830756, -4.499985)
ROUTE LEG|(-19.17364, 2.830756, -4.50003)
ROUTE LEG|(-19.8923, 2.830756, -4.500034)
ROUTE LEG|(-20.69192, 2.830756, -4.500015)
ROUTE LEG|(-21.41136, 2.830756, -4.499999)
ROUTE LEG|(-22.21132, 2.830756, -4.499992)
ROUTE LEG|(-22.79877, 2.830756, -5.005347)
ROUTE LEG|(-22.69914, 2.830756, -5.70474)
ROUTE LEG|(-22.52383, 2.830756, -6.423594)
ROUTE LEG|(-22.43546, 2.830756, -7.191899)
ROUTE LEG|(-22.43839, 2.830756, -7.898825)
ROUTE LEG|(-22.47731, 2.830756, -8.691627)
ROUTE LEG|(-22.50665, 2.830756, -9.408262)
ROUTE LEG|(-22.51615, 2.830756, -10.20693)
ROUTE LEG|(-22.51009, 2.830756, -10.92594)
ROUTE LEG|(-22.50166, 2.830756, -11.64432)
ROUTE LEG|(-22.49675, 2.830756, -12.4438)
ROUTE LEG|(-22.49672, 2.830756, -13.1632)
ROUTE LEG|(-22.49851, 2.830756, -13.88178)
ROUTE LEG|(-22.50023, 2.830756, -14.68136)
ROUTE LEG|(-22.50079, 2.830756, -15.4008)
ROUTE LEG|(-22.50056, 2.830756, -16.20076)
ROUTE LEG|(-22.50013, 2.830756, -16.92032)
ROUTE LEG|(-22.49986, 2.830756, -17.63898)
ROUTE LEG|(-22.49982, 2.830756, -18.4386)
ROUTE LEG|(-22.49991, 2.830756, -19.15804)
ROUTE LEG|(-22.50001, 2.830756, -19.958)
ROUTE LEG|(-22.50004, 2.830756, -20.67757)
ROUTE LEG|(-22.50003, 2.830756, -21.39623)
ROUTE LEG|(-22.50002, 2.830756, -22.19585)
ROUTE LEG|(-22.5, 2.830756, -22.91529)
ROUTE LEG|(-22.49999, 2.830756, -23.63391)
ROUTE LEG|(-22.56556, 2.830756, -24.42579)
ROUTE LEG|(-22.07618, 2.830756, -24.65249)
ROUTE LEG|(-21.33828, 2.830756, -24.78622)
ROUTE LEG|(-20.58267, 2.830756, -24.81108)
ROUTE LEG|(-19.79991, 2.830756, -24.78131)
ROUTE LEG|(-19.08701, 2.830756, -24.75019)
ROUTE LEG|(-18.28999, 2.830756, -24.73562)
ROUTE LEG|(-17.57154, 2.830756, -24.73857)
ROUTE LEG|(-16.8534, 2.830756, -24.74636)
ROUTE LEG|(-16.05403, 2.830756, -24.75218)
ROUTE LEG|(-15.33467, 2.830756, -24.75322)
ROUTE LEG|(-14.72531, 2.830756, -24.30498)
ROUTE LEG|(-14.64142, 2.830756, -24.09503)
ROUTE LEG|(-13.7701, 2.830756, -23.78379)
ROUTE LEG|(-13.05681, 2.830756, -23.89849)
ROUTE LEG|(-12.29579, 2.830756, -24.01434)
ROUTE LEG|(-11.59038, 2.830756, -24.05277)
ROUTE LEG|(-10.97519, 2.830756, -23.54852)
ROUTE LEG|(-11.05178, 2.830756, -22.76511)
ROUTE LEG|(-11.21078, 2.830756, -22.11544)
ROUTE LEG|(-11.2634, 2.830756, -21.3487)
ROUTE LEG|(-11.25453, 2.830756, -20.5602)
ROUTE LEG|(-11.24822, 2.830756, -19.84467)
ROUTE LEG|(-11.2464, 2.830756, -19.04644)
ROUTE LEG|(-11.24786, 2.830756, -18.32748)
ROUTE LEG|(-11.24972, 2.830756, -17.60907)
ROUTE LEG|(-11.25075, 2.830756, -16.80957)
ROUTE LEG|(-11.25072, 2.830756, -16.09016)
ROUTE LEG|(-11.25026, 2.830756, -15.29022)
ROUTE LEG|(-11.24991, 2.830756, -14.57066)
ROUTE LEG|(-11.2498, 2.830756, -13.852)
ROUTE LEG|(-11.24987, 2.830756, -13.05238)
ROUTE LEG|(-11.24998, 2.830756, -12.33294)
ROUTE LEG|(-11.25004, 2.830756, -11.61432)
ROUTE LEG|(-11.25004, 2.830756, -10.81473)
ROUTE LEG|(-11.25002, 2.830756, -10.09529)
ROUTE LEG|(-11.25, 2.830756, -9.295339)
ROUTE LEG|(-11.24999, 2.830756, -8.575771)
ROUTE LEG|(-10.80221, 2.830756, -7.971364)
ROUTE LEG|(-10.0346, 2.830756, -8.027447)
ROUTE LEG|(-9.316037, 2.830756, -8.207392)
ROUTE LEG|(-8.549089, 2.830756, -8.310484)
ROUTE LEG|(-7.842493, 2.830756, -8.31556)
ROUTE LEG|(-7.050053, 2.830756, -8.277493)
ROUTE LEG|(-6.333692, 2.830756, -8.245394)
ROUTE LEG|(-5.616398, 2.830756, -8.233252)
ROUTE LEG|(-4.817493, 2.830756, -8.237659)
ROUTE LEG|(-4.217165, 2.830756, -7.797882)
ROUTE LEG|(-4.279231, 2.830756, -7.033957)
ROUTE LEG|(-4.460195, 2.830756, -6.316319)
ROUTE LEG|(-4.561857, 2.830756, -5.549563)
ROUTE LEG|(-4.568533, 2.830756, -5.082801)
ROUTE WALL|CSGBox3D|position=(-4.591, 1.42021, -0.03414)|size=(9.7915, 4.05762, 1.0)|yaw=0.0
ROUTE WALL|CurrentWall1|position=(0.804751, 1.42021, 8.669861)|size=(18.408, 4.058, 1.0)|yaw=-1.570796251297
ROUTE WALL|CurrentWall2|position=(9.012, 1.42021, 4.06209)|size=(27.8898, 4.05762, 1.0)|yaw=1.57079637050629
ROUTE WALL|CurrentWall3|position=(-0.38523, 1.4204, -9.412)|size=(17.8135, 4.058, 1.0)|yaw=0.0
ROUTE WALL|CSGBox3D6|position=(19.21275, 1.42021, 39.73236)|size=(80.533, 4.058, 1.0)|yaw=-1.57079637050629
ROUTE WALL|CSGBox3D7|position=(24.37105, 1.42021, 39.73231)|size=(80.5329, 4.058, 1.0)|yaw=-1.57079637050629
ROUTE CURRENT|WindCorridor1|position=(4.806735, 1.03851, 4.351933)|size=(6.5101, 3.07703, 36.1632)
ROUTE CURRENT|WindCorridor3|position=(21.7919, 1.03851, 7.78957)|size=(6.43193, 3.07703, 16.0659)
ROUTE LEG|(-1.858218, 0.0, -4.661883)
ROUTE LEG|(-1.072821, 0.0, -4.489544)
ROUTE LEG|(-0.339178, 0.0, -4.448772)
ROUTE LEG|(0.435953, 0.0, -4.465341)
ROUTE LEG|(1.027123, 0.0, -4.042521)
ROUTE LEG|(1.024865, 0.0, -3.882421)
ROUTE CHANNEL|start=(21.7919, 0.0, -2.534168)|end=(21.7919, 0.0, 29.40242)
ROUTE LEG|(1.18396, 0.0, -4.353258)
ROUTE LEG|(1.94231, 0.0, -4.549516)
ROUTE LEG|(2.687787, 0.0, -4.579095)
ROUTE LEG|(3.385595, 0.0, -4.543793)
ROUTE LEG|(4.175026, 0.0, -4.501079)
ROUTE LEG|(4.890817, 0.0, -4.483233)
ROUTE LEG|(5.689057, 0.0, -4.485101)
ROUTE LEG|(6.407915, 0.0, -4.494758)
ROUTE LEG|(7.207594, 0.0, -4.502481)
ROUTE LEG|(7.92706, 0.0, -4.504086)
ROUTE LEG|(8.645673, 0.0, -4.502529)
ROUTE LEG|(9.445263, 0.0, -4.500268)
ROUTE LEG|(10.1647, 0.0, -4.499193)
ROUTE LEG|(10.88331, 0.0, -4.499146)
ROUTE LEG|(11.6829, 0.0, -4.499635)
ROUTE LEG|(12.40234, 0.0, -4.500049)
ROUTE LEG|(13.20229, 0.0, -4.500211)
ROUTE LEG|(13.92186, 0.0, -4.500148)
ROUTE LEG|(14.52761, 0.0, -4.052325)
ROUTE LEG|(14.47287, 0.0, -3.284448)
ROUTE LEG|(14.46457, 0.0, -2.741958)
ROUTE LEG|(14.58585, 0.0, -2.240386)
ROUTE LEG|(15.44429, 0.0, -2.022721)
ROUTE LEG|(16.14929, 0.0, -2.170086)
ROUTE LEG|(16.90954, 0.0, -2.281818)
ROUTE LEG|(17.695, 0.0, -2.307045)
ROUTE LEG|(18.40811, 0.0, -2.282904)
ROUTE LEG|(19.20469, 0.0, -2.251346)
ROUTE LEG|(19.92303, 0.0, -2.23774)
ROUTE LEG|(20.64112, 0.0, -2.238348)
ROUTE LEG|(21.44043, 0.0, -2.245679)
ROUTE LEG|(21.51876, 0.0, -2.246485)
ROUTE LEG|(21.7971, 0.0, 29.07526)
MAZE CURRENT ROUTE: clean
