VIEW|title-0|Underwater | New Game | Play Bomb Bot Test
VIEW|battle-0|NOW | Maxilani | Next | Musashi | Bucky | Bomb Bot | Maxilani | 10/10 Lv1 | 100 / 100 02 | EVA 3/3 | Musashi | 10/10 Lv 1 | 100 / 100 02 | EVA 2/2 | Bucky | 10/10 Lv1 | 100 / 100 02 | EVA O/0 | Maxilani's turn. | Attack | Pick a move | Run | Might not escape | Items | You | STR | ACC | DEF | EVA | 3 | Bomb Bot | - 12/12
VIEW|action-002-1|NOW | Maxilani | Next | Musashi | Bucky | Bomb Bot | Maxilani | 10/10 Lv 1 | 100 / 100 02 | EVA 3/3 | Musashi | 10/10 Lv1 | 100 / 100 02 | EVA 2/2 | Bucky | 10/10 Lv 1 | 100 / 100 02 | EVA O/0 | Bomb Bot | 12/12 | Maxilani's turn. | You | STR | ACC | DEF | EVA | 3 | Electric Touch | Strength Damage EVA -3 | Axe Kick | Strength Damage EVA -3 | Scuba Stabbing | Strength Damage 2 Bleed | Flash Blast | 2 Blindness | Multiple Knee Combo | Strength Damage all ACC/EVA -1 | Back
VIEW|action-003-3|NOW | Maxilani | Next | Musashi | Bucky | Bomb Bot | Maxilani | 10/10 Lv1 | 100 / 100 02 | EVA 3/3 | Musashi | 10/10 Lv1 | 100 / 100 02 | EVA 2/2 | Bucky | 10/10 Lv1 | 100 / 100 02 | EVA 0/0 | Bomb Bot | -12/12 | Maxilani's turn. | Electric Touch 1 | You | STR | ACC | DEF | EVA | 3 | Bomb Bot | EVA 1/1 HP 12/12 | Back
VIEW|action-004-5|NOW | Maxilani | Next | Musashi | Bucky | Bomb Bot | Maxilani | 10/10 Lv 1 | 100 / 100 02 | EVA 3/3 | Musashi | 10/10 Lv1 | 100 / 100 02 | EVA 2/2 | Bucky | 10/10 Lv 1 | 100 / 100 02 | EVA O/0 | Bomb Bot | 12/12 | Maxilani's turn. | Electric Touch 1 | You | STR | ACC | DEF | EVA | 3
VIEW|action-004-7|NOW | Maxilani | Next | Musashi | Bucky | Bomb Bot | Maxilani | 10/10 Lv1 | 100 / 100 02 | EVA 3/3 | Musashi | 10/10 Lv 1 | 100 / 100 02 | EVA 2/2 | Bucky | 10/10 Lv1 | 100 / 100 02 | EVA 0/0 | Electric Touch shocks the target for 1. EVA -1 | Electric Touch 1 | You | STR | ACC | DEF | EVA | 3 | Bomb Bot | - 11/12
VIEW|action-004-9|NOW | Musashi | Next | Bucky | Bomb Bot | Maxilani | 10/10 Lv 1 | 100 / 100 02 | EVA 3/3 | Musashi | 10/10 Lv1 | 100 / 100 02 | EVA 2/2 | Bucky | 10/10 Lv 1 | 100 / 100 02 | EVA O/0 | Musashi's turn. | Attack | Pick a move | Run | Might not escape | Items | You | STR | ACC | 2 | DEF | EVA | 2 | 2 | Bomb Bot | 11/12
VIEW|action-005-11|NOW | Musashi | Next | Bucky | Bomb Bot | Maxilani | 10/10 Lv1 | 100 / 100 02 | EVA 3/3 | Musashi | 10/10 Lv1 | 100 / 100 02 | EVA 2/2 | Bucky | 10/10 Lv1 | 100 / 100 02 | EVA O/0 | Bomb Bot | 11/12 | Musashi's turn. | You | STR | ACC | 2 | DEF | EVA | 2 | 2 | 1 | Precise Tap | Weaken | DEF -2 | 1002 | Slow | AGI -2 | Back | 1002
VIEW|action-006-13|NOW | Musashi | Next | Bucky | Bomb Bot | Maxilani | 10/10 Lv1 | 100 / 100 02 | EVA 3/3 | Musashi | 10/10 Lv1 | 100 / 100 02 | EVA 2/2 | Bucky | 10/10 Lv1 | 100 / 100 02 | EVA O/0 | Bomb Bot | - 11/12 | Musashi's turn. | Precise Tap 3 | You | STR | ACC | 2 | DEF | EVA | 2 | 2 | Bomb Bot | EVA 0/0 HP 11/12 | Back
VIEW|action-007-15|NOW | Musashi | Next | Bucky | Bomb Bot | Maxilani | 10/10 Lv1 | 100 / 100 02 | EVA 3/3 | Musashi | 10/10 Lv1 | 100 / 100 02 | EVA 2/2 | Bucky | 10/10 Lv1 | 100 / 100 02 | EVA 0/0 | Musashi's turn. | Precise Tap 3 | You | STR | ACC | DEF | EVA | 2 | 2 | Bomb Bot | - 11/12
VIEW|action-007-17|NOW | Musashi | Next | Bucky | Bomb Bot | Maxilani | 10/10 Lv1 | 100 / 100 02 | EVA 3/3 | Musashi | 10/10 Lv1 | 100 / 100 02 | EVA 2/2 | Bucky | 10/10 Lv1 | 100 / 100 02 | EVA 0/0 | You land a precise tap for 0. | Precise Tap 3 | You | STR | ACC | DEF | EVA | 2 | 2 | Bomb Bot | - 11/12
VIEW|action-007-19|NOW | Bucky | Next | Bomb Bot | Maxilani | 10/10 Lv 1 | 100 / 100 02 | EVA 3/3 | Musashi | 10/10 Lv1 | 100 / 100 02 | EVA 2/2 | Bucky | 10/10 Lv 1 | 100 / 100 02 | EVA O/0 | Bucky's turn. | Attack | Pick a move | You | STR | ACC | 4 | DEF | EVA | 4 | Run | Might not escape | Items | Bomb Bot | 11/12
VIEW|action-008-21|NOW | Bucky | Next | Bomb Bot | Maxilani | 10/10 Lv1 | 100 / 100 02 | EVA 3/3 | Musashi | 10/10 Lv 1 | 100 / 100 02 | EVA 2/2 | Bucky | 10/10 Lv1 | 100 / 100 02 | EVA O/0 | Bomb Bot | 11/12 | Bucky's turn. | You | STR | ACC | 4 | DEF | EVA | Guard Bash | Sturdy, reliable | 4 | Heavy Kick | Balanced, heavier | 10 | 1002 | Crushing Haymaker | Very heavy, slow | 15 | 1602 | Back
VIEW|action-009-22|NOW | Becky | Next | Bomb Bot | Maxilani | 10/10 Lv1 | 100 / 100 02 | EVA 3/3 | Musashi | 10/10 Lv1 | 100 / 100 02 | EVA 2/2 | Bucky | 10/10 Lv1 | 100 / 100 02 | EVA 0/0 | Bomb Bot | -11 /12 | Bucky's turn. | Guard Bash 8 | You | STR | ACC | 4 | DEF | EVA | Bomb Bot | EVA 0/0 HP 11/12 | Back
VIEW|action-010-24|NOW | Bucky | Next | Bomb Bot | Maxilani | 10/10 Lv1 | 100 / 100 02 | EVA 3/3 | Musashi | 10/10 Lv1 | 100 / 100 02 | EVA 2/2 | Bucky | 10/10 Lv1 | 100 / 100 02 | EVA 0/0 | Bucky's turn. | Guard Bash 8 | You | STR | ACC | DEF | EVA | Bomb Bot | - 11/12
VIEW|action-010-26|NOW | Bucky | Next | Bomb Bot | Maxilani | 10/10 Lv1 | 100 / 100 02 | EVA 3/3 | Musashi | 10/10 Lv 1 | 100 / 100 02 | EVA 2/2 | Bucky | 10/10 Lv1 | 100 / 100 02 | EVA 0/0 | You bash it with your guard for 3. | Guard Bash 8 | You | STR | ACC | DEF | EVA | Bomb Bot | 8/12
VIEW|action-010-28|NOW | Bomb Bot | Next | Maxilani | 10/10 Lv 1 | 100 / 100 02 | EVA 3/3 | Musashi | 10/10 Lv1 | 100 / 100 02 | EVA 2/2 | Bucky | 10/10 Lv1 | 100 / 100 02 | EVA 0/0 | You bash it with your guard for 3. | Guard Bash 8 | You | STR | ACC | DEF | EVA | Bomb Bot | 8/12
VIEW|action-010-30|NOW | Bomb Bot | Next | Maxilani | 10/10 Lv1 | 100 / 100 02 | EVA 3/3 | Musashi | 5/10 | LV 1 | 100 / 100 02 | EVA 2/2 | Bucky | 10/10 Lv 1 | 100 / 100 02 | EVA 0/0 | Bomb Bot uses Sling Punch: Musashi -5. | Guard Bash 8 | You | STR | ACC | DEF | EVA | -5 | Bomb Bot | 8/12
VIEW|action-010-32|NOW | Bomb Bot | Next | Maxilani | 10/10 Lv 1 | 100 / 100 02 | EVA 3/3 | Musashi | 5/10 | LV 1 | 100 / 100 02 | EVA 2/2 | Bucky | 10/10 Lv1 | 100 / 100 02 | EVA 0/0 | Bomb Bot uses Sling Punch: Musashi -5. | Guard Bash 8 | You | STR | ACC | DEF | EVA | Bomb Bot | 8/12
VIEW|action-010-34|NOW | Maxilani | Next | Musashi | Bucky | Bomb Bot | Maxilani | 10/10 Lv1 | 100 / 100 02 | EVA 3/3 | Musashi | 5/10 | LV 1 | 100 / 100 02 | EVA 2/2 | Bucky | 10/10 Lv1 | 100 / 100 02 | EVA O/0 | Maxilani's turn. | Attack | Pick a move | Run | Might not escape | Items | You | STR | ACC | DEF | EVA | 3 | Bomb Bot | 8/12
VIEW|action-011-35|NOW | Maxilani | Next | Musashi | Bucky | Bomb Bot | Maxilani | EVA 3/3 | Musashi | Bomb Bot | 10/10 Lv 1 | 100 / 100 02 | 8/12 | 5/10 | LV 1 | 100 / 100 02 | EVA 2/2 | Bucky | 10/10 Lv 1 | 100 / 100 02 | EVA O/0 | Maxilani's turn. | You | STR | ACC | DEF | EVA | 3 | Electric Touch | Strength Damage EVA -3 | Axe Kick | Strength Damage EVA -3 | Scuba Stabbing | Strength Damage 2 Bleed | Flash Blast | 2 Blindness | Multiple Knee Combo | Strength Damage all ACC/EVA -1 | Back
VIEW|action-012-37|NOW | Maxilani | Next | Musashi | Bucky | Bomb Bot | Maxilani | 10/10 Lv1 | 100 / 100 02 | EVA 3/3 | Musashi | Bomb Bot | 8 /12 | 5/10 | LV 1 | 100 / 100 02 | EVA 2/2 | Bucky | 10/10 Lv1 | 100 / 100 02 | EVA 0/0 | Maxilani's turn. | Electric Touch 1 | You | STR | ACC | DEF | EVA | 3 | Bomb Bot | EVA 0/0 HP 8/12 | Back
VIEW|action-013-39|NOW | Maxilani | Next | Musashi | Bucky | Bomb Bot | Maxilani | 10/10 Lv 1 | 100 / 100 02 | EVA 3/3 | Musashi | Bomb Bot | 8/12 | 5/10 | Lv 1 | 100 / 100 02 | EVA 2/2 | Bucky | 10/10 Lv 1 | 100 / 100 02 | EVA O/0 | Maxilani's turn. | Electric Touch 1 | You | STR | ACC | DEF | EVA | 3
VIEW|action-013-41|NOW | Maxilani | Next | Musashi | Bucky | Bomb Bot | Maxilani | EVA 3/3 | Musashi | 10/10 Lv1 | 100 / 100 02 | 5/10 | LV 1 | 100 / 100 02 | EVA 2/2 | Bucky | 10/10 Lv1 | 100 / 100 02 | EVA 0/0 | Electric Touch shocks the target for 1. EVA unchanged | Electric Touch 1 | You | STR | ACC | DEF | EVA | 3 | Bomb Bot | 7/12
VIEW|action-013-43|NOW | Musashi | Next | Bucky | Bomb Bot | Maxilani | 10/10 Lv1 | 100 / 100 02 | EVA 3/3 | Musashi | 5/10 | LV 1 | 100 / 100 02 | EVA 2/2 | Bucky | 10/10 Lv1 | 100 / 100 02 | EVA O/0 | Musashi's turn. | Attack | Pick a move | Run | Might not escape | Items | You | STR | ACC | DEF | EVA | 2 | 2 | Bomb Bot | 7/12
VIEW|action-014-45|NOW | Musashi | Next | Bucky | Bomb Bot | Maxilani | 10/10 Lv 1 | 100 / 100 02 | EVA 3/3 | Musashi | Bomb Bot | 5/10 | LV 1 | 100 / 100 02 | EVA 2/2 | Bucky | 10/10 Lv1 | 100 / 100 02 | EVA O/0 | Musashi's turn. | You | STR | ACC | 2 | DEF | EVA | 2 | 2 | 1 | Precise Tap | Weaken | DEF -2 | 1002 | Slow | AGI -2 | Back | 1002 | 7/12
VIEW|action-015-47|NOW | Musashi | Next | Bucky | Bomb Bot | Maxilani | 10/10 Lv1 | 100 / 100 02 | EVA 3/3 | Musashi | Bomb Bot | 7/12 | 5/10 | LV 1 | 100 / 100 02 | EVA 2/2 | Bucky | 10/10 Lv1 | 100 / 100 02 | EVA O/0 | Musashi's turn. | Precise Tap 3 | You | STR | ACC | 2 | DEF | EVA | 2 | Bomb Bot | EVA 0/0 HP 7/12 | Back
VIEW|action-016-49|NOW | Musashi | Next | Bucky | Bomb Bot | Maxilani | 10/10 Lv1 | 100 / 100 02 | EVA 3/3 | Musashi | 5/10 | LV 1 | 100 / 100 02 | EVA 2/2 | Bucky | 10/10 Lv1 | 100 / 100 02 | EVA 0/0 | Musashi's turn. | Precise Tap 3 | You | STR | ACC | DEF | EVA | 2 | 2 | Bomb Bot | 7/12
VIEW|action-016-51|NOW | Musashi | Next | Bucky | Bomb Bot | Maxilani | 10/10 Lv1 | 100 / 100 02 | EVA 3/3 | Musashi | 5/10 | LV 1 | 100 / 100 02 | EVA 2/2 | Bucky | 10/10 Lv1 | 100 / 100 02 | EVA 0/0 | You land a precise tap for 0. | Precise Tap 3 | You | STR | ACC | DEF | EVA | 2 | 2 | Bomb Bot | 7/12
VIEW|action-016-53|NOW | Bucky | Next | Bomb Bot | Maxilani | 10/10 Lv1 | 100 / 100 02 | EVA 3/3 | Musashi | 5/10 | LV 1 | 100 / 100 02 | EVA 2/2 | Bucky | 10/10 Lv 1 | 100 / 100 02 | EVA O/0 | Bucky's turn. | Attack | Pick a move | You | STR | ACC | 4 | DEF | EVA | 4 | Run | Might not escape | Items | Bomb Bot | 7/12
VIEW|action-017-55|NOW | Bucky | Next | Bomb Bot | Maxilani | 10/10 Lv1 | 100 / 100 02 | EVA 3/3 | Musashi | Bomb Bot | 7/12 | 5/10 | LV 1 | 100 / 100 02 | EVA 2/2 | Bucky | 10/10 Lv 1 | 100 / 100 02 | EVA O/0 | Bucky's turn. | You | STR | ACC | 4 | 1 | DEF | EVA | Guard Bash | Sturdy, reliable | 4 | Heavy Kick | Balanced, heavier | 10 | 1002 | Crushing Haymaker | Very heavy, slow | 15 | 1602 | Back
VIEW|action-018-57|NOW | Becky | Next | Bomb Bot | Maxilani | 10/10 Lv1 | 100 / 100 02 | EVA 3/3 | Musashi | 5/10 | LV 1 | 100 / 100 02 | EVA 2/2 | Bucky | 10/10 Lv1 | 100 / 100 02 | EVA 0/0 | Bomb Bot | Bucky's turn. | Guard Bash 8 | You | STR | ACC | 4 | DEF | EVA | Bomb Bot | EVA 0/0 HP 7/12 | Back | 7/12
VIEW|action-019-59|NOW | Bucky | Next | Bomb Bot | Maxilani | EVA 3/3 | Musashi | 10/10 Lv1 | 100 / 100 02 | 5/10 | LV 1 | 100 / 100 02 | EVA 2/2 | Bucky | 10/10 Lv1 | 100 / 100 02 | EVA 0/0 | Bucky's turn. | Guard Bash 8 | You | STR | ACC | DEF | EVA | Bomb Bot | 7/12
VIEW|action-019-61|NOW | Bucky | Next | Bomb Bot | Maxilani | EVA 3/3 | Musashi | 10/10 Lv 1 | 100 / 100 02 | 5/10 | LV 1 | 100 / 100 02 | EVA 2/2 | Bucky | 10/10 Lv1 | 100 / 100 02 | EVA 0/0 | You bash it with your guard for 4. | Guard Bash 8 | You | STR | ACC | DEF | EVA | Bomb Bot | 3/12
VIEW|action-019-63|NOW | Bomb Bot | Next | Maxilani | 10/10 Lv 1 | 100 / 100 02 | EVA 3/3 | Musashi | 5/10 | LV 1 | 100 / 100 02 | EVA 2/2 | Bucky | 10/10 Lv1 | 100 / 100 02 | EVA 0/0 | You bash it with your guard for 4. | Guard Bash 8 | You | STR | ACC | DEF | EVA | Bomb Bot | 3/12
VIEW|action-019-65|NOW | Bomb Bot | Next | Maxilani | 10/10 Lv1 | 100 / 100 02 | EVA 3/3 | Bucky | 10/10 Lv 1 | 100 / 100 02 | EVA 0/0 | Bomb Bot uses Sling Punch: Musashi -5. | Guard Bash 8 | You | STR | ACC | DEF | EVA | -5 | Bomb Bot | 3/12
VIEW|action-019-68|NOW | Bomb Bot | Next | Maxilani | 10/10 Lv 1 | 100 / 100 02 | EVA 3/3 | Bucky | 10/10 | Lv 1 | 100 / 100 02 | EVA 0/0 | Bomb Bot uses Sling Punch: Musashi -5. | Guard Bash 8 | You | STR | ACC | DEF | EVA | Bomb Bot | 3/12
VIEW|action-019-70|NOW | Maxilani | Next | Bucky | Bomb Bot | Maxilani | 10/10 Lv 1 | 100 / 100 02 | EVA 3/3 | Bucky | 10/10 Lv 1 | 100 / 100 02 | EVA 0/0 | Maxilani's turn. | Attack | Pick a move | Run | Might not escape | Items | You | STR | ACC | DEF | EVA | 3 | Bomb Bot | 3/12
VIEW|action-020-73|NOW | Maxilani | Next | Bucky | Bomb Bot | Maxilani | 10/10 Lv 1 | 100 / 100 02 | EVA 3/3 | Bucky | 10/10 Lv 1 | 100 / 100 02 | Bomb Bot | 3/12 | EVA 0/0 | Maxilani's turn. | You | STR | ACC | DEF | EVA | 3 | Electric Touch | Strength Damage EVA -3 | Axe Kick | Strength Damage EVA -3 | Scuba Stabbing | Strength Damage 2 Bleed | Flash Blast | 2 Blindness | Multiple Knee Combo | Strength Damage all ACC/EVA -1 | Back
VIEW|action-021-75|NOW | Maxilani | Next | Bucky | Bomb Bot | Maxilani | 10/10 Lv1 | 100 / 100 02 | EVA 3/3 | Bucky | 10/10 Lv1 | 100 / 100 02 | EVA 0/0 | Bomb Bot | 3/12 | Maxilani's turn. | Electric Touch 1 | You | STR | ACC | DEF | EVA | 3 | Bomb Bot | EVA 0/0 HP 3/12 | Back
VIEW|action-022-78|NOW | Maxilani | Next | Bucky | Bomb Bot | Maxilani | 10/10 Lv1 | 100 / 100 02 | EVA 3/3 | Bucky | 10/10 Lv1 | 100 / 100 02 | EVA 0/0 | Maxilani's turn. | Electric Touch 1 | You | STR | ACC | DEF | EVA | 3 | Bomb Bot | 3 /12
VIEW|action-022-80|NOW | Maxilani | Next | Bucky | Bomb Bot | Maxilani | 10/10 Lv1 | 100 / 100 02 | EVA 3/3 | Bucky | 10/10 Lv1 | 100 / 100 02 | EVA 0/0 | Electric Touch shocks the target for 1. EVA unchanged | Electric Touch 1 | You | STR | ACC | DEF | EVA | 3 | Bomb Bot | 2/12
VIEW|action-022-82|NOW | Bucky | Next | Bomb Bot | Maxilani | 10/10 Lv1 | 100 / 100 02 | EVA 3/3 | Bucky | 10/10 Lv1 | 100 / 100 02 | EVA 0/0 | Bucky's turn. | Attack | Pick a move | You | STR | ACC | DEF | EVA | Run | Might not escape | Items | Bomb Bot | 2/12
VIEW|action-023-84|NOW | Bucky | Next | Bomb Bot | Maxilani | EVA 3/3 | Bucky | Bomb Bot | 10/10 Lv1 | 100 / 100 02 | -10/10 | Lv 1 | 100 / 100 02 | 2/12 | EVA 0/0 | Bucky's turn. | You | STR | ACC | 4 | DEF | EVA | Guard Bash | Sturdy, reliable | 4 | Heavy Kick | Balanced, heavier | 10 | 1002 | Crushing Haymaker | Very heavy, slow | 15 | 1602 | Back
VIEW|action-024-86|NOW | Becky | Next | Bomb Bot | Maxilani | 10/10 Lv1 | 100 / 100 02 | EVA 3/3 | Bucky | 10/10 Lv1 | 100 / 100 02 | Bomb Bot | 2/12 | EVA 0/0 | Bucky's turn. | Guard Bash 8 | You | STR | ACC | 4 | DEF | EVA | Bomb Bot | EVA 0/0 HP 2/12 | Back
VIEW|action-025-88|NOW | Bucky | Next | Bomb Bot | Maxilani | 10/10 Lv1 | 100 / 100 02 | EVA 3/3 | Bucky | 10/10 Lv 1 | 100 / 100 02 | EVA 0/0 | Bucky's turn. | Guard Bash 8 | You | STR | ACC | DEF | EVA | Bomb Bot | 2/12
VIEW|action-025-90|NOW | Bucky | Next | Bomb Bot | Maxilani | 10/10 Lv 1 | 100 / 100 02 | EVA 3/3 | Bucky | 10/10 | Lv 1 | 100 / 100 02 | EVA 0/0 | You bash it with your guard for 5. | Guard Bash 8 | You | STR | ACC | DEF | EVA
VIEW|action-025-92|Victory | Maxilani | 10/10 Lv 1 | 100 / 100 02 | EVA 3/3 | Bucky | 10 / 10 | Lv 1 | 100 / 100 02 | EVA 0/0 | The enemies back off, beaten.
VIEW|action-025-93|Victory | Maxilani | 10/10 Lv 1 | 100 / 100 02 | EVA 3/3 | Bucky | 10/10 Lv 1 | 100 / 100 02 | EVA 0/0 | The enemies back off, beaten.
VIEW|action-025-95|Victory | Maxilani | 10/10 Lv 1 | 100 / 100 02 | EVA 3/3 | Bucky | 10/10 | Lv 1 | 100 / 100 02 | EVA 0/0 | The enemies back off, beaten.
VIEW|action-025-97|Victory | Maxilani | 10/10 Lv 1 | 100 / 100 02 | EVA 3/3 | Bucky | 10/10 Lv 1 | 100 / 100 02 | EVA 0/0 | The enemies back off, beaten.
VIEW|action-025-99|Maxilani | WASD swim SPACE/SHIFT depth • mouse/arrows look • TAB diver • F: Swap • Q: Sonar (Off) • R: Random Encounters (On) | 02 | 100 / 100 | Explore the mysterious blockade. | Musashi | 0 / 10 | 02 | 100 / 100 | Bucky | 10 / 10 | Save Point | Restore your party | Bomb Bot powers down. The path to Sword Slayer is open. | 02 100 / 100 | Random Encounters: ON | Maxilani | 10 / 10
VIEW|world-input|Maxilani | WASD swim • SPACE/SHIFT depth • mouse/arrows look • TAB diver • F: Swap • Q: Sonar (Off) • R: Random Encounters (Off) | 02 | 100 / 100 | Explore the mysterious blockade. | Musashi 0/10 | 02 | 100 / 100 | Bucky | 10 / 10 | Save Point | Restore your party | Bomb Bot powers down. The path to Sword Slayer is open. | 02 100 / 100 | Random Encounters: OFF | Maxilani | 10 / 10
BOMB BOT BROWSER PROGRESS: clean
