Godot Engine v4.7.1.stable.official.a13da4feb - https://godotengine.org

EARNED MAP ENTRY|position=(-4.493615, 0.0, -4.72307)|goal=(-22.69635, 2.0, -24.7157)|yaw=0.0
EARNED MAP RISE|frames=43|held=true|y=1.9312858581543|goal=2.0|fps=81.0
ROUTE LEG|(-4.87922, 2.706857, -4.609349)
ROUTE LEG|(-5.659538, 2.793013, -4.47436)
ROUTE LEG|(-6.412078, 2.816654, -4.447445)
ROUTE LEG|(-7.194166, 2.825477, -4.470592)
ROUTE LEG|(-7.906939, 2.828574, -4.497707)
ROUTE LEG|(-8.703907, 2.82994, -4.511717)
ROUTE LEG|(-9.422373, 2.830419, -4.510231)
ROUTE LEG|(-10.14053, 2.830617, -4.50385)
ROUTE LEG|(-10.93992, 2.830704, -4.498564)
ROUTE LEG|(-11.65928, 2.830735, -4.497292)
ROUTE LEG|(-12.4592, 2.830749, -4.49838)
ROUTE LEG|(-13.17876, 2.830753, -4.499819)
ROUTE LEG|(-13.89741, 2.830755, -4.50058)
ROUTE LEG|(-14.69702, 2.830756, -4.500579)
ROUTE LEG|(-15.41647, 2.830756, -4.500228)
ROUTE LEG|(-16.13508, 2.830756, -4.499941)
ROUTE LEG|(-16.93468, 2.830756, -4.499844)
ROUTE LEG|(-17.65412, 2.830756, -4.499897)
ROUTE LEG|(-18.45407, 2.830756, -4.499985)
ROUTE LEG|(-19.17364, 2.830756, -4.50003)
ROUTE LEG|(-19.8923, 2.830756, -4.500034)
ROUTE LEG|(-20.69192, 2.830756, -4.500015)
ROUTE LEG|(-21.41136, 2.830756, -4.499999)
ROUTE LEG|(-22.21132, 2.830756, -4.499992)
ROUTE LEG|(-22.79877, 2.830756, -5.005347)
ROUTE LEG|(-22.69914, 2.830756, -5.70474)
ROUTE LEG|(-22.52383, 2.830756, -6.423594)
ROUTE LEG|(-22.43546, 2.830756, -7.191899)
ROUTE LEG|(-22.43839, 2.830756, -7.898825)
ROUTE LEG|(-22.47731, 2.830756, -8.691627)
ROUTE LEG|(-22.50665, 2.830756, -9.408262)
ROUTE LEG|(-22.51615, 2.830756, -10.20693)
ROUTE LEG|(-22.51009, 2.830756, -10.92594)
ROUTE LEG|(-22.50166, 2.830756, -11.64432)
ROUTE LEG|(-22.49675, 2.830756, -12.4438)
ROUTE LEG|(-22.49672, 2.830756, -13.1632)
ROUTE LEG|(-22.49851, 2.830756, -13.88178)
ROUTE LEG|(-22.50023, 2.830756, -14.68136)
ROUTE LEG|(-22.50079, 2.830756, -15.4008)
ROUTE LEG|(-22.50056, 2.830756, -16.20076)
ROUTE LEG|(-22.50013, 2.830756, -16.92032)
ROUTE LEG|(-22.49986, 2.830756, -17.63898)
ROUTE LEG|(-22.49982, 2.830756, -18.4386)
ROUTE LEG|(-22.49991, 2.830756, -19.15804)
ROUTE LEG|(-22.50001, 2.830756, -19.958)
ROUTE LEG|(-22.50004, 2.830756, -20.67757)
ROUTE LEG|(-22.50003, 2.830756, -21.39623)
ROUTE LEG|(-22.50002, 2.830756, -22.19585)
ROUTE LEG|(-22.5, 2.830756, -22.91529)
ROUTE LEG|(-22.49999, 2.830756, -23.63391)
ROUTE LEG|(-22.56556, 2.830756, -24.42579)
ROUTE LEG|(-22.08985, 2.830756, -24.73657)
ROUTE LEG|(-21.3345, 2.830756, -24.75499)
ROUTE LEG|(-20.57252, 2.830756, -24.75838)
ROUTE LEG|(-19.86632, 2.830756, -24.75479)
ROUTE LEG|(-19.0722, 2.830756, -24.75025)
ROUTE LEG|(-18.35469, 2.830756, -24.74827)
ROUTE LEG|(-17.55558, 2.830756, -24.74841)
ROUTE LEG|(-16.83632, 2.830756, -24.74942)
ROUTE LEG|(-16.11777, 2.830756, -24.7502)
ROUTE LEG|(-15.31821, 2.830756, -24.75044)
ROUTE LEG|(-14.71744, 2.830756, -24.30244)
ROUTE LEG|(-14.63763, 2.830756, -24.09325)
ROUTE LEG|(-13.77318, 2.830756, -23.78366)
ROUTE LEG|(-13.06082, 2.830756, -23.89824)
ROUTE LEG|(-12.30007, 2.830756, -24.01382)
ROUTE LEG|(-11.59474, 2.830756, -24.05247)
ROUTE LEG|(-10.97692, 2.830756, -23.54872)
ROUTE LEG|(-11.05115, 2.830756, -22.76494)
ROUTE LEG|(-11.2098, 2.830756, -22.11524)
ROUTE LEG|(-11.26343, 2.830756, -21.34853)
ROUTE LEG|(-11.25457, 2.830756, -20.56004)
ROUTE LEG|(-11.24825, 2.830756, -19.84451)
ROUTE LEG|(-11.24639, 2.830756, -19.04628)
ROUTE LEG|(-11.24785, 2.830756, -18.32733)
ROUTE LEG|(-11.24971, 2.830756, -17.60892)
ROUTE LEG|(-11.25075, 2.830756, -16.80942)
ROUTE LEG|(-11.25072, 2.830756, -16.09001)
ROUTE LEG|(-11.25026, 2.830756, -15.29007)
ROUTE LEG|(-11.24991, 2.830756, -14.57051)
ROUTE LEG|(-11.2498, 2.830756, -13.85185)
ROUTE LEG|(-11.24987, 2.830756, -13.05223)
ROUTE LEG|(-11.24998, 2.830756, -12.33279)
ROUTE LEG|(-11.25004, 2.830756, -11.61417)
ROUTE LEG|(-11.25004, 2.830756, -10.81458)
ROUTE LEG|(-11.25002, 2.830756, -10.09514)
ROUTE LEG|(-11.25, 2.830756, -9.295188)
ROUTE LEG|(-11.24999, 2.830756, -8.575621)
ROUTE LEG|(-10.8022, 2.830756, -7.9713)
ROUTE LEG|(-10.03462, 2.830756, -8.027465)
ROUTE LEG|(-9.316052, 2.830756, -8.207424)
ROUTE LEG|(-8.549105, 2.830756, -8.310498)
ROUTE LEG|(-7.842508, 2.830756, -8.315561)
ROUTE LEG|(-7.050068, 2.830756, -8.277488)
ROUTE LEG|(-6.333706, 2.830756, -8.24539)
ROUTE LEG|(-5.616413, 2.830756, -8.233252)
ROUTE LEG|(-4.817508, 2.830756, -8.23766)
ROUTE LEG|(-4.217172, 2.830756, -7.797881)
ROUTE LEG|(-4.27923, 2.830756, -7.033952)
ROUTE LEG|(-4.460194, 2.830756, -6.316314)
ROUTE LEG|(-4.561857, 2.830756, -5.549558)
ROUTE LEG|(-4.568533, 2.830756, -5.082797)
EARNED MAP ROUTE|distance=1004 samples|position=(-4.568533, 2.830756, -5.082797)|map_count=1|keys=0
MARC EARNED MAP: clean
