Godot Engine v4.7.1.stable.official.a13da4feb - https://godotengine.org

CHECKPOINT_LOAD_FAILED|slot=918305
CHECKPOINT_LOAD_FAILED|slot=918305
CHECKPOINT_LOAD_FAILED|slot=918305
CHECKPOINT_LOAD_FAILED|slot=918305
CHECKPOINT_LOAD_FAILED|slot=918305
CHECKPOINT_LOAD_FAILED|slot=918305
CHECKPOINT_LOAD_FAILED|slot=918305
CHECKPOINT_LOAD_FAILED|slot=918305
CHECKPOINT_LOAD_FAILED|slot=918305
CHECKPOINT_LOAD_FAILED|slot=918305
CHECKPOINT_LOAD_FAILED|slot=918305
CHECKPOINT_LOAD_FAILED|slot=918305
CHECKPOINT_LOAD_FAILED|slot=918305
CHECKPOINT_LOAD_FAILED|slot=918305
CHECKPOINT_LOAD_FAILED|slot=918305
CHECKPOINT_LOAD_FAILED|slot=918305
CHECKPOINT_LOAD_FAILED|slot=918305
CHECKPOINT_LOAD_FAILED|slot=918305
CHECKPOINT_LOAD_FAILED|slot=918305
CHECKPOINT_LOAD_FAILED|slot=918305
CHECKPOINT_LOAD_FAILED|slot=918305
CHECKPOINT_LOAD_FAILED|slot=918305
CHECKPOINT_LOAD_FAILED|slot=918305
CHECKPOINT_LOAD_FAILED|slot=918305
CHECKPOINT_LOAD_FAILED|slot=918305
CHECKPOINT_LOAD_FAILED|slot=918305
CHECKPOINT_LOAD_FAILED|slot=918305
CHECKPOINT_LOAD_FAILED|slot=918305
PROLOGUE_PHASE|complete
INVALID LOAD CASE|{ "divers": [{  }, {  }, {  }], "active": 1.5 }
FINDING  OPEN-029 invalid Load releases the title instead of retaining an actionable error
FINDING  OPEN-029 invalid Load creates a false restored session
FINDING  OPEN-029 invalid Load has no visible explanation
CHECKPOINT LOAD FAILURES: 3 finding(s)
