Godot Engine v4.7.1.stable.official.a13da4feb - https://godotengine.org

PROLOGUE_PHASE|opening_video
PROLOGUE_PHASE|spawn_exploration
PROLOGUE_PHASE|angler
PROLOGUE_PHASE|octopus_introduction
PROLOGUE_PHASE|octopus_reveal
PROLOGUE_PHASE|octopus_response
PROLOGUE_PHASE|scripted_defeat
PROLOGUE_PHASE|octopus_aftermath
PROLOGUE_PHASE|recovery
FAILED CHECKPOINT|{ "bomb_bot_state": "available", "deep_warning_seen": false, "encounter_source": "random", "lab_state": "locked", "maze_door_state": "locked", "objective_id": "tutorial", "octopus_state": "unavailable", "opening_video_seen": false, "prologue_complete": false, "sword_slayer_state": "available", "tethys_state": "locked", "tutorial_complete": false, "zone_id": "shallows" }
PROLOGUE_PHASE|complete
RESTART SAVED|{ "bomb_bot_state": "available", "deep_warning_seen": false, "encounter_source": "random", "lab_state": "locked", "maze_door_state": "locked", "objective_id": "tutorial", "octopus_state": "unavailable", "opening_video_seen": false, "prologue_complete": false, "sword_slayer_state": "available", "tethys_state": "locked", "tutorial_complete": false, "zone_id": "shallows" }
PROLOGUE_PHASE|opening_video
RESTART LOADED|slot=918299|{ "zone_id": "shallows", "objective_id": "tutorial", "bomb_bot_state": "available", "sword_slayer_state": "available", "lab_state": "locked", "tethys_state": "locked", "maze_door_state": "locked", "octopus_state": "unavailable", "encounter_source": "random", "deep_warning_seen": false, "opening_video_seen": false, "prologue_complete": false, "tutorial_complete": false }
FINDING  OPEN-028 failed recovery save has no visible Retry Save
FINDING  OPEN-028 failed recovery save offers a false successful Continue
FINDING  OPEN-027 motivation appeared before its completed checkpoint was durable
FINDING  OPEN-016 recovery save milestone missing
FINDING  OPEN-027 death restart lost the completed opening
FINDING  OPEN-027 restart changed the successful-video milestone
FINDING  OPEN-027 death restart enters the opening instead of normal play
FINDING  OPEN-027 restart does not restore controllable world
FINDING  OPEN-027 restart created a prologue movie
OPENING JOURNEY: 9 finding(s)
