Godot Engine v4.7.1.stable.official.a13da4feb - https://godotengine.org

PROLOGUE_PHASE|spawn_exploration
PROLOGUE_PHASE|angler
PROLOGUE_PHASE|octopus_response
Observed viewport: (64.0, 64.0) stage: (64.0, 2.0)
Cordys projected stage-height fraction: 0.487
Cordys pose idle 0.0 screen bounds (31.20863, 0.391813) (33.17527, 1.304581)
Cordys pose idle 0.1 screen bounds (31.16168, 0.351824) (33.17498, 1.369199)
Cordys pose idle 0.1 screen bounds (31.1379, 0.340031) (33.18568, 1.395533)
Cordys pose idle 0.1 screen bounds (31.14171, 0.342682) (33.18405, 1.391932)
Cordys pose idle 0.2 screen bounds (31.16175, 0.335939) (33.15025, 1.375358)
Cordys pose idle 0.2 screen bounds (31.21364, 0.347607) (33.10363, 1.630918)
Cordys pose idle 0.3 screen bounds (31.21183, 0.348625) (33.16642, 1.683992)
Cordys pose idle 0.3 screen bounds (31.2131, 0.355291) (33.15563, 1.675531)
Cordys pose idle 0.4 screen bounds (31.21347, 0.368385) (33.1391, 1.627251)
Cordys pose idle 0.5 screen bounds (31.23426, 0.399123) (33.38586, 1.661156)
Cordys pose idle 0.5 screen bounds (31.24944, 0.300594) (33.34519, 1.766551)
Cordys pose idle 0.6 screen bounds (31.2464, 0.310024) (33.3532, 1.752098)
Cordys pose idle 0.6 screen bounds (31.24275, 0.38553) (33.44917, 1.695549)
Cordys pose idle 0.7 screen bounds (31.17402, 0.439076) (33.24416, 1.866704)
Cordys pose idle 0.7 screen bounds (31.15142, 0.505607) (33.11592, 1.906153)
Cordys pose idle 0.8 screen bounds (31.15258, 0.505075) (33.11902, 1.908383)
Cordys pose idle 0.8 screen bounds (31.16261, 0.479128) (33.14139, 1.900076)
Cordys pose idle 0.8 screen bounds (31.21291, 0.349807) (33.38205, 1.495457)
Cordys pose idle 0.9 screen bounds (31.20671, 0.414276) (33.12341, 1.304581)
Cordys pose idle 0.9 screen bounds (31.20716, 0.408612) (33.13358, 1.304581)
Cordys pose idle 1.0 screen bounds (31.20863, 0.391813) (33.17527, 1.304581)
Cordys pose reveal 0.0 screen bounds (31.00294, 0.644151) (33.50613, 1.828993)
Cordys pose reveal 0.1 screen bounds (30.97578, 0.641467) (33.53997, 1.803911)
Cordys pose reveal 0.1 screen bounds (30.95529, 0.63884) (33.56704, 1.778745)
Cordys pose reveal 0.1 screen bounds (30.94185, 0.636269) (33.58694, 1.759764)
Cordys pose reveal 0.2 screen bounds (30.93561, 0.633757) (33.59946, 1.739576)
Cordys pose reveal 0.2 screen bounds (30.93638, 0.631304) (33.60445, 1.718223)
Cordys pose reveal 0.3 screen bounds (30.94375, 0.628909) (33.60191, 1.69575)
Cordys pose reveal 0.3 screen bounds (30.95705, 0.626574) (33.59196, 1.672206)
Cordys pose reveal 0.4 screen bounds (30.9754, 0.624299) (33.57485, 1.647641)
Cordys pose reveal 0.5 screen bounds (30.99774, 0.621886) (33.55094, 1.622108)
Cordys pose reveal 0.5 screen bounds (31.02292, 0.619254) (33.5207, 1.595662)
Cordys pose reveal 0.6 screen bounds (31.04969, 0.608922) (33.48499, 1.568361)
Cordys pose reveal 0.6 screen bounds (31.07679, 0.580384) (33.44429, 1.540266)
Cordys pose reveal 0.7 screen bounds (31.10304, 0.548448) (33.3996, 1.511438)
Cordys pose reveal 0.7 screen bounds (31.12731, 0.511434) (33.35187, 1.48194)
Cordys pose reveal 0.8 screen bounds (31.14865, 0.4756) (33.30202, 1.452438)
Cordys pose reveal 0.8 screen bounds (31.1663, 0.439233) (33.26625, 1.422783)
Cordys pose reveal 0.8 screen bounds (31.17973, 0.415452) (33.24427, 1.392652)
Cordys pose reveal 0.9 screen bounds (31.18867, 0.407673) (33.2224, 1.362113)
Cordys pose reveal 0.9 screen bounds (31.19312, 0.395809) (33.19933, 1.331234)
Cordys pose reveal 1.0 screen bounds (31.19338, 0.391813) (33.17527, 1.304581)
Cordys pose hurt 0.0 screen bounds (31.20863, 0.391813) (33.17527, 1.304581)
Cordys pose hurt 0.1 screen bounds (31.2106, 0.399561) (33.17686, 1.311167)
Cordys pose hurt 0.1 screen bounds (31.21981, 0.435755) (33.18331, 1.342359)
Cordys pose hurt 0.1 screen bounds (31.24194, 0.426334) (33.20205, 1.381061)
Cordys pose hurt 0.2 screen bounds (31.27805, 0.412978) (33.23655, 1.415114)
Cordys pose hurt 0.2 screen bounds (31.32396, 0.404656) (33.30706, 1.427711)
Cordys pose hurt 0.3 screen bounds (31.40872, 0.436059) (33.52869, 1.40967)
Cordys pose hurt 0.3 screen bounds (31.84984, 0.562194) (33.4037, 1.745552)
Cordys pose hurt 0.4 screen bounds (31.97672, 0.398117) (33.31606, 1.810182)
Cordys pose hurt 0.5 screen bounds (31.83257, 0.535617) (33.27775, 1.814022)
Cordys pose hurt 0.5 screen bounds (31.39533, 0.520128) (33.5007, 1.631612)
Cordys pose hurt 0.6 screen bounds (31.08304, 0.513852) (33.61539, 1.540154)
Cordys pose hurt 0.6 screen bounds (31.00038, 0.532171) (33.35859, 1.562651)
Cordys pose hurt 0.7 screen bounds (31.0327, 0.509274) (33.05313, 1.613101)
Cordys pose hurt 0.7 screen bounds (31.05345, 0.505868) (32.96367, 1.628495)
Cordys pose hurt 0.8 screen bounds (31.05164, 0.493815) (32.96589, 1.606369)
Cordys pose hurt 0.8 screen bounds (31.04916, 0.443604) (33.00342, 1.554883)
Cordys pose hurt 0.8 screen bounds (31.06255, 0.407017) (33.05812, 1.498856)
Cordys pose hurt 0.9 screen bounds (31.10917, 0.39902) (33.11459, 1.423171)
Cordys pose hurt 0.9 screen bounds (31.1738, 0.391266) (33.1576, 1.338946)
Cordys pose hurt 1.0 screen bounds (31.20863, 0.391813) (33.17527, 1.304581)
Cordys pose finish 0.0 screen bounds (31.20863, 0.391813) (33.17527, 1.304581)
Cordys pose finish 0.1 screen bounds (31.15199, 0.392035) (33.19962, 1.383151)
Cordys pose finish 0.1 screen bounds (31.21801, 0.456258) (33.2522, 1.533638)
Cordys pose finish 0.1 screen bounds (31.39108, 0.485401) (33.36166, 1.42648)
Cordys pose finish 0.2 screen bounds (31.6021, 0.352731) (33.46416, 1.316191)
Cordys pose finish 0.2 screen bounds (31.65819, 0.309342) (33.49901, 1.357214)
Cordys pose finish 0.3 screen bounds (31.52513, 0.288503) (33.5071, 1.361909)
Cordys pose finish 0.3 screen bounds (31.29079, 0.25839) (33.51014, 1.371731)
Cordys pose finish 0.4 screen bounds (31.077, 0.223137) (33.50314, 1.38317)
Cordys pose finish 0.5 screen bounds (30.98794, 0.187527) (33.48212, 1.393414)
Cordys pose finish 0.5 screen bounds (31.07509, 0.158312) (33.44604, 1.487491)
Cordys pose finish 0.6 screen bounds (31.40809, 0.13563) (33.39851, 1.550012)
Cordys pose finish 0.6 screen bounds (31.693, 0.127267) (33.34688, 1.558239)
Cordys pose finish 0.7 screen bounds (31.7708, 0.135942) (33.29993, 1.549736)
Cordys pose finish 0.7 screen bounds (31.82077, 0.168563) (33.26635, 1.56276)
Cordys pose finish 0.8 screen bounds (31.83891, 0.226817) (33.25516, 1.605757)
Cordys pose finish 0.8 screen bounds (31.83113, 0.094486) (33.27928, 1.642687)
Cordys pose finish 0.8 screen bounds (31.42134, 0.176432) (33.28608, 1.588145)
Cordys pose finish 0.9 screen bounds (31.17278, 0.448588) (33.24443, 1.468266)
Cordys pose finish 0.9 screen bounds (31.13306, 0.391422) (33.20079, 1.338616)
Cordys pose finish 1.0 screen bounds (31.20863, 0.391813) (33.17527, 1.304581)
FINDING  OPEN-012 boss reads miniature (below 90 visible pixels)
