Godot Engine v4.7.1.stable.official.a13da4feb - https://godotengine.org
Metal 4.0 - Forward+ - Using Device #0: Apple - Apple M1 (Apple7)

PROLOGUE_PHASE|spawn_exploration
PROLOGUE_PHASE|angler
PROLOGUE_PHASE|octopus_response
Observed viewport: (720.0, 480.0) stage: (720.0, 205.0)
Cordys projected stage-height fraction: 0.488
Cordys pose idle 0.0 screen bounds (278.8841, 40.16078) (480.4648, 133.7195)
Cordys pose idle 0.1 screen bounds (274.072, 36.06198) (480.4356, 140.3429)
Cordys pose idle 0.1 screen bounds (271.6349, 34.85315) (481.5327, 143.0421)
Cordys pose idle 0.1 screen bounds (272.0253, 35.1249) (481.3653, 142.673)
Cordys pose idle 0.2 screen bounds (274.0791, 34.43377) (477.9, 140.9742)
Cordys pose idle 0.2 screen bounds (279.3977, 35.62972) (473.1222, 167.1691)
Cordys pose idle 0.3 screen bounds (279.2125, 35.73404) (479.5582, 172.6092)
Cordys pose idle 0.3 screen bounds (279.3426, 36.41736) (478.4522, 171.7419)
Cordys pose idle 0.4 screen bounds (279.3807, 37.75943) (476.7577, 166.7932)
Cordys pose idle 0.5 screen bounds (281.512, 40.91011) (502.0503, 170.2685)
Cordys pose idle 0.5 screen bounds (283.068, 30.81088) (497.8817, 181.0715)
Cordys pose idle 0.6 screen bounds (282.7557, 31.77745) (498.7025, 179.59)
Cordys pose idle 0.6 screen bounds (282.3821, 39.51687) (508.5404, 173.7937)
Cordys pose idle 0.7 screen bounds (275.3368, 45.00533) (487.5269, 191.3372)
Cordys pose idle 0.7 screen bounds (273.0203, 51.82473) (474.3821, 195.3806)
Cordys pose idle 0.8 screen bounds (273.1394, 51.77017) (474.6998, 195.6092)
Cordys pose idle 0.8 screen bounds (274.1678, 49.11066) (476.9923, 194.7578)
Cordys pose idle 0.8 screen bounds (279.323, 35.85526) (501.6597, 153.2844)
Cordys pose idle 0.9 screen bounds (278.6882, 42.46327) (475.1495, 133.7195)
Cordys pose idle 0.9 screen bounds (278.7336, 41.88277) (476.1915, 133.7195)
Cordys pose idle 1.0 screen bounds (278.8841, 40.16078) (480.4648, 133.7195)
Cordys pose reveal 0.0 screen bounds (257.8008, 66.02551) (514.3786, 187.4717)
Cordys pose reveal 0.1 screen bounds (255.0174, 65.75037) (517.8474, 184.9009)
Cordys pose reveal 0.1 screen bounds (252.9169, 65.48106) (520.621, 182.3214)
Cordys pose reveal 0.1 screen bounds (251.5401, 65.21761) (522.6619, 180.3758)
Cordys pose reveal 0.2 screen bounds (250.8996, 64.96011) (523.9445, 178.3065)
Cordys pose reveal 0.2 screen bounds (250.9787, 64.70862) (524.4557, 176.1179)
Cordys pose reveal 0.3 screen bounds (251.7342, 64.46317) (524.1953, 173.8144)
Cordys pose reveal 0.3 screen bounds (253.0973, 64.22382) (523.1758, 171.4011)
Cordys pose reveal 0.4 screen bounds (254.9779, 63.99062) (521.4222, 168.8832)
Cordys pose reveal 0.5 screen bounds (257.2686, 63.74332) (518.9714, 166.266)
Cordys pose reveal 0.5 screen bounds (259.8492, 63.47351) (515.8715, 163.5553)
Cordys pose reveal 0.6 screen bounds (262.5928, 62.41449) (512.2117, 160.757)
Cordys pose reveal 0.6 screen bounds (265.3714, 59.48932) (508.0397, 157.8772)
Cordys pose reveal 0.7 screen bounds (268.0612, 56.2159) (503.4587, 154.9223)
Cordys pose reveal 0.7 screen bounds (270.5489, 52.42194) (498.5663, 151.8988)
Cordys pose reveal 0.8 screen bounds (272.7363, 48.74904) (493.457, 148.8749)
Cordys pose reveal 0.8 screen bounds (274.5455, 45.02138) (489.7911, 145.8352)
Cordys pose reveal 0.8 screen bounds (275.9221, 42.58386) (487.5373, 142.7469)
Cordys pose reveal 0.9 screen bounds (276.8385, 41.78647) (485.2961, 139.6166)
Cordys pose reveal 0.9 screen bounds (277.2951, 40.57047) (482.9316, 136.4514)
Cordys pose reveal 1.0 screen bounds (277.3215, 40.16079) (480.4648, 133.7195)
Cordys pose hurt 0.0 screen bounds (278.8841, 40.16078) (480.4648, 133.7195)
Cordys pose hurt 0.1 screen bounds (279.0868, 40.95501) (480.6277, 134.3946)
Cordys pose hurt 0.1 screen bounds (280.0309, 44.66488) (481.2889, 137.5918)
Cordys pose hurt 0.1 screen bounds (282.2984, 43.69928) (483.2096, 141.5587)
Cordys pose hurt 0.2 screen bounds (285.9996, 42.33029) (486.7466, 145.0492)
Cordys pose hurt 0.2 screen bounds (290.7054, 41.47726) (493.9734, 146.3404)
Cordys pose hurt 0.3 screen bounds (299.3935, 44.69606) (516.6909, 144.4912)
Cordys pose hurt 0.3 screen bounds (344.6083, 57.62483) (503.8791, 178.9191)
Cordys pose hurt 0.4 screen bounds (357.6143, 40.80704) (494.8957, 185.5437)
Cordys pose hurt 0.5 screen bounds (342.8382, 54.90075) (490.9695, 185.9372)
Cordys pose hurt 0.5 screen bounds (298.0215, 53.31314) (513.8215, 167.2402)
Cordys pose hurt 0.6 screen bounds (266.0119, 52.6698) (525.5772, 157.8657)
Cordys pose hurt 0.6 screen bounds (257.5392, 54.54754) (499.2551, 160.1717)
Cordys pose hurt 0.7 screen bounds (260.8513, 52.20057) (467.9464, 165.3428)
Cordys pose hurt 0.7 screen bounds (262.9784, 51.85148) (458.7758, 166.9208)
Cordys pose hurt 0.8 screen bounds (262.7932, 50.61609) (459.0042, 164.6528)
Cordys pose hurt 0.8 screen bounds (262.5393, 45.46941) (462.8506, 159.3755)
Cordys pose hurt 0.8 screen bounds (263.9118, 41.7192) (468.4576, 153.6328)
Cordys pose hurt 0.9 screen bounds (268.6895, 40.89959) (474.2455, 145.875)
Cordys pose hurt 0.9 screen bounds (275.3141, 40.10476) (478.6542, 137.242)
Cordys pose hurt 1.0 screen bounds (278.8841, 40.16078) (480.4648, 133.7195)
Cordys pose finish 0.0 screen bounds (278.8841, 40.16078) (480.4648, 133.7195)
Cordys pose finish 0.1 screen bounds (273.0788, 40.18362) (482.9609, 141.773)
Cordys pose finish 0.1 screen bounds (279.8463, 46.76649) (488.3512, 157.1979)
Cordys pose finish 0.1 screen bounds (297.5856, 49.75364) (499.5702, 146.2142)
Cordys pose finish 0.2 screen bounds (319.2149, 36.1549) (510.0768, 134.9096)
Cordys pose finish 0.2 screen bounds (324.9647, 31.70754) (513.6486, 139.1144)
Cordys pose finish 0.3 screen bounds (311.326, 29.57159) (514.4779, 139.5957)
Cordys pose finish 0.3 screen bounds (287.3058, 26.48501) (514.7889, 140.6025)
Cordys pose finish 0.4 screen bounds (265.3922, 22.87159) (514.0722, 141.7749)
Cordys pose finish 0.5 screen bounds (256.2643, 19.22151) (511.9175, 142.825)
Cordys pose finish 0.5 screen bounds (265.1968, 16.22698) (508.2197, 152.4679)
Cordys pose finish 0.6 screen bounds (299.3291, 13.90211) (503.3474, 158.8762)
Cordys pose finish 0.6 screen bounds (328.5327, 13.04485) (498.0555, 159.7195)
Cordys pose finish 0.7 screen bounds (336.5066, 13.93408) (493.2427, 158.848)
Cordys pose finish 0.7 screen bounds (341.6291, 17.27767) (489.8003, 160.1829)
Cordys pose finish 0.8 screen bounds (343.4879, 23.24879) (488.6536, 164.59)
Cordys pose finish 0.8 screen bounds (342.6907, 9.684796) (491.126, 168.3754)
Cordys pose finish 0.8 screen bounds (300.6878, 18.08429) (491.8228, 162.7849)
Cordys pose finish 0.9 screen bounds (275.2096, 45.98028) (487.5546, 150.4973)
Cordys pose finish 0.9 screen bounds (271.1391, 40.12072) (483.0809, 137.2081)
Cordys pose finish 1.0 screen bounds (278.8841, 40.16078) (480.4648, 133.7195)
