Godot Engine v4.7.1.stable.official.a13da4feb - https://godotengine.org

(0.03911, 0.017409, 0.065218)
(0.03911, 0.017409, 0.065218)
(0.03911, 0.017409, 0.065218)
PROLOGUE_PHASE|complete
CHECKPOINT_LATEST_LOADED|slot=918527|autosave=true
CHECKPOINT_LATEST_LOADED|slot=918527|autosave=false
CHECKPOINT_LATEST_LOADED|slot=918527|autosave=true
CHECKPOINT_LATEST_LOADED|slot=918527|autosave=true
CHECKPOINT_LATEST_LOADED|slot=918527|autosave=true
CHECKPOINT_LATEST_LOADED|slot=918527|autosave=true
CHECKPOINT_LATEST_LOADED|slot=918527|autosave=true
CHECKPOINT_LATEST_LOADED|slot=918527|autosave=true
CHECKPOINT_LATEST_LOADED|slot=918527|autosave=true
CHECKPOINT_LATEST_LOADED|slot=918527|autosave=false
CHECKPOINT_LATEST_LOADED|slot=918527|autosave=true
CHECKPOINT_LATEST_LOADED|slot=918527|autosave=false
CHECKPOINT_LATEST_LOADED|slot=918527|autosave=true
CHECKPOINT_LATEST_LOADED|slot=918527|autosave=true
CHECKPOINT_LATEST_LOADED|slot=918527|autosave=true
CHECKPOINT_LATEST_LOADED|slot=918527|autosave=true
CHECKPOINT_LATEST_LOADED|slot=918527|autosave=false
CHECKPOINT_LATEST_LOADED|slot=918527|autosave=false
CHECKPOINT_LATEST_LOADED|slot=918527|autosave=false
CHECKPOINT_LATEST_LOADED|slot=918527|autosave=false
CHECKPOINT_LATEST_LOADED|slot=918527|autosave=true
CHECKPOINT_LATEST_LOADED|slot=918527|autosave=false
CHECKPOINT_LATEST_LOADED|slot=918527|autosave=false
CHECKPOINT_LATEST_LOADED|slot=918527|autosave=true
CHECKPOINT_LATEST_LOADED|slot=918527|autosave=true
CHECKPOINT_LATEST_LOADED|slot=918527|autosave=true
CHECKPOINT_LATEST_LOADED|slot=918527|autosave=true
CHECKPOINT_LATEST_LOADED|slot=918527|autosave=true
CHECKPOINT_LATEST_LOADED|slot=918527|autosave=false
CHECKPOINT_LATEST_LOADED|slot=918527|autosave=false
CHECKPOINT_LATEST_LOADED|slot=918527|autosave=false
CHECKPOINT_LATEST_LOADED|slot=918527|autosave=true
CHECKPOINT_LATEST_LOADED|slot=918527|autosave=true
CHECKPOINT_GAME_OVER|slot=918527|complete=true
(0.03911, 0.017409, 0.065218)
(0.03911, 0.017409, 0.065218)
(0.03911, 0.017409, 0.065218)
PROLOGUE_PHASE|complete
CHECKPOINT_LATEST_LOADED|slot=918527|autosave=true
CHECKPOINT_GAME_OVER|slot=918527|complete=true
(0.03911, 0.017409, 0.065218)
(0.03911, 0.017409, 0.065218)
(0.03911, 0.017409, 0.065218)
PROLOGUE_PHASE|complete
(0.03911, 0.017409, 0.065218)
(0.03911, 0.017409, 0.065218)
(0.03911, 0.017409, 0.065218)
PROLOGUE_PHASE|complete
CHECKPOINT_LATEST_LOADED|slot=918527|autosave=true
CHECKPOINT_LOAD_FAILED|slot=918527
LATEST SAVE RECOVERY: clean
