Godot Engine v4.7.1.stable.official.a13da4feb - https://godotengine.org

LESSON|0|Maxilani's turn.|While exploring the deep, random encounters like this one with deep sea enemies can occur at any time.
[font_size=18][pulse]Press Space, Enter, or click Continue[/pulse][/font_size]|true
LESSON|0|Maxilani's turn.|While exploring the deep, random encounters like this one with deep sea enemies can occur at any time.
[font_size=18][pulse]Press Space, Enter, or click Continue[/pulse][/font_size]|false
LESSON|0|Maxilani's turn.|A fight is turns, one combatant at a time, fastest Agility going first each round. On your turn: Attack (use a base move, or any spell you've learned), Items (use one on any living party member to heal or boost their stats), or Run (leave the fight - not guaranteed to work). The queue bar across the top shows the coming order. Turn order is shown from first at left to last at right in the turn order bar at the top. Turn order is decided by Agility - whoever has the highest goes first. If a move changes someone's Agility, the turn order always updates right away to reflect it.
[font_size=18][pulse]Press Space, Enter, or click Continue[/pulse][/font_size]|true
LESSON|0|Maxilani's turn.|Choose the [color=yellow]highlighted[/color] attack move against the enemy.|false
LESSON|0|Maxilani's turn.|Hover over the enemy you want to attack to see the stat comparison.|false
LESSON|0|Electric Touch shocks the target for 1.  EVA -1|Your party's HP is shown in the highlighted purple boxes in the status panels with your party's on the top left and enemies on the top right. HP (health points) red bars end the fight when either all party members or all enemies reach 0. The blue bar underneath each health bar is oxygen which is consumed to cast certain attacks.
[font_size=18][pulse]Press Space, Enter, or click Continue[/pulse][/font_size]|true
LESSON|1|Electric Touch shocks the target for 1.  EVA -1|Your party's HP is shown in the highlighted purple boxes in the status panels with your party's on the top left and enemies on the top right. HP (health points) red bars end the fight when either all party members or all enemies reach 0. The blue bar underneath each health bar is oxygen which is consumed to cast certain attacks.
[font_size=18][pulse]Press Space, Enter, or click Continue[/pulse][/font_size]|false
LESSON|1|Musashi's turn.|Choose the [color=yellow]highlighted[/color] attack move against the enemy.|false
ERROR: Infinite loop detected. Check set_loops() description for more info.
   at: step (scene/animation/tween.cpp:420)
LESSON|1|Musashi's turn.|Hover over the enemy you want to attack to see the stat comparison.|false
LESSON|2|You land a precise tap for 3.|Hover over the enemy you want to attack to see the stat comparison.|false
LESSON|2|Bucky's turn.|Choose the [color=yellow]highlighted[/color] attack move against the enemy.|false
ERROR: Infinite loop detected. Check set_loops() description for more info.
   at: step (scene/animation/tween.cpp:420)
LESSON|2|Bucky's turn.|Hover over the enemy you want to attack to see the stat comparison.|false
LESSON|3|You wind up and crush it - Angler evades!|Hover over the enemy you want to attack to see the stat comparison.|false
LESSON|3|You wind up and crush it - Angler evades!|Sometimes during an enemy's attack, a Quick Time Event shows up:|true
LESSON|3|You wind up and crush it - Angler evades!|Sometimes during an enemy's attack, a Quick Time Event shows up:|false
LESSON|3|Angler uses Bite: Musashi QTE dodge.|Sometimes during an enemy's attack, a Quick Time Event shows up:|false
LESSON|3|Musashi's turn.|Choose the [color=yellow]highlighted[/color] attack move against the enemy.|false
ERROR: Infinite loop detected. Check set_loops() description for more info.
   at: step (scene/animation/tween.cpp:420)
LESSON|3|Musashi's turn.|Hover over the enemy you want to attack to see the stat comparison.|false
LESSON|4|This enemy's Defense can't be lowered any further!|Hover over the enemy you want to attack to see the stat comparison.|false
LESSON|4|Maxilani's turn.|Choose the [color=yellow]highlighted[/color] attack move against the enemy.|false
ERROR: Infinite loop detected. Check set_loops() description for more info.
   at: step (scene/animation/tween.cpp:420)
LESSON|4|Maxilani's turn.|Hover over the highlighted button to see what Flash Blast does.|false
LESSON|5|Flash Blast: Angler affected.|Hover over the highlighted button to see what Flash Blast does.|false
LESSON|5|Flash Blast: Angler affected.|Now defeat the enemy for real to finish the lesson! Winning a battle awards XP to your whole party, not just whoever fought including anyone who went down during the fight, who gains XP the same as everyone else. Gain enough XP and a diver levels up, which refills their HP and Oxygen even if they went down. Otherwise a downed diver needs a Revive spell to get back on their feet. Leveling up doesn't change your combat stats but instead lets the divers gain new abilities.
[font_size=18][pulse]Press Space, Enter, or click Continue[/pulse][/font_size]|false
LESSON|5|Flash Blast: Angler affected.|Now defeat the enemy for real to finish the lesson! Winning a battle awards XP to your whole party, not just whoever fought including anyone who went down during the fight, who gains XP the same as everyone else. Gain enough XP and a diver levels up, which refills their HP and Oxygen even if they went down. Otherwise a downed diver needs a Revive spell to get back on their feet. Leveling up doesn't change your combat stats but instead lets the divers gain new abilities.
[font_size=18][pulse]Press Space, Enter, or click Continue[/pulse][/font_size]|true
LESSON|5|Flash Blast: Angler affected.|Winning won't grant any XP or rewards in this case but makes for good practice. There's no real risk in fighting this one out - a loss just sends the party back to the overworld to regroup, fully healed.
[font_size=18][pulse]Press Space, Enter, or click Continue[/pulse][/font_size]|true
LESSON|5|Bucky's turn.|Winning won't grant any XP or rewards in this case but makes for good practice. There's no real risk in fighting this one out - a loss just sends the party back to the overworld to regroup, fully healed.
[font_size=18][pulse]Press Space, Enter, or click Continue[/pulse][/font_size]|false
ERROR: Infinite loop detected. Check set_loops() description for more info.
   at: step (scene/animation/tween.cpp:420)
LESSON|5|You bash it with your guard for 11.|Winning won't grant any XP or rewards in this case but makes for good practice. There's no real risk in fighting this one out - a loss just sends the party back to the overworld to regroup, fully healed.
[font_size=18][pulse]Press Space, Enter, or click Continue[/pulse][/font_size]|false
LESSON|5|The enemies back off, beaten.|Winning won't grant any XP or rewards in this case but makes for good practice. There's no real risk in fighting this one out - a loss just sends the party back to the overworld to regroup, fully healed.
[font_size=18][pulse]Press Space, Enter, or click Continue[/pulse][/font_size]|false
LESSON|5|The enemies back off, beaten.|You have defeated your first enemy! In this case you won't gain XP.
[font_size=18][pulse]Press Space, Enter, or click Continue[/pulse][/font_size]|false
LESSON|5|The enemies back off, beaten.|You have defeated your first enemy! In this case you won't gain XP.
[font_size=18][pulse]Press Space, Enter, or click Continue[/pulse][/font_size]|true
FULL_LESSON_RESULT|["won"]
