Godot Engine v4.7.1.stable.official.a13da4feb - https://godotengine.org

[   0% ] [90m[1mfirst_scan_filesystem[22m | Started Project initialization (5 steps)[39m[0m
[   0% ] [90m[1mfirst_scan_filesystem[22m | Scanning file structure...[39m[0m
[  16% ] [90m[1mfirst_scan_filesystem[22m | Loading global class names...[39m[0m
[  33% ] [90m[1mfirst_scan_filesystem[22m | Verifying GDExtensions...[39m[0m
[  50% ] [90m[1mfirst_scan_filesystem[22m | Creating autoload scripts...[39m[0m
[  66% ] [90m[1mfirst_scan_filesystem[22m | Initializing plugins...[39m[0m
[  83% ] [90m[1mfirst_scan_filesystem[22m | Starting file scan...[39m[0m
[92m[ DONE ][39m [1mfirst_scan_filesystem[22m
[0m
[   0% ] [90m[1msavepack[22m | Started Packing (102 steps)[39m[0m
[   1% ] [90m[1msavepack[22m | Storing File: res://art/characters/spell_animations/bucky.res[39m[0m
[   1% ] [90m[1msavepack[22m | Storing File: res://art/characters/spell_animations/frames.res[39m[0m
[   1% ] [90m[1msavepack[22m | Storing File: res://art/characters/spell_animations/maxilani.res[39m[0m
[   2% ] [90m[1msavepack[22m | Storing File: res://art/characters/spell_animations/musashi.res[39m[0m
[   2% ] [90m[1msavepack[22m | Storing File: res://.godot/imported/divers.glb-7929242784c7acfecc9d74284c250f61.scn[39m[0m
[   2% ] [90m[1msavepack[22m | Storing File: res://art/characters/divers.glb.import[39m[0m
[   2% ] [90m[1msavepack[22m | Storing File: res://.godot/imported/divers_Main_Team_Rigging_2_0.png-041f37629f9d455288759c0769692e7c.s3tc.ctex[39m[0m
[   2% ] [90m[1msavepack[22m | Storing File: res://art/characters/divers_Main_Team_Rigging_2_0.png.import[39m[0m
[   3% ] [90m[1msavepack[22m | Storing File: res://.godot/imported/divers_Main_Team_Rigging_2_1.png-f63f9b9aeb47c2e6b487d74e54d61fac.s3tc.ctex[39m[0m
[   3% ] [90m[1msavepack[22m | Storing File: res://art/characters/divers_Main_Team_Rigging_2_1.png.import[39m[0m
[   3% ] [90m[1msavepack[22m | Storing File: res://.godot/imported/divers_Main_Team_Rigging_2_2.png-b812051dae9d5c539160033d21143dcc.s3tc.ctex[39m[0m
[   3% ] [90m[1msavepack[22m | Storing File: res://art/characters/divers_Main_Team_Rigging_2_2.png.import[39m[0m
[   3% ] [90m[1msavepack[22m | Storing File: res://.godot/imported/divers_Main_Team_Rigging_2_3.png-e084cbb80a29a9ca2e1bc6093bb467a7.s3tc.ctex[39m[0m
[   3% ] [90m[1msavepack[22m | Storing File: res://art/characters/divers_Main_Team_Rigging_2_3.png.import[39m[0m
[   4% ] [90m[1msavepack[22m | Storing File: res://.godot/imported/divers_Main_Team_Rigging_2_4.png-8ce34b1c2c49e3d6adfff3007d4c7d82.s3tc.ctex[39m[0m
[   4% ] [90m[1msavepack[22m | Storing File: res://art/characters/divers_Main_Team_Rigging_2_4.png.import[39m[0m
[   4% ] [90m[1msavepack[22m | Storing File: res://.godot/imported/divers_Main_Team_Rigging_2_5.png-60299da2f8f7d636bb74332fba3ee16c.s3tc.ctex[39m[0m
[   4% ] [90m[1msavepack[22m | Storing File: res://art/characters/divers_Main_Team_Rigging_2_5.png.import[39m[0m
[   5% ] [90m[1msavepack[22m | Storing File: res://.godot/imported/divers_Main_Team_Rigging_2_6.png-e0ebc504534015845950ea4b8c11e2a2.s3tc.ctex[39m[0m
[   5% ] [90m[1msavepack[22m | Storing File: res://art/characters/divers_Main_Team_Rigging_2_6.png.import[39m[0m
[   5% ] [90m[1msavepack[22m | Storing File: res://.godot/imported/divers_Main_Team_Rigging_2_7.png-41af2de8729ff14602df97a9b3f11d4b.s3tc.ctex[39m[0m
[   5% ] [90m[1msavepack[22m | Storing File: res://art/characters/divers_Main_Team_Rigging_2_7.png.import[39m[0m
[   5% ] [90m[1msavepack[22m | Storing File: res://.godot/imported/divers_Main_Team_Rigging_2_8.png-e5128e6dbcc06c5912666fc97c21f959.s3tc.ctex[39m[0m
[   5% ] [90m[1msavepack[22m | Storing File: res://art/characters/divers_Main_Team_Rigging_2_8.png.import[39m[0m
[   6% ] [90m[1msavepack[22m | Storing File: res://.godot/imported/golden_energy_orb.glb-f0cb2ab77dfdaa581a0060d0ab5ed644.scn[39m[0m
[   6% ] [90m[1msavepack[22m | Storing File: res://art/characters/golden_energy_orb.glb.import[39m[0m
[   6% ] [90m[1msavepack[22m | Storing File: res://.godot/imported/Proto1_Rigged_0.png-64580eee28a0bf5ef76a2d652428d87b.ctex[39m[0m
[   6% ] [90m[1msavepack[22m | Storing File: res://art/characters/Proto1_Rigged_0.png.import[39m[0m
[   6% ] [90m[1msavepack[22m | Storing File: res://.godot/imported/Proto5_Rigged_0.png-d6ed9a7275e4b94de9b0f1322cbcdd0b.ctex[39m[0m
[   6% ] [90m[1msavepack[22m | Storing File: res://art/characters/Proto5_Rigged_0.png.import[39m[0m
[   7% ] [90m[1msavepack[22m | Storing File: res://.godot/imported/Prototype1_Rigged.fbx-7a766b94791773c27211c56fca8a3cbd.scn[39m[0m
[   7% ] [90m[1msavepack[22m | Storing File: res://art/characters/Prototype1_Rigged.fbx.import[39m[0m
[   7% ] [90m[1msavepack[22m | Storing File: res://.godot/imported/Prototype1_Rigged_0.png-6122adeace36dfa8b208462e441a4423.s3tc.ctex[39m[0m
[   7% ] [90m[1msavepack[22m | Storing File: res://art/characters/Prototype1_Rigged_0.png.import[39m[0m
[   7% ] [90m[1msavepack[22m | Storing File: res://.godot/imported/PrototypeV_Rigged.fbx-50a2354e45a6a0380220a9782103a030.scn[39m[0m
[   7% ] [90m[1msavepack[22m | Storing File: res://art/characters/PrototypeV_Rigged.fbx.import[39m[0m
[   8% ] [90m[1msavepack[22m | Storing File: res://.godot/imported/PrototypeV_Rigged_0.png-e50f9065c0bbd7aca6d6174db9276884.s3tc.ctex[39m[0m
[   8% ] [90m[1msavepack[22m | Storing File: res://art/characters/PrototypeV_Rigged_0.png.import[39m[0m
[   8% ] [90m[1msavepack[22m | Storing File: res://.godot/imported/Scuba_Rigged.fbx-ffde00f5dff1dcaa5b3e2c55f0974820.scn[39m[0m
[   8% ] [90m[1msavepack[22m | Storing File: res://art/characters/Scuba_Rigged.fbx.import[39m[0m
[   9% ] [90m[1msavepack[22m | Storing File: res://.godot/imported/Scuba_Rigged_0.png-9ba300afca74cc8a2f4ccb812cd63f7f.s3tc.ctex[39m[0m
[   9% ] [90m[1msavepack[22m | Storing File: res://art/characters/Scuba_Rigged_0.png.import[39m[0m
[   9% ] [90m[1msavepack[22m | Storing File: res://.godot/imported/Scuba_Rigged_1.png-0e4387e88a228d310e7974a74594a37c.s3tc.ctex[39m[0m
[   9% ] [90m[1msavepack[22m | Storing File: res://art/characters/Scuba_Rigged_1.png.import[39m[0m
[   9% ] [90m[1msavepack[22m | Storing File: res://.godot/imported/Scuba_Rigged_2.png-e926f40c8b2485e8f5b2f43b86417471.s3tc.ctex[39m[0m
[   9% ] [90m[1msavepack[22m | Storing File: res://art/characters/Scuba_Rigged_2.png.import[39m[0m
[  10% ] [90m[1msavepack[22m | Storing File: res://.godot/imported/Scuba_Rigged_3.png-efb976d5b4e1b9f22d90c6d18f3d3ada.s3tc.ctex[39m[0m
[  10% ] [90m[1msavepack[22m | Storing File: res://art/characters/Scuba_Rigged_3.png.import[39m[0m
[  10% ] [90m[1msavepack[22m | Storing File: res://.godot/imported/Scuba_Rigged_4.png-70b482a77cfbbead82d518bd767a86ba.s3tc.ctex[39m[0m
[  10% ] [90m[1msavepack[22m | Storing File: res://art/characters/Scuba_Rigged_4.png.import[39m[0m
[  10% ] [90m[1msavepack[22m | Storing File: res://.godot/imported/Scuba_Rigged_5.png-3873ec02f593799695715ac9e87ac25e.s3tc.ctex[39m[0m
[  10% ] [90m[1msavepack[22m | Storing File: res://art/characters/Scuba_Rigged_5.png.import[39m[0m
[  11% ] [90m[1msavepack[22m | Storing File: res://.godot/imported/Scuba_Rigged_6.png-0b7f4ff4c846e9dee0bc3ba224e6d80d.s3tc.ctex[39m[0m
[  11% ] [90m[1msavepack[22m | Storing File: res://art/characters/Scuba_Rigged_6.png.import[39m[0m
[  11% ] [90m[1msavepack[22m | Storing File: res://.godot/imported/Scuba_Rigged_7.png-0ccee23899efd2f58a45e983c3870ca1.ctex[39m[0m
[  11% ] [90m[1msavepack[22m | Storing File: res://art/characters/Scuba_Rigged_7.png.import[39m[0m
[  11% ] [90m[1msavepack[22m | Storing File: res://.godot/imported/Beach_assets1.fbx-4a3538d78d62e16c54961186ef82e9d3.scn[39m[0m
[  11% ] [90m[1msavepack[22m | Storing File: res://art/deep_zone/Beach_assets1.fbx.import[39m[0m
[  12% ] [90m[1msavepack[22m | Storing File: res://.godot/imported/Beach_assets1_0.png-74e422a4d6b39bbc011b57601930bf2d.ctex[39m[0m
[  12% ] [90m[1msavepack[22m | Storing File: res://art/deep_zone/Beach_assets1_0.png.import[39m[0m
[  12% ] [90m[1msavepack[22m | Storing File: res://.godot/imported/Beach_assets1_1.png-987ffca3c1000a2898733abeaf63b73f.ctex[39m[0m
[  12% ] [90m[1msavepack[22m | Storing File: res://art/deep_zone/Beach_assets1_1.png.import[39m[0m
[  13% ] [90m[1msavepack[22m | Storing File: res://.godot/imported/Beach_assets1_2.png-465903d5526333366ad384cc4e9f0b58.ctex[39m[0m
[  13% ] [90m[1msavepack[22m | Storing File: res://art/deep_zone/Beach_assets1_2.png.import[39m[0m
[  13% ] [90m[1msavepack[22m | Storing File: res://.godot/imported/Bomb_Bot.fbx-d0ede81365f0038e3ee6aaf249cda733.scn[39m[0m
[  13% ] [90m[1msavepack[22m | Storing File: res://art/deep_zone/Bomb_Bot.fbx.import[39m[0m
[  13% ] [90m[1msavepack[22m | Storing File: res://.godot/imported/Bomb_Bot_0.png-9a60f4186ecb7bd66eb86d61689fb1de.ctex[39m[0m
[  13% ] [90m[1msavepack[22m | Storing File: res://art/deep_zone/Bomb_Bot_0.png.import[39m[0m
[  14% ] [90m[1msavepack[22m | Storing File: res://.godot/imported/Broken_Office.fbx-6f990e0eeb6e0f49b7e9520c8b65dc17.scn[39m[0m
[  14% ] [90m[1msavepack[22m | Storing File: res://art/deep_zone/Broken_Office.fbx.import[39m[0m
[  14% ] [90m[1msavepack[22m | Storing File: res://.godot/imported/Broken_Office_0.png-8f71edb8788cd8258f9fb1a966b54dda.ctex[39m[0m
[  14% ] [90m[1msavepack[22m | Storing File: res://art/deep_zone/Broken_Office_0.png.import[39m[0m
[  14% ] [90m[1msavepack[22m | Storing File: res://.godot/imported/Broken_Office_1.png-74e6a6ac67273629e0bb0148f542e7c6.ctex[39m[0m
[  14% ] [90m[1msavepack[22m | Storing File: res://art/deep_zone/Broken_Office_1.png.import[39m[0m
[  15% ] [90m[1msavepack[22m | Storing File: res://.godot/imported/Broken_Office_2.png-a9f1a02d01b2062e1c8632c87e779885.ctex[39m[0m
[  15% ] [90m[1msavepack[22m | Storing File: res://art/deep_zone/Broken_Office_2.png.import[39m[0m
[  15% ] [90m[1msavepack[22m | Storing File: res://.godot/imported/Broken_Office_3.png-2f7a336b6fd9344725ff8da2f83ad553.ctex[39m[0m
[  15% ] [90m[1msavepack[22m | Storing File: res://art/deep_zone/Broken_Office_3.png.import[39m[0m
[  16% ] [90m[1msavepack[22m | Storing File: res://.godot/imported/Broken_Office_4.png-0f51f10f96952d074c4223882ba99154.ctex[39m[0m
[  16% ] [90m[1msavepack[22m | Storing File: res://art/deep_zone/Broken_Office_4.png.import[39m[0m
[  16% ] [90m[1msavepack[22m | Storing File: res://.godot/imported/Broken_Office_5.png-4526907e98770553d9d63ff53ea8f7c0.ctex[39m[0m
[  16% ] [90m[1msavepack[22m | Storing File: res://art/deep_zone/Broken_Office_5.png.import[39m[0m
[  16% ] [90m[1msavepack[22m | Storing File: res://.godot/imported/Corrected_Door.fbx-f3f231a6b8f53da733337fd50b4a67bc.scn[39m[0m
[  16% ] [90m[1msavepack[22m | Storing File: res://art/deep_zone/Corrected_Door.fbx.import[39m[0m
[  17% ] [90m[1msavepack[22m | Storing File: res://.godot/imported/Corrected_Door_0.png-85f9ecac1c5df7cb68d2b5ed94464ccc.ctex[39m[0m
[  17% ] [90m[1msavepack[22m | Storing File: res://art/deep_zone/Corrected_Door_0.png.import[39m[0m
[  17% ] [90m[1msavepack[22m | Storing File: res://.godot/imported/Octopus_Boss.fbx-7fdd45dea078936d49a6e789622c049f.scn[39m[0m
[  17% ] [90m[1msavepack[22m | Storing File: res://art/deep_zone/Octopus_Boss.fbx.import[39m[0m
[  17% ] [90m[1msavepack[22m | Storing File: res://.godot/imported/Octopus_Boss_0.png-6f49d1b4378279a54854ededcdb33ff9.ctex[39m[0m
[  17% ] [90m[1msavepack[22m | Storing File: res://art/deep_zone/Octopus_Boss_0.png.import[39m[0m
[  18% ] [90m[1msavepack[22m | Storing File: res://.godot/imported/Octopus_Boss_1.png-42709c3e502dd12d9c77b159d9ced256.ctex[39m[0m
[  18% ] [90m[1msavepack[22m | Storing File: res://art/deep_zone/Octopus_Boss_1.png.import[39m[0m
[  18% ] [90m[1msavepack[22m | Storing File: res://.godot/imported/Octopus_Boss_2.png-240984feb9005aa7cbd6eacaef2e0ad1.ctex[39m[0m
[  18% ] [90m[1msavepack[22m | Storing File: res://art/deep_zone/Octopus_Boss_2.png.import[39m[0m
[  18% ] [90m[1msavepack[22m | Storing File: res://.godot/imported/Octopus_Boss_3.png-0fe70cda548686fdfafa4f0045434321.ctex[39m[0m
[  18% ] [90m[1msavepack[22m | Storing File: res://art/deep_zone/Octopus_Boss_3.png.import[39m[0m
[  19% ] [90m[1msavepack[22m | Storing File: res://.godot/imported/Octopus_Boss_4.png-f76b5aad13d72b7a9465da1b8d3e6ef4.ctex[39m[0m
[  19% ] [90m[1msavepack[22m | Storing File: res://art/deep_zone/Octopus_Boss_4.png.import[39m[0m
[  19% ] [90m[1msavepack[22m | Storing File: res://.godot/imported/Octopus_Boss_5.png-fd2a5382b497b89d61c42953915c5fb0.ctex[39m[0m
[  19% ] [90m[1msavepack[22m | Storing File: res://art/deep_zone/Octopus_Boss_5.png.import[39m[0m
[  20% ] [90m[1msavepack[22m | Storing File: res://.godot/imported/Octopus_Boss_6.png-b47e66380c41b1d53a2fa14592fab4fc.ctex[39m[0m
[  20% ] [90m[1msavepack[22m | Storing File: res://art/deep_zone/Octopus_Boss_6.png.import[39m[0m
[  20% ] [90m[1msavepack[22m | Storing File: res://.godot/exported/133200997/export-848b60f520ae706a691885c8de81b7f4-octopus_prologue_frame.res[39m[0m
[  20% ] [90m[1msavepack[22m | Storing File: res://.godot/imported/Rocks.fbx-bf083308e8cf9802761efacb11a538cb.scn[39m[0m
[  20% ] [90m[1msavepack[22m | Storing File: res://art/deep_zone/Rocks.fbx.import[39m[0m
[  21% ] [90m[1msavepack[22m | Storing File: res://.godot/imported/Rocks_0.png-a431b396933e5fbee3bded8dea660d67.ctex[39m[0m
[  21% ] [90m[1msavepack[22m | Storing File: res://art/deep_zone/Rocks_0.png.import[39m[0m
[  21% ] [90m[1msavepack[22m | Storing File: res://.godot/imported/Rocks_1.png-a0a158da541e4af3461a55688319d6e1.ctex[39m[0m
[  21% ] [90m[1msavepack[22m | Storing File: res://art/deep_zone/Rocks_1.png.import[39m[0m
[  21% ] [90m[1msavepack[22m | Storing File: res://.godot/imported/Sword_Slayer.fbx-5a61cd0a062e11b1318dee48bb794a02.scn[39m[0m
[  21% ] [90m[1msavepack[22m | Storing File: res://art/deep_zone/Sword_Slayer.fbx.import[39m[0m
[  22% ] [90m[1msavepack[22m | Storing File: res://.godot/imported/Sword_Slayer_0.png-02cd45020f31a085acb77fda2ea6db53.ctex[39m[0m
[  22% ] [90m[1msavepack[22m | Storing File: res://art/deep_zone/Sword_Slayer_0.png.import[39m[0m
[  22% ] [90m[1msavepack[22m | Storing File: res://.godot/imported/battle_intro.ogg-d06b417f3e91bed1459b01469938ae7e.oggvorbisstr[39m[0m
[  22% ] [90m[1msavepack[22m | Storing File: res://audio/music/battle_intro.ogg.import[39m[0m
[  22% ] [90m[1msavepack[22m | Storing File: res://.godot/imported/battle_loop.ogg-d7f245d66beef2ef721cb2ea6f1866dd.oggvorbisstr[39m[0m
[  22% ] [90m[1msavepack[22m | Storing File: res://audio/music/battle_loop.ogg.import[39m[0m
[  23% ] [90m[1msavepack[22m | Storing File: res://.godot/imported/exploration_loop.ogg-93e97ee39eceb663b70a7f62d72a57ac.oggvorbisstr[39m[0m
[  23% ] [90m[1msavepack[22m | Storing File: res://audio/music/exploration_loop.ogg.import[39m[0m
[  23% ] [90m[1msavepack[22m | Storing File: res://.godot/imported/final_boss_intro.ogg-19f6e2695a7acb8ac3b2f85bf0b2ac52.oggvorbisstr[39m[0m
[  23% ] [90m[1msavepack[22m | Storing File: res://audio/music/final_boss_intro.ogg.import[39m[0m
[  24% ] [90m[1msavepack[22m | Storing File: res://.godot/imported/final_boss_loop.ogg-7127c98033a8957297bf84faad65e802.oggvorbisstr[39m[0m
[  24% ] [90m[1msavepack[22m | Storing File: res://audio/music/final_boss_loop.ogg.import[39m[0m
[  24% ] [90m[1msavepack[22m | Storing File: res://.godot/imported/game_over.ogg-6efae9ea8d833bef7f652fb317529bb9.oggvorbisstr[39m[0m
[  24% ] [90m[1msavepack[22m | Storing File: res://audio/music/game_over.ogg.import[39m[0m
[  24% ] [90m[1msavepack[22m | Storing File: res://.godot/imported/tethys_candidate_intro.ogg-299bdd995ab49d851132c7272d9d1356.oggvorbisstr[39m[0m
[  24% ] [90m[1msavepack[22m | Storing File: res://audio/music/tethys_candidate_intro.ogg.import[39m[0m
[  25% ] [90m[1msavepack[22m | Storing File: res://.godot/imported/tethys_loop.ogg-ff2595db687c631b266a7262db717278.oggvorbisstr[39m[0m
[  25% ] [90m[1msavepack[22m | Storing File: res://audio/music/tethys_loop.ogg.import[39m[0m
[  25% ] [90m[1msavepack[22m | Storing File: res://.godot/imported/title_candidate_intro.ogg-6230ec45cfca0b917ce1d19fd929746a.oggvorbisstr[39m[0m
[  25% ] [90m[1msavepack[22m | Storing File: res://audio/music/title_candidate_intro.ogg.import[39m[0m
[  25% ] [90m[1msavepack[22m | Storing File: res://.godot/imported/title_loop.ogg-7adb760bcaae6c9a02c77bf175a6a09c.oggvorbisstr[39m[0m
[  25% ] [90m[1msavepack[22m | Storing File: res://audio/music/title_loop.ogg.import[39m[0m
[  26% ] [90m[1msavepack[22m | Storing File: res://.godot/imported/victory_candidate_intro.ogg-f5931fb033e75c29d3d6a624202bf6b6.oggvorbisstr[39m[0m
[  26% ] [90m[1msavepack[22m | Storing File: res://audio/music/victory_candidate_intro.ogg.import[39m[0m
[  26% ] [90m[1msavepack[22m | Storing File: res://.godot/imported/victory_loop.ogg-40ac753d0a343b8241301bd80343d5de.oggvorbisstr[39m[0m
[  26% ] [90m[1msavepack[22m | Storing File: res://audio/music/victory_loop.ogg.import[39m[0m
[  27% ] [90m[1msavepack[22m | Storing File: res://.godot/imported/attack_swirl.ogg-8c61da403eb213590b8a8990806d25df.oggvorbisstr[39m[0m
[  27% ] [90m[1msavepack[22m | Storing File: res://audio/sfx/combat/attack_swirl.ogg.import[39m[0m
[  27% ] [90m[1msavepack[22m | Storing File: res://.godot/imported/fast_swish_01.ogg-6dce32980a6e89a28395259694afd60b.oggvorbisstr[39m[0m
[  27% ] [90m[1msavepack[22m | Storing File: res://audio/sfx/combat/fast_swish_01.ogg.import[39m[0m
[  27% ] [90m[1msavepack[22m | Storing File: res://.godot/imported/fast_swish_02.ogg-23ef7ca822f90844228382989fada642.oggvorbisstr[39m[0m
[  27% ] [90m[1msavepack[22m | Storing File: res://audio/sfx/combat/fast_swish_02.ogg.import[39m[0m
[  28% ] [90m[1msavepack[22m | Storing File: res://.godot/imported/fast_swish_03.ogg-97c8c07748547448e8c2ffee0890dd3a.oggvorbisstr[39m[0m
[  28% ] [90m[1msavepack[22m | Storing File: res://audio/sfx/combat/fast_swish_03.ogg.import[39m[0m
[  28% ] [90m[1msavepack[22m | Storing File: res://.godot/imported/fast_swish_04.ogg-7fba8ab410596ef01c867dbc78252029.oggvorbisstr[39m[0m
[  28% ] [90m[1msavepack[22m | Storing File: res://audio/sfx/combat/fast_swish_04.ogg.import[39m[0m
[  28% ] [90m[1msavepack[22m | Storing File: res://.godot/imported/fast_swish_05.ogg-bc597dd60255dd4739c8597850c07338.oggvorbisstr[39m[0m
[  28% ] [90m[1msavepack[22m | Storing File: res://audio/sfx/combat/fast_swish_05.ogg.import[39m[0m
[  29% ] [90m[1msavepack[22m | Storing File: res://.godot/imported/heavy_hit.ogg-83b6451bada914d7df405112ef909f0c.oggvorbisstr[39m[0m
[  29% ] [90m[1msavepack[22m | Storing File: res://audio/sfx/combat/heavy_hit.ogg.import[39m[0m
[  29% ] [90m[1msavepack[22m | Storing File: res://.godot/imported/shockwave_swirl.ogg-295ae44b33a9bc7ee580dded38ee2721.oggvorbisstr[39m[0m
[  29% ] [90m[1msavepack[22m | Storing File: res://audio/sfx/combat/shockwave_swirl.ogg.import[39m[0m
[  29% ] [90m[1msavepack[22m | Storing File: res://.godot/imported/swish_01.ogg-fc8829fb6a94cef9c47a8782a523e7b1.oggvorbisstr[39m[0m
[  29% ] [90m[1msavepack[22m | Storing File: res://audio/sfx/combat/swish_01.ogg.import[39m[0m
[  30% ] [90m[1msavepack[22m | Storing File: res://.godot/imported/swish_02.ogg-ed8dde5b5f0b59edc28c464ddd107607.oggvorbisstr[39m[0m
[  30% ] [90m[1msavepack[22m | Storing File: res://audio/sfx/combat/swish_02.ogg.import[39m[0m
[  30% ] [90m[1msavepack[22m | Storing File: res://.godot/imported/swish_03.ogg-08fa1f6a6f7257b6751e3c8d8156e9df.oggvorbisstr[39m[0m
[  30% ] [90m[1msavepack[22m | Storing File: res://audio/sfx/combat/swish_03.ogg.import[39m[0m
[  31% ] [90m[1msavepack[22m | Storing File: res://.godot/imported/swish_04.ogg-d8f41c858777d6a1bb98faaf23b09af0.oggvorbisstr[39m[0m
[  31% ] [90m[1msavepack[22m | Storing File: res://audio/sfx/combat/swish_04.ogg.import[39m[0m
[  31% ] [90m[1msavepack[22m | Storing File: res://.godot/imported/swish_05.ogg-5e3fe5f76048862ce393f77fe75162f5.oggvorbisstr[39m[0m
[  31% ] [90m[1msavepack[22m | Storing File: res://audio/sfx/combat/swish_05.ogg.import[39m[0m
[  31% ] [90m[1msavepack[22m | Storing File: res://.godot/imported/swish_06.ogg-ae631e96b563b19076aa7b9e9104cfa1.oggvorbisstr[39m[0m
[  31% ] [90m[1msavepack[22m | Storing File: res://audio/sfx/combat/swish_06.ogg.import[39m[0m
[  32% ] [90m[1msavepack[22m | Storing File: res://.godot/imported/click.wav-babb718aebaadaad352235068fb4a84d.sample[39m[0m
[  32% ] [90m[1msavepack[22m | Storing File: res://audio/sfx/ui/click.wav.import[39m[0m
[  32% ] [90m[1msavepack[22m | Storing File: res://.godot/imported/hover.wav-2f39c86b714f3aebc84edfc97aa5afc7.sample[39m[0m
[  32% ] [90m[1msavepack[22m | Storing File: res://audio/sfx/ui/hover.wav.import[39m[0m
[  32% ] [90m[1msavepack[22m | Storing File: res://.godot/imported/hover_soft.wav-1b01c22e38d2405fe31b0261c6472db4.sample[39m[0m
[  32% ] [90m[1msavepack[22m | Storing File: res://audio/sfx/ui/hover_soft.wav.import[39m[0m
[  33% ] [90m[1msavepack[22m | Storing File: res://.godot/imported/start_game.wav-04ecbb29bb0ddea1b58448d391bb34d5.sample[39m[0m
[  33% ] [90m[1msavepack[22m | Storing File: res://audio/sfx/ui/start_game.wav.import[39m[0m
[  33% ] [90m[1msavepack[22m | Storing File: res://.godot/imported/Angler_Fish.fbx-9242dcb73f7c747febe1ffea1e8182c2.scn[39m[0m
[  33% ] [90m[1msavepack[22m | Storing File: res://characters/Angler_Fish.fbx.import[39m[0m
[  33% ] [90m[1msavepack[22m | Storing File: res://.godot/imported/Angler_Fish_0.png-081e7581ba1f7266166192af9f5d1749.s3tc.ctex[39m[0m
[  33% ] [90m[1msavepack[22m | Storing File: res://characters/Angler_Fish_0.png.import[39m[0m
[  33% ] [90m[1msavepack[22m | Storing File: res://.godot/imported/Angler_Fish_1.png-5b343bab7362843ffec609791a689686.s3tc.ctex[39m[0m
[  33% ] [90m[1msavepack[22m | Storing File: res://characters/Angler_Fish_1.png.import[39m[0m
[  33% ] [90m[1msavepack[22m | Storing File: res://.godot/imported/Freak_Mermaid-Weirdo.fbx-7b0afb81538353b5e5478389056d9b60.scn[39m[0m
[  33% ] [90m[1msavepack[22m | Storing File: res://characters/Freak_Mermaid-Weirdo.fbx.import[39m[0m
[  34% ] [90m[1msavepack[22m | Storing File: res://.godot/imported/GoblinGrunt.fbx-1c5d76ee0b2ec49c3d933fe3fbf1da37.scn[39m[0m
[  34% ] [90m[1msavepack[22m | Storing File: res://characters/GoblinGrunt.fbx.import[39m[0m
[  34% ] [90m[1msavepack[22m | Storing File: res://.godot/imported/GoblinGrunt_0.png-2cdfbdc235e59bd928ba860f29d4c201.s3tc.ctex[39m[0m
[  34% ] [90m[1msavepack[22m | Storing File: res://characters/GoblinGrunt_0.png.import[39m[0m
[  34% ] [90m[1msavepack[22m | Storing File: res://.godot/imported/Mermaid_Freak.fbx-4bb994dfd7c5630625c1c8d9b6ef3e5c.scn[39m[0m
[  34% ] [90m[1msavepack[22m | Storing File: res://characters/Mermaid_Freak.fbx.import[39m[0m
[  35% ] [90m[1msavepack[22m | Storing File: res://.godot/imported/Sword_Duelist.fbx-0bfe75a586deb55ba528bfbc9fa7ab23.scn[39m[0m
[  35% ] [90m[1msavepack[22m | Storing File: res://characters/Sword_Duelist.fbx.import[39m[0m
[  35% ] [90m[1msavepack[22m | Storing File: res://.godot/imported/Sword_Duelist_0.png-970e4f9ae057082f67133573860fd6ee.s3tc.ctex[39m[0m
[  35% ] [90m[1msavepack[22m | Storing File: res://characters/Sword_Duelist_0.png.import[39m[0m
[  35% ] [90m[1msavepack[22m | Storing File: res://content/cast.gdc[39m[0m
[  36% ] [90m[1msavepack[22m | Storing File: res://content/combat_moves.gdc[39m[0m
[  36% ] [90m[1msavepack[22m | Storing File: res://content/deep_zone_layout.gdc[39m[0m
[  36% ] [90m[1msavepack[22m | Storing File: res://content/enemy_moves.gdc[39m[0m
[  37% ] [90m[1msavepack[22m | Storing File: res://content/enemy_roster.gdc[39m[0m
[  37% ] [90m[1msavepack[22m | Storing File: res://content/sites.gdc[39m[0m
[  38% ] [90m[1msavepack[22m | Storing File: res://content/tutorial_content.gdc[39m[0m
[  38% ] [90m[1msavepack[22m | Storing File: res://media/tutorials/character_ability_popups/sonar_demo.ogv[39m[0m
[  38% ] [90m[1msavepack[22m | Storing File: res://game/tooltip_button.gdc[39m[0m
[  39% ] [90m[1msavepack[22m | Storing File: res://.godot/imported/bucky_02_grin.png-6cc2014b6f90cdddfb595c17cf281bb6.ctex[39m[0m
[  39% ] [90m[1msavepack[22m | Storing File: res://portraits/bucky_pool/bucky_02_grin.png.import[39m[0m
[  39% ] [90m[1msavepack[22m | Storing File: res://.godot/imported/bucky_01_calm.png-477098377535aa7e21f8bade37393425.ctex[39m[0m
[  39% ] [90m[1msavepack[22m | Storing File: res://portraits/bucky_pool/bucky_01_calm.png.import[39m[0m
[  39% ] [90m[1msavepack[22m | Storing File: res://game/vortex_grapple_sphere.gdc[39m[0m
[  40% ] [90m[1msavepack[22m | Storing File: res://media/tutorials/special_encounters/shockwave_demo.ogv[39m[0m
[  40% ] [90m[1msavepack[22m | Storing File: res://game/water_current.gdc[39m[0m
[  41% ] [90m[1msavepack[22m | Storing File: res://.godot/exported/133200997/export-55b02d6fa331e2fda0e32353ca18a2df-world.scn[39m[0m
[  41% ] [90m[1msavepack[22m | Storing File: res://game/world.gdc[39m[0m
[  41% ] [90m[1msavepack[22m | Storing File: res://game/tethys_boss.gdc[39m[0m
[  42% ] [90m[1msavepack[22m | Storing File: res://game/sword_slayer.gdc[39m[0m
[  42% ] [90m[1msavepack[22m | Storing File: res://game/target_selector.gdc[39m[0m
[  42% ] [90m[1msavepack[22m | Storing File: res://game/save_manager.gdc[39m[0m
[  43% ] [90m[1msavepack[22m | Storing File: res://.godot/exported/133200997/export-9835d911bd6dfc5d3e9c8b15307ae5f6-current_ride.scn[39m[0m
[  43% ] [90m[1msavepack[22m | Storing File: res://.godot/imported/maxilani_07_sad.png-eb57bcd96c6574f812e57208fed58bdc.ctex[39m[0m
[  43% ] [90m[1msavepack[22m | Storing File: res://portraits/maxilani_pool/maxilani_07_sad.png.import[39m[0m
[  43% ] [90m[1msavepack[22m | Storing File: res://.godot/imported/maxilani_05_grimace.png-05715f84fe7b5dd505f5fd91dc71a62c.ctex[39m[0m
[  43% ] [90m[1msavepack[22m | Storing File: res://portraits/maxilani_pool/maxilani_05_grimace.png.import[39m[0m
[  44% ] [90m[1msavepack[22m | Storing File: res://.godot/imported/maxilani_04_smirk.png-d918d8f3814e849b8fb7cd83067e7bb4.ctex[39m[0m
[  44% ] [90m[1msavepack[22m | Storing File: res://portraits/maxilani_pool/maxilani_04_smirk.png.import[39m[0m
[  44% ] [90m[1msavepack[22m | Storing File: res://.godot/imported/maxilani_08_wink.png-7add9f4df6e126ac75cacfad686fb20a.ctex[39m[0m
[  44% ] [90m[1msavepack[22m | Storing File: res://portraits/maxilani_pool/maxilani_08_wink.png.import[39m[0m
[  45% ] [90m[1msavepack[22m | Storing File: res://.godot/imported/maxilani_06_surprised.png-2a9ac95fb80896e98791751fbe890684.ctex[39m[0m
[  45% ] [90m[1msavepack[22m | Storing File: res://portraits/maxilani_pool/maxilani_06_surprised.png.import[39m[0m
[  45% ] [90m[1msavepack[22m | Storing File: res://.godot/imported/cyclops_01_calm.png-e6f35c9345c98b02a93cf45e4be1aca9.ctex[39m[0m
[  45% ] [90m[1msavepack[22m | Storing File: res://portraits/musashi_pool/cyclops_01_calm.png.import[39m[0m
[  45% ] [90m[1msavepack[22m | Storing File: res://.godot/imported/maxilani_03_eyes_closed.png-b5245b11f3febd9d27e90288b70062a4.ctex[39m[0m
[  45% ] [90m[1msavepack[22m | Storing File: res://portraits/maxilani_pool/maxilani_03_eyes_closed.png.import[39m[0m
[  46% ] [90m[1msavepack[22m | Storing File: res://.godot/imported/bucky_07_bored.png-b7ebdf64e9a88d0e08b0d2caff135d39.ctex[39m[0m
[  46% ] [90m[1msavepack[22m | Storing File: res://portraits/bucky_pool/bucky_07_bored.png.import[39m[0m
[  46% ] [90m[1msavepack[22m | Storing File: res://.godot/imported/maxilani_02_smile.png-7400c97892d87a1d09d1e9ef1947a6c4.ctex[39m[0m
[  46% ] [90m[1msavepack[22m | Storing File: res://portraits/maxilani_pool/maxilani_02_smile.png.import[39m[0m
[  46% ] [90m[1msavepack[22m | Storing File: res://.godot/imported/maxilani_01_normal.png-569c30e1f0a623d30549d4330908ab2d.ctex[39m[0m
[  46% ] [90m[1msavepack[22m | Storing File: res://portraits/maxilani_pool/maxilani_01_normal.png.import[39m[0m
[  47% ] [90m[1msavepack[22m | Storing File: res://.godot/imported/bucky_08_surprised.png-d2d335d262bbae2d3c9742ed3a539d0c.ctex[39m[0m
[  47% ] [90m[1msavepack[22m | Storing File: res://portraits/bucky_pool/bucky_08_surprised.png.import[39m[0m
[  47% ] [90m[1msavepack[22m | Storing File: res://.godot/imported/cyclops_03_content.png-4bdc9317de1026ffa4db56a15c366c14.ctex[39m[0m
[  47% ] [90m[1msavepack[22m | Storing File: res://portraits/musashi_pool/cyclops_03_content.png.import[39m[0m
[  47% ] [90m[1msavepack[22m | Storing File: res://.godot/imported/cyclops_04_grin.png-a452325275e527a12d6160b747d80a81.ctex[39m[0m
[  47% ] [90m[1msavepack[22m | Storing File: res://portraits/musashi_pool/cyclops_04_grin.png.import[39m[0m
[  48% ] [90m[1msavepack[22m | Storing File: res://.godot/imported/cyclops_02_wavy.png-884fe4528822397f1ab04cd8d5101548.ctex[39m[0m
[  48% ] [90m[1msavepack[22m | Storing File: res://portraits/musashi_pool/cyclops_02_wavy.png.import[39m[0m
[  48% ] [90m[1msavepack[22m | Storing File: res://docs/build-info.json[39m[0m
[  49% ] [90m[1msavepack[22m | Storing File: res://.godot/imported/cyclops_05_angry.png-37863eae49190e571aa643b3b24f2f93.ctex[39m[0m
[  49% ] [90m[1msavepack[22m | Storing File: res://portraits/musashi_pool/cyclops_05_angry.png.import[39m[0m
[  49% ] [90m[1msavepack[22m | Storing File: res://.godot/imported/Door.fbx-cf1ac3c22e8a1db97e4f7df46b8e6ebe.scn[39m[0m
[  49% ] [90m[1msavepack[22m | Storing File: res://game/Door.fbx.import[39m[0m
[  49% ] [90m[1msavepack[22m | Storing File: res://game/diver_swap_minigame.gdc[39m[0m
[  50% ] [90m[1msavepack[22m | Storing File: res://.godot/imported/cyclops_06_surprised.png-b63804be852d1d52b5db0d57480547e0.ctex[39m[0m
[  50% ] [90m[1msavepack[22m | Storing File: res://portraits/musashi_pool/cyclops_06_surprised.png.import[39m[0m
[  50% ] [90m[1msavepack[22m | Storing File: res://.godot/imported/Cyclops_Portraits.png-39accab5030a6a44e56558a7c50a9bb1.ctex[39m[0m
[  50% ] [90m[1msavepack[22m | Storing File: res://portraits/musashi_pool/Cyclops_Portraits.png.import[39m[0m
[  50% ] [90m[1msavepack[22m | Storing File: res://game/prologue_recovery.gdc[39m[0m
[  51% ] [90m[1msavepack[22m | Storing File: res://game/prologue_octopus.gdc[39m[0m
[  51% ] [90m[1msavepack[22m | Storing File: res://game/prologue_victory_bridge.gdc[39m[0m
[  52% ] [90m[1msavepack[22m | Storing File: res://.godot/imported/golden_energy_orb.glb-c5c8e86fd356a35f817227cbf0444be6.scn[39m[0m
[  52% ] [90m[1msavepack[22m | Storing File: res://golden_energy_orb.glb.import[39m[0m
[  52% ] [90m[1msavepack[22m | Storing File: res://game/opening_prologue_trigger.gdc[39m[0m
[  52% ] [90m[1msavepack[22m | Storing File: res://game/maze_special_sites.gdc[39m[0m
[  53% ] [90m[1msavepack[22m | Storing File: res://game/maze_mini_map.gdc[39m[0m
[  53% ] [90m[1msavepack[22m | Storing File: res://game/maze_wall_riders.gdc[39m[0m
[  53% ] [90m[1msavepack[22m | Storing File: res://game/maze_poster.gdc[39m[0m
[  54% ] [90m[1msavepack[22m | Storing File: res://game/maze_level.gdc[39m[0m
[  54% ] [90m[1msavepack[22m | Storing File: res://game/maze_route_guide.gdc[39m[0m
[  54% ] [90m[1msavepack[22m | Storing File: res://game/maze_coordinate_frame.gdc[39m[0m
[  55% ] [90m[1msavepack[22m | Storing File: res://game/maze_draft_passages.gdc[39m[0m
[  55% ] [90m[1msavepack[22m | Storing File: res://.godot/imported/special-encounter-carousel.png-623364bce61f7792c5737ce0c9915661.ctex[39m[0m
[  55% ] [90m[1msavepack[22m | Storing File: res://verification/special-encounter-carousel.png.import[39m[0m
[  56% ] [90m[1msavepack[22m | Storing File: res://game/combatant_stats.gdc[39m[0m
[  56% ] [90m[1msavepack[22m | Storing File: res://game/lock_plate.gdc[39m[0m
[  56% ] [90m[1msavepack[22m | Storing File: res://.godot/exported/133200997/export-fb2498f6d52947e496054d8666a0cdf7-lineup.scn[39m[0m
[  57% ] [90m[1msavepack[22m | Storing File: res://game/encounter_escape_hint.gdc[39m[0m
[  57% ] [90m[1msavepack[22m | Storing File: res://.godot/exported/133200997/export-a10a67dbbc8f5259d493d65931cd466f-maze_level.scn[39m[0m
[  57% ] [90m[1msavepack[22m | Storing File: res://game/mini_map.gdc[39m[0m
[  58% ] [90m[1msavepack[22m | Storing File: res://game/campaign_completion.gdc[39m[0m
[  58% ] [90m[1msavepack[22m | Storing File: res://.godot/imported/title-load-game-slots.png-ab71fcccfebcfd5adf810332927836a4.ctex[39m[0m
[  58% ] [90m[1msavepack[22m | Storing File: res://verification/title-load-game-slots.png.import[39m[0m
[  58% ] [90m[1msavepack[22m | Storing File: res://.godot/imported/cyclops_07_pout.png-ea0a7a4e717f1bdaaefd9f75d482ebf3.ctex[39m[0m
[  58% ] [90m[1msavepack[22m | Storing File: res://portraits/musashi_pool/cyclops_07_pout.png.import[39m[0m
[  59% ] [90m[1msavepack[22m | Storing File: res://game/campaign_session.gdc[39m[0m
[  59% ] [90m[1msavepack[22m | Storing File: res://.godot/imported/Angler_Fish_1.png-8afdf04dbcc17b38b70e2d97b79e918b.s3tc.ctex[39m[0m
[  59% ] [90m[1msavepack[22m | Storing File: res://game/Angler_Fish_1.png.import[39m[0m
[  60% ] [90m[1msavepack[22m | Storing File: res://.godot/imported/title-after-starting-game.png-8867857f61d7ebaf28626c68b2dbff58.ctex[39m[0m
[  60% ] [90m[1msavepack[22m | Storing File: res://verification/title-after-starting-game.png.import[39m[0m
[  60% ] [90m[1msavepack[22m | Storing File: res://game/rock_dodge_minigame.gdc[39m[0m
[  60% ] [90m[1msavepack[22m | Storing File: res://game/swirl_room.gdc[39m[0m
[  61% ] [90m[1msavepack[22m | Storing File: res://game/salvage_part.gdc[39m[0m
[  61% ] [90m[1msavepack[22m | Storing File: res://game/campaign_checkpoint.gdc[39m[0m
[  61% ] [90m[1msavepack[22m | Storing File: res://game/spell_tree.gdc[39m[0m
[  62% ] [90m[1msavepack[22m | Storing File: res://.godot/imported/KeyDoor_0.png-50223c0c915a5d309222151e948e7eff.s3tc.ctex[39m[0m
[  62% ] [90m[1msavepack[22m | Storing File: res://game/KeyDoor_0.png.import[39m[0m
[  62% ] [90m[1msavepack[22m | Storing File: res://.godot/imported/index.png-0c78d14d192abe5f22f8c25928ca1ab8.ctex[39m[0m
[  62% ] [90m[1msavepack[22m | Storing File: res://docs/index.png.import[39m[0m
[  63% ] [90m[1msavepack[22m | Storing File: res://world_encounters.gdc[39m[0m
[  63% ] [90m[1msavepack[22m | Storing File: res://.godot/imported/Angler_Fish_0.png-67c9d3211e24dce485d2fb13b77fef5c.s3tc.ctex[39m[0m
[  63% ] [90m[1msavepack[22m | Storing File: res://game/Angler_Fish_0.png.import[39m[0m
[  63% ] [90m[1msavepack[22m | Storing File: res://.godot/imported/title-cover-art.png-2ce6f6e240ac2cf74a514837e5df7e32.ctex[39m[0m
[  63% ] [90m[1msavepack[22m | Storing File: res://verification/title-cover-art.png.import[39m[0m
[  64% ] [90m[1msavepack[22m | Storing File: res://.godot/imported/FrilledShark.fbx-6542a890bc3ca2b7fd341bc6083ea06f.scn[39m[0m
[  64% ] [90m[1msavepack[22m | Storing File: res://game/FrilledShark.fbx.import[39m[0m
[  64% ] [90m[1msavepack[22m | Storing File: res://.godot/imported/GoblinGrunt_0.png-51fdf0ba6a0d547e583a3b61649e5f20.s3tc.ctex[39m[0m
[  64% ] [90m[1msavepack[22m | Storing File: res://GoblinGrunt_0.png.import[39m[0m
[  64% ] [90m[1msavepack[22m | Storing File: res://.godot/imported/FrilledShark_0.png-bbbacf024540842c3862b56f91f59a4b.s3tc.ctex[39m[0m
[  64% ] [90m[1msavepack[22m | Storing File: res://game/FrilledShark_0.png.import[39m[0m
[  65% ] [90m[1msavepack[22m | Storing File: res://.godot/imported/Door_0.png-8fbb0df9f23df9c5ec6ec0fc5fe82bf4.s3tc.ctex[39m[0m
[  65% ] [90m[1msavepack[22m | Storing File: res://game/Door_0.png.import[39m[0m
[  65% ] [90m[1msavepack[22m | Storing File: res://game/door.gdc[39m[0m
[  65% ] [90m[1msavepack[22m | Storing File: res://game/scene_handoff.gdc[39m[0m
[  66% ] [90m[1msavepack[22m | Storing File: res://game/browser_checkpoint.gdc[39m[0m
[  66% ] [90m[1msavepack[22m | Storing File: res://game/lever_hold_panel.gdc[39m[0m
[  66% ] [90m[1msavepack[22m | Storing File: res://game/frilled_shark.gdc[39m[0m
[  66% ] [90m[1msavepack[22m | Storing File: res://game/save_point.gdc[39m[0m
[  66% ] [90m[1msavepack[22m | Storing File: res://character_ability_popup.gdc[39m[0m
[  67% ] [90m[1msavepack[22m | Storing File: res://game/combat_rules.gdc[39m[0m
[  67% ] [90m[1msavepack[22m | Storing File: res://game/rotate_currents.gdc[39m[0m
[  67% ] [90m[1msavepack[22m | Storing File: res://.godot/imported/title-screen-before.png-c7ca8c9fa1a31e80a74e313cbb7eb34d.ctex[39m[0m
[  67% ] [90m[1msavepack[22m | Storing File: res://verification/title-screen-before.png.import[39m[0m
[  68% ] [90m[1msavepack[22m | Storing File: res://game/special_encounter_prompt.gdc[39m[0m
[  68% ] [90m[1msavepack[22m | Storing File: res://game/save_point_menu.gdc[39m[0m
[  68% ] [90m[1msavepack[22m | Storing File: res://game/pulse_text_effect.gdc[39m[0m
[  69% ] [90m[1msavepack[22m | Storing File: res://game/strong_zone_demo_clip.gdc[39m[0m
[  69% ] [90m[1msavepack[22m | Storing File: res://.godot/exported/133200997/export-735bd8317128fd80099ab541960a3319-grapple_playtest.scn[39m[0m
[  70% ] [90m[1msavepack[22m | Storing File: res://game/site.gdc[39m[0m
[  70% ] [90m[1msavepack[22m | Storing File: res://game/grapple_playtest.gdc[39m[0m
[  70% ] [90m[1msavepack[22m | Storing File: res://.godot/exported/133200997/export-4a8e30dceedd921be059f98eea3fd7b7-slot.scn[39m[0m
[  71% ] [90m[1msavepack[22m | Storing File: res://game/goblin.gdc[39m[0m
[  71% ] [90m[1msavepack[22m | Storing File: res://game/grapple_intercept_minigame.gdc[39m[0m
[  71% ] [90m[1msavepack[22m | Storing File: res://game/switch_minigame_modal.gdc[39m[0m
[  72% ] [90m[1msavepack[22m | Storing File: res://game/inventory_menu.gdc[39m[0m
[  72% ] [90m[1msavepack[22m | Storing File: res://game/route_state.gdc[39m[0m
[  72% ] [90m[1msavepack[22m | Storing File: res://.godot/imported/Sea_Urchin.fbx-d592150a6af3f59244d980cbc2abd3ad.scn[39m[0m
[  72% ] [90m[1msavepack[22m | Storing File: res://game/Sea_Urchin.fbx.import[39m[0m
[  73% ] [90m[1msavepack[22m | Storing File: res://.godot/imported/index.apple-touch-icon.png-b21a756d869f84af832970a74d8371bc.ctex[39m[0m
[  73% ] [90m[1msavepack[22m | Storing File: res://docs/index.apple-touch-icon.png.import[39m[0m
[  73% ] [90m[1msavepack[22m | Storing File: res://.godot/imported/special-encounter-chooser.png-4c3443ec35fec16dd14dd6d233471b26.ctex[39m[0m
[  73% ] [90m[1msavepack[22m | Storing File: res://verification/special-encounter-chooser.png.import[39m[0m
[  74% ] [90m[1msavepack[22m | Storing File: res://.godot/imported/Angler_Fish.fbx-91b22715588db8f9ebf23547ef83167e.scn[39m[0m
[  74% ] [90m[1msavepack[22m | Storing File: res://game/Angler_Fish.fbx.import[39m[0m
[  74% ] [90m[1msavepack[22m | Storing File: res://game/beacon.gdc[39m[0m
[  74% ] [90m[1msavepack[22m | Storing File: res://.godot/imported/title-new-game-slots.png-afa55dd83de86ff32d3cb5900b0c74c7.ctex[39m[0m
[  74% ] [90m[1msavepack[22m | Storing File: res://verification/title-new-game-slots.png.import[39m[0m
[  75% ] [90m[1msavepack[22m | Storing File: res://slot.gdc[39m[0m
[  75% ] [90m[1msavepack[22m | Storing File: res://game/campaign_cordys.gdc[39m[0m
[  75% ] [90m[1msavepack[22m | Storing File: res://.godot/imported/bucky_06_frown.png-af904d8ec9f20a47979534b679874597.ctex[39m[0m
[  75% ] [90m[1msavepack[22m | Storing File: res://portraits/bucky_pool/bucky_06_frown.png.import[39m[0m
[  76% ] [90m[1msavepack[22m | Storing File: res://media/tutorials/character_ability_popups/swap_demo.ogv[39m[0m
[  76% ] [90m[1msavepack[22m | Storing File: res://media/tutorials/special_encounters/swap_demo.ogv[39m[0m
[  77% ] [90m[1msavepack[22m | Storing File: res://media/tutorials/character_ability_popups/shockwave_demo.ogv[39m[0m
[  77% ] [90m[1msavepack[22m | Storing File: res://game/bomb_bot.gdc[39m[0m
[  77% ] [90m[1msavepack[22m | Storing File: res://game/vortex_collision.gdc[39m[0m
[  78% ] [90m[1msavepack[22m | Storing File: res://media/tutorials/character_ability_popups/WorldMap.ogv[39m[0m
[  78% ] [90m[1msavepack[22m | Storing File: res://game/cracked_wall.gdc[39m[0m
[  78% ] [90m[1msavepack[22m | Storing File: res://game/lineup.gdc[39m[0m
[  79% ] [90m[1msavepack[22m | Storing File: res://.godot/imported/bucky_05_crying.png-fcf67135da6c755b8c9c0da31b77cd62.ctex[39m[0m
[  79% ] [90m[1msavepack[22m | Storing File: res://portraits/bucky_pool/bucky_05_crying.png.import[39m[0m
[  79% ] [90m[1msavepack[22m | Storing File: res://media/tutorials/special_encounters/grapple_demo.ogv[39m[0m
[  79% ] [90m[1msavepack[22m | Storing File: res://.godot/imported/underwater-cover.png-faf517b5587aca84b457cf57c538c928.ctex[39m[0m
[  79% ] [90m[1msavepack[22m | Storing File: res://docs/underwater-cover.png.import[39m[0m
[  80% ] [90m[1msavepack[22m | Storing File: res://media/cutscenes/mermaid_freak.ogv[39m[0m
[  80% ] [90m[1msavepack[22m | Storing File: res://.godot/imported/bucky_04_angry.png-238aedb2165f66a26ce381bb8b2f4730.ctex[39m[0m
[  80% ] [90m[1msavepack[22m | Storing File: res://portraits/bucky_pool/bucky_04_angry.png.import[39m[0m
[  81% ] [90m[1msavepack[22m | Storing File: res://.godot/imported/title-first-run.png-6bac4809a9011dec32666f67575c4b12.ctex[39m[0m
[  81% ] [90m[1msavepack[22m | Storing File: res://verification/title-first-run.png.import[39m[0m
[  81% ] [90m[1msavepack[22m | Storing File: res://game/battle.gdc[39m[0m
[  81% ] [90m[1msavepack[22m | Storing File: res://.godot/imported/cyclops_08_mystery.png-e7c5e825129319f54c07c25eca35ca08.ctex[39m[0m
[  81% ] [90m[1msavepack[22m | Storing File: res://portraits/musashi_pool/cyclops_08_mystery.png.import[39m[0m
[  82% ] [90m[1msavepack[22m | Storing File: res://game/spell_tree_ui.gdc[39m[0m
[  82% ] [90m[1msavepack[22m | Storing File: res://game/game_over_screen.gdc[39m[0m
[  82% ] [90m[1msavepack[22m | Storing File: res://game/cutscene.gdc[39m[0m
[  83% ] [90m[1msavepack[22m | Storing File: res://.godot/imported/title-screen-after.png-bef3a35d765994d0c9bafc2fa0176005.ctex[39m[0m
[  83% ] [90m[1msavepack[22m | Storing File: res://verification/title-screen-after.png.import[39m[0m
[  83% ] [90m[1msavepack[22m | Storing File: res://game/audio_manager.gdc[39m[0m
[  83% ] [90m[1msavepack[22m | Storing File: res://media/tutorials/character_ability_popups/grapple_demo.ogv[39m[0m
[  84% ] [90m[1msavepack[22m | Storing File: res://.godot/imported/bucky_03_love.png-f42de06292dbaf8fe086b16f9cee11b0.ctex[39m[0m
[  84% ] [90m[1msavepack[22m | Storing File: res://portraits/bucky_pool/bucky_03_love.png.import[39m[0m
[  84% ] [90m[1msavepack[22m | Storing File: res://.godot/imported/golden_energy_orb.glb-84dcd11c3dfb299a701d44b90d1c35d8.scn[39m[0m
[  84% ] [90m[1msavepack[22m | Storing File: res://game/golden_energy_orb.glb.import[39m[0m
[  85% ] [90m[1msavepack[22m | Storing File: res://game/lab_video_cutscene.gdc[39m[0m
[  85% ] [90m[1msavepack[22m | Storing File: res://.godot/imported/grapple-playtest-evidence.png-df173648b30bd0c9dcea6ab2bf61fed8.ctex[39m[0m
[  85% ] [90m[1msavepack[22m | Storing File: res://verification/grapple-playtest-evidence.png.import[39m[0m
[  85% ] [90m[1msavepack[22m | Storing File: res://game/diver.gdc[39m[0m
[  86% ] [90m[1msavepack[22m | Storing File: res://game/title_screen.gdc[39m[0m
[  86% ] [90m[1msavepack[22m | Storing File: res://game/waypoint.gdc[39m[0m
[  86% ] [90m[1msavepack[22m | Storing File: res://CurrnetRide.gdc[39m[0m
[  87% ] [90m[1msavepack[22m | Storing File: res://game/whirlpool.gdc[39m[0m
[  87% ] [90m[1msavepack[22m | Storing File: res://media/cutscenes/octopus_prologue.ogv[39m[0m
[  88% ] [90m[1msavepack[22m | Storing File: res://.godot/exported/133200997/export-19246414aa9fb561ced4b8dce477acec-default_bus_layout.res[39m[0m
[  88% ] [90m[1msavepack[22m | Storing File: res://game/poster_modal.gdc[39m[0m
[  88% ] [90m[1msavepack[22m | Storing File: res://game/left_maze_secret_wall.gdc[39m[0m
[  89% ] [90m[1msavepack[22m | Storing File: res://game/lever.gdc[39m[0m
[  89% ] [90m[1msavepack[22m | Storing File: res://game/item_orb.gdc[39m[0m
[  89% ] [90m[1msavepack[22m | Storing File: res://vercel.json[39m[0m
[  90% ] [90m[1msavepack[22m | Storing File: res://game/key_door.gdc[39m[0m
[  90% ] [90m[1msavepack[22m | Storing File: res://game/item_guardian.gdc[39m[0m
[  90% ] [90m[1msavepack[22m | Storing File: res://game/portrait_demo_clip.gdc[39m[0m
[  91% ] [90m[1msavepack[22m | Storing File: res://.godot/imported/index.icon.png-b92c9a802ad4b78e247784454a6b506f.ctex[39m[0m
[  91% ] [90m[1msavepack[22m | Storing File: res://docs/index.icon.png.import[39m[0m
[  91% ] [90m[1msavepack[22m | Storing File: res://game/sword_duelist.gdc[39m[0m
[  92% ] [90m[1msavepack[22m | Storing File: res://game/items.gdc[39m[0m
[  92% ] [90m[1msavepack[22m | Storing File: res://.godot/exported/133200997/export-ff3dea3ddae2102b1263d2157361515b-character_ability_popup.scn[39m[0m
[  92% ] [90m[1msavepack[22m | Storing File: res://game/intro_crawl.gdc[39m[0m
[  93% ] [90m[1msavepack[22m | Storing File: res://game/deep_zone_environment.gdc[39m[0m
[  93% ] [90m[1msavepack[22m | Storing File: res://CurrentRide.gdc[39m[0m
[  93% ] [90m[1msavepack[22m | Storing File: res://game/confirm_prompt_modal.gdc[39m[0m
[  94% ] [90m[1msavepack[22m | Storing File: res://game/ability_onboarding.gdc[39m[0m
[  94% ] [90m[1msavepack[22m | Storing File: res://game/tutorial_result_popup.gdc[39m[0m
[  94% ] [90m[1msavepack[22m | Storing File: res://game/opening_video.gdc[39m[0m
[  95% ] [90m[1msavepack[22m | Storing File: res://.godot/exported/133200997/export-bc18b86a22aa5a5f9c7e684ca27148f6-left_maze_secret_wall.scn[39m[0m
[  95% ] [90m[1msavepack[22m | Storing File: res://game/orange_message_queue.gdc[39m[0m
[  96% ] [90m[1msavepack[22m | Storing File: res://.godot/imported/icon.svg-218a8f2b3041327d8a5756f3a245f83b.ctex[39m[0m
[  96% ] [90m[1msavepack[22m | Storing File: res://icon.svg.import[39m[0m
[  96% ] [90m[1msavepack[22m | Storing File: res://.godot/imported/KeyDoor.fbx-44a85fb5d9f58b594741e3221ebbc914.scn[39m[0m
[  96% ] [90m[1msavepack[22m | Storing File: res://game/KeyDoor.fbx.import[39m[0m
[  96% ] [90m[1msavepack[22m | Storing File: res://game/prologue_cinematic.gdc[39m[0m
[  97% ] [90m[1msavepack[22m | Storing File: res://.godot/imported/target.png-8c62f73a125b1f7a564d1d7375b8764d.ctex[39m[0m
[  97% ] [90m[1msavepack[22m | Storing File: res://icons/target.png.import[39m[0m
[  97% ] [90m[1msavepack[22m | Storing File: res://game/random_encounter_reveal.gdc[39m[0m
[  97% ] [90m[1msavepack[22m | Storing File: res://game/tutorial_book.gdc[39m[0m
[  98% ] [90m[1msavepack[22m | Storing File: res://game/grapple_anchor.gdc[39m[0m
[  98% ] [90m[1msavepack[22m | Storing File: res://.godot/imported/title-returning-player.png-290a7616accf734c1120872b7af36092.ctex[39m[0m
[  98% ] [90m[1msavepack[22m | Storing File: res://verification/title-returning-player.png.import[39m[0m
[  98% ] [90m[1msavepack[22m | Storing File: res://art/deep_zone/octopus_prologue_frame.tres.remap[39m[0m
[  98% ] [90m[1msavepack[22m | Storing File: res://content/cast.gd.remap[39m[0m
[  98% ] [90m[1msavepack[22m | Storing File: res://content/combat_moves.gd.remap[39m[0m
[  98% ] [90m[1msavepack[22m | Storing File: res://content/deep_zone_layout.gd.remap[39m[0m
[  98% ] [90m[1msavepack[22m | Storing File: res://content/enemy_moves.gd.remap[39m[0m
[  98% ] [90m[1msavepack[22m | Storing File: res://content/enemy_roster.gd.remap[39m[0m
[  98% ] [90m[1msavepack[22m | Storing File: res://content/sites.gd.remap[39m[0m
[  98% ] [90m[1msavepack[22m | Storing File: res://content/tutorial_content.gd.remap[39m[0m
[  98% ] [90m[1msavepack[22m | Storing File: res://game/tooltip_button.gd.remap[39m[0m
[  98% ] [90m[1msavepack[22m | Storing File: res://game/vortex_grapple_sphere.gd.remap[39m[0m
[  98% ] [90m[1msavepack[22m | Storing File: res://game/water_current.gd.remap[39m[0m
[  98% ] [90m[1msavepack[22m | Storing File: res://game/world.tscn.remap[39m[0m
[  98% ] [90m[1msavepack[22m | Storing File: res://game/world.gd.remap[39m[0m
[  98% ] [90m[1msavepack[22m | Storing File: res://game/tethys_boss.gd.remap[39m[0m
[  98% ] [90m[1msavepack[22m | Storing File: res://game/sword_slayer.gd.remap[39m[0m
[  98% ] [90m[1msavepack[22m | Storing File: res://game/target_selector.gd.remap[39m[0m
[  98% ] [90m[1msavepack[22m | Storing File: res://game/save_manager.gd.remap[39m[0m
[  98% ] [90m[1msavepack[22m | Storing File: res://current_ride.tscn.remap[39m[0m
[  98% ] [90m[1msavepack[22m | Storing File: res://game/diver_swap_minigame.gd.remap[39m[0m
[  98% ] [90m[1msavepack[22m | Storing File: res://game/prologue_recovery.gd.remap[39m[0m
[  98% ] [90m[1msavepack[22m | Storing File: res://game/prologue_octopus.gd.remap[39m[0m
[  98% ] [90m[1msavepack[22m | Storing File: res://game/prologue_victory_bridge.gd.remap[39m[0m
[  98% ] [90m[1msavepack[22m | Storing File: res://game/opening_prologue_trigger.gd.remap[39m[0m
[  98% ] [90m[1msavepack[22m | Storing File: res://game/maze_special_sites.gd.remap[39m[0m
[  98% ] [90m[1msavepack[22m | Storing File: res://game/maze_mini_map.gd.remap[39m[0m
[  98% ] [90m[1msavepack[22m | Storing File: res://game/maze_wall_riders.gd.remap[39m[0m
[  98% ] [90m[1msavepack[22m | Storing File: res://game/maze_poster.gd.remap[39m[0m
[  98% ] [90m[1msavepack[22m | Storing File: res://game/maze_level.gd.remap[39m[0m
[  98% ] [90m[1msavepack[22m | Storing File: res://game/maze_route_guide.gd.remap[39m[0m
[  98% ] [90m[1msavepack[22m | Storing File: res://game/maze_coordinate_frame.gd.remap[39m[0m
[  98% ] [90m[1msavepack[22m | Storing File: res://game/maze_draft_passages.gd.remap[39m[0m
[  98% ] [90m[1msavepack[22m | Storing File: res://game/combatant_stats.gd.remap[39m[0m
[  98% ] [90m[1msavepack[22m | Storing File: res://game/lock_plate.gd.remap[39m[0m
[  98% ] [90m[1msavepack[22m | Storing File: res://game/lineup.tscn.remap[39m[0m
[  98% ] [90m[1msavepack[22m | Storing File: res://game/encounter_escape_hint.gd.remap[39m[0m
[  98% ] [90m[1msavepack[22m | Storing File: res://game/maze_level.tscn.remap[39m[0m
[  98% ] [90m[1msavepack[22m | Storing File: res://game/mini_map.gd.remap[39m[0m
[  98% ] [90m[1msavepack[22m | Storing File: res://game/campaign_completion.gd.remap[39m[0m
[  98% ] [90m[1msavepack[22m | Storing File: res://game/campaign_session.gd.remap[39m[0m
[  98% ] [90m[1msavepack[22m | Storing File: res://game/rock_dodge_minigame.gd.remap[39m[0m
[  98% ] [90m[1msavepack[22m | Storing File: res://game/swirl_room.gd.remap[39m[0m
[  98% ] [90m[1msavepack[22m | Storing File: res://game/salvage_part.gd.remap[39m[0m
[  98% ] [90m[1msavepack[22m | Storing File: res://game/campaign_checkpoint.gd.remap[39m[0m
[  98% ] [90m[1msavepack[22m | Storing File: res://game/spell_tree.gd.remap[39m[0m
[  98% ] [90m[1msavepack[22m | Storing File: res://world_encounters.gd.remap[39m[0m
[  98% ] [90m[1msavepack[22m | Storing File: res://game/door.gd.remap[39m[0m
[  98% ] [90m[1msavepack[22m | Storing File: res://game/scene_handoff.gd.remap[39m[0m
[  98% ] [90m[1msavepack[22m | Storing File: res://game/browser_checkpoint.gd.remap[39m[0m
[  98% ] [90m[1msavepack[22m | Storing File: res://game/lever_hold_panel.gd.remap[39m[0m
[  98% ] [90m[1msavepack[22m | Storing File: res://game/frilled_shark.gd.remap[39m[0m
[  98% ] [90m[1msavepack[22m | Storing File: res://game/save_point.gd.remap[39m[0m
[  98% ] [90m[1msavepack[22m | Storing File: res://character_ability_popup.gd.remap[39m[0m
[  98% ] [90m[1msavepack[22m | Storing File: res://game/combat_rules.gd.remap[39m[0m
[  98% ] [90m[1msavepack[22m | Storing File: res://game/rotate_currents.gd.remap[39m[0m
[  98% ] [90m[1msavepack[22m | Storing File: res://game/special_encounter_prompt.gd.remap[39m[0m
[  98% ] [90m[1msavepack[22m | Storing File: res://game/save_point_menu.gd.remap[39m[0m
[  98% ] [90m[1msavepack[22m | Storing File: res://game/pulse_text_effect.gd.remap[39m[0m
[  98% ] [90m[1msavepack[22m | Storing File: res://game/strong_zone_demo_clip.gd.remap[39m[0m
[  98% ] [90m[1msavepack[22m | Storing File: res://game/grapple_playtest.tscn.remap[39m[0m
[  98% ] [90m[1msavepack[22m | Storing File: res://game/site.gd.remap[39m[0m
[  98% ] [90m[1msavepack[22m | Storing File: res://game/grapple_playtest.gd.remap[39m[0m
[  98% ] [90m[1msavepack[22m | Storing File: res://slot.tscn.remap[39m[0m
[  98% ] [90m[1msavepack[22m | Storing File: res://game/goblin.gd.remap[39m[0m
[  98% ] [90m[1msavepack[22m | Storing File: res://game/grapple_intercept_minigame.gd.remap[39m[0m
[  98% ] [90m[1msavepack[22m | Storing File: res://game/switch_minigame_modal.gd.remap[39m[0m
[  98% ] [90m[1msavepack[22m | Storing File: res://game/inventory_menu.gd.remap[39m[0m
[  98% ] [90m[1msavepack[22m | Storing File: res://game/route_state.gd.remap[39m[0m
[  98% ] [90m[1msavepack[22m | Storing File: res://game/beacon.gd.remap[39m[0m
[  98% ] [90m[1msavepack[22m | Storing File: res://slot.gd.remap[39m[0m
[  98% ] [90m[1msavepack[22m | Storing File: res://game/campaign_cordys.gd.remap[39m[0m
[  98% ] [90m[1msavepack[22m | Storing File: res://game/bomb_bot.gd.remap[39m[0m
[  98% ] [90m[1msavepack[22m | Storing File: res://game/vortex_collision.gd.remap[39m[0m
[  98% ] [90m[1msavepack[22m | Storing File: res://game/cracked_wall.gd.remap[39m[0m
[  98% ] [90m[1msavepack[22m | Storing File: res://game/lineup.gd.remap[39m[0m
[  98% ] [90m[1msavepack[22m | Storing File: res://game/battle.gd.remap[39m[0m
[  98% ] [90m[1msavepack[22m | Storing File: res://game/spell_tree_ui.gd.remap[39m[0m
[  98% ] [90m[1msavepack[22m | Storing File: res://game/game_over_screen.gd.remap[39m[0m
[  98% ] [90m[1msavepack[22m | Storing File: res://game/cutscene.gd.remap[39m[0m
[  98% ] [90m[1msavepack[22m | Storing File: res://game/audio_manager.gd.remap[39m[0m
[  98% ] [90m[1msavepack[22m | Storing File: res://game/lab_video_cutscene.gd.remap[39m[0m
[  98% ] [90m[1msavepack[22m | Storing File: res://game/diver.gd.remap[39m[0m
[  98% ] [90m[1msavepack[22m | Storing File: res://game/title_screen.gd.remap[39m[0m
[  98% ] [90m[1msavepack[22m | Storing File: res://game/waypoint.gd.remap[39m[0m
[  98% ] [90m[1msavepack[22m | Storing File: res://CurrnetRide.gd.remap[39m[0m
[  98% ] [90m[1msavepack[22m | Storing File: res://game/whirlpool.gd.remap[39m[0m
[  98% ] [90m[1msavepack[22m | Storing File: res://default_bus_layout.tres.remap[39m[0m
[  98% ] [90m[1msavepack[22m | Storing File: res://game/poster_modal.gd.remap[39m[0m
[  98% ] [90m[1msavepack[22m | Storing File: res://game/left_maze_secret_wall.gd.remap[39m[0m
[  98% ] [90m[1msavepack[22m | Storing File: res://game/lever.gd.remap[39m[0m
[  98% ] [90m[1msavepack[22m | Storing File: res://game/item_orb.gd.remap[39m[0m
[  98% ] [90m[1msavepack[22m | Storing File: res://game/key_door.gd.remap[39m[0m
[  98% ] [90m[1msavepack[22m | Storing File: res://game/item_guardian.gd.remap[39m[0m
[  98% ] [90m[1msavepack[22m | Storing File: res://game/portrait_demo_clip.gd.remap[39m[0m
[  98% ] [90m[1msavepack[22m | Storing File: res://game/sword_duelist.gd.remap[39m[0m
[  98% ] [90m[1msavepack[22m | Storing File: res://game/items.gd.remap[39m[0m
[  98% ] [90m[1msavepack[22m | Storing File: res://character_ability_popup.tscn.remap[39m[0m
[  98% ] [90m[1msavepack[22m | Storing File: res://game/intro_crawl.gd.remap[39m[0m
[  98% ] [90m[1msavepack[22m | Storing File: res://game/deep_zone_environment.gd.remap[39m[0m
[  98% ] [90m[1msavepack[22m | Storing File: res://CurrentRide.gd.remap[39m[0m
[  98% ] [90m[1msavepack[22m | Storing File: res://game/confirm_prompt_modal.gd.remap[39m[0m
[  98% ] [90m[1msavepack[22m | Storing File: res://game/ability_onboarding.gd.remap[39m[0m
[  98% ] [90m[1msavepack[22m | Storing File: res://game/tutorial_result_popup.gd.remap[39m[0m
[  98% ] [90m[1msavepack[22m | Storing File: res://game/opening_video.gd.remap[39m[0m
[  98% ] [90m[1msavepack[22m | Storing File: res://game/left_maze_secret_wall.tscn.remap[39m[0m
[  98% ] [90m[1msavepack[22m | Storing File: res://game/orange_message_queue.gd.remap[39m[0m
[  98% ] [90m[1msavepack[22m | Storing File: res://game/prologue_cinematic.gd.remap[39m[0m
[  98% ] [90m[1msavepack[22m | Storing File: res://game/random_encounter_reveal.gd.remap[39m[0m
[  98% ] [90m[1msavepack[22m | Storing File: res://game/tutorial_book.gd.remap[39m[0m
[  98% ] [90m[1msavepack[22m | Storing File: res://game/grapple_anchor.gd.remap[39m[0m
[  98% ] [90m[1msavepack[22m | Storing File: res://.godot/global_script_class_cache.cfg[39m[0m
[  98% ] [90m[1msavepack[22m | Storing File: res://.godot/uid_cache.bin[39m[0m
[  98% ] [90m[1msavepack[22m | Storing File: res://project.binary[39m[0m
[92m[ DONE ][39m [1msavepack[22m
[0m
