Godot Engine v4.7.1.stable.official.a13da4feb - https://godotengine.org

Observed viewport: (1280.0, 720.0) stage: (1280.0, 405.0)
Cordys projected stage-height fraction: 0.549
Cordys pose idle 0.0 screen bounds (453.898, 39.31273) (907.551, 248.7481)
Cordys pose idle 0.1 screen bounds (440.4377, 29.9231) (911.9048, 259.9786)
Cordys pose idle 0.1 screen bounds (434.6895, 28.85818) (915.2604, 266.0333)
Cordys pose idle 0.1 screen bounds (435.6008, 29.4199) (914.8011, 265.1915)
Cordys pose idle 0.2 screen bounds (440.2662, 26.59213) (906.8733, 261.4202)
Cordys pose idle 0.2 screen bounds (453.5504, 30.53941) (888.3296, 321.0186)
Cordys pose idle 0.3 screen bounds (454.4741, 30.79654) (890.013, 333.012)
Cordys pose idle 0.3 screen bounds (454.4384, 32.32226) (887.7841, 331.1035)
Cordys pose idle 0.4 screen bounds (454.4081, 35.81401) (899.6057, 320.2749)
Cordys pose idle 0.5 screen bounds (459.9399, 40.96457) (953.5359, 332.5579)
Cordys pose idle 0.5 screen bounds (463.4277, 18.4091) (941.7288, 356.5872)
Cordys pose idle 0.6 screen bounds (462.7466, 20.52965) (943.8654, 353.3123)
Cordys pose idle 0.6 screen bounds (461.8652, 38.02705) (966.6027, 340.0178)
Cordys pose idle 0.7 screen bounds (446.7751, 49.31223) (927.61, 376.4824)
Cordys pose idle 0.7 screen bounds (440.8756, 64.20621) (888.7823, 386.2188)
Cordys pose idle 0.8 screen bounds (441.2972, 64.0519) (895.8291, 386.3246)
Cordys pose idle 0.8 screen bounds (443.5852, 58.66626) (905.9393, 383.952)
Cordys pose idle 0.8 screen bounds (453.977, 29.4904) (956.7629, 289.5056)
Cordys pose idle 0.9 screen bounds (454.0783, 44.49698) (896.0452, 248.7481)
Cordys pose idle 0.9 screen bounds (453.992, 43.18225) (898.5788, 248.7481)
Cordys pose idle 1.0 screen bounds (453.898, 39.31273) (907.551, 248.7481)
Cordys pose reveal 0.0 screen bounds (408.7863, 97.79024) (986.9221, 366.4866)
Cordys pose reveal 0.1 screen bounds (404.0341, 97.19812) (994.7668, 360.5863)
Cordys pose reveal 0.1 screen bounds (400.6485, 96.57587) (1000.994, 355.3787)
Cordys pose reveal 0.1 screen bounds (398.6812, 95.96574) (1005.519, 350.9437)
Cordys pose reveal 0.2 screen bounds (398.128, 95.36877) (1008.285, 346.2335)
Cordys pose reveal 0.2 screen bounds (398.9298, 94.78507) (1009.266, 341.258)
Cordys pose reveal 0.3 screen bounds (400.9765, 94.21479) (1008.464, 336.0277)
Cordys pose reveal 0.3 screen bounds (404.1123, 93.658) (1005.91, 330.5538)
Cordys pose reveal 0.4 screen bounds (408.1434, 93.11486) (1001.665, 324.848)
Cordys pose reveal 0.5 screen bounds (412.848, 92.58549) (995.818, 318.9227)
Cordys pose reveal 0.5 screen bounds (417.9849, 91.81219) (988.4816, 312.7907)
Cordys pose reveal 0.6 screen bounds (423.3062, 81.64517) (979.7936, 306.4655)
Cordys pose reveal 0.6 screen bounds (428.5684, 75.1937) (969.9986, 299.9608)
Cordys pose reveal 0.7 screen bounds (433.5428, 72.53833) (959.336, 293.2912)
Cordys pose reveal 0.7 screen bounds (438.0277, 66.79919) (947.921, 286.471)
Cordys pose reveal 0.8 screen bounds (441.8566, 58.17364) (936.0711, 279.7218)
Cordys pose reveal 0.8 screen bounds (444.9075, 49.91739) (929.0759, 272.8727)
Cordys pose reveal 0.8 screen bounds (447.1089, 44.59077) (924.2111, 265.918)
Cordys pose reveal 0.9 screen bounds (448.444, 42.97263) (918.9651, 258.873)
Cordys pose reveal 0.9 screen bounds (448.9532, 40.26535) (913.3873, 251.7532)
Cordys pose reveal 1.0 screen bounds (448.7334, 39.31279) (907.551, 248.7481)
Cordys pose hurt 0.0 screen bounds (453.898, 39.31273) (907.551, 248.7481)
Cordys pose hurt 0.1 screen bounds (453.8422, 40.74899) (907.924, 248.7481)
Cordys pose hurt 0.1 screen bounds (454.7185, 49.06533) (909.4468, 253.9034)
Cordys pose hurt 0.1 screen bounds (458.1258, 47.64603) (913.9136, 262.5107)
Cordys pose hurt 0.2 screen bounds (464.7419, 44.53928) (921.9857, 270.196)
Cordys pose hurt 0.2 screen bounds (473.9816, 42.56583) (935.8386, 273.1641)
Cordys pose hurt 0.3 screen bounds (492.6746, 49.81752) (987.2328, 269.2336)
Cordys pose hurt 0.3 screen bounds (594.2, 76.60591) (959.4103, 354.3591)
Cordys pose hurt 0.4 screen bounds (632.8085, 37.94656) (949.7576, 367.5909)
Cordys pose hurt 0.5 screen bounds (590.9222, 68.34388) (940.4501, 369.2119)
Cordys pose hurt 0.5 screen bounds (491.8353, 67.87508) (982.1322, 328.6032)
Cordys pose hurt 0.6 screen bounds (424.6099, 65.71695) (1009.897, 300.6446)
Cordys pose hurt 0.6 screen bounds (411.9342, 69.4195) (951.7217, 305.0698)
Cordys pose hurt 0.7 screen bounds (424.3417, 67.80665) (881.7582, 316.3766)
Cordys pose hurt 0.7 screen bounds (430.6693, 66.19159) (860.9736, 319.9596)
Cordys pose hurt 0.8 screen bounds (429.2387, 62.0863) (861.2316, 314.784)
Cordys pose hurt 0.8 screen bounds (426.2725, 50.67673) (869.5085, 303.0038)
Cordys pose hurt 0.8 screen bounds (426.1777, 42.49492) (881.6924, 290.5626)
Cordys pose hurt 0.9 screen bounds (433.8727, 40.16416) (894.0314, 272.9122)
Cordys pose hurt 0.9 screen bounds (446.6669, 38.96742) (903.6144, 253.4691)
Cordys pose hurt 1.0 screen bounds (453.898, 39.31273) (907.551, 248.7481)
Cordys pose octo_stab 0.0 screen bounds (540.4743, 184.4683) (804.5091, 306.3637)
Cordys pose octo_stab 0.1 screen bounds (540.2249, 184.5516) (807.9142, 307.7083)
Cordys pose octo_stab 0.1 screen bounds (541.5126, 186.6845) (814.3734, 308.3595)
Cordys pose octo_stab 0.1 screen bounds (544.2801, 192.2625) (821.959, 306.3637)
Cordys pose octo_stab 0.2 screen bounds (547.0627, 200.0367) (834.7693, 306.3637)
Cordys pose octo_stab 0.2 screen bounds (548.5377, 199.634) (851.0975, 306.3637)
Cordys pose octo_stab 0.3 screen bounds (547.9668, 193.6407) (859.9142, 306.3637)
Cordys pose octo_stab 0.3 screen bounds (545.7515, 179.8333) (861.7048, 306.3637)
Cordys pose octo_stab 0.4 screen bounds (499.8649, 18.40907) (805.2833, 306.3637)
Cordys pose octo_stab 0.5 screen bounds (414.826, 133.5246) (828.9166, 333.2992)
Cordys pose octo_stab 0.5 screen bounds (448.0088, 73.81669) (813.2368, 306.3637)
Cordys pose octo_stab 0.6 screen bounds (489.9342, 67.09174) (802.4094, 306.3637)
Cordys pose octo_stab 0.6 screen bounds (518.2678, 142.7978) (806.7644, 306.3637)
Cordys pose octo_stab 0.7 screen bounds (536.9171, 180.0255) (806.0053, 306.3637)
Cordys pose octo_stab 0.7 screen bounds (548.0864, 185.0738) (798.9311, 307.6949)
Cordys pose octo_stab 0.8 screen bounds (551.2386, 190.3701) (795.6093, 309.7427)
Cordys pose octo_stab 0.8 screen bounds (550.2703, 195.5097) (797.1805, 309.8383)
Cordys pose octo_stab 0.8 screen bounds (548.0923, 193.6794) (797.7866, 308.6285)
Cordys pose octo_stab 0.9 screen bounds (545.3593, 189.6606) (800.8414, 306.812)
Cordys pose octo_stab 0.9 screen bounds (542.2272, 186.2211) (803.3743, 306.3637)
Cordys pose octo_stab 1.0 screen bounds (540.4743, 184.4683) (804.5091, 306.3637)
Cordys pose head_bash 0.0 screen bounds (619.5182, 35.37987) (987.8201, 205.4117)
Cordys pose head_bash 0.1 screen bounds (630.5767, 31.51556) (1030.911, 305.1592)
Cordys pose head_bash 0.1 screen bounds (608.1976, 40.47344) (985.1072, 343.6451)
Cordys pose head_bash 0.1 screen bounds (649.7734, 55.05265) (965.4322, 306.1818)
Cordys pose head_bash 0.2 screen bounds (644.8776, 62.64634) (988.794, 349.5969)
Cordys pose head_bash 0.2 screen bounds (679.6761, 57.72407) (999.938, 358.2343)
Cordys pose head_bash 0.3 screen bounds (653.4112, 50.53574) (911.1782, 346.9691)
Cordys pose head_bash 0.3 screen bounds (616.9243, 58.02296) (976.7095, 356.3345)
Cordys pose head_bash 0.4 screen bounds (515.0797, 44.83938) (815.9751, 339.0594)
Cordys pose head_bash 0.5 screen bounds (218.4867, 69.71696) (591.487, 364.2734)
Cordys pose head_bash 0.5 screen bounds (311.2886, 56.80382) (623.9739, 310.56)
Cordys pose head_bash 0.6 screen bounds (388.1022, 55.90213) (732.0778, 280.7329)
Cordys pose head_bash 0.6 screen bounds (468.4025, 77.05164) (887.1443, 326.8067)
Cordys pose head_bash 0.7 screen bounds (498.0128, 76.4812) (866.5336, 379.8443)
Cordys pose head_bash 0.7 screen bounds (554.829, 75.68005) (879.2771, 384.024)
Cordys pose head_bash 0.8 screen bounds (579.3577, 74.6254) (913.0757, 384.7176)
Cordys pose head_bash 0.8 screen bounds (598.5545, 73.38017) (954.2987, 375.0548)
Cordys pose head_bash 0.8 screen bounds (641.3667, 36.79684) (1040.693, 311.2787)
Cordys pose head_bash 0.9 screen bounds (652.8187, 56.21061) (1038.446, 259.0263)
Cordys pose head_bash 0.9 screen bounds (619.2045, 35.69084) (987.6704, 205.9641)
Cordys pose head_bash 1.0 screen bounds (619.5182, 35.37987) (987.8201, 205.4117)
Cordys pose electric_shooting 0.0 screen bounds (507.2766, 162.5156) (799.9885, 297.6502)
Cordys pose electric_shooting 0.1 screen bounds (507.584, 163.0027) (802.9367, 297.6502)
Cordys pose electric_shooting 0.1 screen bounds (509.3349, 165.0621) (808.893, 299.3645)
Cordys pose electric_shooting 0.1 screen bounds (512.4286, 136.9759) (818.0965, 298.7668)
Cordys pose electric_shooting 0.2 screen bounds (515.8564, 34.28088) (829.1113, 297.6502)
Cordys pose electric_shooting 0.2 screen bounds (518.5262, 39.37912) (842.3671, 297.6502)
Cordys pose electric_shooting 0.3 screen bounds (491.2621, 143.8369) (853.813, 297.6502)
Cordys pose electric_shooting 0.3 screen bounds (493.812, 146.604) (864.9373, 297.6502)
Cordys pose electric_shooting 0.4 screen bounds (495.0397, 146.7349) (874.004, 297.6502)
Cordys pose electric_shooting 0.5 screen bounds (494.1141, 146.8657) (881.3712, 297.6502)
Cordys pose electric_shooting 0.5 screen bounds (498.2408, 146.9966) (886.9424, 297.6502)
Cordys pose electric_shooting 0.6 screen bounds (505.2007, 147.1275) (890.5645, 313.6934)
Cordys pose electric_shooting 0.6 screen bounds (500.6727, 147.2584) (892.257, 327.0064)
Cordys pose electric_shooting 0.7 screen bounds (493.103, 147.3892) (892.4523, 334.0398)
Cordys pose electric_shooting 0.7 screen bounds (499.7954, 143.7806) (890.4429, 337.4073)
Cordys pose electric_shooting 0.8 screen bounds (508.5158, 129.9723) (882.1049, 339.3214)
Cordys pose electric_shooting 0.8 screen bounds (504.7163, 88.00408) (859.5392, 342.0448)
Cordys pose electric_shooting 0.8 screen bounds (498.9136, 106.8454) (830.9263, 336.6185)
Cordys pose electric_shooting 0.9 screen bounds (497.7953, 136.88) (814.2793, 320.0015)
Cordys pose electric_shooting 0.9 screen bounds (503.0068, 158.5067) (804.2396, 302.6414)
Cordys pose electric_shooting 1.0 screen bounds (507.2766, 162.5156) (799.9885, 297.6502)
Cordys pose idle 0.0 screen bounds (457.8331, 39.11372) (904.1447, 249.3381)
Cordys pose idle 0.1 screen bounds (448.9844, 29.97136) (901.0581, 264.8491)
Cordys pose idle 0.1 screen bounds (443.7694, 26.46939) (902.8676, 270.8476)
Cordys pose idle 0.1 screen bounds (444.6111, 27.10154) (902.5739, 270.0364)
Cordys pose idle 0.2 screen bounds (449.1285, 26.29392) (895.0136, 266.2343)
Cordys pose idle 0.2 screen bounds (460.0022, 28.21043) (897.2967, 323.8943)
Cordys pose idle 0.3 screen bounds (458.672, 28.41586) (912.88, 336.1745)
Cordys pose idle 0.3 screen bounds (459.1856, 29.94254) (910.1947, 334.2134)
Cordys pose idle 0.4 screen bounds (459.3495, 32.58915) (906.5392, 322.9905)
Cordys pose idle 0.5 screen bounds (463.5638, 41.0027) (953.7153, 327.6133)
Cordys pose idle 0.5 screen bounds (467.0182, 18.40909) (946.1889, 351.8182)
Cordys pose idle 0.6 screen bounds (466.3121, 20.60035) (947.7695, 348.4832)
Cordys pose idle 0.6 screen bounds (465.5127, 37.76758) (969.1409, 335.7647)
Cordys pose idle 0.7 screen bounds (449.3888, 50.61058) (916.9216, 376.8713)
Cordys pose idle 0.7 screen bounds (444.731, 66.07208) (895.7614, 385.4408)
Cordys pose idle 0.8 screen bounds (444.8895, 65.97613) (896.4506, 386.2496)
Cordys pose idle 0.8 screen bounds (447.1845, 59.63205) (897.7542, 384.653)
Cordys pose idle 0.8 screen bounds (459.4285, 29.61832) (950.0328, 293.243)
Cordys pose idle 0.9 screen bounds (456.9733, 44.26159) (892.0933, 247.7014)
Cordys pose idle 0.9 screen bounds (457.2032, 42.97594) (894.2753, 247.7014)
Cordys pose idle 1.0 screen bounds (457.8331, 39.11372) (904.1447, 249.3381)
Cordys pose reveal 0.0 screen bounds (409.5507, 96.40166) (977.1394, 369.235)
Cordys pose reveal 0.1 screen bounds (402.3505, 95.8021) (984.7931, 363.6034)
Cordys pose reveal 0.1 screen bounds (396.7792, 95.21562) (990.9445, 357.6067)
Cordys pose reveal 0.1 screen bounds (392.955, 94.64233) (995.51, 353.104)
Cordys pose reveal 0.2 screen bounds (390.9269, 94.08239) (998.4319, 348.5421)
Cordys pose reveal 0.2 screen bounds (390.6743, 93.53593) (999.6801, 343.713)
Cordys pose reveal 0.3 screen bounds (392.1091, 93.00301) (999.252, 338.6268)
Cordys pose reveal 0.3 screen bounds (395.0804, 92.48377) (997.1727, 333.2944)
Cordys pose reveal 0.4 screen bounds (399.3822, 91.93491) (993.4947, 327.7273)
Cordys pose reveal 0.5 screen bounds (404.7628, 91.33428) (988.2963, 321.9375)
Cordys pose reveal 0.5 screen bounds (410.9368, 90.66733) (981.7213, 315.9376)
Cordys pose reveal 0.6 screen bounds (417.5969, 89.97807) (973.8944, 309.7407)
Cordys pose reveal 0.6 screen bounds (424.4288, 86.06027) (964.9289, 303.3604)
Cordys pose reveal 0.7 screen bounds (431.1246, 75.09091) (955.0287, 296.8108)
Cordys pose reveal 0.7 screen bounds (437.3967, 66.58774) (944.4742, 290.1062)
Cordys pose reveal 0.8 screen bounds (442.9905, 58.68164) (933.4409, 283.3546)
Cordys pose reveal 0.8 screen bounds (447.6966, 50.3016) (924.6115, 276.6094)
Cordys pose reveal 0.8 screen bounds (451.3598, 44.76448) (919.2932, 269.7538)
Cordys pose reveal 0.9 screen bounds (453.8876, 42.85658) (914.5259, 262.8028)
Cordys pose reveal 0.9 screen bounds (455.2544, 39.99818) (909.468, 255.7716)
Cordys pose reveal 1.0 screen bounds (455.5045, 39.11374) (904.1447, 249.3381)
Cordys pose hurt 0.0 screen bounds (457.8331, 39.11372) (904.1447, 249.3381)
Cordys pose hurt 0.1 screen bounds (458.6333, 41.14586) (904.501, 251.2934)
Cordys pose hurt 0.1 screen bounds (461.5802, 48.95818) (905.9542, 258.6076)
Cordys pose hurt 0.1 screen bounds (467.7643, 46.82693) (910.1728, 267.683)
Cordys pose hurt 0.2 screen bounds (477.1349, 43.81543) (917.8487, 275.5449)
Cordys pose hurt 0.2 screen bounds (488.4805, 41.9754) (935.5571, 278.3857)
Cordys pose hurt 0.3 screen bounds (508.3061, 49.14613) (985.6169, 274.1255)
Cordys pose hurt 0.3 screen bounds (608.5721, 79.38732) (956.5922, 345.3914)
Cordys pose hurt 0.4 screen bounds (630.9593, 42.43258) (929.418, 361.254)
Cordys pose hurt 0.5 screen bounds (604.1685, 74.63441) (926.6925, 361.6221)
Cordys pose hurt 0.5 screen bounds (503.7256, 69.14293) (978.3328, 319.1016)
Cordys pose hurt 0.6 screen bounds (429.5526, 68.22321) (1003.462, 302.86)
Cordys pose hurt 0.6 screen bounds (406.4072, 72.76989) (944.4547, 308.5245)
Cordys pose hurt 0.7 screen bounds (410.3409, 64.95702) (874.7952, 320.3175)
Cordys pose hurt 0.7 screen bounds (413.9934, 64.74355) (854.6006, 323.7988)
Cordys pose hurt 0.8 screen bounds (414.279, 63.03471) (855.2727, 318.814)
Cordys pose hurt 0.8 screen bounds (415.36, 51.47261) (864.0493, 306.9309)
Cordys pose hurt 0.8 screen bounds (420.5836, 42.949) (876.9094, 293.8177)
Cordys pose hurt 0.9 screen bounds (433.2599, 41.3176) (890.0475, 276.7261)
Cordys pose hurt 0.9 screen bounds (449.3779, 39.15841) (900.0413, 257.5706)
Cordys pose hurt 1.0 screen bounds (457.8331, 39.11372) (904.1447, 249.3381)
Cordys pose octo_stab 0.0 screen bounds (540.3023, 183.638) (800.9819, 306.4249)
Cordys pose octo_stab 0.1 screen bounds (540.13, 183.5283) (804.2914, 309.4293)
Cordys pose octo_stab 0.1 screen bounds (541.522, 185.186) (810.5326, 309.7584)
Cordys pose octo_stab 0.1 screen bounds (544.2448, 190.156) (818.8145, 305.469)
Cordys pose octo_stab 0.2 screen bounds (546.6765, 197.3756) (832.015, 305.469)
Cordys pose octo_stab 0.2 screen bounds (547.5581, 197.4471) (849.11, 305.469)
Cordys pose octo_stab 0.3 screen bounds (546.5171, 191.5612) (857.7206, 305.469)
Cordys pose octo_stab 0.3 screen bounds (544.0927, 178.1836) (859.3068, 305.469)
Cordys pose octo_stab 0.4 screen bounds (496.4929, 18.40911) (799.5829, 305.469)
Cordys pose octo_stab 0.5 screen bounds (417.706, 135.5905) (822.7498, 339.3085)
Cordys pose octo_stab 0.5 screen bounds (446.1914, 76.84049) (807.3526, 310.4765)
Cordys pose octo_stab 0.6 screen bounds (486.7438, 68.93051) (796.7379, 305.469)
Cordys pose octo_stab 0.6 screen bounds (516.2625, 141.2923) (801.4604, 305.469)
Cordys pose octo_stab 0.7 screen bounds (536.4313, 178.5693) (802.3439, 305.469)
Cordys pose octo_stab 0.7 screen bounds (548.6563, 183.4681) (795.6022, 309.6787)
Cordys pose octo_stab 0.8 screen bounds (552.2443, 188.6126) (792.3875, 311.7052)
Cordys pose octo_stab 0.8 screen bounds (551.2971, 193.8795) (793.9115, 311.8125)
Cordys pose octo_stab 0.8 screen bounds (548.815, 192.4117) (794.4843, 310.6222)
Cordys pose octo_stab 0.9 screen bounds (545.6776, 188.5741) (797.4585, 308.7809)
Cordys pose octo_stab 0.9 screen bounds (542.2147, 185.3237) (799.905, 307.0866)
Cordys pose octo_stab 1.0 screen bounds (540.3023, 183.638) (800.9819, 306.4249)
Cordys pose head_bash 0.0 screen bounds (619.5223, 35.27996) (983.1923, 206.5779)
Cordys pose head_bash 0.1 screen bounds (621.1273, 40.73968) (1017.361, 302.1522)
Cordys pose head_bash 0.1 screen bounds (591.2407, 39.91698) (970.5224, 340.0058)
Cordys pose head_bash 0.1 screen bounds (654.0229, 56.63595) (960.6483, 312.8071)
Cordys pose head_bash 0.2 screen bounds (653.2385, 59.22297) (983.9503, 350.615)
Cordys pose head_bash 0.2 screen bounds (658.7549, 59.59742) (1002.413, 358.8686)
Cordys pose head_bash 0.3 screen bounds (655.325, 52.97652) (906.8027, 353.2572)
Cordys pose head_bash 0.3 screen bounds (598.311, 60.53963) (985.107, 358.1264)
Cordys pose head_bash 0.4 screen bounds (526.9453, 47.68378) (814.3366, 345.3287)
Cordys pose head_bash 0.5 screen bounds (211.2722, 84.80636) (610.6799, 379.4236)
Cordys pose head_bash 0.5 screen bounds (324.6671, 70.14111) (628.0825, 328.7461)
Cordys pose head_bash 0.6 screen bounds (398.9044, 65.21506) (733.6246, 292.6592)
Cordys pose head_bash 0.6 screen bounds (477.4262, 81.86012) (882.4026, 334.5541)
Cordys pose head_bash 0.7 screen bounds (484.0062, 79.11454) (856.2634, 380.2041)
Cordys pose head_bash 0.7 screen bounds (537.2789, 76.65549) (872.1226, 383.3954)
Cordys pose head_bash 0.8 screen bounds (561.0001, 74.38848) (905.1455, 383.109)
Cordys pose head_bash 0.8 screen bounds (581.9028, 72.30555) (943.9135, 372.5869)
Cordys pose head_bash 0.8 screen bounds (636.3892, 45.53612) (1028.339, 313.1174)
Cordys pose head_bash 0.9 screen bounds (661.2617, 56.34397) (1033.461, 262.4887)
Cordys pose head_bash 0.9 screen bounds (619.5557, 35.61161) (983.0204, 208.3987)
Cordys pose head_bash 1.0 screen bounds (619.5223, 35.27996) (983.1923, 206.5779)
Cordys pose electric_shooting 0.0 screen bounds (511.0556, 160.6749) (801.2299, 297.3545)
Cordys pose electric_shooting 0.1 screen bounds (511.3538, 161.0172) (804.1267, 299.1007)
Cordys pose electric_shooting 0.1 screen bounds (513.0599, 162.7006) (809.9554, 300.495)
Cordys pose electric_shooting 0.1 screen bounds (515.9709, 132.1678) (818.9349, 299.6332)
Cordys pose electric_shooting 0.2 screen bounds (519.0378, 32.44168) (830.7842, 296.2904)
Cordys pose electric_shooting 0.2 screen bounds (521.2719, 42.91074) (843.7536, 296.2904)
Cordys pose electric_shooting 0.3 screen bounds (498.8465, 145.3403) (856.9874, 296.2904)
Cordys pose electric_shooting 0.3 screen bounds (502.041, 148.1105) (867.6678, 296.2904)
Cordys pose electric_shooting 0.4 screen bounds (502.3387, 148.2331) (875.6821, 296.2904)
Cordys pose electric_shooting 0.5 screen bounds (498.119, 148.3557) (881.6338, 296.2904)
Cordys pose electric_shooting 0.5 screen bounds (502.5614, 148.4783) (885.9868, 296.2904)
Cordys pose electric_shooting 0.6 screen bounds (505.1794, 148.6008) (888.8716, 312.1891)
Cordys pose electric_shooting 0.6 screen bounds (499.9006, 148.7234) (890.2692, 325.4849)
Cordys pose electric_shooting 0.7 screen bounds (497.2232, 148.8459) (890.4106, 332.4817)
Cordys pose electric_shooting 0.7 screen bounds (498.5857, 145.2207) (888.1617, 335.9542)
Cordys pose electric_shooting 0.8 screen bounds (497.8352, 134.699) (879.3216, 338.5269)
Cordys pose electric_shooting 0.8 screen bounds (496.0764, 90.58263) (857.2848, 340.6871)
Cordys pose electric_shooting 0.8 screen bounds (494.4659, 106.7415) (829.9956, 336.5406)
Cordys pose electric_shooting 0.9 screen bounds (497.8875, 135.8237) (814.2086, 321.0594)
Cordys pose electric_shooting 0.9 screen bounds (505.9097, 156.8329) (805.0685, 304.369)
Cordys pose electric_shooting 1.0 screen bounds (511.0556, 160.6749) (801.2299, 297.3545)
Cordys pose idle 0.0 screen bounds (458.1141, 39.09093) (903.9934, 249.4706)
Cordys pose idle 0.1 screen bounds (449.4599, 29.88258) (900.6074, 265.0405)
Cordys pose idle 0.1 screen bounds (444.2686, 26.37172) (902.3424, 271.036)
Cordys pose idle 0.1 screen bounds (445.1072, 27.00625) (902.0613, 270.226)
Cordys pose idle 0.2 screen bounds (449.6172, 26.20213) (894.5182, 266.4232)
Cordys pose idle 0.2 screen bounds (460.3875, 28.11223) (898.1213, 323.9976)
Cordys pose idle 0.3 screen bounds (458.9637, 28.31434) (913.8314, 336.2931)
Cordys pose idle 0.3 screen bounds (459.5001, 29.84119) (911.1209, 334.3292)
Cordys pose idle 0.4 screen bounds (459.672, 32.45169) (907.4779, 323.0872)
Cordys pose idle 0.5 screen bounds (463.8302, 41.01018) (953.6993, 327.3885)
Cordys pose idle 0.5 screen bounds (467.2823, 18.40906) (946.3556, 351.6039)
Cordys pose idle 0.6 screen bounds (466.5753, 20.6041) (947.9103, 348.2657)
Cordys pose idle 0.6 screen bounds (465.7796, 37.76199) (969.2188, 335.5688)
Cordys pose idle 0.7 screen bounds (449.6172, 50.6619) (916.4634, 376.8778)
Cordys pose idle 0.7 screen bounds (445.0124, 66.14822) (896.142, 385.402)
Cordys pose idle 0.8 screen bounds (445.1599, 66.05509) (896.829, 386.2422)
Cordys pose idle 0.8 screen bounds (447.4546, 59.66813) (898.1663, 384.6758)
Cordys pose idle 0.8 screen bounds (459.7722, 29.60402) (949.73, 293.381)
Cordys pose idle 0.9 screen bounds (457.2113, 44.24022) (891.9244, 247.6555)
Cordys pose idle 0.9 screen bounds (457.4543, 42.95552) (894.0916, 247.6555)
Cordys pose idle 1.0 screen bounds (458.1141, 39.09093) (903.9934, 249.4706)
Cordys pose reveal 0.0 screen bounds (409.7133, 96.33549) (976.7019, 369.3455)
Cordys pose reveal 0.1 screen bounds (402.4133, 95.7374) (984.3455, 363.7247)
Cordys pose reveal 0.1 screen bounds (396.7525, 95.15241) (990.4919, 357.7381)
Cordys pose reveal 0.1 screen bounds (392.852, 94.58064) (995.0578, 353.1809)
Cordys pose reveal 0.2 screen bounds (390.7631, 94.02219) (997.9854, 348.6246)
Cordys pose reveal 0.2 screen bounds (390.4666, 93.47723) (999.2443, 343.8011)
Cordys pose reveal 0.3 screen bounds (391.8755, 92.94585) (998.8318, 338.7204)
Cordys pose reveal 0.3 screen bounds (394.8392, 92.42815) (996.7729, 333.3934)
Cordys pose reveal 0.4 screen bounds (399.1509, 91.86992) (993.1196, 327.8317)
Cordys pose reveal 0.5 screen bounds (404.5583, 91.27083) (987.9498, 322.047)
Cordys pose reveal 0.5 screen bounds (410.7736, 90.59377) (981.4124, 316.0522)
Cordys pose reveal 0.6 screen bounds (417.4875, 89.90614) (973.6199, 309.8603)
Cordys pose reveal 0.6 screen bounds (424.383, 86.0615) (964.691, 303.4847)
Cordys pose reveal 0.7 screen bounds (431.1486, 75.08978) (954.8255, 296.9398)
Cordys pose reveal 0.7 screen bounds (437.4933, 66.58262) (944.3098, 290.2397)
Cordys pose reveal 0.8 screen bounds (443.1591, 58.70649) (933.3159, 283.4878)
Cordys pose reveal 0.8 screen bounds (447.9327, 50.31987) (924.4216, 276.7467)
Cordys pose reveal 0.8 screen bounds (451.6558, 44.77215) (919.0746, 269.8949)
Cordys pose reveal 0.9 screen bounds (454.2325, 42.85049) (914.3361, 262.9476)
Cordys pose reveal 0.9 screen bounds (455.6346, 39.97174) (909.2973, 255.9198)
Cordys pose reveal 1.0 screen bounds (455.9043, 39.09095) (903.9934, 249.4706)
Cordys pose hurt 0.0 screen bounds (458.1141, 39.09093) (903.9934, 249.4706)
Cordys pose hurt 0.1 screen bounds (458.9498, 41.14967) (904.3489, 251.4533)
Cordys pose hurt 0.1 screen bounds (461.9821, 48.91769) (905.7996, 258.7864)
Cordys pose hurt 0.1 screen bounds (468.2801, 46.78917) (910.0106, 267.8851)
Cordys pose hurt 0.2 screen bounds (477.7627, 43.78267) (917.6631, 275.7553)
Cordys pose hurt 0.2 screen bounds (489.1928, 41.95001) (935.5303, 278.5926)
Cordys pose hurt 0.3 screen bounds (509.06, 49.12063) (985.5171, 274.3191)
Cordys pose hurt 0.3 screen bounds (609.2451, 79.50049) (956.4623, 345.0184)
Cordys pose hurt 0.4 screen bounds (630.9503, 42.59774) (928.5543, 360.9908)
Cordys pose hurt 0.5 screen bounds (604.7958, 74.87537) (926.4462, 361.3068)
Cordys pose hurt 0.5 screen bounds (504.3249, 69.1927) (978.1441, 318.7063)
Cordys pose hurt 0.6 screen bounds (429.8835, 68.32665) (1003.157, 302.9365)
Cordys pose hurt 0.6 screen bounds (406.3088, 72.91043) (944.1312, 308.6546)
Cordys pose hurt 0.7 screen bounds (409.8885, 64.83104) (874.5041, 320.477)
Cordys pose hurt 0.7 screen bounds (413.4284, 64.67496) (854.3489, 323.954)
Cordys pose hurt 0.8 screen bounds (413.7854, 63.0789) (855.0289, 318.9773)
Cordys pose hurt 0.8 screen bounds (415.0347, 51.50859) (863.8239, 307.0791)
Cordys pose hurt 0.8 screen bounds (420.4783, 42.96851) (876.7175, 293.9345)
Cordys pose hurt 0.9 screen bounds (433.3585, 41.3506) (889.8762, 276.8664)
Cordys pose hurt 0.9 screen bounds (449.6104, 39.15267) (899.8842, 257.7224)
Cordys pose hurt 1.0 screen bounds (458.1141, 39.09093) (903.9934, 249.4706)
Cordys pose octo_stab 0.0 screen bounds (540.3268, 183.6018) (800.7833, 306.4933)
Cordys pose octo_stab 0.1 screen bounds (540.1577, 183.4847) (804.0886, 309.4935)
Cordys pose octo_stab 0.1 screen bounds (541.5537, 185.1226) (810.3218, 309.8099)
Cordys pose octo_stab 0.1 screen bounds (544.2737, 190.065) (818.6263, 305.433)
Cordys pose octo_stab 0.2 screen bounds (546.69, 197.2632) (831.8864, 305.433)
Cordys pose octo_stab 0.2 screen bounds (547.5465, 197.3567) (848.9605, 305.433)
Cordys pose octo_stab 0.3 screen bounds (546.4862, 191.4755) (857.5598, 305.433)
Cordys pose octo_stab 0.3 screen bounds (544.0538, 178.1171) (859.1369, 305.433)
Cordys pose octo_stab 0.4 screen bounds (496.3975, 18.40911) (799.2939, 305.433)
Cordys pose octo_stab 0.5 screen bounds (417.897, 135.6761) (822.4438, 339.5555)
Cordys pose octo_stab 0.5 screen bounds (446.177, 76.96668) (807.0627, 310.6863)
Cordys pose octo_stab 0.6 screen bounds (486.6591, 69.00716) (796.458, 305.433)
Cordys pose octo_stab 0.6 screen bounds (516.218, 141.229) (801.1875, 305.433)
Cordys pose octo_stab 0.7 screen bounds (536.4438, 178.5119) (802.1393, 305.433)
Cordys pose octo_stab 0.7 screen bounds (548.7091, 183.4041) (795.4178, 309.7535)
Cordys pose octo_stab 0.8 screen bounds (552.3141, 188.5421) (792.2043, 311.7794)
Cordys pose octo_stab 0.8 screen bounds (551.3681, 193.8026) (793.726, 311.8871)
Cordys pose octo_stab 0.8 screen bounds (548.8741, 192.3582) (794.3024, 310.6975)
Cordys pose octo_stab 0.9 screen bounds (545.7208, 188.5284) (797.2699, 308.8576)
Cordys pose octo_stab 0.9 screen bounds (542.2452, 185.2836) (799.7097, 307.1541)
Cordys pose octo_stab 1.0 screen bounds (540.3268, 183.6018) (800.7833, 306.4933)
Cordys pose head_bash 0.0 screen bounds (619.7564, 35.26423) (983.1354, 206.7177)
Cordys pose head_bash 0.1 screen bounds (620.9656, 41.12075) (1016.922, 302.0145)
Cordys pose head_bash 0.1 screen bounds (590.7732, 39.88675) (970.0668, 339.8494)
Cordys pose head_bash 0.1 screen bounds (654.4252, 56.70137) (960.6078, 313.0839)
Cordys pose head_bash 0.2 screen bounds (653.8129, 59.07315) (983.8842, 350.6539)
Cordys pose head_bash 0.2 screen bounds (658.1038, 59.66831) (1002.653, 358.9039)
Cordys pose head_bash 0.3 screen bounds (655.6293, 53.07521) (906.7867, 353.5239)
Cordys pose head_bash 0.3 screen bounds (597.7723, 60.63709) (985.5959, 358.2095)
Cordys pose head_bash 0.4 screen bounds (527.7, 47.79079) (814.4525, 345.5835)
Cordys pose head_bash 0.5 screen bounds (211.3137, 85.4232) (611.7817, 380.0585)
Cordys pose head_bash 0.5 screen bounds (325.5392, 70.69186) (628.4996, 329.4999)
Cordys pose head_bash 0.6 screen bounds (399.6489, 65.5993) (733.8927, 293.1444)
Cordys pose head_bash 0.6 screen bounds (478.0753, 82.05312) (882.369, 334.8701)
Cordys pose head_bash 0.7 screen bounds (483.6907, 79.21772) (856.0687, 380.2152)
Cordys pose head_bash 0.7 screen bounds (536.8011, 76.69028) (871.9928, 383.3718)
Cordys pose head_bash 0.8 screen bounds (560.4821, 74.37316) (904.9763, 383.0431)
Cordys pose head_bash 0.8 screen bounds (581.4506, 72.2556) (943.6473, 372.4813)
Cordys pose head_bash 0.8 screen bounds (636.4105, 45.89379) (1027.947, 313.1898)
Cordys pose head_bash 0.9 screen bounds (661.8373, 56.35386) (1033.375, 262.6237)
Cordys pose head_bash 0.9 screen bounds (619.8043, 35.59661) (982.9626, 208.5393)
Cordys pose head_bash 1.0 screen bounds (619.7564, 35.26423) (983.1354, 206.7177)
Cordys pose electric_shooting 0.0 screen bounds (511.2967, 160.5941) (801.2746, 297.4146)
Cordys pose electric_shooting 0.1 screen bounds (511.5944, 160.9314) (804.1684, 299.1617)
Cordys pose electric_shooting 0.1 screen bounds (513.2982, 162.5965) (809.9911, 300.5326)
Cordys pose electric_shooting 0.1 screen bounds (516.2005, 131.9698) (818.9604, 299.6607)
Cordys pose electric_shooting 0.2 screen bounds (519.2514, 32.36507) (830.8379, 296.2342)
Cordys pose electric_shooting 0.2 screen bounds (521.4664, 43.0571) (843.7913, 296.2342)
Cordys pose electric_shooting 0.3 screen bounds (499.2512, 145.4071) (857.0983, 296.2342)
Cordys pose electric_shooting 0.3 screen bounds (502.4717, 148.1773) (867.7546, 296.2342)
Cordys pose electric_shooting 0.4 screen bounds (502.7303, 148.2996) (875.7222, 296.2342)
Cordys pose electric_shooting 0.5 screen bounds (498.3736, 148.4218) (881.6146, 296.2342)
Cordys pose electric_shooting 0.5 screen bounds (502.8246, 148.544) (885.913, 296.2342)
Cordys pose electric_shooting 0.6 screen bounds (504.8579, 148.6662) (888.7661, 312.1164)
Cordys pose electric_shooting 0.6 screen bounds (499.5334, 148.7884) (890.1508, 325.412)
Cordys pose electric_shooting 0.7 screen bounds (497.4829, 148.9106) (890.2899, 332.4088)
Cordys pose electric_shooting 0.7 screen bounds (498.2216, 145.2849) (888.0317, 335.8841)
Cordys pose electric_shooting 0.8 screen bounds (497.4734, 134.8966) (879.1732, 338.484)
Cordys pose electric_shooting 0.8 screen bounds (495.8008, 90.69306) (857.1655, 340.6196)
Cordys pose electric_shooting 0.8 screen bounds (494.3668, 106.7234) (829.9402, 336.526)
Cordys pose electric_shooting 0.9 screen bounds (497.9779, 135.7823) (814.1942, 321.093)
Cordys pose electric_shooting 0.9 screen bounds (506.1156, 156.7655) (805.0977, 304.431)
Cordys pose electric_shooting 1.0 screen bounds (511.2967, 160.5941) (801.2746, 297.4146)
