Godot Engine v4.7.1.stable.official.a13da4feb - https://godotengine.org
OpenGL API 4.1 Metal - 90.5 - Compatibility - Using Device: Apple - Apple M1

Observed viewport: (720.0, 480.0) stage: (720.0, 205.0)
Cordys projected stage-height fraction: 0.551
Cordys pose idle 0.0 screen bounds (265.8002, 19.89903) (495.4271, 125.9095)
Cordys pose idle 0.1 screen bounds (258.987, 15.14626) (497.6308, 131.5941)
Cordys pose idle 0.1 screen bounds (256.0774, 14.60723) (499.3293, 134.6588)
Cordys pose idle 0.1 screen bounds (256.5387, 14.89155) (499.0969, 134.2328)
Cordys pose idle 0.2 screen bounds (258.9002, 13.46021) (495.084, 132.3238)
Cordys pose idle 0.2 screen bounds (265.6243, 15.45822) (485.6977, 162.4909)
Cordys pose idle 0.3 screen bounds (266.0918, 15.58837) (486.5498, 168.5616)
Cordys pose idle 0.3 screen bounds (266.0737, 16.36065) (485.4216, 167.5956)
Cordys pose idle 0.4 screen bounds (266.0584, 18.12808) (491.4053, 162.1145)
Cordys pose idle 0.5 screen bounds (268.8585, 20.73515) (518.7034, 168.3318)
Cordys pose idle 0.5 screen bounds (270.6239, 9.318185) (512.7269, 180.4948)
Cordys pose idle 0.6 screen bounds (270.2791, 10.39155) (513.8084, 178.8371)
Cordys pose idle 0.6 screen bounds (269.833, 19.24826) (525.3174, 172.1078)
Cordys pose idle 0.7 screen bounds (262.1948, 24.96051) (505.5804, 190.5652)
Cordys pose idle 0.7 screen bounds (259.2086, 32.49944) (485.9268, 195.4935)
Cordys pose idle 0.8 screen bounds (259.422, 32.42133) (489.4937, 195.547)
Cordys pose idle 0.8 screen bounds (260.5802, 29.69527) (494.6112, 194.3461)
Cordys pose idle 0.8 screen bounds (265.8402, 14.92724) (520.3368, 146.5399)
Cordys pose idle 0.9 screen bounds (265.8915, 22.52316) (489.6031, 125.9095)
Cordys pose idle 0.9 screen bounds (265.8478, 21.85768) (490.8856, 125.9095)
Cordys pose idle 1.0 screen bounds (265.8002, 19.89903) (495.4271, 125.9095)
Cordys pose reveal 0.0 screen bounds (242.9659, 49.49876) (535.6025, 185.5056)
Cordys pose reveal 0.1 screen bounds (240.5605, 49.19905) (539.5733, 182.519)
Cordys pose reveal 0.1 screen bounds (238.8468, 48.88408) (542.7253, 179.883)
Cordys pose reveal 0.1 screen bounds (237.851, 48.57525) (545.0157, 177.6382)
Cordys pose reveal 0.2 screen bounds (237.571, 48.27308) (546.416, 175.254)
Cordys pose reveal 0.2 screen bounds (237.9768, 47.97763) (546.9126, 172.7355)
Cordys pose reveal 0.3 screen bounds (239.0128, 47.68897) (546.5064, 170.0881)
Cordys pose reveal 0.3 screen bounds (240.6, 47.40714) (545.2137, 167.3173)
Cordys pose reveal 0.4 screen bounds (242.6405, 47.13221) (543.0652, 164.4292)
Cordys pose reveal 0.5 screen bounds (245.0218, 46.86426) (540.1054, 161.43)
Cordys pose reveal 0.5 screen bounds (247.622, 46.47284) (536.3919, 158.3262)
Cordys pose reveal 0.6 screen bounds (250.3155, 41.32657) (531.9943, 155.1245)
Cordys pose reveal 0.6 screen bounds (252.979, 38.06101) (527.0363, 151.832)
Cordys pose reveal 0.7 screen bounds (255.497, 36.71693) (521.6392, 148.456)
Cordys pose reveal 0.7 screen bounds (257.7671, 33.81194) (515.8612, 145.0038)
Cordys pose reveal 0.8 screen bounds (259.7052, 29.44592) (509.8632, 141.5876)
Cordys pose reveal 0.8 screen bounds (261.2495, 25.26683) (506.3224, 138.1207)
Cordys pose reveal 0.8 screen bounds (262.3638, 22.57063) (503.8599, 134.6005)
Cordys pose reveal 0.9 screen bounds (263.0396, 21.75158) (501.2046, 131.0345)
Cordys pose reveal 0.9 screen bounds (263.2973, 20.38122) (498.3813, 127.4306)
Cordys pose reveal 1.0 screen bounds (263.186, 19.89907) (495.427, 125.9095)
Cordys pose hurt 0.0 screen bounds (265.8002, 19.89903) (495.4271, 125.9095)
Cordys pose hurt 0.1 screen bounds (265.772, 20.62603) (495.6158, 125.9095)
Cordys pose hurt 0.1 screen bounds (266.2155, 24.83554) (496.3867, 128.519)
Cordys pose hurt 0.1 screen bounds (267.9402, 24.11713) (498.6476, 132.8758)
Cordys pose hurt 0.2 screen bounds (271.2891, 22.54457) (502.7335, 136.7659)
Cordys pose hurt 0.2 screen bounds (275.966, 21.54567) (509.7454, 138.2682)
Cordys pose hurt 0.3 screen bounds (285.4279, 25.21628) (535.7598, 136.2787)
Cordys pose hurt 0.3 screen bounds (336.8173, 38.77583) (521.6768, 179.367)
Cordys pose hurt 0.4 screen bounds (356.3598, 19.20752) (516.7909, 186.0646)
Cordys pose hurt 0.5 screen bounds (335.1582, 34.59381) (512.0797, 186.885)
Cordys pose hurt 0.5 screen bounds (285.0031, 34.35652) (533.178, 166.33)
Cordys pose hurt 0.6 screen bounds (250.9754, 33.26414) (547.232, 152.1781)
Cordys pose hurt 0.6 screen bounds (244.5593, 35.13827) (517.7851, 154.418)
Cordys pose hurt 0.7 screen bounds (250.8396, 34.32188) (482.3714, 160.1413)
Cordys pose hurt 0.7 screen bounds (254.0425, 33.50439) (471.8508, 161.9548)
Cordys pose hurt 0.8 screen bounds (253.3184, 31.4264) (471.9814, 159.3351)
Cordys pose hurt 0.8 screen bounds (251.817, 25.65119) (476.171, 153.3723)
Cordys pose hurt 0.8 screen bounds (251.769, 21.50977) (482.3381, 147.0749)
Cordys pose hurt 0.9 screen bounds (255.664, 20.33001) (488.5838, 138.1407)
Cordys pose hurt 0.9 screen bounds (262.14, 19.72425) (493.4344, 128.2992)
Cordys pose hurt 1.0 screen bounds (265.8002, 19.89903) (495.4271, 125.9095)
Cordys pose octo_stab 0.0 screen bounds (309.6228, 93.37283) (443.27, 155.073)
Cordys pose octo_stab 0.1 screen bounds (309.4965, 93.41502) (444.9936, 155.7536)
Cordys pose octo_stab 0.1 screen bounds (310.1483, 94.49461) (448.2631, 156.0832)
Cordys pose octo_stab 0.1 screen bounds (311.5492, 97.31804) (452.1027, 155.073)
Cordys pose octo_stab 0.2 screen bounds (312.9577, 101.2532) (458.5869, 155.073)
Cordys pose octo_stab 0.2 screen bounds (313.7043, 101.0493) (466.8518, 155.073)
Cordys pose octo_stab 0.3 screen bounds (313.4153, 98.01568) (471.3146, 155.073)
Cordys pose octo_stab 0.3 screen bounds (312.2939, 91.02675) (472.221, 155.073)
Cordys pose octo_stab 0.4 screen bounds (289.0674, 9.318172) (443.6619, 155.073)
Cordys pose octo_stab 0.5 screen bounds (246.023, 67.58655) (455.6245, 168.707)
Cordys pose octo_stab 0.5 screen bounds (262.8193, 37.364) (447.6878, 155.073)
Cordys pose octo_stab 0.6 screen bounds (284.0408, 33.96002) (442.2072, 155.073)
Cordys pose octo_stab 0.6 screen bounds (298.3824, 72.28036) (444.4116, 155.073)
Cordys pose octo_stab 0.7 screen bounds (307.8222, 91.12402) (444.0274, 155.073)
Cordys pose octo_stab 0.7 screen bounds (313.4758, 93.67932) (440.4466, 155.7468)
Cordys pose octo_stab 0.8 screen bounds (315.0714, 96.36018) (438.7652, 156.7833)
Cordys pose octo_stab 0.8 screen bounds (314.5812, 98.96171) (439.5605, 156.8318)
Cordys pose octo_stab 0.8 screen bounds (313.4788, 98.03528) (439.8672, 156.2194)
Cordys pose octo_stab 0.9 screen bounds (312.0954, 96.00102) (441.4136, 155.2999)
Cordys pose octo_stab 0.9 screen bounds (310.5101, 94.26008) (442.6956, 155.073)
Cordys pose octo_stab 1.0 screen bounds (309.6228, 93.37283) (443.27, 155.073)
Cordys pose head_bash 0.0 screen bounds (349.6327, 17.90833) (536.0571, 103.9738)
Cordys pose head_bash 0.1 screen bounds (355.2302, 15.95232) (557.8685, 154.4633)
Cordys pose head_bash 0.1 screen bounds (343.9025, 20.48656) (534.6839, 173.9438)
Cordys pose head_bash 0.1 screen bounds (364.9471, 27.86616) (524.725, 154.9809)
Cordys pose head_bash 0.2 screen bounds (362.4689, 31.70987) (536.5501, 176.9564)
Cordys pose head_bash 0.2 screen bounds (380.083, 29.21836) (542.1909, 181.3284)
Cordys pose head_bash 0.3 screen bounds (366.7884, 25.57982) (497.2631, 175.6263)
Cordys pose head_bash 0.3 screen bounds (348.3197, 29.36964) (530.4332, 180.3669)
Cordys pose head_bash 0.4 screen bounds (296.7687, 22.69648) (449.0738, 171.6226)
Cordys pose head_bash 0.5 screen bounds (146.6414, 35.28883) (335.444, 184.3853)
Cordys pose head_bash 0.5 screen bounds (193.6152, 28.75255) (351.888, 157.197)
Cordys pose head_bash 0.6 screen bounds (232.4962, 28.29614) (406.6073, 142.0994)
Cordys pose head_bash 0.6 screen bounds (273.142, 39.00145) (485.0978, 165.4207)
Cordys pose head_bash 0.7 screen bounds (288.1299, 38.71271) (474.6652, 192.2669)
Cordys pose head_bash 0.7 screen bounds (316.8888, 38.30719) (481.1156, 194.3825)
Cordys pose head_bash 0.8 screen bounds (329.3045, 37.77335) (498.2235, 194.7336)
Cordys pose head_bash 0.8 screen bounds (339.0214, 37.14305) (519.0895, 189.8425)
Cordys pose head_bash 0.8 screen bounds (360.6918, 18.62556) (562.8202, 157.5608)
Cordys pose head_bash 0.9 screen bounds (366.4885, 28.45228) (561.6826, 131.1121)
Cordys pose head_bash 0.9 screen bounds (349.4739, 18.06573) (535.9813, 104.2534)
Cordys pose head_bash 1.0 screen bounds (349.6327, 17.90833) (536.0571, 103.9738)
Cordys pose electric_shooting 0.0 screen bounds (292.819, 82.26096) (440.9818, 150.6624)
Cordys pose electric_shooting 0.1 screen bounds (292.9746, 82.50752) (442.4741, 150.6624)
Cordys pose electric_shooting 0.1 screen bounds (293.8609, 83.54995) (445.4891, 151.5302)
Cordys pose electric_shooting 0.1 screen bounds (295.4268, 69.33349) (450.1476, 151.2276)
Cordys pose electric_shooting 0.2 screen bounds (297.1619, 17.35205) (455.723, 150.6624)
Cordys pose electric_shooting 0.2 screen bounds (298.5133, 19.93264) (462.4327, 150.6624)
Cordys pose electric_shooting 0.3 screen bounds (284.7129, 72.80636) (468.2263, 150.6624)
Cordys pose electric_shooting 0.3 screen bounds (286.0036, 74.20694) (473.8571, 150.6624)
Cordys pose electric_shooting 0.4 screen bounds (286.6251, 74.27321) (478.4464, 150.6624)
Cordys pose electric_shooting 0.5 screen bounds (286.1565, 74.33945) (482.1756, 150.6624)
Cordys pose electric_shooting 0.5 screen bounds (288.2454, 74.40569) (484.9955, 150.6624)
Cordys pose electric_shooting 0.6 screen bounds (291.7682, 74.47192) (486.8289, 158.7831)
Cordys pose electric_shooting 0.6 screen bounds (289.4763, 74.53819) (487.6857, 165.5218)
Cordys pose electric_shooting 0.7 screen bounds (285.6447, 74.6044) (487.7845, 169.0819)
Cordys pose electric_shooting 0.7 screen bounds (289.0323, 72.77782) (486.7674, 170.7864)
Cordys pose electric_shooting 0.8 screen bounds (293.4463, 65.78843) (482.5469, 171.7553)
Cordys pose electric_shooting 0.8 screen bounds (291.5231, 44.54528) (471.1248, 173.1338)
Cordys pose electric_shooting 0.8 screen bounds (288.5859, 54.08224) (456.6417, 170.3871)
Cordys pose electric_shooting 0.9 screen bounds (288.0199, 69.28493) (448.2154, 161.9761)
Cordys pose electric_shooting 0.9 screen bounds (290.6578, 80.23181) (443.1336, 153.1889)
Cordys pose electric_shooting 1.0 screen bounds (292.819, 82.26096) (440.9818, 150.6624)
Cordys pose idle 0.0 screen bounds (267.7921, 19.7983) (493.7029, 126.2082)
Cordys pose idle 0.1 screen bounds (263.3131, 15.17069) (492.1405, 134.0594)
Cordys pose idle 0.1 screen bounds (260.6734, 13.39809) (493.0565, 137.0957)
Cordys pose idle 0.1 screen bounds (261.0994, 13.71807) (492.9077, 136.6851)
Cordys pose idle 0.2 screen bounds (263.386, 13.30927) (489.081, 134.7606)
Cordys pose idle 0.2 screen bounds (268.89, 14.27936) (490.2366, 163.9465)
Cordys pose idle 0.3 screen bounds (268.2167, 14.38334) (498.1245, 170.1624)
Cordys pose idle 0.3 screen bounds (268.4767, 15.1561) (496.7652, 169.1698)
Cordys pose idle 0.4 screen bounds (268.5596, 16.49574) (494.9149, 163.489)
Cordys pose idle 0.5 screen bounds (270.6927, 20.75445) (518.7941, 165.8289)
Cordys pose idle 0.5 screen bounds (272.4413, 9.318179) (514.9845, 178.0808)
Cordys pose idle 0.6 screen bounds (272.0839, 10.42734) (515.7845, 176.3927)
Cordys pose idle 0.6 screen bounds (271.6793, 19.11692) (526.6022, 169.955)
Cordys pose idle 0.7 screen bounds (263.5178, 25.6177) (500.1702, 190.762)
Cordys pose idle 0.7 screen bounds (261.1601, 33.44389) (489.4595, 195.0996)
Cordys pose idle 0.8 screen bounds (261.2404, 33.39532) (489.8083, 195.509)
Cordys pose idle 0.8 screen bounds (262.402, 30.18412) (490.4681, 194.7009)
Cordys pose idle 0.8 screen bounds (268.5996, 14.99199) (516.9302, 148.4316)
Cordys pose idle 0.9 screen bounds (267.3569, 22.40402) (487.6028, 125.3797)
Cordys pose idle 0.9 screen bounds (267.4732, 21.75325) (488.7073, 125.3797)
Cordys pose idle 1.0 screen bounds (267.7921, 19.7983) (493.7029, 126.2082)
Cordys pose reveal 0.0 screen bounds (243.3528, 48.7959) (530.6508, 186.8967)
Cordys pose reveal 0.1 screen bounds (239.7083, 48.49242) (534.5249, 184.0462)
Cordys pose reveal 0.1 screen bounds (236.8882, 48.19556) (537.6385, 181.0108)
Cordys pose reveal 0.1 screen bounds (234.9525, 47.90537) (539.9495, 178.7317)
Cordys pose reveal 0.2 screen bounds (233.9259, 47.62195) (541.4285, 176.4226)
Cordys pose reveal 0.2 screen bounds (233.7981, 47.34535) (542.0602, 173.9782)
Cordys pose reveal 0.3 screen bounds (234.5244, 47.0756) (541.8436, 171.4037)
Cordys pose reveal 0.3 screen bounds (236.0284, 46.81277) (540.7911, 168.7046)
Cordys pose reveal 0.4 screen bounds (238.2058, 46.53496) (538.9294, 165.8867)
Cordys pose reveal 0.5 screen bounds (240.9294, 46.23093) (536.2981, 162.956)
Cordys pose reveal 0.5 screen bounds (244.0544, 45.89334) (532.97, 159.919)
Cordys pose reveal 0.6 screen bounds (247.4256, 45.54445) (529.0082, 156.7823)
Cordys pose reveal 0.6 screen bounds (250.8837, 43.56137) (524.4702, 153.5528)
Cordys pose reveal 0.7 screen bounds (254.2729, 38.00898) (519.459, 150.2376)
Cordys pose reveal 0.7 screen bounds (257.4477, 33.7049) (514.1166, 146.8439)
Cordys pose reveal 0.8 screen bounds (260.2792, 29.70305) (508.5318, 143.4264)
Cordys pose reveal 0.8 screen bounds (262.6613, 25.4613) (504.0626, 140.0122)
Cordys pose reveal 0.8 screen bounds (264.5155, 22.65856) (501.3706, 136.5421)
Cordys pose reveal 0.9 screen bounds (265.795, 21.69284) (498.9576, 133.0236)
Cordys pose reveal 0.9 screen bounds (266.4868, 20.24599) (496.3974, 129.4646)
Cordys pose reveal 1.0 screen bounds (266.6134, 19.79831) (493.7029, 126.2082)
Cordys pose hurt 0.0 screen bounds (267.7921, 19.7983) (493.7029, 126.2082)
Cordys pose hurt 0.1 screen bounds (268.1971, 20.82692) (493.8832, 127.1979)
Cordys pose hurt 0.1 screen bounds (269.6888, 24.7813) (494.6188, 130.9002)
Cordys pose hurt 0.1 screen bounds (272.819, 23.70252) (496.7541, 135.4939)
Cordys pose hurt 0.2 screen bounds (277.5621, 22.17818) (500.6395, 139.4733)
Cordys pose hurt 0.2 screen bounds (283.305, 21.24681) (509.603, 140.9113)
Cordys pose hurt 0.3 screen bounds (293.3401, 24.87644) (534.9419, 138.7549)
Cordys pose hurt 0.3 screen bounds (344.0921, 40.1837) (520.2504, 174.8278)
Cordys pose hurt 0.4 screen bounds (355.4239, 21.47822) (506.4955, 182.8569)
Cordys pose hurt 0.5 screen bounds (341.8631, 37.77791) (505.1159, 183.0433)
Cordys pose hurt 0.5 screen bounds (291.0216, 34.99828) (531.2549, 161.5206)
Cordys pose hurt 0.6 screen bounds (253.4772, 34.53273) (543.9747, 153.2995)
Cordys pose hurt 0.6 screen bounds (241.7617, 36.83414) (514.1067, 156.1667)
Cordys pose hurt 0.7 screen bounds (243.7528, 32.87948) (478.847, 162.136)
Cordys pose hurt 0.7 screen bounds (245.6016, 32.77142) (468.625, 163.8982)
Cordys pose hurt 0.8 screen bounds (245.7462, 31.90646) (468.9652, 161.375)
Cordys pose hurt 0.8 screen bounds (246.2933, 26.05404) (473.4077, 155.3601)
Cordys pose hurt 0.8 screen bounds (248.9374, 21.73962) (479.9171, 148.7225)
Cordys pose hurt 0.9 screen bounds (255.3538, 20.91385) (486.5673, 140.0713)
Cordys pose hurt 0.9 screen bounds (263.5123, 19.82092) (491.6258, 130.3753)
Cordys pose hurt 1.0 screen bounds (267.7921, 19.7983) (493.7029, 126.2082)
Cordys pose octo_stab 0.0 screen bounds (309.5357, 92.9526) (441.4847, 155.104)
Cordys pose octo_stab 0.1 screen bounds (309.4485, 92.89703) (443.1599, 156.6247)
Cordys pose octo_stab 0.1 screen bounds (310.1531, 93.7361) (446.319, 156.7913)
Cordys pose octo_stab 0.1 screen bounds (311.5313, 96.25179) (450.511, 154.6201)
Cordys pose octo_stab 0.2 screen bounds (312.7622, 99.90618) (457.1928, 154.6201)
Cordys pose octo_stab 0.2 screen bounds (313.2084, 99.94234) (465.8458, 154.6201)
Cordys pose octo_stab 0.3 screen bounds (312.6815, 96.96306) (470.2043, 154.6201)
Cordys pose octo_stab 0.3 screen bounds (311.4543, 90.19172) (471.0071, 154.6201)
Cordys pose octo_stab 0.4 screen bounds (287.3606, 9.318192) (440.7765, 154.6201)
Cordys pose octo_stab 0.5 screen bounds (247.4808, 68.63223) (452.503, 171.7487)
Cordys pose octo_stab 0.5 screen bounds (261.8994, 38.89457) (444.7094, 157.1548)
Cordys pose octo_stab 0.6 screen bounds (282.4259, 34.89075) (439.3365, 154.6201)
Cordys pose octo_stab 0.6 screen bounds (297.3675, 71.51833) (441.7269, 154.6201)
Cordys pose octo_stab 0.7 screen bounds (307.5763, 90.38695) (442.1741, 154.6201)
Cordys pose octo_stab 0.7 screen bounds (313.7643, 92.86655) (438.7616, 156.7509)
Cordys pose octo_stab 0.8 screen bounds (315.5804, 95.47058) (437.1344, 157.7767)
Cordys pose octo_stab 0.8 screen bounds (315.101, 98.13654) (437.9058, 157.831)
Cordys pose octo_stab 0.8 screen bounds (313.8446, 97.39359) (438.1957, 157.2285)
Cordys pose octo_stab 0.9 screen bounds (312.2565, 95.45106) (439.7012, 156.2965)
Cordys pose octo_stab 0.9 screen bounds (310.5037, 93.80581) (440.9396, 155.4389)
Cordys pose octo_stab 1.0 screen bounds (309.5357, 92.9526) (441.4847, 155.104)
Cordys pose head_bash 0.0 screen bounds (349.6348, 17.85776) (533.7146, 104.5641)
Cordys pose head_bash 0.1 screen bounds (350.4471, 20.62132) (551.0099, 152.9412)
Cordys pose head_bash 0.1 screen bounds (335.3193, 20.20489) (527.3015, 172.1017)
Cordys pose head_bash 0.1 screen bounds (367.098, 28.66758) (522.3035, 158.3345)
Cordys pose head_bash 0.2 screen bounds (366.701, 29.97706) (534.0983, 177.4718)
Cordys pose head_bash 0.2 screen bounds (369.4933, 30.1666) (543.4434, 181.6495)
Cordys pose head_bash 0.3 screen bounds (367.7571, 26.81528) (495.0483, 178.8092)
Cordys pose head_bash 0.3 screen bounds (338.8981, 30.64352) (534.6838, 181.2738)
Cordys pose head_bash 0.4 screen bounds (302.7747, 24.13624) (448.2445, 174.796)
Cordys pose head_bash 0.5 screen bounds (142.9896, 42.92668) (345.159, 192.0539)
Cordys pose head_bash 0.5 screen bounds (200.3871, 35.50353) (353.9677, 166.4024)
Cordys pose head_bash 0.6 screen bounds (237.9639, 33.01009) (407.3903, 148.1361)
Cordys pose head_bash 0.6 screen bounds (277.7096, 41.43537) (482.6976, 169.3422)
Cordys pose head_bash 0.7 screen bounds (281.0402, 40.04563) (469.4666, 192.449)
Cordys pose head_bash 0.7 screen bounds (308.0054, 38.80093) (477.4941, 194.0644)
Cordys pose head_bash 0.8 screen bounds (320.0124, 37.65343) (494.2094, 193.9194)
Cordys pose head_bash 0.8 screen bounds (330.5928, 36.5991) (513.8328, 188.5933)
Cordys pose head_bash 0.8 screen bounds (358.1723, 23.04915) (556.5667, 158.4915)
Cordys pose head_bash 0.9 screen bounds (370.7621, 28.51978) (559.1592, 132.8646)
Cordys pose head_bash 0.9 screen bounds (349.6516, 18.02563) (533.6276, 105.4857)
Cordys pose head_bash 1.0 screen bounds (349.6348, 17.85776) (533.7146, 104.5641)
Cordys pose electric_shooting 0.0 screen bounds (294.7318, 81.32928) (441.6102, 150.5128)
Cordys pose electric_shooting 0.1 screen bounds (294.8828, 81.50254) (443.0765, 151.3967)
Cordys pose electric_shooting 0.1 screen bounds (295.7464, 82.35464) (446.0268, 152.1024)
Cordys pose electric_shooting 0.1 screen bounds (297.2198, 66.89975) (450.572, 151.6662)
Cordys pose electric_shooting 0.2 screen bounds (298.7722, 16.4211) (456.5698, 149.9742)
Cordys pose electric_shooting 0.2 screen bounds (299.903, 21.72025) (463.1346, 149.9742)
Cordys pose electric_shooting 0.3 screen bounds (288.5519, 73.56732) (469.8332, 149.9742)
Cordys pose electric_shooting 0.3 screen bounds (290.1689, 74.96952) (475.2393, 149.9742)
Cordys pose electric_shooting 0.4 screen bounds (290.3196, 75.03158) (479.2959, 149.9742)
Cordys pose electric_shooting 0.5 screen bounds (288.1837, 75.09362) (482.3085, 149.9742)
Cordys pose electric_shooting 0.5 screen bounds (290.4323, 75.15566) (484.5118, 149.9742)
Cordys pose electric_shooting 0.6 screen bounds (291.7574, 75.2177) (485.972, 158.0216)
Cordys pose electric_shooting 0.6 screen bounds (289.0855, 75.27976) (486.6795, 164.7516)
Cordys pose electric_shooting 0.7 screen bounds (287.7303, 75.34178) (486.751, 168.2932)
Cordys pose electric_shooting 0.7 screen bounds (288.4199, 73.5068) (485.6127, 170.0509)
Cordys pose electric_shooting 0.8 screen bounds (288.04, 68.18096) (481.1381, 171.3531)
Cordys pose electric_shooting 0.8 screen bounds (287.1497, 45.85046) (469.9837, 172.4465)
Cordys pose electric_shooting 0.8 screen bounds (286.3346, 54.02966) (456.1706, 170.3477)
Cordys pose electric_shooting 0.9 screen bounds (288.0665, 68.75024) (448.1797, 162.5115)
Cordys pose electric_shooting 0.9 screen bounds (292.1271, 79.38457) (443.5532, 154.0634)
Cordys pose electric_shooting 1.0 screen bounds (294.7318, 81.32928) (441.6102, 150.5128)
Cordys pose idle 0.0 screen bounds (267.9343, 19.78677) (493.6263, 126.2753)
Cordys pose idle 0.1 screen bounds (263.5538, 15.12575) (491.9124, 134.1563)
Cordys pose idle 0.1 screen bounds (260.9261, 13.34865) (492.7906, 137.191)
Cordys pose idle 0.1 screen bounds (261.3506, 13.66983) (492.6483, 136.7811)
Cordys pose idle 0.2 screen bounds (263.6334, 13.2628) (488.8302, 134.8562)
Cordys pose idle 0.2 screen bounds (269.085, 14.22965) (490.654, 163.9988)
Cordys pose idle 0.3 screen bounds (268.3643, 14.33195) (498.606, 170.2224)
Cordys pose idle 0.3 screen bounds (268.6358, 15.1048) (497.2341, 169.2284)
Cordys pose idle 0.4 screen bounds (268.7228, 16.42616) (495.39, 163.538)
Cordys pose idle 0.5 screen bounds (270.8276, 20.75824) (518.7861, 165.7152)
Cordys pose idle 0.5 screen bounds (272.575, 9.318167) (515.0688, 177.9723)
Cordys pose idle 0.6 screen bounds (272.2171, 10.42924) (515.8558, 176.2827)
Cordys pose idle 0.6 screen bounds (271.8144, 19.11409) (526.6416, 169.8558)
Cordys pose idle 0.7 screen bounds (263.6334, 25.64368) (499.9383, 190.7653)
Cordys pose idle 0.7 screen bounds (261.3026, 33.48243) (489.6521, 195.08)
Cordys pose idle 0.8 screen bounds (261.3772, 33.43529) (489.9999, 195.5053)
Cordys pose idle 0.8 screen bounds (262.5387, 30.20238) (490.6768, 194.7124)
Cordys pose idle 0.8 screen bounds (268.7736, 14.98475) (516.7769, 148.5015)
Cordys pose idle 0.9 screen bounds (267.4773, 22.3932) (487.5173, 125.3565)
Cordys pose idle 0.9 screen bounds (267.6003, 21.74292) (488.6143, 125.3565)
Cordys pose idle 1.0 screen bounds (267.9343, 19.78677) (493.6263, 126.2753)
Cordys pose reveal 0.0 screen bounds (243.4351, 48.76241) (530.4294, 186.9527)
Cordys pose reveal 0.1 screen bounds (239.74, 48.45967) (534.2983, 184.1076)
Cordys pose reveal 0.1 screen bounds (236.8747, 48.16357) (537.4095, 181.0773)
Cordys pose reveal 0.1 screen bounds (234.9004, 47.87415) (539.7206, 178.7706)
Cordys pose reveal 0.2 screen bounds (233.843, 47.59148) (541.2025, 176.4643)
Cordys pose reveal 0.2 screen bounds (233.693, 47.31564) (541.8397, 174.0228)
Cordys pose reveal 0.3 screen bounds (234.4061, 47.04667) (541.631, 171.451)
Cordys pose reveal 0.3 screen bounds (235.9062, 46.78462) (540.5888, 168.7547)
Cordys pose reveal 0.4 screen bounds (238.0887, 46.50206) (538.7396, 165.9395)
Cordys pose reveal 0.5 screen bounds (240.8258, 46.19881) (536.1227, 163.0114)
Cordys pose reveal 0.5 screen bounds (243.9718, 45.85611) (532.8137, 159.977)
Cordys pose reveal 0.6 screen bounds (247.3702, 45.50805) (528.8693, 156.8428)
Cordys pose reveal 0.6 screen bounds (250.8605, 43.56199) (524.3498, 153.6157)
Cordys pose reveal 0.7 screen bounds (254.2851, 38.00841) (519.3561, 150.3028)
Cordys pose reveal 0.7 screen bounds (257.4966, 33.70231) (514.0334, 146.9114)
Cordys pose reveal 0.8 screen bounds (260.3645, 29.71563) (508.4685, 143.4938)
Cordys pose reveal 0.8 screen bounds (262.7808, 25.47055) (503.9665, 140.0817)
Cordys pose reveal 0.8 screen bounds (264.6653, 22.66245) (501.26, 136.6135)
Cordys pose reveal 0.9 screen bounds (265.9695, 21.68975) (498.8615, 133.0969)
Cordys pose reveal 0.9 screen bounds (266.6793, 20.23261) (496.311, 129.5397)
Cordys pose reveal 1.0 screen bounds (266.8157, 19.78678) (493.6263, 126.2753)
Cordys pose hurt 0.0 screen bounds (267.9343, 19.78677) (493.6263, 126.2753)
Cordys pose hurt 0.1 screen bounds (268.3573, 20.82885) (493.8062, 127.2788)
Cordys pose hurt 0.1 screen bounds (269.8922, 24.76081) (494.5405, 130.9906)
Cordys pose hurt 0.1 screen bounds (273.08, 23.68341) (496.6721, 135.5961)
Cordys pose hurt 0.2 screen bounds (277.8799, 22.1616) (500.5455, 139.5798)
Cordys pose hurt 0.2 screen bounds (283.6655, 21.23396) (509.5894, 141.016)
Cordys pose hurt 0.3 screen bounds (293.7217, 24.86353) (534.8914, 138.8529)
Cordys pose hurt 0.3 screen bounds (344.4327, 40.24099) (520.1846, 174.639)
Cordys pose hurt 0.4 screen bounds (355.4193, 21.56182) (506.0584, 182.7237)
Cordys pose hurt 0.5 screen bounds (342.1806, 37.89988) (504.9913, 182.8837)
Cordys pose hurt 0.5 screen bounds (291.325, 35.02346) (531.1594, 161.3205)
Cordys pose hurt 0.6 screen bounds (253.6448, 34.5851) (543.82, 153.3382)
Cordys pose hurt 0.6 screen bounds (241.7119, 36.90528) (513.9429, 156.2326)
Cordys pose hurt 0.7 screen bounds (243.5238, 32.81571) (478.6996, 162.2168)
Cordys pose hurt 0.7 screen bounds (245.3156, 32.73671) (468.4976, 163.9767)
Cordys pose hurt 0.8 screen bounds (245.4963, 31.92883) (468.8418, 161.4576)
Cordys pose hurt 0.8 screen bounds (246.1287, 26.07225) (473.2935, 155.4351)
Cordys pose hurt 0.8 screen bounds (248.8841, 21.74949) (479.82, 148.7817)
Cordys pose hurt 0.9 screen bounds (255.4037, 20.93055) (486.4806, 140.1422)
Cordys pose hurt 0.9 screen bounds (263.6299, 19.81802) (491.5463, 130.4521)
Cordys pose hurt 1.0 screen bounds (267.9343, 19.78677) (493.6263, 126.2753)
Cordys pose octo_stab 0.0 screen bounds (309.5481, 92.93423) (441.3842, 155.1385)
Cordys pose octo_stab 0.1 screen bounds (309.4626, 92.87499) (443.0572, 156.6572)
Cordys pose octo_stab 0.1 screen bounds (310.1692, 93.70403) (446.2123, 156.8174)
Cordys pose octo_stab 0.1 screen bounds (311.5459, 96.20574) (450.4158, 154.6019)
Cordys pose octo_stab 0.2 screen bounds (312.769, 99.84928) (457.1277, 154.6019)
Cordys pose octo_stab 0.2 screen bounds (313.2026, 99.89661) (465.7701, 154.6019)
Cordys pose octo_stab 0.3 screen bounds (312.6659, 96.91971) (470.1228, 154.6019)
Cordys pose octo_stab 0.3 screen bounds (311.4346, 90.15806) (470.9211, 154.6019)
Cordys pose octo_stab 0.4 screen bounds (287.3123, 9.318192) (440.6302, 154.6019)
Cordys pose octo_stab 0.5 screen bounds (247.5775, 68.67554) (452.3481, 171.8738)
Cordys pose octo_stab 0.5 screen bounds (261.8921, 38.95844) (444.5626, 157.261)
Cordys pose octo_stab 0.6 screen bounds (282.383, 34.92955) (439.1948, 154.6019)
Cordys pose octo_stab 0.6 screen bounds (297.3449, 71.48629) (441.5887, 154.6019)
Cordys pose octo_stab 0.7 screen bounds (307.5827, 90.35785) (442.0705, 154.6019)
Cordys pose octo_stab 0.7 screen bounds (313.791, 92.83419) (438.6682, 156.7888)
Cordys pose octo_stab 0.8 screen bounds (315.6158, 95.43488) (437.0417, 157.8142)
Cordys pose octo_stab 0.8 screen bounds (315.137, 98.09762) (437.8119, 157.8688)
Cordys pose octo_stab 0.8 screen bounds (313.8746, 97.36651) (438.1037, 157.2666)
Cordys pose octo_stab 0.9 screen bounds (312.2784, 95.42796) (439.6057, 156.3353)
Cordys pose octo_stab 0.9 screen bounds (310.5192, 93.78551) (440.8407, 155.473)
Cordys pose octo_stab 1.0 screen bounds (309.5481, 92.93423) (441.3842, 155.1385)
Cordys pose head_bash 0.0 screen bounds (349.7532, 17.84979) (533.6859, 104.6349)
Cordys pose head_bash 0.1 screen bounds (350.3653, 20.81421) (550.7877, 152.8716)
Cordys pose head_bash 0.1 screen bounds (335.0827, 20.18959) (527.0709, 172.0225)
Cordys pose head_bash 0.1 screen bounds (367.3016, 28.70069) (522.283, 158.4746)
Cordys pose head_bash 0.2 screen bounds (366.9917, 29.90122) (534.0649, 177.4915)
Cordys pose head_bash 0.2 screen bounds (369.1636, 30.20248) (543.5653, 181.6674)
Cordys pose head_bash 0.3 screen bounds (367.9111, 26.86523) (495.0402, 178.9442)
Cordys pose head_bash 0.3 screen bounds (338.6255, 30.69285) (534.9313, 181.3159)
Cordys pose head_bash 0.4 screen bounds (303.1568, 24.1904) (448.3031, 174.925)
Cordys pose head_bash 0.5 screen bounds (143.0106, 43.23891) (345.7167, 192.3753)
Cordys pose head_bash 0.5 screen bounds (200.8285, 35.7823) (354.1788, 166.7839)
Cordys pose head_bash 0.6 screen bounds (238.3408, 33.20458) (407.5259, 148.3817)
Cordys pose head_bash 0.6 screen bounds (278.0381, 41.53306) (482.6806, 169.5022)
Cordys pose head_bash 0.7 screen bounds (280.8805, 40.09786) (469.3681, 192.4546)
Cordys pose head_bash 0.7 screen bounds (307.7635, 38.81853) (477.4285, 194.0524)
Cordys pose head_bash 0.8 screen bounds (319.7502, 37.64568) (494.1238, 193.886)
Cordys pose head_bash 0.8 screen bounds (330.3639, 36.57382) (513.6981, 188.5399)
Cordys pose head_bash 0.8 screen bounds (358.1831, 23.23019) (556.3683, 158.5282)
Cordys pose head_bash 0.9 screen bounds (371.0535, 28.5248) (559.116, 132.933)
Cordys pose head_bash 0.9 screen bounds (349.7775, 18.01804) (533.5984, 105.5569)
Cordys pose head_bash 1.0 screen bounds (349.7532, 17.84979) (533.6859, 104.6349)
Cordys pose electric_shooting 0.0 screen bounds (294.8539, 81.28838) (441.6328, 150.5432)
Cordys pose electric_shooting 0.1 screen bounds (295.0046, 81.45909) (443.0976, 151.4275)
Cordys pose electric_shooting 0.1 screen bounds (295.867, 82.30195) (446.0449, 152.1214)
Cordys pose electric_shooting 0.1 screen bounds (297.3361, 66.79952) (450.5849, 151.6801)
Cordys pose electric_shooting 0.2 screen bounds (298.8803, 16.38232) (456.597, 149.9457)
Cordys pose electric_shooting 0.2 screen bounds (300.0015, 21.79433) (463.1536, 149.9457)
Cordys pose electric_shooting 0.3 screen bounds (288.7567, 73.6011) (469.8893, 149.9457)
Cordys pose electric_shooting 0.3 screen bounds (290.3869, 75.00331) (475.2832, 149.9457)
Cordys pose electric_shooting 0.4 screen bounds (290.5178, 75.06521) (479.3162, 149.9457)
Cordys pose electric_shooting 0.5 screen bounds (288.3126, 75.12706) (482.2988, 149.9457)
Cordys pose electric_shooting 0.5 screen bounds (290.5656, 75.18893) (484.4745, 149.9457)
Cordys pose electric_shooting 0.6 screen bounds (291.5948, 75.25078) (485.9186, 157.9848)
Cordys pose electric_shooting 0.6 screen bounds (288.8996, 75.31266) (486.6195, 164.7147)
Cordys pose electric_shooting 0.7 screen bounds (287.8617, 75.37449) (486.6899, 168.2563)
Cordys pose electric_shooting 0.7 screen bounds (288.2356, 73.53925) (485.5469, 170.0154)
Cordys pose electric_shooting 0.8 screen bounds (287.8569, 68.28101) (481.063, 171.3314)
Cordys pose electric_shooting 0.8 screen bounds (287.0103, 45.90636) (469.9232, 172.4124)
Cordys pose electric_shooting 0.8 screen bounds (286.2844, 54.02047) (456.1426, 170.3403)
Cordys pose electric_shooting 0.9 screen bounds (288.1123, 68.7293) (448.1724, 162.5285)
Cordys pose electric_shooting 0.9 screen bounds (292.2314, 79.35043) (443.568, 154.0947)
Cordys pose electric_shooting 1.0 screen bounds (294.8539, 81.28838) (441.6328, 150.5432)
