Godot Engine v4.7.1.stable.official.a13da4feb - https://godotengine.org

(0.03911, 0.017409, 0.065218)
(0.03911, 0.017409, 0.065218)
(0.03911, 0.017409, 0.065218)
PROLOGUE_PHASE|complete
RIDER_START|wall=CurrentWall1|diver=0|closing=false|position=(301.8843, -0.507667, 34.95497)|size=(18.408, 4.058, 1.0)
RIDER_FRAME|0|wall=(300.9946, 1.42021, 29.4305)|yaw=-1.54897964000702|actor=(302.0946, -0.507667, 34.93856)|local=(5.530746, -1.927877, -0.979584)|locked=true|mask=0
RIDER_CONTACT|frame=0|offset=(5.530746, -1.927877, -0.979584)
RIDER_FRAME|20|wall=(304.6113, 1.42021, 28.55607)|yaw=-1.11816096305847|actor=(307.9111, -0.507667, 33.10145)|local=(5.530746, -1.927877, -0.979614)|locked=true|mask=0
RIDER_FRAME|40|wall=(307.5764, 1.42021, 26.19716)|yaw=-0.67934274673462|actor=(312.4947, -0.507667, 28.90991)|local=(5.530746, -1.927877, -0.979599)|locked=true|mask=0
RIDER_FRAME|60|wall=(309.247, 1.42021, 22.84712)|yaw=-0.2458663135767|actor=(314.8499, -0.507667, 23.24315)|local=(5.530762, -1.927877, -0.979595)|locked=true|mask=0
RIDER_RELEASE|wall=CurrentWall1|diver=0|clear=true|mask=5|swim=1.00785064697266
RIDER_START|wall=CurrentWall2|diver=0|closing=false|position=(310.0916, -0.507667, 16.45787)|size=(27.8898, 4.05762, 1.0)
RIDER_FRAME|0|wall=(309.3057, 1.420213, 24.82138)|yaw=1.59261298179626|actor=(310.1031, -0.507667, 16.45762)|local=(8.344389, -1.92788, 0.979614)|locked=true|mask=0
RIDER_CONTACT|frame=1|offset=(8.344389, -1.927883, 0.979614)
RIDER_FRAME|20|wall=(314.9556, 1.420265, 23.43708)|yaw=2.02807998657227|actor=(312.1504, -0.507667, 15.51755)|local=(8.344391, -1.927933, 0.979614)|locked=true|mask=0
RIDER_FRAME|40|wall=(319.4831, 1.420318, 19.81252)|yaw=2.46222376823425|actor=(313.6069, -0.507667, 13.80765)|local=(8.344376, -1.927985, 0.979584)|locked=true|mask=0
RIDER_FRAME|60|wall=(322.0647, 1.42037, 14.62494)|yaw=2.89597392082214|actor=(314.209, -0.507667, 11.64576)|local=(8.344391, -1.928038, 0.979591)|locked=true|mask=0
RIDER_RELEASE|wall=CurrentWall2|diver=0|clear=true|mask=5|swim=1.00784683227539
RIDER_START|wall=CurrentWall1|diver=1|closing=false|position=(301.7586, -0.376822, 34.94328)|size=(18.408, 4.058, 1.0)
RIDER_FRAME|0|wall=(301.0263, 1.42021, 29.42975)|yaw=-1.54534351825714|actor=(302.0273, -0.376822, 34.92459)|local=(5.518562, -1.797032, -0.86087)|locked=true|mask=0
RIDER_CONTACT|frame=0|offset=(5.518562, -1.797032, -0.86087)
RIDER_FRAME|20|wall=(304.6828, 1.42021, 28.52092)|yaw=-1.10901129245758|actor=(307.9122, -0.376822, 33.07789)|local=(5.518555, -1.797032, -0.86087)|locked=true|mask=0
RIDER_FRAME|40|wall=(307.6126, 1.42021, 26.15191)|yaw=-0.67267894744873|actor=(312.4654, -0.376822, 28.91711)|local=(5.518555, -1.797032, -0.86084)|locked=true|mask=0
RIDER_FRAME|60|wall=(309.2668, 1.42021, 22.76666)|yaw=-0.2363466322422|actor=(314.8335, -0.376822, 23.22192)|local=(5.518555, -1.797032, -0.860844)|locked=true|mask=0
RIDER_RELEASE|wall=CurrentWall1|diver=1|clear=true|mask=5|swim=1.00785064697266
RIDER_START|wall=CurrentWall2|diver=1|closing=false|position=(309.9728, -0.376822, 16.4579)|size=(27.8898, 4.05762, 1.0)
RIDER_FRAME|0|wall=(309.3057, 1.420213, 24.82138)|yaw=1.59261298179626|actor=(309.9843, -0.376822, 16.45765)|local=(8.346972, -1.797034, 0.86084)|locked=true|mask=0
RIDER_CONTACT|frame=1|offset=(8.346973, -1.797037, 0.86087)
RIDER_FRAME|20|wall=(314.9911, 1.420266, 23.41953)|yaw=2.03101825714111|actor=(312.0551, -0.376822, 15.55873)|local=(8.346985, -1.797087, 0.86084)|locked=true|mask=0
RIDER_FRAME|40|wall=(319.554, 1.420319, 19.72388)|yaw=2.47065258026123|actor=(313.5516, -0.376822, 13.86016)|local=(8.346985, -1.797141, 0.860855)|locked=true|mask=0
RIDER_FRAME|60|wall=(322.0928, 1.420371, 14.51025)|yaw=2.90474438667297|actor=(314.1809, -0.376822, 11.71492)|local=(8.346954, -1.797193, 0.86084)|locked=true|mask=0
RIDER_RELEASE|wall=CurrentWall2|diver=1|clear=true|mask=5|swim=1.00784683227539
RIDER_START|wall=CurrentWall1|diver=2|closing=false|position=(301.9827, -0.120827, 34.94326)|size=(18.408, 4.058, 1.0)
RIDER_FRAME|0|wall=(300.963, 1.42021, 29.43113)|yaw=-1.5526157617569|actor=(302.1481, -0.120827, 34.92846)|local=(5.518009, -1.541037, -1.084991)|locked=true|mask=0
RIDER_CONTACT|frame=0|offset=(5.518009, -1.541037, -1.084991)
RIDER_FRAME|20|wall=(304.626, 1.42021, 28.54891)|yaw=-1.11628341674805|actor=(308.0233, -0.120827, 33.03033)|local=(5.518005, -1.541037, -1.08493)|locked=true|mask=0
RIDER_FRAME|40|wall=(307.573, 1.42021, 26.20127)|yaw=-0.67995113134384|actor=(312.546, -0.120827, 28.82706)|local=(5.518021, -1.541037, -1.084961)|locked=true|mask=0
RIDER_FRAME|60|wall=(309.2667, 1.42021, 22.76696)|yaw=-0.23638239502907|actor=(314.8853, -0.120827, 23.00441)|local=(5.518005, -1.541037, -1.084969)|locked=true|mask=0
RIDER_RELEASE|wall=CurrentWall1|diver=2|clear=true|mask=5|swim=1.62258529663086
RIDER_START|wall=CurrentWall2|diver=2|closing=false|position=(310.197, -0.120827, 16.45793)|size=(27.8898, 4.05762, 1.0)
RIDER_FRAME|0|wall=(309.012, 1.42021, 24.8248)|yaw=1.57079637050629|actor=(310.197, -0.120827, 16.45793)|local=(8.36694, -1.541037, 1.184998)|locked=false|mask=5
RIDER_CONTACT|frame=1|offset=(8.274532, -1.541049, 1.084961)
RIDER_FRAME|20|wall=(315.8064, 1.420274, 22.97902)|yaw=2.099858045578|actor=(312.5667, -0.120827, 15.28824)|local=(8.274536, -1.541101, 1.084961)|locked=true|mask=0
RIDER_FRAME|40|wall=(320.0791, 1.420327, 19.01483)|yaw=2.53619503974915|actor=(313.8926, -0.120827, 13.41379)|local=(8.274536, -1.541154, 1.084961)|locked=true|mask=0
RIDER_FRAME|60|wall=(322.2696, 1.420379, 13.65443)|yaw=2.96965980529785|actor=(314.3028, -0.120827, 11.16982)|local=(8.274506, -1.541207, 1.084961)|locked=true|mask=0
RIDER_RELEASE|wall=CurrentWall2|diver=2|clear=true|mask=5|swim=1.00784683227539
RIDER_START|wall=CurrentWall1|diver=0|closing=true|position=(315.0312, -0.507667, 21.80817)|size=(18.408, 4.058, 1.0)
RIDER_FRAME|0|wall=(309.5067, 1.42021, 20.91845)|yaw=-0.02181654050946|actor=(315.0266, -0.507667, 22.01872)|local=(5.542603, -1.927877, 0.979594)|locked=true|mask=0
RIDER_CONTACT|frame=0|offset=(5.542603, -1.927877, 0.979594)
RIDER_FRAME|20|wall=(308.6302, 1.42021, 24.53923)|yaw=-0.45315587520599|actor=(313.1845, -0.507667, 27.84652)|local=(5.542572, -1.927877, 0.979584)|locked=true|mask=0
RIDER_FRAME|40|wall=(306.2745, 1.42021, 27.49919)|yaw=-0.89127421379089|actor=(308.9956, -0.507667, 32.4262)|local=(5.542572, -1.927877, 0.979584)|locked=true|mask=0
RIDER_FRAME|60|wall=(302.9191, 1.42021, 29.17187)|yaw=-1.32542085647583|actor=(303.3153, -0.507667, 34.78637)|local=(5.542572, -1.927877, 0.979614)|locked=true|mask=0
RIDER_RELEASE|wall=CurrentWall1|diver=0|clear=true|mask=5|swim=1.00787353515625
RIDER_START|wall=CurrentWall2|diver=0|closing=true|position=(314.0995, -0.507667, 12.4303)|size=(27.8898, 4.05762, 1.0)
RIDER_FRAME|0|wall=(322.4634, 1.420397, 11.64443)|yaw=3.11977601051331|actor=(314.0992, -0.507667, 12.44175)|local=(8.344788, -1.928065, -0.979594)|locked=true|mask=0
RIDER_CONTACT|frame=1|offset=(8.344757, -1.928062, -0.979594)
RIDER_FRAME|20|wall=(321.0676, 1.420344, 17.33651)|yaw=2.68098282814026|actor=(313.157, -0.507667, 14.50481)|local=(8.344788, -1.928012, -0.979607)|locked=true|mask=0
RIDER_FRAME|40|wall=(317.3907, 1.420291, 21.89229)|yaw=2.24267148971558|actor=(311.4298, -0.507667, 15.97097)|local=(8.344788, -1.927959, -0.979599)|locked=true|mask=0
RIDER_FRAME|60|wall=(312.1937, 1.420239, 24.44106)|yaw=1.80938291549683|actor=(309.2698, -0.507667, 16.56419)|local=(8.344788, -1.927906, -0.979584)|locked=true|mask=0
RIDER_RELEASE|wall=CurrentWall2|diver=0|clear=true|mask=5|swim=1.68566250801086
RIDER_START|wall=CurrentWall1|diver=1|closing=true|position=(315.0311, -0.376822, 21.68941)|size=(18.408, 4.058, 1.0)
RIDER_FRAME|0|wall=(309.5067, 1.42021, 20.91845)|yaw=-0.02181654050946|actor=(315.0266, -0.376822, 21.89994)|local=(5.540009, -1.797032, 0.860848)|locked=true|mask=0
RIDER_CONTACT|frame=0|offset=(5.540009, -1.797032, 0.860848)
RIDER_FRAME|20|wall=(308.5958, 1.42021, 24.60915)|yaw=-0.46211069822311|actor=(313.1709, -0.376822, 27.84963)|local=(5.539978, -1.797032, 0.86084)|locked=true|mask=0
RIDER_FRAME|40|wall=(306.2226, 1.42021, 27.54082)|yaw=-0.89892119169235|actor=(308.9972, -0.376822, 32.41253)|local=(5.539978, -1.797032, 0.86084)|locked=true|mask=0
RIDER_FRAME|60|wall=(302.8618, 1.42021, 29.18603)|yaw=-1.33220970630646|actor=(303.3346, -0.376822, 34.77249)|local=(5.539986, -1.797032, 0.86084)|locked=true|mask=0
RIDER_RELEASE|wall=CurrentWall1|diver=1|clear=true|mask=5|swim=1.00787353515625
RIDER_START|wall=CurrentWall2|diver=1|closing=true|position=(314.0995, -0.376822, 12.31155)|size=(27.8898, 4.05762, 1.0)
RIDER_FRAME|0|wall=(322.4634, 1.420397, 11.64443)|yaw=3.11977601051331|actor=(314.0993, -0.376822, 12.32298)|local=(8.347382, -1.797219, -0.860847)|locked=true|mask=0
RIDER_CONTACT|frame=1|offset=(8.347382, -1.797217, -0.860847)
RIDER_FRAME|20|wall=(321.0277, 1.420344, 17.41632)|yaw=2.67435765266418|actor=(313.1873, -0.376822, 14.4251)|local=(8.347382, -1.797165, -0.86084)|locked=true|mask=0
RIDER_FRAME|40|wall=(317.3907, 1.420291, 21.89229)|yaw=2.24267148971558|actor=(311.5212, -0.376822, 15.89505)|local=(8.347382, -1.797113, -0.860855)|locked=true|mask=0
RIDER_FRAME|60|wall=(312.1937, 1.420239, 24.44106)|yaw=1.80938291549683|actor=(309.3846, -0.376822, 16.53364)|local=(8.347389, -1.797061, -0.86084)|locked=true|mask=0
RIDER_RELEASE|wall=CurrentWall2|diver=1|clear=true|mask=5|swim=1.91238045692444
RIDER_START|wall=CurrentWall1|diver=2|closing=true|position=(315.0311, -0.120827, 21.91352)|size=(18.408, 4.058, 1.0)
RIDER_FRAME|0|wall=(309.5073, 1.42021, 20.88681)|yaw=-0.01818043738604|actor=(315.0282, -0.120827, 22.07232)|local=(5.541595, -1.541037, 1.084962)|locked=true|mask=0
RIDER_CONTACT|frame=0|offset=(5.541595, -1.541037, 1.084962)
RIDER_FRAME|20|wall=(308.634, 1.42021, 24.53149)|yaw=-0.45216628909111|actor=(313.1446, -0.120827, 27.92859)|local=(5.541626, -1.541037, 1.084969)|locked=true|mask=0
RIDER_FRAME|40|wall=(306.2656, 1.42021, 27.50644)|yaw=-0.89260005950928|actor=(308.8974, -0.120827, 32.50235)|local=(5.54158, -1.541037, 1.084976)|locked=true|mask=0
RIDER_FRAME|60|wall=(302.9152, 1.42021, 29.17286)|yaw=-1.32588851451874|actor=(303.2063, -0.120827, 34.8121)|local=(5.541603, -1.541037, 1.08493)|locked=true|mask=0
RIDER_RELEASE|wall=CurrentWall1|diver=2|clear=true|mask=5|swim=1.00787353515625
RIDER_START|wall=CurrentWall2|diver=2|closing=true|position=(314.0995, -0.120827, 12.53566)|size=(27.8898, 4.05762, 1.0)
RIDER_FRAME|0|wall=(322.4651, 1.420398, 11.54653)|yaw=3.12704825401306|actor=(314.0995, -0.120827, 12.53566)|local=(8.350403, -1.541226, -1.110701)|locked=false|mask=5
RIDER_CONTACT|frame=1|offset=(8.320526, -1.541222, -1.084961)
RIDER_FRAME|20|wall=(321.1108, 1.420345, 17.24838)|yaw=2.68827438354492|actor=(313.1556, -0.120827, 14.57981)|local=(8.320526, -1.541173, -1.084969)|locked=true|mask=0
RIDER_FRAME|40|wall=(317.468, 1.420292, 21.83028)|yaw=2.25002932548523|actor=(311.397, -0.120827, 16.03809)|local=(8.320526, -1.541119, -1.084946)|locked=true|mask=0
RIDER_FRAME|60|wall=(312.2863, 1.42024, 24.41814)|yaw=1.81646382808685|actor=(309.2104, -0.120827, 16.61139)|local=(8.320526, -1.541067, -1.084961)|locked=true|mask=0
RIDER_RELEASE|wall=CurrentWall2|diver=2|clear=true|mask=5|swim=1.71512162685394
RIDER_START|wall=CSGBox3D14|diver=0|closing=false|position=(388.0629, -0.507667, 34.2212)|size=(25.6101, 4.05762, 1.0)
RIDER_FRAME|0|wall=(380.3785, 1.4204, 33.32057)|yaw=-0.01454441063106|actor=(388.0601, -0.507667, 34.412)|local=(7.696594, -1.928067, 0.979597)|locked=true|mask=0
RIDER_CONTACT|frame=0|offset=(7.696594, -1.928067, 0.979597)
RIDER_FRAME|20|wall=(379.1143, 1.4204, 38.57699)|yaw=-0.45751532912254|actor=(385.5866, -0.507667, 42.85559)|local=(7.696625, -1.928067, 0.979599)|locked=true|mask=0
RIDER_FRAME|40|wall=(375.8114, 1.4204, 42.71022)|yaw=-0.89086908102036|actor=(379.8888, -0.507667, 49.31116)|local=(7.696625, -1.928067, 0.979614)|locked=true|mask=0
RIDER_FRAME|60|wall=(371.071, 1.4204, 45.07629)|yaw=-1.32483065128326|actor=(371.9949, -0.507667, 52.77978)|local=(7.696625, -1.928067, 0.979614)|locked=true|mask=0
RIDER_RELEASE|wall=CSGBox3D14|diver=0|clear=true|mask=5|swim=1.00787353515625
RIDER_START|wall=CSGBox3D15|diver=0|closing=false|position=(396.3192, -0.507667, 28.0117)|size=(25.2762, 4.05762, 1.0)
RIDER_FRAME|0|wall=(388.7344, 1.4204, 27.15277)|yaw=-0.01818051189184|actor=(396.3145, -0.507667, 28.27036)|local=(7.599243, -1.928067, 0.979595)|locked=true|mask=0
RIDER_CONTACT|frame=0|offset=(7.599243, -1.928067, 0.979595)
RIDER_FRAME|20|wall=(387.4696, 1.4204, 32.33102)|yaw=-0.46094045042992|actor=(393.84, -0.507667, 36.58844)|local=(7.599243, -1.928067, 0.979584)|locked=true|mask=0
RIDER_FRAME|40|wall=(384.1982, 1.4204, 36.39651)|yaw=-0.89422887563705|actor=(388.1924, -0.507667, 42.93516)|local=(7.599243, -1.928067, 0.979584)|locked=true|mask=0
RIDER_FRAME|60|wall=(379.5222, 1.4204, 38.71279)|yaw=-1.32751727104187|actor=(380.402, -0.507667, 46.3242)|local=(7.599243, -1.928067, 0.979614)|locked=true|mask=0
RIDER_RELEASE|wall=CSGBox3D15|diver=0|clear=true|mask=5|swim=1.00787353515625
RIDER_START|wall=CSGBox3D14|diver=1|closing=false|position=(388.0628, -0.376822, 34.10245)|size=(25.6101, 4.05762, 1.0)
RIDER_FRAME|0|wall=(380.3769, 1.4204, 33.41004)|yaw=-0.02181661501527|actor=(388.0555, -0.376822, 34.43864)|local=(7.69928, -1.797222, 0.860846)|locked=true|mask=0
RIDER_CONTACT|frame=0|offset=(7.69928, -1.797222, 0.860846)
RIDER_FRAME|20|wall=(379.137, 1.4204, 38.53058)|yaw=-0.45331567525864|actor=(385.6816, -0.376822, 42.67634)|local=(7.699219, -1.797222, 0.86084)|locked=true|mask=0
RIDER_FRAME|40|wall=(375.8185, 1.4204, 42.70448)|yaw=-0.89012616872787|actor=(379.9948, -0.376822, 49.22966)|local=(7.699219, -1.797222, 0.86084)|locked=true|mask=0
RIDER_FRAME|60|wall=(371.0879, 1.4204, 45.07204)|yaw=-1.32341456413269|actor=(372.1385, -0.376822, 52.74764)|local=(7.699234, -1.797222, 0.86087)|locked=true|mask=0
RIDER_RELEASE|wall=CSGBox3D14|diver=1|clear=true|mask=5|swim=1.00787353515625
RIDER_START|wall=CSGBox3D15|diver=1|closing=false|position=(396.3192, -0.376822, 27.89295)|size=(25.2762, 4.05762, 1.0)
RIDER_FRAME|0|wall=(388.7335, 1.4204, 27.1969)|yaw=-0.02181661501527|actor=(396.312, -0.376822, 28.22331)|local=(7.599152, -1.797222, 0.860847)|locked=true|mask=0
RIDER_CONTACT|frame=0|offset=(7.599152, -1.797222, 0.860847)
RIDER_FRAME|20|wall=(387.4844, 1.4204, 32.30107)|yaw=-0.45818731188774|actor=(393.9189, -0.376822, 36.43438)|local=(7.599121, -1.797222, 0.86084)|locked=true|mask=0
RIDER_FRAME|40|wall=(384.2392, 1.4204, 36.36348)|yaw=-0.88989454507828|actor=(388.3539, -0.376822, 42.80991)|local=(7.599152, -1.797222, 0.86084)|locked=true|mask=0
RIDER_FRAME|60|wall=(379.5732, 1.4204, 38.7)|yaw=-1.3231828212738|actor=(380.6011, -0.376822, 46.27831)|local=(7.599167, -1.797222, 0.86084)|locked=true|mask=0
RIDER_RELEASE|wall=CSGBox3D15|diver=1|clear=true|mask=5|swim=1.00787353515625
RIDER_START|wall=CSGBox3D14|diver=2|closing=false|position=(388.0628, -0.120827, 34.32656)|size=(25.6101, 4.05762, 1.0)
RIDER_FRAME|0|wall=(380.3778, 1.4204, 33.36531)|yaw=-0.01818051189184|actor=(388.058, -0.120827, 34.59008)|local=(7.701324, -1.541227, 1.084963)|locked=true|mask=0
RIDER_CONTACT|frame=0|offset=(7.701324, -1.541227, 1.084963)
RIDER_FRAME|20|wall=(379.0967, 1.4204, 38.61263)|yaw=-0.46074640750885|actor=(385.5125, -0.120827, 43.00854)|local=(7.701324, -1.541227, 1.084961)|locked=true|mask=0
RIDER_FRAME|40|wall=(375.7811, 1.4204, 42.73467)|yaw=-0.89403486251831|actor=(379.7583, -0.120827, 49.41805)|local=(7.701294, -1.541227, 1.084961)|locked=true|mask=0
RIDER_FRAME|60|wall=(371.0412, 1.4204, 45.08372)|yaw=-1.32732319831848|actor=(371.8448, -0.120827, 52.81936)|local=(7.701294, -1.541227, 1.084991)|locked=true|mask=0
RIDER_RELEASE|wall=CSGBox3D14|diver=2|clear=true|mask=5|swim=1.00787353515625
RIDER_START|wall=CSGBox3D15|diver=2|closing=false|position=(396.3192, -0.120827, 28.11706)|size=(25.2762, 4.05762, 1.0)
RIDER_FRAME|0|wall=(388.7351, 1.4204, 27.10864)|yaw=-0.01454441063106|actor=(396.3165, -0.120827, 28.30398)|local=(7.598083, -1.541227, 1.084961)|locked=true|mask=0
RIDER_CONTACT|frame=0|offset=(7.598083, -1.541227, 1.084961)
RIDER_FRAME|20|wall=(387.4954, 1.4204, 32.27879)|yaw=-0.45614159107208|actor=(393.8386, -0.120827, 36.59962)|local=(7.598053, -1.541227, 1.084961)|locked=true|mask=0
RIDER_FRAME|40|wall=(384.2188, 1.4204, 36.37995)|yaw=-0.89205259084702|actor=(388.1444, -0.120827, 42.97506)|local=(7.598022, -1.541227, 1.084961)|locked=true|mask=0
RIDER_FRAME|60|wall=(379.5479, 1.4204, 38.7064)|yaw=-1.32534098625183|actor=(380.3417, -0.120827, 46.34026)|local=(7.598053, -1.541227, 1.084991)|locked=true|mask=0
RIDER_RELEASE|wall=CSGBox3D15|diver=2|clear=true|mask=5|swim=1.00787353515625
RIDER_START|wall=CSGBox3D14|diver=0|closing=true|position=(369.1544, -0.507667, 53.12969)|size=(25.6101, 4.05762, 1.0)
RIDER_FRAME|0|wall=(368.4103, 1.4204, 45.44209)|yaw=-1.54352557659149|actor=(369.5996, -0.507667, 53.11754)|local=(7.705029, -1.928067, -0.979614)|locked=true|mask=0
RIDER_CONTACT|frame=0|offset=(7.705029, -1.928067, -0.979614)
RIDER_FRAME|20|wall=(373.5773, 1.4204, 44.14783)|yaw=-1.10719335079193|actor=(377.899, -0.507667, 50.60151)|local=(7.705048, -1.928067, -0.979584)|locked=true|mask=0
RIDER_FRAME|40|wall=(377.7132, 1.4204, 40.79118)|yaw=-0.67086100578308|actor=(384.3574, -0.507667, 44.81378)|local=(7.705048, -1.928067, -0.979599)|locked=true|mask=0
RIDER_FRAME|60|wall=(380.0412, 1.4204, 36.00838)|yaw=-0.2351358383894|actor=(387.7625, -0.507667, 36.85081)|local=(7.705048, -1.928067, -0.979595)|locked=true|mask=0
RIDER_RELEASE|wall=CSGBox3D14|diver=0|clear=true|mask=5|swim=1.00785636901855
RIDER_START|wall=CSGBox3D15|diver=0|closing=true|position=(377.6779, -0.507667, 46.65305)|size=(25.2762, 4.05762, 1.0)
RIDER_FRAME|0|wall=(376.8631, 1.4204, 39.06732)|yaw=-1.54897975921631|actor=(378.0083, -0.507667, 46.64584)|local=(7.601719, -1.928067, -0.979584)|locked=true|mask=0
RIDER_CONTACT|frame=0|offset=(7.601719, -1.928067, -0.979584)
RIDER_FRAME|20|wall=(381.9607, 1.4204, 37.82146)|yaw=-1.11320948600769|actor=(386.1978, -0.507667, 44.20833)|local=(7.601715, -1.928067, -0.979614)|locked=true|mask=0
RIDER_FRAME|40|wall=(386.0983, 1.4204, 34.48753)|yaw=-0.67187505960464|actor=(392.6575, -0.507667, 38.45255)|local=(7.601715, -1.928067, -0.979614)|locked=true|mask=0
RIDER_FRAME|60|wall=(388.3926, 1.4204, 29.8007)|yaw=-0.23858654499054|actor=(396.0104, -0.507667, 30.64536)|local=(7.601685, -1.928067, -0.979595)|locked=true|mask=0
RIDER_RELEASE|wall=CSGBox3D15|diver=0|clear=true|mask=5|swim=1.00785064697266
RIDER_START|wall=CSGBox3D14|diver=1|closing=true|position=(369.0356, -0.376822, 53.12965)|size=(25.6101, 4.05762, 1.0)
RIDER_FRAME|0|wall=(368.2537, 1.4204, 45.44536)|yaw=-1.55625200271606|actor=(369.2264, -0.376822, 53.12688)|local=(7.694893, -1.797222, -0.86084)|locked=true|mask=0
RIDER_CONTACT|frame=0|offset=(7.694893, -1.797222, -0.86084)
RIDER_FRAME|20|wall=(373.4682, 1.4204, 44.20168)|yaw=-1.11707830429077|actor=(377.6147, -0.376822, 50.74067)|local=(7.694885, -1.797222, -0.86084)|locked=true|mask=0
RIDER_FRAME|40|wall=(377.6614, 1.4204, 40.85595)|yaw=-0.67759948968887|actor=(384.196, -0.376822, 45.00937)|local=(7.694885, -1.797222, -0.86084)|locked=true|mask=0
RIDER_FRAME|60|wall=(380.0164, 1.4204, 36.11021)|yaw=-0.24365399777889|actor=(387.6916, -0.376822, 37.13117)|local=(7.694916, -1.797222, -0.860844)|locked=true|mask=0
RIDER_RELEASE|wall=CSGBox3D14|diver=1|clear=true|mask=5|swim=1.00785446166992
RIDER_START|wall=CSGBox3D15|diver=1|closing=true|position=(377.5591, -0.376822, 46.65302)|size=(25.2762, 4.05762, 1.0)
RIDER_FRAME|0|wall=(376.7748, 1.4204, 39.06892)|yaw=-1.55625200271606|actor=(377.7461, -0.376822, 46.6503)|local=(7.594749, -1.797222, -0.86087)|locked=true|mask=0
RIDER_CONTACT|frame=0|offset=(7.594749, -1.797222, -0.86087)
RIDER_FRAME|20|wall=(381.8963, 1.4204, 37.85296)|yaw=-1.11911988258362|actor=(385.9857, -0.376822, 44.3103)|local=(7.594757, -1.797222, -0.86087)|locked=true|mask=0
RIDER_FRAME|40|wall=(386.0603, 1.4204, 34.53501)|yaw=-0.67688357830048|actor=(392.5198, -0.376822, 38.62103)|local=(7.594727, -1.797222, -0.860825)|locked=true|mask=0
RIDER_FRAME|60|wall=(388.3781, 1.4204, 29.85973)|yaw=-0.24359510838985|actor=(395.9561, -0.376822, 30.85609)|local=(7.594757, -1.797222, -0.86084)|locked=true|mask=0
RIDER_RELEASE|wall=CSGBox3D15|diver=1|clear=true|mask=5|swim=1.00785064697266
RIDER_START|wall=CSGBox3D14|diver=2|closing=true|position=(369.2597, -0.120827, 53.12962)|size=(25.6101, 4.05762, 1.0)
RIDER_FRAME|0|wall=(368.3432, 1.4204, 45.44373)|yaw=-1.54897975921631|actor=(369.5959, -0.120827, 53.12228)|local=(7.704124, -1.541227, -1.08493)|locked=true|mask=0
RIDER_CONTACT|frame=0|offset=(7.704124, -1.541227, -1.08493)
RIDER_FRAME|20|wall=(373.584, 1.4204, 44.14447)|yaw=-1.10658419132233|actor=(378.0033, -0.120827, 50.54749)|local=(7.704132, -1.541227, -1.084961)|locked=true|mask=0
RIDER_FRAME|40|wall=(377.7054, 1.4204, 40.80095)|yaw=-0.67187505960464|actor=(384.4103, -0.120827, 44.74722)|local=(7.704132, -1.541227, -1.084961)|locked=true|mask=0
RIDER_FRAME|60|wall=(380.0312, 1.4204, 36.04966)|yaw=-0.23858654499054|actor=(387.7735, -0.120827, 36.81613)|local=(7.704132, -1.541227, -1.084965)|locked=true|mask=0
RIDER_RELEASE|wall=CSGBox3D14|diver=2|clear=true|mask=5|swim=1.08206558227539
RIDER_START|wall=CSGBox3D15|diver=2|closing=true|position=(377.7832, -0.120827, 46.65299)|size=(25.2762, 4.05762, 1.0)
RIDER_FRAME|0|wall=(377.4741, 1.4204, 39.03857)|yaw=-1.49858164787292|actor=(379.1058, -0.120827, 46.55731)|local=(7.616943, -1.541227, -1.084961)|locked=true|mask=0
RIDER_CONTACT|frame=0|offset=(7.616943, -1.541227, -1.084961)
RIDER_FRAME|20|wall=(382.5497, 1.4204, 37.51109)|yaw=-1.05835735797882|actor=(387.2298, -0.120827, 43.61762)|local=(7.616959, -1.541227, -1.084961)|locked=true|mask=0
RIDER_FRAME|40|wall=(386.4865, 1.4204, 33.97173)|yaw=-0.61868047714233|actor=(393.3208, -0.120827, 37.50536)|local=(7.616943, -1.541227, -1.084961)|locked=true|mask=0
RIDER_FRAME|60|wall=(388.5284, 1.4204, 29.16954)|yaw=-0.18539203703403|actor=(396.2147, -0.120827, 29.50722)|local=(7.616913, -1.541227, -1.084953)|locked=true|mask=0
RIDER_RELEASE|wall=CSGBox3D15|diver=2|clear=true|mask=5|swim=1.00785064697266
RIDER_START|wall=CSGBox3D10|diver=0|closing=false|position=(375.5187, -0.507667, 19.70003)|size=(33.6604, 4.05762, 1.0)
RIDER_FRAME|0|wall=(376.2202, 1.4204, 9.606033)|yaw=-1.54897975921631|actor=(375.4607, -0.507667, 19.70129)|local=(10.07629, -1.928067, 0.979584)|locked=true|mask=0
RIDER_CONTACT|frame=1|offset=(10.07629, -1.928067, 0.979584)
RIDER_FRAME|20|wall=(368.9445, 1.4204, 11.38363)|yaw=-1.11336433887482|actor=(372.5157, -0.507667, 20.85661)|local=(10.07628, -1.928067, 0.979614)|locked=true|mask=0
RIDER_FRAME|40|wall=(362.9045, 1.4204, 16.31062)|yaw=-0.65971183776855|actor=(370.2661, -0.507667, 23.26031)|local=(10.07629, -1.928067, 0.979584)|locked=true|mask=0
RIDER_FRAME|60|wall=(359.7081, 1.4204, 23.05188)|yaw=-0.22581416368484|actor=(369.3092, -0.507667, 26.26268)|local=(10.07629, -1.928067, 0.979591)|locked=true|mask=0
RIDER_RELEASE|wall=CSGBox3D10|diver=0|clear=true|mask=5|swim=1.00785064697266
RIDER_START|wall=CSGBox3D11|diver=0|closing=false|position=(366.9952, -0.507667, 26.00158)|size=(31.9193, 4.05762, 1.0)
RIDER_FRAME|0|wall=(367.7905, 1.4204, 16.75905)|yaw=-1.54897975921631|actor=(366.9952, -0.507667, 26.00158)|local=(9.223001, -1.928067, 0.996765)|locked=false|mask=5
RIDER_CONTACT|frame=2|offset=(9.128197, -1.928067, 0.979614)
RIDER_FRAME|20|wall=(362.6118, 1.4204, 19.55785)|yaw=-1.10944652557373|actor=(365.7981, -0.507667, 28.16777)|local=(9.128189, -1.928067, 0.979614)|locked=true|mask=0
RIDER_FRAME|40|wall=(359.1065, 1.4204, 24.3165)|yaw=-0.66811215877533|actor=(365.6652, -0.507667, 30.74042)|local=(9.128204, -1.928067, 0.979599)|locked=true|mask=0
RIDER_FRAME|60|wall=(357.9672, 1.4204, 30.00787)|yaw=-0.23482368886471|actor=(366.6169, -0.507667, 33.08444)|local=(9.128204, -1.928067, 0.979591)|locked=true|mask=0
RIDER_RELEASE|wall=CSGBox3D11|diver=0|clear=true|mask=5|swim=1.00785446166992
RIDER_START|wall=CSGBox3D10|diver=1|closing=false|position=(375.6375, -0.376822, 19.69999)|size=(33.6604, 4.05762, 1.0)
RIDER_FRAME|0|wall=(376.3463, 1.4204, 9.603743)|yaw=-1.55625200271606|actor=(375.6322, -0.376822, 19.70007)|local=(10.08491, -1.797222, 0.86084)|locked=true|mask=0
RIDER_CONTACT|frame=1|offset=(10.08491, -1.797222, 0.86087)
RIDER_FRAME|20|wall=(369.0023, 1.4204, 11.35532)|yaw=-1.11707830429077|actor=(372.6488, -0.376822, 20.79714)|local=(10.0849, -1.797222, 0.86087)|locked=true|mask=0
RIDER_FRAME|40|wall=(363.0868, 1.4204, 16.07968)|yaw=-0.67668861150742|actor=(370.4104, -0.376822, 23.06612)|local=(10.0849, -1.797222, 0.86084)|locked=true|mask=0
RIDER_FRAME|60|wall=(359.7799, 1.4204, 22.75132)|yaw=-0.24364612996578|actor=(369.3593, -0.376822, 26.01964)|local=(10.08493, -1.797222, 0.860855)|locked=true|mask=0
RIDER_RELEASE|wall=CSGBox3D10|diver=1|clear=true|mask=5|swim=1.00785064697266
RIDER_START|wall=CSGBox3D11|diver=1|closing=false|position=(367.1138, -0.377759, 26.12033)|size=(31.9193, 4.05762, 1.0)
RIDER_FRAME|0|wall=(368.0748, 1.4204, 16.68196)|yaw=-1.57079637050629|actor=(367.1138, -0.377759, 26.12033)|local=(9.438431, -1.798159, 0.960999)|locked=false|mask=5
RIDER_CONTACT|frame=1|offset=(8.8088, -1.798159, 0.86084)
RIDER_FRAME|20|wall=(360.3388, 1.4204, 22.10377)|yaw=-0.85598236322403|actor=(365.4626, -0.377759, 29.32052)|local=(8.808807, -1.798159, 0.86084)|locked=true|mask=0
RIDER_FRAME|40|wall=(358.1411, 1.4204, 27.57498)|yaw=-0.41572800278664|actor=(365.8519, -0.377759, 31.91995)|local=(8.808807, -1.798159, 0.860855)|locked=true|mask=0
RIDER_FRAME|60|wall=(358.3976, 1.4204, 33.14161)|yaw=0.0|actor=(367.1993, -0.377759, 33.99549)|local=(8.801849, -1.798159, 0.853893)|locked=true|mask=0
RIDER_RELEASE|wall=CSGBox3D11|diver=1|clear=true|mask=5|swim=1.08206939697266
RIDER_START|wall=CSGBox3D10|diver=2|closing=false|position=(375.4133, -0.120827, 19.69995)|size=(33.6604, 4.05762, 1.0)
RIDER_FRAME|0|wall=(376.2202, 1.4204, 9.606033)|yaw=-1.54897975921631|actor=(375.3553, -0.120827, 19.70121)|local=(10.07399, -1.541227, 1.08493)|locked=true|mask=0
RIDER_CONTACT|frame=1|offset=(10.07399, -1.541227, 1.084961)
RIDER_FRAME|20|wall=(368.9799, 1.4204, 11.36627)|yaw=-1.11563777923584|actor=(372.4339, -0.120827, 20.89151)|local=(10.07397, -1.541227, 1.084961)|locked=true|mask=0
RIDER_FRAME|40|wall=(363.1095, 1.4204, 16.05148)|yaw=-0.67877733707428|actor=(370.2693, -0.120827, 23.22076)|local=(10.07401, -1.541227, 1.084961)|locked=true|mask=0
RIDER_FRAME|60|wall=(359.7877, 1.4204, 22.72034)|yaw=-0.24548889696598|actor=(369.2959, -0.120827, 26.22103)|local=(10.07401, -1.541227, 1.084961)|locked=true|mask=0
RIDER_RELEASE|wall=CSGBox3D10|diver=2|clear=true|mask=5|swim=1.00785064697266
RIDER_START|wall=CSGBox3D11|diver=2|closing=false|position=(366.8898, -0.120827, 25.89621)|size=(31.9193, 4.05762, 1.0)
RIDER_FRAME|0|wall=(367.8378, 1.4204, 16.74577)|yaw=-1.55261659622192|actor=(366.8898, -0.120827, 25.89621)|local=(9.131798, -1.541227, 1.114136)|locked=false|mask=5
RIDER_CONTACT|frame=3|offset=(9.01125, -1.541227, 1.084961)
RIDER_FRAME|20|wall=(362.6411, 1.4204, 19.53243)|yaw=-1.11232233047485|actor=(365.6564, -0.120827, 28.09317)|local=(9.011261, -1.541227, 1.08493)|locked=true|mask=0
RIDER_FRAME|40|wall=(359.1553, 1.4204, 24.20671)|yaw=-0.67701286077499|actor=(365.4994, -0.120827, 30.69756)|local=(9.011261, -1.541227, 1.084961)|locked=true|mask=0
RIDER_FRAME|60|wall=(357.9654, 1.4204, 29.88772)|yaw=-0.24372431635857|actor=(366.4484, -0.120827, 33.11516)|local=(9.01123, -1.541227, 1.084969)|locked=true|mask=0
RIDER_RELEASE|wall=CSGBox3D11|diver=2|clear=true|mask=5|swim=1.00785446166992
RIDER_START|wall=CSGBox3D10|diver=0|closing=true|position=(369.3662, -0.507667, 25.85251)|size=(33.6604, 4.05762, 1.0)
RIDER_FRAME|0|wall=(359.2722, 1.4204, 26.55405)|yaw=-0.02181661687791|actor=(369.3675, -0.507667, 25.7945)|local=(10.07626, -1.928067, -0.979595)|locked=true|mask=0
RIDER_CONTACT|frame=1|offset=(10.07626, -1.928067, -0.979595)
RIDER_FRAME|20|wall=(361.0742, 1.4204, 19.22893)|yaw=-0.46060985326767|actor=(370.5358, -0.507667, 22.83027)|local=(10.07629, -1.928067, -0.979599)|locked=true|mask=0
RIDER_FRAME|40|wall=(365.811, 1.4204, 13.36852)|yaw=-0.89892131090164|actor=(372.8497, -0.507667, 20.64501)|local=(10.07626, -1.928067, -0.979614)|locked=true|mask=0
RIDER_FRAME|60|wall=(372.5027, 1.4204, 10.09282)|yaw=-1.33220982551575|actor=(375.8358, -0.507667, 19.65212)|local=(10.07627, -1.928067, -0.979584)|locked=true|mask=0
RIDER_RELEASE|wall=CSGBox3D10|diver=0|clear=true|mask=5|swim=1.00787353515625
RIDER_START|wall=CSGBox3D11|diver=0|closing=true|position=(367.1443, -0.507667, 32.06202)|size=(31.9193, 4.05762, 1.0)
RIDER_FRAME|0|wall=(358.3267, 1.4204, 32.85572)|yaw=-0.02181661687791|actor=(367.1443, -0.507667, 32.06202)|local=(8.798248, -1.928067, -0.985868)|locked=false|mask=5
RIDER_CONTACT|frame=2|offset=(8.851746, -1.928067, -0.979595)
RIDER_FRAME|20|wall=(358.2426, 1.4204, 27.02502)|yaw=-0.45715320110321|actor=(366.6178, -0.507667, 30.05313)|local=(8.851746, -1.928067, -0.979599)|locked=true|mask=0
RIDER_FRAME|40|wall=(360.6082, 1.4204, 21.72581)|yaw=-0.89036136865616|actor=(366.9386, -0.507667, 27.98996)|local=(8.85173, -1.928067, -0.979584)|locked=true|mask=0
RIDER_FRAME|60|wall=(364.9808, 1.4204, 17.90865)|yaw=-1.32364976406097|actor=(368.0961, -0.507667, 26.25175)|local=(8.851746, -1.928067, -0.979584)|locked=true|mask=0
RIDER_RELEASE|wall=CSGBox3D11|diver=0|clear=true|mask=5|swim=1.00787353515625
RIDER_START|wall=CSGBox3D10|diver=1|closing=true|position=(369.3662, -0.376822, 25.97127)|size=(33.6604, 4.05762, 1.0)
RIDER_FRAME|0|wall=(359.2722, 1.4204, 26.55405)|yaw=-0.02181661687791|actor=(369.3674, -0.376822, 25.91328)|local=(10.07889, -1.797222, -0.860846)|locked=true|mask=0
RIDER_CONTACT|frame=1|offset=(10.07889, -1.797222, -0.860847)
RIDER_FRAME|20|wall=(361.1256, 1.4204, 19.12625)|yaw=-0.46723511815071|actor=(370.5119, -0.376822, 22.89738)|local=(10.07889, -1.797222, -0.86084)|locked=true|mask=0
RIDER_FRAME|40|wall=(365.811, 1.4204, 13.36852)|yaw=-0.89892131090164|actor=(372.7584, -0.376822, 20.72095)|local=(10.07887, -1.797222, -0.86087)|locked=true|mask=0
RIDER_FRAME|60|wall=(372.5027, 1.4204, 10.09282)|yaw=-1.33220982551575|actor=(375.721, -0.376822, 19.6827)|local=(10.0789, -1.797222, -0.86084)|locked=true|mask=0
RIDER_RELEASE|wall=CSGBox3D10|diver=1|clear=true|mask=5|swim=1.00787353515625
RIDER_START|wall=CSGBox3D11|diver=1|closing=true|position=(367.263, -0.376822, 32.18077)|size=(31.9193, 4.05762, 1.0)
RIDER_FRAME|0|wall=(358.3382, 1.4204, 32.90405)|yaw=-0.01813658885658|actor=(367.263, -0.376822, 32.18077)|local=(8.910309, -1.797222, -0.885027)|locked=false|mask=5
RIDER_CONTACT|frame=3|offset=(8.979645, -1.797222, -0.860849)
RIDER_FRAME|20|wall=(358.2517, 1.4204, 26.98141)|yaw=-0.46045190095901|actor=(366.6786, -0.376822, 30.20033)|local=(8.979645, -1.797222, -0.86084)|locked=true|mask=0
RIDER_FRAME|40|wall=(360.6354, 1.4204, 21.68917)|yaw=-0.89374035596848|actor=(366.9321, -0.376822, 28.14872)|local=(8.979645, -1.797222, -0.860809)|locked=true|mask=0
RIDER_FRAME|60|wall=(365.0208, 1.4204, 17.88681)|yaw=-1.32702875137329|actor=(368.0236, -0.376822, 26.39313)|local=(8.979652, -1.797222, -0.86084)|locked=true|mask=0
RIDER_RELEASE|wall=CSGBox3D11|diver=1|clear=true|mask=5|swim=1.00787353515625
RIDER_START|wall=CSGBox3D10|diver=2|closing=true|position=(369.3661, -0.120827, 25.74716)|size=(33.6604, 4.05762, 1.0)
RIDER_FRAME|0|wall=(359.2699, 1.4204, 26.68006)|yaw=-0.01454441063106|actor=(369.3663, -0.120827, 25.74185)|local=(10.08173, -1.541227, -1.084961)|locked=true|mask=0
RIDER_CONTACT|frame=1|offset=(10.08173, -1.541227, -1.084962)
RIDER_FRAME|20|wall=(361.0521, 1.4204, 19.2737)|yaw=-0.45772829651833|actor=(370.5753, -0.120827, 22.75561)|local=(10.08173, -1.541227, -1.084961)|locked=true|mask=0
RIDER_FRAME|40|wall=(365.67, 1.4204, 13.48188)|yaw=-0.88848161697388|actor=(372.8694, -0.120827, 20.62221)|local=(10.0817, -1.541227, -1.084961)|locked=true|mask=0
RIDER_FRAME|60|wall=(372.3393, 1.4204, 10.13339)|yaw=-1.32249665260315|actor=(375.8686, -0.120827, 19.63918)|local=(10.0817, -1.541227, -1.084961)|locked=true|mask=0
RIDER_RELEASE|wall=CSGBox3D10|diver=2|clear=true|mask=5|swim=1.00787353515625
RIDER_START|wall=CSGBox3D11|diver=2|closing=true|position=(367.9733, 0.66369, 31.95666)|size=(31.9193, 4.05762, 1.0)
RIDER_FRAME|0|wall=(358.3976, 1.4204, 33.14161)|yaw=0.0|actor=(367.9733, 0.66369, 31.95666)|local=(9.575775, -0.75671, -1.184963)|locked=false|mask=5
RIDER_CONTACT|frame=1|offset=(10.04352, -0.75671, -1.084961)
RIDER_FRAME|20|wall=(358.7858, 1.4204, 25.11379)|yaw=-0.60445153713226|actor=(367.6663, 0.66369, 29.92886)|local=(10.04352, -0.75671, -1.084976)|locked=true|mask=0
RIDER_FRAME|40|wall=(361.8692, 1.4204, 20.25375)|yaw=-1.03404903411865|actor=(367.9372, 0.66369, 28.33004)|local=(10.04353, -0.75671, -1.084961)|locked=true|mask=0
RIDER_FRAME|60|wall=(366.8576, 1.4204, 17.05993)|yaw=-1.47636437416077|actor=(368.8848, 0.66369, 26.95629)|local=(10.04352, -0.75671, -1.08493)|locked=true|mask=0
RIDER_RELEASE|wall=CSGBox3D11|diver=2|clear=true|mask=5|swim=1.00787353515625
MAZE WALL RIDERS: clean | cases=36|retained_frames=2277
