Godot Engine v4.7.1.stable.official.a13da4feb - https://godotengine.org

(0.03911, 0.017409, 0.065218)
(0.03911, 0.017409, 0.065218)
(0.03911, 0.017409, 0.065218)
PROLOGUE_PHASE|complete
RIDER_START|wall=CurrentWall1|diver=0|closing=false|position=(301.8843, -0.507667, 34.95497)|size=(18.408, 4.058, 1.0)
RIDER_FRAME|0|wall=(301.0492, 1.42021, 29.42914)|yaw=-1.54271149635315|actor=(302.1838, -0.507667, 34.9347)|local=(5.535248, -1.927877, -0.979614)|locked=true|mask=0
RIDER_CONTACT|frame=0|offset=(5.535248, -1.927877, -0.979614)
RIDER_FRAME|20|wall=(304.7283, 1.42021, 28.49809)|yaw=-1.10316050052643|actor=(308.0979, -0.507667, 32.99747)|local=(5.535248, -1.927877, -0.979584)|locked=true|mask=0
RIDER_FRAME|40|wall=(307.6454, 1.42021, 26.11058)|yaw=-0.66662311553955|actor=(312.6013, -0.507667, 28.76335)|local=(5.535217, -1.927877, -0.979599)|locked=true|mask=0
RIDER_FRAME|60|wall=(309.2735, 1.42021, 22.73872)|yaw=-0.2330460101366|actor=(314.8853, -0.507667, 23.06392)|local=(5.535248, -1.927877, -0.979591)|locked=true|mask=0
RIDER_RELEASE|wall=CurrentWall1|diver=0|clear=true|mask=5|swim=1.00785064697266
RIDER_START|wall=CurrentWall2|diver=0|closing=false|position=(310.0916, -0.507667, 16.45788)|size=(27.8898, 4.05762, 1.0)
RIDER_FRAME|0|wall=(309.3057, 1.420213, 24.82138)|yaw=1.59261298179626|actor=(310.1031, -0.507667, 16.45763)|local=(8.344389, -1.92788, 0.979584)|locked=true|mask=0
RIDER_CONTACT|frame=1|offset=(8.344387, -1.927883, 0.979614)
RIDER_FRAME|20|wall=(315.0457, 1.420266, 23.39228)|yaw=2.0355486869812|actor=(312.1814, -0.507667, 15.49393)|local=(8.344391, -1.927934, 0.979614)|locked=true|mask=0
RIDER_FRAME|40|wall=(319.5999, 1.42032, 19.66558)|yaw=2.47616577148438|actor=(313.6406, -0.507667, 13.74322)|local=(8.344406, -1.927987, 0.979599)|locked=true|mask=0
RIDER_FRAME|60|wall=(322.1075, 1.420372, 14.44856)|yaw=2.90945434570312|actor=(314.2123, -0.507667, 11.57555)|local=(8.344391, -1.928039, 0.979588)|locked=true|mask=0
RIDER_RELEASE|wall=CurrentWall2|diver=0|clear=true|mask=5|swim=1.00784683227539
RIDER_START|wall=CurrentWall1|diver=1|closing=false|position=(301.7586, -0.376822, 34.94328)|size=(18.408, 4.058, 1.0)
RIDER_FRAME|0|wall=(301.5137, 1.42021, 29.40365)|yaw=-1.48925530910492|actor=(302.822, -0.376822, 34.84414)|local=(5.528996, -1.797032, -0.860809)|locked=true|mask=0
RIDER_CONTACT|frame=0|offset=(5.528996, -1.797032, -0.860809)
RIDER_FRAME|20|wall=(305.2309, 1.42021, 28.22321)|yaw=-1.0373398065567|actor=(308.7837, -0.376822, 32.5462)|local=(5.529007, -1.797032, -0.86084)|locked=true|mask=0
RIDER_FRAME|40|wall=(307.9852, 1.42021, 25.64806)|yaw=-0.60067045688629|actor=(313.0329, -0.376822, 28.06285)|local=(5.529022, -1.797032, -0.86084)|locked=true|mask=0
RIDER_FRAME|60|wall=(309.3896, 1.42021, 22.16397)|yaw=-0.16566704213619|actor=(314.9848, -0.376822, 22.2267)|local=(5.528992, -1.797032, -0.860842)|locked=true|mask=0
RIDER_RELEASE|wall=CurrentWall1|diver=1|clear=true|mask=5|swim=1.00785064697266
RIDER_START|wall=CurrentWall2|diver=1|closing=false|position=(309.9728, -0.376822, 16.45791)|size=(27.8898, 4.05762, 1.0)
RIDER_FRAME|0|wall=(309.3057, 1.420213, 24.82138)|yaw=1.59261298179626|actor=(309.9843, -0.376822, 16.45766)|local=(8.346977, -1.797034, 0.86084)|locked=true|mask=0
RIDER_CONTACT|frame=1|offset=(8.346977, -1.797037, 0.86084)
RIDER_FRAME|20|wall=(315.0112, 1.420266, 23.40953)|yaw=2.03268647193909|actor=(312.0621, -0.376822, 15.55364)|local=(8.346985, -1.797088, 0.86084)|locked=true|mask=0
RIDER_FRAME|40|wall=(319.5569, 1.420319, 19.72024)|yaw=2.47099781036377|actor=(313.5525, -0.376822, 13.8586)|local=(8.34697, -1.797141, 0.860855)|locked=true|mask=0
RIDER_FRAME|60|wall=(322.0914, 1.420371, 14.51625)|yaw=2.90428638458252|actor=(314.1808, -0.376822, 11.71729)|local=(8.346954, -1.797193, 0.860851)|locked=true|mask=0
RIDER_RELEASE|wall=CurrentWall2|diver=1|clear=true|mask=5|swim=1.70199012756348
RIDER_START|wall=CurrentWall1|diver=2|closing=false|position=(301.9827, -0.120827, 34.94326)|size=(18.408, 4.058, 1.0)
RIDER_FRAME|0|wall=(300.8047, 1.42021, 29.43257)|yaw=-1.570796251297|actor=(301.9624, -0.120827, 34.90943)|local=(5.4769, -1.541037, -1.157684)|locked=false|mask=5
RIDER_CONTACT|frame=1|offset=(5.522263, -1.541037, -1.084961)
RIDER_FRAME|20|wall=(305.2867, 1.42021, 28.18996)|yaw=-1.02987515926361|actor=(309.0603, -0.120827, 32.36512)|local=(5.522263, -1.541037, -1.084946)|locked=true|mask=0
RIDER_FRAME|40|wall=(307.998, 1.42021, 25.62926)|yaw=-0.59805506467819|actor=(313.1726, -0.120827, 27.84183)|local=(5.522278, -1.541037, -1.084961)|locked=true|mask=0
RIDER_FRAME|60|wall=(309.393, 1.42021, 22.14371)|yaw=-0.16330699622631|actor=(315.0181, -0.120827, 21.971)|local=(5.522247, -1.541037, -1.084963)|locked=true|mask=0
RIDER_RELEASE|wall=CurrentWall1|diver=2|clear=true|mask=5|swim=1.00785064697266
RIDER_START|wall=CurrentWall2|diver=2|closing=false|position=(310.1969, -0.120827, 16.45794)|size=(27.8898, 4.05762, 1.0)
RIDER_FRAME|0|wall=(309.3057, 1.420213, 24.82138)|yaw=1.59261298179626|actor=(310.2084, -0.120827, 16.45768)|local=(8.342094, -1.54104, 1.08493)|locked=true|mask=0
RIDER_CONTACT|frame=1|offset=(8.342091, -1.541043, 1.084961)
RIDER_FRAME|20|wall=(315.0211, 1.420266, 23.40459)|yaw=2.03350758552551|actor=(312.2683, -0.120827, 15.45548)|local=(8.342087, -1.541093, 1.084991)|locked=true|mask=0
RIDER_FRAME|40|wall=(319.4702, 1.420318, 19.82858)|yaw=2.46069097518921|actor=(313.6714, -0.120827, 13.73433)|local=(8.342072, -1.541145, 1.084976)|locked=true|mask=0
RIDER_FRAME|60|wall=(322.4664, 1.4204, 11.35071)|yaw=3.14159274101257|actor=(314.1243, -0.120827, 10.26575)|local=(8.342194, -1.541227, 1.084973)|locked=false|mask=5
RIDER_RELEASE|wall=CurrentWall2|diver=2|clear=true|mask=5|swim=1.00784683227539
RIDER_START|wall=CurrentWall1|diver=0|closing=true|position=(315.0312, -0.507667, 21.80817)|size=(18.408, 4.058, 1.0)
RIDER_FRAME|0|wall=(309.5067, 1.42021, 20.91845)|yaw=-0.02181654050946|actor=(315.0266, -0.507667, 22.01872)|local=(5.542603, -1.927877, 0.979595)|locked=true|mask=0
RIDER_CONTACT|frame=0|offset=(5.542603, -1.927877, 0.979595)
RIDER_FRAME|20|wall=(308.5912, 1.42021, 24.6184)|yaw=-0.46329799294472|actor=(313.1117, -0.507667, 27.97171)|local=(5.542572, -1.927877, 0.979599)|locked=true|mask=0
RIDER_FRAME|40|wall=(306.1862, 1.42021, 27.56958)|yaw=-0.90424847602844|actor=(308.8432, -0.507667, 32.53148)|local=(5.542587, -1.927877, 0.979584)|locked=true|mask=0
RIDER_FRAME|60|wall=(302.8612, 1.42021, 29.18616)|yaw=-1.33227288722992|actor=(303.2189, -0.507667, 34.80325)|local=(5.542564, -1.927877, 0.979584)|locked=true|mask=0
RIDER_RELEASE|wall=CurrentWall1|diver=0|clear=true|mask=5|swim=1.00787353515625
RIDER_START|wall=CurrentWall2|diver=0|closing=true|position=(314.0995, -0.507667, 12.4303)|size=(27.8898, 4.05762, 1.0)
RIDER_FRAME|0|wall=(322.4221, 1.42039, 12.45179)|yaw=3.059725522995|actor=(314.0733, -0.507667, 12.74965)|local=(8.296509, -1.928058, -0.979596)|locked=true|mask=0
RIDER_CONTACT|frame=0|offset=(8.296509, -1.928058, -0.979596)
RIDER_FRAME|20|wall=(320.5622, 1.420335, 18.26353)|yaw=2.60254740715027|actor=(312.9393, -0.507667, 14.84548)|local=(8.296509, -1.928002, -0.979614)|locked=true|mask=0
RIDER_FRAME|40|wall=(316.5768, 1.420282, 22.49208)|yaw=2.16755986213684|actor=(311.1042, -0.507667, 16.18007)|local=(8.296494, -1.92795, -0.979568)|locked=true|mask=0
RIDER_FRAME|60|wall=(311.1953, 1.42023, 24.64497)|yaw=1.73368227481842|actor=(308.8833, -0.507667, 16.61717)|local=(8.296509, -1.927897, -0.979584)|locked=true|mask=0
RIDER_RELEASE|wall=CurrentWall2|diver=0|clear=true|mask=5|swim=1.51105046272278
RIDER_START|wall=CurrentWall1|diver=1|closing=true|position=(315.0311, -0.376822, 21.68941)|size=(18.408, 4.058, 1.0)
RIDER_FRAME|0|wall=(309.5067, 1.42021, 20.91845)|yaw=-0.02181654050946|actor=(315.0266, -0.376822, 21.89994)|local=(5.540009, -1.797032, 0.860849)|locked=true|mask=0
RIDER_CONTACT|frame=0|offset=(5.540009, -1.797032, 0.860849)
RIDER_FRAME|20|wall=(308.6018, 1.42021, 24.59707)|yaw=-0.46056014299393|actor=(313.1819, -0.376822, 27.83045)|local=(5.539978, -1.797032, 0.860855)|locked=true|mask=0
RIDER_FRAME|40|wall=(306.28, 1.42021, 27.49475)|yaw=-0.8904624581337|actor=(309.0958, -0.376822, 32.34282)|local=(5.539978, -1.797032, 0.86084)|locked=true|mask=0
RIDER_FRAME|60|wall=(302.857, 1.42021, 29.18719)|yaw=-1.33277785778046|actor=(303.3266, -0.376822, 34.77392)|local=(5.539978, -1.797032, 0.86084)|locked=true|mask=0
RIDER_RELEASE|wall=CurrentWall1|diver=1|clear=true|mask=5|swim=1.00787353515625
RIDER_START|wall=CurrentWall2|diver=1|closing=true|position=(314.0995, -0.376822, 12.31155)|size=(27.8898, 4.05762, 1.0)
RIDER_FRAME|0|wall=(322.4203, 1.42039, 12.47393)|yaw=3.05807566642761|actor=(314.0721, -0.376822, 12.63894)|local=(8.305359, -1.797212, -0.860847)|locked=true|mask=0
RIDER_CONTACT|frame=0|offset=(8.305359, -1.797212, -0.860847)
RIDER_FRAME|20|wall=(320.4043, 1.420332, 18.52133)|yaw=2.58009338378906|actor=(312.9159, -0.376822, 14.82779)|local=(8.305359, -1.797154, -0.860855)|locked=true|mask=0
RIDER_FRAME|40|wall=(316.359, 1.42028, 22.6372)|yaw=2.14812350273132|actor=(311.1048, -0.376822, 16.14782)|local=(8.305344, -1.797102, -0.86084)|locked=true|mask=0
RIDER_FRAME|60|wall=(310.9259, 1.420227, 24.68665)|yaw=1.71343517303467|actor=(308.8932, -0.376822, 16.58808)|local=(8.305359, -1.797049, -0.86084)|locked=true|mask=0
RIDER_RELEASE|wall=CurrentWall2|diver=1|clear=true|mask=5|swim=1.28300976753235
RIDER_START|wall=CurrentWall1|diver=2|closing=true|position=(315.0311, -0.120827, 21.91352)|size=(18.408, 4.058, 1.0)
RIDER_FRAME|0|wall=(309.4868, 1.42021, 21.34587)|yaw=-0.07098099589348|actor=(314.9665, -0.120827, 22.82317)|local=(5.570618, -1.541037, 1.084961)|locked=true|mask=0
RIDER_CONTACT|frame=0|offset=(5.570618, -1.541037, 1.084961)
RIDER_FRAME|20|wall=(308.3988, 1.42021, 24.98189)|yaw=-0.51055526733398|actor=(312.7288, -0.120827, 28.65061)|local=(5.570618, -1.541037, 1.084961)|locked=true|mask=0
RIDER_FRAME|40|wall=(305.1086, 1.42021, 28.2941)|yaw=-1.053582072258|actor=(306.92, -0.120827, 33.67251)|local=(5.570618, -1.541037, 1.084946)|locked=true|mask=0
RIDER_FRAME|60|wall=(300.8298, 1.42021, 29.43255)|yaw=-1.56792283058167|actor=(299.7608, -0.120827, 35.00621)|local=(5.570614, -1.541037, 1.084961)|locked=true|mask=0
FINDING RIDER-1 passenger lost wall-local offset at frame 63: expected (5.570618, -1.541037, 1.084961) got (5.32918, -1.541037, 1.149658)
MAZE WALL RIDERS: findings=1
