Godot Engine v4.7.1.stable.official.a13da4feb - https://godotengine.org

(0.03911, 0.017409, 0.065218)
(0.03911, 0.017409, 0.065218)
(0.03911, 0.017409, 0.065218)
PROLOGUE_PHASE|opening_video
PROLOGUE_PHASE|opening_handoff
PROLOGUE_PHASE|spawn_exploration
EARN NEW GAME|policy=skilled|recovery=none|seed=64000|real_opening_seen=true
PROLOGUE_PHASE|octopus_introduction
PROLOGUE_PHASE|octopus_reveal
EARN INITIAL ROSTER|actual=["Cordys"]|required_initial_angler=true|opening_contract=observe-current-cordys
EARN OPENING OBSERVATION|required_angler_missing=true|opening_approved=false|not_campaign_acceptance=true
EARN FIGHT START|index=1|source=prologue_octopus|enemy=["Cordys"]
EARN PARTY|stage=fight-1-entry|name=Staff_Diver|level=1|xp=0|hp=10|o2=100.0|spells=[]
EARN PARTY|stage=fight-1-entry|name=Prototype_1(1910)|level=1|xp=0|hp=10|o2=100.0|spells=[]
EARN PARTY|stage=fight-1-entry|name=Prototype_V(1922)|level=1|xp=0|hp=10|o2=100.0|spells=[]
PROLOGUE_PHASE|octopus_response
EARN ACTION|fight=1|actor=Maxilani|move=Scuba Stabbing|target=Cordys
PROLOGUE_HIT|move=Scuba Stabbing|damage=1|hit=true|hp=999|effects=["Bleed 2"]
PROLOGUE_PHASE|scripted_defeat
PROLOGUE_STRIKE|move=Octo Stab|target=Maxilani|damage=80|hit=true|hp=0|living=2
EARN ACTION|fight=1|actor=Musashi|move=Precise Tap|target=Cordys
PROLOGUE_HIT|move=Precise Tap|damage=3|hit=true|hp=994|effects=[]
PROLOGUE_STRIKE|move=Head Bash|target=Musashi|damage=78|hit=true|hp=0|living=1
EARN ACTION|fight=1|actor=Bucky|move=Guard Bash|target=Cordys
PROLOGUE_HIT|move=Guard Bash|damage=8|hit=true|hp=984|effects=[]
PROLOGUE_STRIKE|move=Electric Shooting|target=Bucky|damage=76|hit=true|hp=0|living=0
EARN FIGHT END|index=1|result=prologue_defeat|actions=3|phase=scripted_defeat
EARN PARTY|stage=fight-1-exit|name=Staff_Diver|level=1|xp=0|hp=0|o2=100.0|spells=[]
EARN PARTY|stage=fight-1-exit|name=Prototype_1(1910)|level=1|xp=0|hp=0|o2=100.0|spells=[]
EARN PARTY|stage=fight-1-exit|name=Prototype_V(1922)|level=1|xp=0|hp=0|o2=100.0|spells=[]
PROLOGUE_PHASE|octopus_aftermath
PROLOGUE_PHASE|recovery
PROLOGUE_PHASE|complete
EARN PARTY|stage=real-recovery|name=Staff_Diver|level=1|xp=0|hp=10|o2=100.0|spells=[]
EARN PARTY|stage=real-recovery|name=Prototype_1(1910)|level=1|xp=0|hp=10|o2=100.0|spells=[]
EARN PARTY|stage=real-recovery|name=Prototype_V(1922)|level=1|xp=0|hp=10|o2=100.0|spells=[]
EARN FIGHT START|index=2|source=random|enemy=["Angler"]
EARN PARTY|stage=fight-2-entry|name=Staff_Diver|level=1|xp=0|hp=10|o2=100.0|spells=[]
EARN PARTY|stage=fight-2-entry|name=Prototype_1(1910)|level=1|xp=0|hp=10|o2=100.0|spells=[]
EARN PARTY|stage=fight-2-entry|name=Prototype_V(1922)|level=1|xp=0|hp=10|o2=100.0|spells=[]
EARN TUTORIAL CHOICE|fight=2|move=Electric Touch
EARN TUTORIAL INSPECT|fight=2|target=Angler
EVA 1/1  HP 15/15
EARN TUTORIAL ACTION|fight=2|actor=Maxilani|target=Angler
EVA 1/1  HP 15/15|no_QTE_success_input=true
EARN TUTORIAL CHOICE|fight=2|move=Precise Tap
EARN TUTORIAL INSPECT|fight=2|target=Angler
EVA 0/0  HP 14/15
EARN TUTORIAL ACTION|fight=2|actor=Musashi|target=Angler
EVA 0/0  HP 14/15|no_QTE_success_input=true
EARN TUTORIAL CHOICE|fight=2|move=Crushing Haymaker
EARN TUTORIAL INSPECT|fight=2|target=Angler
EVA 0/0  HP 11/15
EARN TUTORIAL ACTION|fight=2|actor=Bucky|target=Angler
EVA 0/0  HP 11/15|no_QTE_success_input=true
EARN TUTORIAL CHOICE|fight=2|move=Weaken
EARN TUTORIAL INSPECT|fight=2|target=Angler
EVA 0/0  HP 11/15
EARN TUTORIAL ACTION|fight=2|actor=Musashi|target=Angler
EVA 0/0  HP 11/15|no_QTE_success_input=true
EARN TUTORIAL CHOICE|fight=2|move=Flash Blast
EARN TUTORIAL INSPECT|fight=2|target=All enemies
Angler
EARN TUTORIAL ACTION|fight=2|actor=Maxilani|target=All enemies
Angler|no_QTE_success_input=true
EARN TUTORIAL CHOICE|fight=2|move=Guard Bash
EARN TUTORIAL ACTION|fight=2|actor=Bucky|target=Angler
EVA 2/0  HP 11/15|no_QTE_success_input=true
EARN TUTORIAL CHOICE|fight=2|move=Electric Touch
EARN TUTORIAL ACTION|fight=2|actor=Maxilani|target=Angler
EVA 0/0  HP 3/15|no_QTE_success_input=true
EARN TUTORIAL CHOICE|fight=2|move=Precise Tap
EARN TUTORIAL ACTION|fight=2|actor=Musashi|target=Angler
EVA 0/0  HP 2/15|no_QTE_success_input=true
EARN FIGHT END|index=2|result=won|actions=8|phase=complete
EARN PARTY|stage=fight-2-exit|name=Staff_Diver|level=1|xp=0|hp=10|o2=100.0|spells=[]
EARN PARTY|stage=fight-2-exit|name=Prototype_1(1910)|level=1|xp=0|hp=10|o2=100.0|spells=[]
EARN PARTY|stage=fight-2-exit|name=Prototype_V(1922)|level=1|xp=0|hp=10|o2=100.0|spells=[]
EARN PARTY|stage=lab-terminal|name=Staff_Diver|level=1|xp=0|hp=10|o2=100.0|spells=[]
EARN PARTY|stage=lab-terminal|name=Prototype_1(1910)|level=1|xp=0|hp=10|o2=100.0|spells=[]
EARN PARTY|stage=lab-terminal|name=Prototype_V(1922)|level=1|xp=0|hp=10|o2=100.0|spells=[]
EARNED LAB-FIRST SLICE|policy=skilled|recovery=none|seed=64000|fights=2|actions=11|lab=locked|NOT_FULL_CAMPAIGN
FINDING EARN-3 normal swimming blocked at (0.0, 2.0, 10.0) before (1.0, 2.0, 0.0)
FINDING EARN-2 earned lab-first route did not finish actual blockers/Tethys
EARNED LAB-FIRST SLICE: failed
