Godot Engine v4.7.1.stable.official.a13da4feb - https://godotengine.org

(0.03911, 0.017409, 0.065218)
(0.03911, 0.017409, 0.065218)
(0.03911, 0.017409, 0.065218)
PROLOGUE_PHASE|opening_video
PROLOGUE_PHASE|opening_handoff
PROLOGUE_PHASE|spawn_exploration
EARN NEW GAME|policy=casual|strategy=visible-feedback-heavy-v1|recovery=none|special_policy=miss-and-return|seed=64003|real_opening_seen=true
PROLOGUE_PHASE|octopus_introduction
PROLOGUE_PHASE|octopus_reveal
EARN INITIAL ROSTER|actual=["Cordys"]|required_initial_angler=true|opening_contract=observe-current-cordys
EARN OPENING OBSERVATION|required_angler_missing=true|opening_approved=false|not_campaign_acceptance=true
EARN FIGHT START|index=1|source=prologue_octopus|tutorial=false|special=false|enemy=["Cordys"]
EARN PARTY|stage=fight-1-entry|name=Staff_Diver|level=1|xp=0|hp=10|o2=100.0|spells=[]
EARN PARTY|stage=fight-1-entry|name=Prototype_1(1910)|level=1|xp=0|hp=10|o2=100.0|spells=[]
EARN PARTY|stage=fight-1-entry|name=Prototype_V(1922)|level=1|xp=0|hp=10|o2=100.0|spells=[]
PROLOGUE_PHASE|octopus_response
EARN ACTION|fight=1|actor=Maxilani|move=Scuba Stabbing|target=Cordys
PROLOGUE_HIT|move=Scuba Stabbing|damage=1|hit=true|hp=999|effects=["Bleed 2"]
PROLOGUE_PHASE|scripted_defeat
PROLOGUE_STRIKE|move=Octo Stab|target=Maxilani|damage=80|hit=true|hp=0|living=2
EARN ACTION|fight=1|actor=Musashi|move=Precise Tap|target=Cordys
PROLOGUE_HIT|move=Precise Tap|damage=3|hit=true|hp=994|effects=[]
PROLOGUE_STRIKE|move=Head Bash|target=Musashi|damage=78|hit=true|hp=0|living=1
EARN ACTION|fight=1|actor=Bucky|move=Guard Bash|target=Cordys
PROLOGUE_HIT|move=Guard Bash|damage=9|hit=true|hp=983|effects=[]
PROLOGUE_STRIKE|move=Electric Shooting|target=Bucky|damage=76|hit=true|hp=0|living=0
EARN FIGHT END|index=1|result=prologue_defeat|actions=3|phase=scripted_defeat
EARN PARTY|stage=fight-1-exit|name=Staff_Diver|level=1|xp=0|hp=0|o2=100.0|spells=[]
EARN PARTY|stage=fight-1-exit|name=Prototype_1(1910)|level=1|xp=0|hp=0|o2=100.0|spells=[]
EARN PARTY|stage=fight-1-exit|name=Prototype_V(1922)|level=1|xp=0|hp=0|o2=100.0|spells=[]
PROLOGUE_PHASE|octopus_aftermath
PROLOGUE_PHASE|recovery
PROLOGUE_PHASE|complete
EARN PARTY|stage=real-recovery|name=Staff_Diver|level=1|xp=0|hp=10|o2=100.0|spells=[]
EARN PARTY|stage=real-recovery|name=Prototype_1(1910)|level=1|xp=0|hp=10|o2=100.0|spells=[]
EARN PARTY|stage=real-recovery|name=Prototype_V(1922)|level=1|xp=0|hp=10|o2=100.0|spells=[]
EARN FIGHT START|index=2|source=random|tutorial=true|special=false|enemy=["Angler"]
EARN PARTY|stage=fight-2-entry|name=Staff_Diver|level=1|xp=0|hp=10|o2=100.0|spells=[]
EARN PARTY|stage=fight-2-entry|name=Prototype_1(1910)|level=1|xp=0|hp=10|o2=100.0|spells=[]
EARN PARTY|stage=fight-2-entry|name=Prototype_V(1922)|level=1|xp=0|hp=10|o2=100.0|spells=[]
EARN TUTORIAL CHOICE|fight=2|move=Electric Touch
EARN TUTORIAL INSPECT|fight=2|target=Angler
EVA 1/1  HP 15/15
EARN TUTORIAL ACTION|fight=2|actor=Maxilani|target=Angler
EVA 1/1  HP 15/15|no_QTE_success_input=true
EARN TUTORIAL CHOICE|fight=2|move=Precise Tap
EARN TUTORIAL INSPECT|fight=2|target=Angler
EVA 0/0  HP 14/15
EARN TUTORIAL ACTION|fight=2|actor=Musashi|target=Angler
EVA 0/0  HP 14/15|no_QTE_success_input=true
EARN TUTORIAL CHOICE|fight=2|move=Crushing Haymaker
EARN TUTORIAL INSPECT|fight=2|target=Angler
EVA 0/0  HP 11/15
EARN TUTORIAL ACTION|fight=2|actor=Bucky|target=Angler
EVA 0/0  HP 11/15|no_QTE_success_input=true
EARN TUTORIAL CHOICE|fight=2|move=Weaken
EARN TUTORIAL INSPECT|fight=2|target=Angler
EVA 0/0  HP 11/15
EARN TUTORIAL ACTION|fight=2|actor=Musashi|target=Angler
EVA 0/0  HP 11/15|no_QTE_success_input=true
EARN TUTORIAL CHOICE|fight=2|move=Flash Blast
EARN TUTORIAL INSPECT|fight=2|target=All enemies
Angler
EARN TUTORIAL ACTION|fight=2|actor=Maxilani|target=All enemies
Angler|no_QTE_success_input=true
EARN TUTORIAL CHOICE|fight=2|move=Guard Bash
EARN TUTORIAL ACTION|fight=2|actor=Bucky|target=Angler
EVA 2/0  HP 11/15|no_QTE_success_input=true
EARN TUTORIAL CHOICE|fight=2|move=Electric Touch
EARN TUTORIAL ACTION|fight=2|actor=Maxilani|target=Angler
EVA 0/0  HP 2/15|no_QTE_success_input=true
EARN TUTORIAL CHOICE|fight=2|move=Precise Tap
EARN TUTORIAL ACTION|fight=2|actor=Musashi|target=Angler
EVA 0/0  HP 1/15|no_QTE_success_input=true
EARN FIGHT END|index=2|result=won|actions=8|phase=complete
EARN PARTY|stage=fight-2-exit|name=Staff_Diver|level=1|xp=0|hp=10|o2=100.0|spells=[]
EARN PARTY|stage=fight-2-exit|name=Prototype_1(1910)|level=1|xp=0|hp=10|o2=100.0|spells=[]
EARN PARTY|stage=fight-2-exit|name=Prototype_V(1922)|level=1|xp=0|hp=10|o2=100.0|spells=[]
RANDOM_REVEAL|enemies=swordfish_duelist,swordfish_duelist|duration=1.5
RANDOM_COMBAT|enemies=swordfish_duelist,swordfish_duelist
EARN FIGHT START|index=3|source=random|tutorial=false|special=false|enemy=["Swordfish Duelist 1", "Swordfish Duelist 2"]
EARN PARTY|stage=fight-3-entry|name=Staff_Diver|level=1|xp=0|hp=10|o2=100.0|spells=[]
EARN PARTY|stage=fight-3-entry|name=Prototype_1(1910)|level=1|xp=0|hp=10|o2=100.0|spells=[]
EARN PARTY|stage=fight-3-entry|name=Prototype_V(1922)|level=1|xp=0|hp=10|o2=100.0|spells=[]
EARN ACTION|fight=3|actor=Maxilani|move=Axe Kick|target=Swordfish Duelist 1
EARN ACTION|fight=3|actor=Musashi|move=Precise Tap|target=Swordfish Duelist 1
EARN ACTION|fight=3|actor=Bucky|move=Guard Bash|target=Swordfish Duelist 1
EARN ACTION|fight=3|actor=Musashi|move=Precise Tap|target=Swordfish Duelist 2
EARN ACTION|fight=3|actor=Bucky|move=Guard Bash|target=Swordfish Duelist 2
EARN ACTION|fight=3|actor=Musashi|move=Precise Tap|target=Swordfish Duelist 2
EARN ACTION|fight=3|actor=Bucky|move=Heavy Kick|target=Swordfish Duelist 2
EARN ACTION|fight=3|actor=Musashi|move=Precise Tap|target=Swordfish Duelist 2
EARN ACTION|fight=3|actor=Bucky|move=Guard Bash|target=Swordfish Duelist 2
EARN ACTION|fight=3|actor=Bucky|move=Guard Bash|target=Swordfish Duelist 2
EARN ACTION|fight=3|actor=Bucky|move=Guard Bash|target=Swordfish Duelist 2
EARN ACTION|fight=3|actor=Bucky|move=Guard Bash|target=Swordfish Duelist 2
CHECKPOINT_GAME_OVER|slot=918431|complete=true
EARN FIGHT END|index=3|result=lost|actions=12|phase=complete
EARN PARTY|stage=fight-3-exit|name=Staff_Diver|level=1|xp=0|hp=0|o2=100.0|spells=[]
EARN PARTY|stage=fight-3-exit|name=Prototype_1(1910)|level=1|xp=0|hp=0|o2=100.0|spells=[]
EARN PARTY|stage=fight-3-exit|name=Prototype_V(1922)|level=1|xp=0|hp=0|o2=90.0|spells=[]
EARN PARTY|stage=lab-terminal|name=Staff_Diver|level=1|xp=0|hp=0|o2=100.0|spells=[]
EARN PARTY|stage=lab-terminal|name=Prototype_1(1910)|level=1|xp=0|hp=0|o2=100.0|spells=[]
EARN PARTY|stage=lab-terminal|name=Prototype_V(1922)|level=1|xp=0|hp=0|o2=90.0|spells=[]
EARNED LAB-FIRST SLICE|policy=casual|recovery=none|special_policy=miss-and-return|special_returns=0|special_declines=0|seed=64003|fights=3|actions=23|lab=locked|NOT_FULL_CAMPAIGN
FINDING EARN-2 actual earned fight ended lost
FINDING EARN-2 earned lab-first route did not finish actual blockers/Tethys
EARNED LAB-FIRST SLICE: failed
