Retrieving project…
Deploying immortaldemongods-projects/underwatergame
Uploading [--------------------] (0.0B/92.3MB)
Uploading [=====---------------] (23.1MB/92.3MB)
Uploading [==========----------] (46.1MB/92.3MB)
Uploading [===============-----] (69.2MB/92.3MB)
Uploading [====================] (92.3MB/92.3MB)
Inspect: https://vercel.com/immortaldemongods-projects/underwatergame/5n3DJkRfavmhBjRMwDbcQfPrTMeS [8s]
Production: https://underwatergame-odan8133h-immortaldemongods-projects.vercel.app [8s]
Building...
Building...
Building: Running build in Cleveland, USA (East) – cle1
Building: Build machine configuration: 4 cores, 8 GB
Building: Retrieving list of deployment files...
Building: Previous build caches not available.
Building: Downloading 11 deployment files...
Building: Using prebuilt build artifacts from .vercel/output
Building: Learn more: https://vercel.link/build-output-api
Building: Deploying outputs...
[2K[1A[2K[GProduction: https://underwatergame-odan8133h-immortaldemongods-projects.vercel.app [14s]
Completing...
