Godot Engine v4.7.1.stable.official.a13da4feb - https://godotengine.org
Metal 4.0 - Forward+ - Using Device #0: Apple - Apple M1 (Apple7)

(0.03911, 0.017409, 0.065218)
(0.03911, 0.017409, 0.065218)
(0.03911, 0.017409, 0.065218)
PROLOGUE_PHASE|complete
BOX12_MIGRATION|actor=0|legacy_frame=false|map_owned=false|placement=captured|position=(335.6604, 1.8, 10.14532)
BOX12_MIGRATION|actor=0|legacy_frame=false|map_owned=false|placement=overlap|position=(334.0817, 1.8, -0.219879)
BOX12_MIGRATION|actor=0|legacy_frame=false|map_owned=false|placement=unaffected|position=(265.0, 1.8, 16.0)
BOX12_MIGRATION|actor=0|legacy_frame=false|map_owned=true|placement=captured|position=(335.6868, 1.8, 10.11616)
BOX12_MIGRATION|actor=0|legacy_frame=false|map_owned=true|placement=overlap|position=(334.0817, 1.8, -0.219879)
BOX12_MIGRATION|actor=0|legacy_frame=false|map_owned=true|placement=unaffected|position=(265.0, 1.8, 16.0)
BOX12_MIGRATION|actor=0|legacy_frame=true|map_owned=false|placement=captured|position=(335.6868, 1.8, 10.11616)
BOX12_MIGRATION|actor=0|legacy_frame=true|map_owned=false|placement=overlap|position=(334.0817, 1.8, -0.219879)
BOX12_MIGRATION|actor=0|legacy_frame=true|map_owned=false|placement=unaffected|position=(265.0, 1.8, 16.0)
BOX12_MIGRATION|actor=0|legacy_frame=true|map_owned=true|placement=captured|position=(335.6868, 1.8, 10.11616)
BOX12_MIGRATION|actor=0|legacy_frame=true|map_owned=true|placement=overlap|position=(334.0817, 1.8, -0.219879)
BOX12_MIGRATION|actor=0|legacy_frame=true|map_owned=true|placement=unaffected|position=(265.0, 1.8, 16.0)
BOX12_MIGRATION|actor=1|legacy_frame=false|map_owned=false|placement=captured|position=(335.4113, 1.8, 12.37514)
BOX12_MIGRATION|actor=1|legacy_frame=false|map_owned=false|placement=overlap|position=(332.2698, 1.8, 2.68621)
BOX12_MIGRATION|actor=1|legacy_frame=false|map_owned=false|placement=unaffected|position=(267.0, 1.8, 16.0)
BOX12_MIGRATION|actor=1|legacy_frame=false|map_owned=true|placement=captured|position=(335.4113, 1.8, 12.37514)
BOX12_MIGRATION|actor=1|legacy_frame=false|map_owned=true|placement=overlap|position=(332.2698, 1.8, 2.68621)
BOX12_MIGRATION|actor=1|legacy_frame=false|map_owned=true|placement=unaffected|position=(267.0, 1.8, 16.0)
BOX12_MIGRATION|actor=1|legacy_frame=true|map_owned=false|placement=captured|position=(335.4113, 1.8, 12.37514)
BOX12_MIGRATION|actor=1|legacy_frame=true|map_owned=false|placement=overlap|position=(332.2698, 1.8, 2.68621)
BOX12_MIGRATION|actor=1|legacy_frame=true|map_owned=false|placement=unaffected|position=(267.0, 1.8, 16.0)
BOX12_MIGRATION|actor=1|legacy_frame=true|map_owned=true|placement=captured|position=(335.4113, 1.8, 12.37514)
BOX12_MIGRATION|actor=1|legacy_frame=true|map_owned=true|placement=overlap|position=(332.2698, 1.8, 2.68621)
BOX12_MIGRATION|actor=1|legacy_frame=true|map_owned=true|placement=unaffected|position=(267.0, 1.8, 16.0)
BOX12_MIGRATION|actor=2|legacy_frame=false|map_owned=false|placement=captured|position=(335.4113, 1.8, 13.87514)
BOX12_MIGRATION|actor=2|legacy_frame=false|map_owned=false|placement=overlap|position=(331.4763, 1.8, 6.81121)
BOX12_MIGRATION|actor=2|legacy_frame=false|map_owned=false|placement=unaffected|position=(269.0, 1.8, 16.0)
BOX12_MIGRATION|actor=2|legacy_frame=false|map_owned=true|placement=captured|position=(335.4113, 1.8, 13.87514)
BOX12_MIGRATION|actor=2|legacy_frame=false|map_owned=true|placement=overlap|position=(331.4763, 1.8, 6.81121)
BOX12_MIGRATION|actor=2|legacy_frame=false|map_owned=true|placement=unaffected|position=(269.0, 1.8, 16.0)
BOX12_MIGRATION|actor=2|legacy_frame=true|map_owned=false|placement=captured|position=(335.4113, 1.8, 13.87514)
BOX12_MIGRATION|actor=2|legacy_frame=true|map_owned=false|placement=overlap|position=(331.4763, 1.8, 6.81121)
BOX12_MIGRATION|actor=2|legacy_frame=true|map_owned=false|placement=unaffected|position=(269.0, 1.8, 16.0)
BOX12_MIGRATION|actor=2|legacy_frame=true|map_owned=true|placement=captured|position=(335.4113, 1.8, 13.87514)
BOX12_MIGRATION|actor=2|legacy_frame=true|map_owned=true|placement=overlap|position=(331.4763, 1.8, 6.81121)
BOX12_MIGRATION|actor=2|legacy_frame=true|map_owned=true|placement=unaffected|position=(269.0, 1.8, 16.0)
BOX12_MIGRATION|generated_cases=36|captured_old_public_E_source=0d147b9
(0.03911, 0.017409, 0.065218)
(0.03911, 0.017409, 0.065218)
(0.03911, 0.017409, 0.065218)
PROLOGUE_PHASE|complete
ROUTE LEG|(336.5685, 1.8, 13.87514)
BOX12_COLD_LOAD|slot=918367|raw_legacy_PathWalls=true|real_swim=true|player_slots_untouched=true
MAZE BOX12 ROUTE: clean
