Godot Engine v4.7.1.stable.official.a13da4feb - https://godotengine.org

(0.03911, 0.017409, 0.065218)
(0.03911, 0.017409, 0.065218)
(0.03911, 0.017409, 0.065218)
PROLOGUE_PHASE|complete
DRAFT_RESTORE|legacy=false|diver=0|west_alignment=0.0000057220459|real_return=(348.4379, 1.8, 30.24161)
DRAFT_RESTORE|legacy=false|diver=1|west_alignment=0.0000057220459|real_return=(348.4379, 1.8, 30.24161)
DRAFT_RESTORE|legacy=false|diver=2|west_alignment=0.0000057220459|real_return=(348.4379, 1.8, 30.24161)
DRAFT_LEGACY_POSITION|diver=0|restored=(343.4379, 1.8, 32.09202)|immediately_clear=true
DRAFT_RESTORE|legacy=true|diver=0|west_alignment=0.0000057220459|real_return=(348.4379, 1.8, 30.24161)
DRAFT_LEGACY_POSITION|diver=1|restored=(343.4379, 1.8, 32.21076)|immediately_clear=true
DRAFT_RESTORE|legacy=true|diver=1|west_alignment=0.0000057220459|real_return=(348.4379, 1.8, 30.24161)
DRAFT_LEGACY_POSITION|diver=2|restored=(343.4379, 1.8, 31.98665)|immediately_clear=true
DRAFT_RESTORE|legacy=true|diver=2|west_alignment=0.0000057220459|real_return=(348.4379, 1.8, 30.24161)
DRAFT_RESTORE|JSON_cases=6|legacy_standalone_cases=3|independent_path_samples=453
(0.03911, 0.017409, 0.065218)
(0.03911, 0.017409, 0.065218)
(0.03911, 0.017409, 0.065218)
PROLOGUE_PHASE|complete
DRAFT_COLD_LOAD|legacy=true|slot=918365|live_return=true|player_slots_untouched=true
MAZE DRAFT PASSAGES: clean
