Godot Engine v4.7.1.stable.official.a13da4feb - https://godotengine.org

(0.03911, 0.017409, 0.065218)
(0.03911, 0.017409, 0.065218)
(0.03911, 0.017409, 0.065218)
PROLOGUE_PHASE|complete
BOX12_APPROACH|diver=0|actor=(338.6113, 1.8, -2.75299)|prompt=true
ROUTE LEG|(338.6113, 1.8, -5.429635)
ROUTE LEG|(332.8541, 1.8, -2.75299)
BOX12_TRAVERSE|diver=0|exit=(334.0113, 1.8, -2.75299)|resources_preserved=true
BOX12_APPROACH|diver=1|actor=(338.6113, 1.8, -2.75299)|prompt=true
ROUTE LEG|(338.6113, 1.8, -5.429635)
ROUTE LEG|(332.8541, 1.8, -2.75299)
BOX12_TRAVERSE|diver=1|exit=(334.0113, 1.8, -2.75299)|resources_preserved=true
BOX12_APPROACH|diver=2|actor=(338.6113, 1.8, -2.75299)|prompt=true
ROUTE LEG|(338.6113, 1.8, -5.429635)
ROUTE LEG|(332.8541, 1.8, -2.75299)
BOX12_TRAVERSE|diver=2|exit=(334.0113, 1.8, -2.75299)|resources_preserved=true
BOX12_CHEST_APPROACH|actor=(331.1397, 2.553314, -2.75299)|chest_goal=(277.3036, 2.517963, -3.952991)
ROUTE LEG|(331.0973, 2.573398, -2.778065)
ROUTE LEG|(330.3669, 2.605966, -2.968725)
ROUTE LEG|(329.5734, 2.612169, -3.04561)
ROUTE LEG|(328.8001, 2.614146, -3.042254)
ROUTE LEG|(328.0907, 2.61484, -3.015163)
ROUTE LEG|(327.2954, 2.615146, -2.993167)
ROUTE LEG|(326.5775, 2.615253, -2.988436)
ROUTE LEG|(325.8596, 2.615298, -2.992715)
ROUTE LEG|(325.0603, 2.615317, -2.999102)
ROUTE LEG|(324.341, 2.615324, -3.002216)
ROUTE LEG|(323.5412, 2.615327, -3.002287)
ROUTE LEG|(322.8216, 2.615328, -3.000908)
ROUTE LEG|(322.103, 2.615328, -2.999766)
ROUTE LEG|(321.3033, 2.615328, -2.999379)
ROUTE LEG|(320.5839, 2.615328, -2.999598)
ROUTE LEG|(319.8653, 2.615328, -2.99992)
ROUTE LEG|(319.0657, 2.615328, -3.000117)
ROUTE LEG|(318.3463, 2.615328, -3.000127)
ROUTE LEG|(317.5464, 2.615328, -3.000054)
ROUTE LEG|(316.8268, 2.615328, -2.999991)
ROUTE LEG|(316.1081, 2.615328, -2.999968)
ROUTE LEG|(315.3085, 2.615328, -2.999976)
ROUTE LEG|(314.5891, 2.615328, -2.999994)
ROUTE LEG|(313.7891, 2.615328, -3.000006)
ROUTE LEG|(313.0695, 2.615328, -3.000007)
ROUTE LEG|(312.3508, 2.615328, -3.000004)
ROUTE LEG|(311.5511, 2.615328, -3.0)
ROUTE LEG|(310.8317, 2.615328, -2.999999)
ROUTE LEG|(310.1131, 2.615328, -2.999999)
ROUTE LEG|(309.3135, 2.615328, -2.999999)
ROUTE LEG|(308.5941, 2.615328, -3.0)
ROUTE LEG|(307.7942, 2.615328, -3.0)
ROUTE LEG|(307.0746, 2.615328, -3.0)
ROUTE LEG|(306.3559, 2.615328, -3.0)
ROUTE LEG|(305.5563, 2.615328, -3.0)
ROUTE LEG|(304.8369, 2.615328, -3.0)
ROUTE LEG|(304.1182, 2.615328, -3.0)
ROUTE LEG|(303.3187, 2.615328, -3.0)
ROUTE LEG|(302.5993, 2.615328, -3.0)
ROUTE LEG|(301.7993, 2.615328, -3.0)
ROUTE LEG|(301.0797, 2.615328, -3.0)
ROUTE LEG|(300.361, 2.615328, -3.0)
ROUTE LEG|(299.5614, 2.615328, -3.0)
ROUTE LEG|(298.842, 2.615328, -3.0)
ROUTE LEG|(298.042, 2.615328, -3.0)
ROUTE LEG|(297.3224, 2.615328, -3.0)
ROUTE LEG|(296.6037, 2.615328, -3.0)
ROUTE LEG|(295.8041, 2.615328, -3.0)
ROUTE LEG|(295.0847, 2.615328, -3.0)
ROUTE LEG|(294.366, 2.615328, -3.0)
ROUTE LEG|(293.5665, 2.615328, -3.0)
ROUTE LEG|(292.8471, 2.615328, -3.0)
ROUTE LEG|(292.0471, 2.615328, -3.0)
ROUTE LEG|(291.3275, 2.615328, -3.0)
ROUTE LEG|(290.6088, 2.615328, -3.0)
ROUTE LEG|(289.8092, 2.615328, -3.0)
ROUTE LEG|(289.0898, 2.615328, -3.0)
ROUTE LEG|(288.2898, 2.615328, -3.0)
ROUTE LEG|(287.5702, 2.615328, -3.0)
ROUTE LEG|(286.8515, 2.615328, -3.0)
ROUTE LEG|(286.0519, 2.615328, -3.0)
ROUTE LEG|(285.3325, 2.615328, -3.0)
ROUTE LEG|(284.6138, 2.615328, -3.0)
ROUTE LEG|(283.8143, 2.615328, -3.0)
ROUTE LEG|(283.0949, 2.615328, -3.0)
ROUTE LEG|(282.2949, 2.615328, -3.0)
ROUTE LEG|(281.5753, 2.615328, -3.0)
ROUTE LEG|(280.8566, 2.615328, -3.0)
ROUTE LEG|(280.057, 2.615328, -3.0)
ROUTE LEG|(279.3376, 2.615328, -3.0)
ROUTE LEG|(278.5376, 2.615328, -3.0)
ROUTE LEG|(277.818, 2.615328, -3.0)
ROUTE LEG|(277.218, 2.615328, -3.447967)
ROUTE LEG|(277.1928, 2.615328, -3.619336)
BOX12_EARNED_MAP|real_swim_E_L=true|path_samples=240
BOX12_MIGRATION|actor=0|legacy_frame=false|map_owned=false|position=(338.2838, 1.79977, 2.685942)
BOX12_COLLISION|actor=(337.8364, 1.794242, 5.946929)|hits=["/root/World/MazeLevel/CSGBox3D12"]
BOX12_MIGRATION|actor=0|legacy_frame=false|map_owned=true|position=(339.5123, 1.794242, 2.481319)
FINDING BOX12-3 migration strands/refills party member 2
MAZE BOX12 ROUTE: 1 findings
