Godot Engine v4.7.1.stable.official.a13da4feb - https://godotengine.org

LAB REAL FIGHT|level=2|policy=accessible|seed=62000|result=won|actions=11|boss_hp=0|min_party_hp=15|min_living=3|min_oxygen=68.0
LAB REAL FIGHT|level=2|policy=accessible|seed=62001|result=won|actions=12|boss_hp=0|min_party_hp=13|min_living=3|min_oxygen=68.0
LAB REAL FIGHT|level=2|policy=accessible|seed=62002|result=won|actions=11|boss_hp=0|min_party_hp=15|min_living=3|min_oxygen=68.0
LAB REAL FIGHT|level=2|policy=accessible|seed=62003|result=won|actions=11|boss_hp=0|min_party_hp=17|min_living=3|min_oxygen=68.0
LAB REAL FIGHT|level=2|policy=accessible|seed=62004|result=won|actions=12|boss_hp=0|min_party_hp=12|min_living=3|min_oxygen=68.0
LAB REAL FIGHT|level=2|policy=accessible|seed=62005|result=won|actions=11|boss_hp=0|min_party_hp=17|min_living=3|min_oxygen=68.0
LAB REAL FIGHT|level=2|policy=accessible|seed=62006|result=won|actions=11|boss_hp=0|min_party_hp=17|min_living=3|min_oxygen=68.0
LAB REAL FIGHT|level=2|policy=accessible|seed=62007|result=won|actions=12|boss_hp=0|min_party_hp=12|min_living=3|min_oxygen=68.0
LAB REAL BALANCE|level=2|policy=accessible|wins=8/8
LAB REAL FIGHT|level=2|policy=skilled|seed=62000|result=won|actions=11|boss_hp=0|min_party_hp=27|min_living=3|min_oxygen=68.0
LAB REAL FIGHT|level=2|policy=skilled|seed=62001|result=won|actions=11|boss_hp=0|min_party_hp=27|min_living=3|min_oxygen=68.0
LAB REAL FIGHT|level=2|policy=skilled|seed=62002|result=won|actions=12|boss_hp=0|min_party_hp=25|min_living=3|min_oxygen=68.0
LAB REAL FIGHT|level=2|policy=skilled|seed=62003|result=won|actions=11|boss_hp=0|min_party_hp=27|min_living=3|min_oxygen=68.0
LAB REAL FIGHT|level=2|policy=skilled|seed=62004|result=won|actions=11|boss_hp=0|min_party_hp=27|min_living=3|min_oxygen=68.0
LAB REAL FIGHT|level=2|policy=skilled|seed=62005|result=won|actions=11|boss_hp=0|min_party_hp=27|min_living=3|min_oxygen=68.0
LAB REAL FIGHT|level=2|policy=skilled|seed=62006|result=won|actions=11|boss_hp=0|min_party_hp=27|min_living=3|min_oxygen=68.0
LAB REAL FIGHT|level=2|policy=skilled|seed=62007|result=won|actions=11|boss_hp=0|min_party_hp=27|min_living=3|min_oxygen=68.0
LAB REAL BALANCE|level=2|policy=skilled|wins=8/8
LAB REAL FIGHT|level=2|policy=earned_heavy|seed=62000|result=won|actions=11|boss_hp=0|min_party_hp=27|min_living=3|min_oxygen=68.0
LAB REAL FIGHT|level=2|policy=earned_heavy|seed=62001|result=won|actions=10|boss_hp=0|min_party_hp=27|min_living=3|min_oxygen=76.0
LAB REAL FIGHT|level=2|policy=earned_heavy|seed=62002|result=won|actions=11|boss_hp=0|min_party_hp=27|min_living=3|min_oxygen=68.0
LAB REAL FIGHT|level=2|policy=earned_heavy|seed=62003|result=won|actions=11|boss_hp=0|min_party_hp=27|min_living=3|min_oxygen=68.0
LAB REAL FIGHT|level=2|policy=earned_heavy|seed=62004|result=won|actions=12|boss_hp=0|min_party_hp=25|min_living=3|min_oxygen=68.0
LAB REAL FIGHT|level=2|policy=earned_heavy|seed=62005|result=won|actions=12|boss_hp=0|min_party_hp=25|min_living=3|min_oxygen=68.0
LAB REAL FIGHT|level=2|policy=earned_heavy|seed=62006|result=won|actions=12|boss_hp=0|min_party_hp=25|min_living=3|min_oxygen=68.0
LAB REAL FIGHT|level=2|policy=earned_heavy|seed=62007|result=won|actions=11|boss_hp=0|min_party_hp=27|min_living=3|min_oxygen=68.0
LAB REAL BALANCE|level=2|policy=earned_heavy|wins=8/8
LAB REAL FIGHT|level=3|policy=accessible|seed=62000|result=won|actions=11|boss_hp=0|min_party_hp=15|min_living=3|min_oxygen=68.0
LAB REAL FIGHT|level=3|policy=accessible|seed=62001|result=won|actions=12|boss_hp=0|min_party_hp=13|min_living=3|min_oxygen=68.0
LAB REAL FIGHT|level=3|policy=accessible|seed=62002|result=won|actions=11|boss_hp=0|min_party_hp=15|min_living=3|min_oxygen=68.0
LAB REAL FIGHT|level=3|policy=accessible|seed=62003|result=won|actions=11|boss_hp=0|min_party_hp=17|min_living=3|min_oxygen=68.0
LAB REAL FIGHT|level=3|policy=accessible|seed=62004|result=won|actions=12|boss_hp=0|min_party_hp=12|min_living=3|min_oxygen=68.0
LAB REAL FIGHT|level=3|policy=accessible|seed=62005|result=won|actions=11|boss_hp=0|min_party_hp=17|min_living=3|min_oxygen=68.0
LAB REAL FIGHT|level=3|policy=accessible|seed=62006|result=won|actions=11|boss_hp=0|min_party_hp=17|min_living=3|min_oxygen=68.0
LAB REAL FIGHT|level=3|policy=accessible|seed=62007|result=won|actions=12|boss_hp=0|min_party_hp=12|min_living=3|min_oxygen=68.0
LAB REAL BALANCE|level=3|policy=accessible|wins=8/8
LAB REAL FIGHT|level=3|policy=skilled|seed=62000|result=won|actions=11|boss_hp=0|min_party_hp=27|min_living=3|min_oxygen=68.0
LAB REAL FIGHT|level=3|policy=skilled|seed=62001|result=won|actions=11|boss_hp=0|min_party_hp=27|min_living=3|min_oxygen=68.0
LAB REAL FIGHT|level=3|policy=skilled|seed=62002|result=won|actions=12|boss_hp=0|min_party_hp=25|min_living=3|min_oxygen=68.0
LAB REAL FIGHT|level=3|policy=skilled|seed=62003|result=won|actions=11|boss_hp=0|min_party_hp=27|min_living=3|min_oxygen=68.0
LAB REAL FIGHT|level=3|policy=skilled|seed=62004|result=won|actions=11|boss_hp=0|min_party_hp=27|min_living=3|min_oxygen=68.0
LAB REAL FIGHT|level=3|policy=skilled|seed=62005|result=won|actions=11|boss_hp=0|min_party_hp=27|min_living=3|min_oxygen=68.0
LAB REAL FIGHT|level=3|policy=skilled|seed=62006|result=won|actions=11|boss_hp=0|min_party_hp=27|min_living=3|min_oxygen=68.0
LAB REAL FIGHT|level=3|policy=skilled|seed=62007|result=won|actions=11|boss_hp=0|min_party_hp=27|min_living=3|min_oxygen=68.0
LAB REAL BALANCE|level=3|policy=skilled|wins=8/8
LAB REAL FIGHT|level=3|policy=earned_heavy|seed=62000|result=won|actions=11|boss_hp=0|min_party_hp=27|min_living=3|min_oxygen=68.0
LAB REAL FIGHT|level=3|policy=earned_heavy|seed=62001|result=won|actions=10|boss_hp=0|min_party_hp=27|min_living=3|min_oxygen=76.0
LAB REAL FIGHT|level=3|policy=earned_heavy|seed=62002|result=won|actions=11|boss_hp=0|min_party_hp=27|min_living=3|min_oxygen=68.0
LAB REAL FIGHT|level=3|policy=earned_heavy|seed=62003|result=won|actions=11|boss_hp=0|min_party_hp=27|min_living=3|min_oxygen=68.0
LAB REAL FIGHT|level=3|policy=earned_heavy|seed=62004|result=won|actions=12|boss_hp=0|min_party_hp=25|min_living=3|min_oxygen=68.0
LAB REAL FIGHT|level=3|policy=earned_heavy|seed=62005|result=won|actions=12|boss_hp=0|min_party_hp=25|min_living=3|min_oxygen=68.0
LAB REAL FIGHT|level=3|policy=earned_heavy|seed=62006|result=won|actions=12|boss_hp=0|min_party_hp=25|min_living=3|min_oxygen=68.0
LAB REAL FIGHT|level=3|policy=earned_heavy|seed=62007|result=won|actions=11|boss_hp=0|min_party_hp=27|min_living=3|min_oxygen=68.0
LAB REAL BALANCE|level=3|policy=earned_heavy|wins=8/8
LAB REAL BALANCE: clean
