Godot Engine v4.7.1.stable.official.a13da4feb - https://godotengine.org

PROLOGUE_PHASE|spawn_exploration
PROLOGUE_PHASE|angler
PROLOGUE_PHASE|angler_victory
PROLOGUE_PHASE|octopus_notice
PROLOGUE_PHASE|octopus_omen
PROLOGUE_PHASE|octopus_introduction
PROLOGUE_PHASE|octopus_reveal
PROLOGUE_PHASE|octopus_response
PROLOGUE_HIT|move=Electric Touch|damage=1|hit=true|hp=999|effects=["EVA -3"]
PROLOGUE_PHASE|scripted_defeat
PROLOGUE_STRIKE|move=Octo Stab|target=Maxilani|damage=80|hit=true|hp=0|living=2
PROLOGUE_HIT|move=Precise Tap|damage=3|hit=true|hp=996|effects=[]
PROLOGUE_STRIKE|move=Head Bash|target=Musashi|damage=78|hit=true|hp=0|living=1
PROLOGUE_HIT|move=Guard Bash|damage=9|hit=true|hp=987|effects=[]
PROLOGUE_STRIKE|move=Electric Shooting|target=Bucky|damage=76|hit=true|hp=0|living=0
PROLOGUE_PHASE|octopus_aftermath
PROLOGUE_PHASE|recovery
PROLOGUE_PHASE|complete
RANDOM_REVEAL|enemies=angler|duration=1.5
RANDOM_COMBAT|enemies=angler
DEATH ACTION|party=[1, 1, 1]|enemies=["Angler"]
DEATH ACTION|party=[1, 1, 1]|enemies=["Angler"]
DEATH ACTION|party=[1, 1, 1]|enemies=["Angler"]
DEATH ACTION|party=[1, 1, 0]|enemies=["Angler"]
DEATH ACTION|party=[1, 1, 0]|enemies=["Angler"]
DEATH ACTION|party=[1, 1, 0]|enemies=["Angler"]
DEATH ACTION|party=[0, 1, 0]|enemies=["Angler"]
CHECKPOINT_GAME_OVER|slot=918299|complete=true
REAL ORDINARY DEATH|actions=7|seconds=33.9000000000002
RESTART SAVED|{ "bomb_bot_state": "available", "deep_warning_seen": false, "encounter_source": "random", "lab_state": "locked", "maze_door_state": "locked", "objective_id": "", "octopus_state": "unavailable", "opening_video_seen": true, "prologue_complete": true, "sword_slayer_state": "available", "tethys_state": "locked", "tutorial_complete": false, "zone_id": "shallows" }
PROLOGUE_PHASE|complete
RESTART LOADED|slot=918299|{ "zone_id": "shallows", "objective_id": "", "bomb_bot_state": "available", "sword_slayer_state": "available", "lab_state": "locked", "tethys_state": "locked", "maze_door_state": "locked", "octopus_state": "unavailable", "encounter_source": "random", "deep_warning_seen": false, "opening_video_seen": true, "prologue_complete": true, "tutorial_complete": false }
RANDOM_REVEAL|enemies=swordfish_duelist|duration=1.5
RANDOM_COMBAT|enemies=swordfish_duelist
DEATH ACTION|party=[0, 1, 1]|enemies=["Swordfish Duelist"]
DEATH ACTION|party=[0, 0, 1]|enemies=["Swordfish Duelist"]
CHECKPOINT_GAME_OVER|slot=918299|complete=true
REAL ORDINARY DEATH|actions=2|seconds=10.7
PROLOGUE_PHASE|complete
OPENING JOURNEY: clean
