Godot Engine v4.7.1.stable.official.a13da4feb - https://godotengine.org

MAP DOOR CASE|active=0 mode=keyed|keys=0|open=true
MAP DOOR CASE|active=0 mode=free|keys=1|open=true
MAP DOOR CASE|active=0 mode=top|keys=0|open=true
MAP DOOR CASE|active=0 mode=top_closed|keys=0|open=true
MAP DOOR CASE|active=0 mode=missing|keys=0|open=false
MAP DOOR CASE|active=0 mode=far|keys=1|open=false
MAP DOOR CASE|active=0 mode=ctrl|keys=1|open=false
MAP DOOR CASE|active=0 mode=open|keys=1|open=true
MAP DOOR CASE|active=0 mode=overlap|keys=0|open=true
MAP DOOR CASE|active=1 mode=keyed|keys=0|open=true
MAP DOOR CASE|active=1 mode=free|keys=1|open=true
MAP DOOR CASE|active=1 mode=top|keys=0|open=true
MAP DOOR CASE|active=1 mode=top_closed|keys=0|open=true
MAP DOOR CASE|active=1 mode=missing|keys=0|open=false
MAP DOOR CASE|active=1 mode=far|keys=1|open=false
MAP DOOR CASE|active=1 mode=ctrl|keys=1|open=false
MAP DOOR CASE|active=1 mode=open|keys=1|open=true
MAP DOOR CASE|active=1 mode=overlap|keys=0|open=true
MAP DOOR CASE|active=2 mode=keyed|keys=0|open=true
MAP DOOR CASE|active=2 mode=free|keys=1|open=true
MAP DOOR CASE|active=2 mode=top|keys=0|open=true
MAP DOOR CASE|active=2 mode=top_closed|keys=0|open=true
MAP DOOR CASE|active=2 mode=missing|keys=0|open=false
MAP DOOR CASE|active=2 mode=far|keys=1|open=false
MAP DOOR CASE|active=2 mode=ctrl|keys=1|open=false
MAP DOOR CASE|active=2 mode=open|keys=1|open=true
MAP DOOR CASE|active=2 mode=overlap|keys=0|open=true
MARC MAP DOOR: clean|generated=27
