Godot Engine v4.7.1.stable.official.a13da4feb - https://godotengine.org
OpenGL API 4.1 Metal - 90.5 - Compatibility - Using Device: Apple - Apple M1

RANDOM_REVEAL|enemies=angler|duration=1.5
RANDOM_REVEAL|enemies=swordfish_duelist|duration=1.5
RANDOM_REVEAL|enemies=frilled_shark|duration=1.5
RANDOM_REVEAL|enemies=angler,frilled_shark|duration=1.5
RANDOM_REVEAL|enemies=frilled_shark,swordfish_duelist,angler|duration=1.5
RANDOM_REVEAL|enemies=angler|duration=1.5
RANDOM_REVEAL|enemies=swordfish_duelist|duration=1.5
RANDOM_REVEAL|enemies=frilled_shark|duration=1.5
RANDOM_REVEAL|enemies=angler,frilled_shark|duration=1.5
RANDOM_REVEAL|enemies=frilled_shark,swordfish_duelist,angler|duration=1.5
RANDOM_REVEAL|enemies=angler|duration=1.5
RANDOM_REVEAL|enemies=swordfish_duelist|duration=1.5
RANDOM_REVEAL|enemies=frilled_shark|duration=1.5
RANDOM_REVEAL|enemies=angler,frilled_shark|duration=1.5
RANDOM_REVEAL|enemies=frilled_shark,swordfish_duelist,angler|duration=1.5
RANDOM_REVEAL|enemies=angler|duration=1.5
RANDOM_REVEAL|enemies=swordfish_duelist|duration=1.5
RANDOM_REVEAL|enemies=frilled_shark|duration=1.5
RANDOM_REVEAL|enemies=angler,frilled_shark|duration=1.5
RANDOM_REVEAL|enemies=frilled_shark,swordfish_duelist,angler|duration=1.5
RANDOM_REVEAL|enemies=angler|duration=1.5
RANDOM_REVEAL|enemies=swordfish_duelist|duration=1.5
RANDOM_REVEAL|enemies=frilled_shark|duration=1.5
RANDOM_REVEAL|enemies=angler,frilled_shark|duration=1.5
RANDOM_REVEAL|enemies=frilled_shark,swordfish_duelist,angler|duration=1.5
RANDOM_REVEAL|enemies=angler|duration=1.5
RANDOM_REVEAL|enemies=swordfish_duelist|duration=1.5
RANDOM_REVEAL|enemies=frilled_shark|duration=1.5
RANDOM_REVEAL|enemies=angler,frilled_shark|duration=1.5
RANDOM_REVEAL|enemies=frilled_shark,swordfish_duelist,angler|duration=1.5
RANDOM_REVEAL|enemies=angler|duration=1.5
RANDOM_REVEAL|enemies=swordfish_duelist|duration=1.5
RANDOM_REVEAL|enemies=frilled_shark|duration=1.5
RANDOM_REVEAL|enemies=angler,frilled_shark|duration=1.5
RANDOM_REVEAL|enemies=frilled_shark,swordfish_duelist,angler|duration=1.5
RANDOM_REVEAL|enemies=angler|duration=1.5
RANDOM_REVEAL|enemies=swordfish_duelist|duration=1.5
RANDOM_REVEAL|enemies=frilled_shark|duration=1.5
RANDOM_REVEAL|enemies=angler,frilled_shark|duration=1.5
RANDOM_REVEAL|enemies=frilled_shark,swordfish_duelist,angler|duration=1.5
RANDOM_REVEAL|enemies=angler|duration=1.5
RANDOM_REVEAL|enemies=swordfish_duelist|duration=1.5
RANDOM_REVEAL|enemies=frilled_shark|duration=1.5
RANDOM_REVEAL|enemies=angler,frilled_shark|duration=1.5
RANDOM_REVEAL|enemies=frilled_shark,swordfish_duelist,angler|duration=1.5
RANDOM_REVEAL|enemies=angler|duration=1.5
RANDOM_REVEAL|enemies=swordfish_duelist|duration=1.5
RANDOM_REVEAL|enemies=frilled_shark|duration=1.5
RANDOM_REVEAL|enemies=angler,frilled_shark|duration=1.5
RANDOM_REVEAL|enemies=frilled_shark,swordfish_duelist,angler|duration=1.5
RANDOM_REVEAL|enemies=angler|duration=1.5
RANDOM_REVEAL|enemies=swordfish_duelist|duration=1.5
RANDOM_REVEAL|enemies=frilled_shark|duration=1.5
RANDOM_REVEAL|enemies=angler,frilled_shark|duration=1.5
RANDOM_REVEAL|enemies=frilled_shark,swordfish_duelist,angler|duration=1.5
RANDOM_REVEAL|enemies=angler|duration=1.5
RANDOM_REVEAL|enemies=swordfish_duelist|duration=1.5
RANDOM_REVEAL|enemies=frilled_shark|duration=1.5
RANDOM_REVEAL|enemies=angler,frilled_shark|duration=1.5
RANDOM_REVEAL|enemies=frilled_shark,swordfish_duelist,angler|duration=1.5
RANDOM_REVEAL|enemies=angler|duration=1.5
RANDOM_REVEAL|enemies=swordfish_duelist|duration=1.5
RANDOM_REVEAL|enemies=frilled_shark|duration=1.5
RANDOM_REVEAL|enemies=angler,frilled_shark|duration=1.5
RANDOM_REVEAL|enemies=frilled_shark,swordfish_duelist,angler|duration=1.5
RANDOM_REVEAL|enemies=angler|duration=1.5
RANDOM_REVEAL|enemies=swordfish_duelist|duration=1.5
RANDOM_REVEAL|enemies=frilled_shark|duration=1.5
RANDOM_REVEAL|enemies=angler,frilled_shark|duration=1.5
RANDOM_REVEAL|enemies=frilled_shark,swordfish_duelist,angler|duration=1.5
RANDOM_REVEAL|enemies=angler|duration=1.5
RANDOM_REVEAL|enemies=swordfish_duelist|duration=1.5
RANDOM_REVEAL|enemies=frilled_shark|duration=1.5
RANDOM_REVEAL|enemies=angler,frilled_shark|duration=1.5
RANDOM_REVEAL|enemies=frilled_shark,swordfish_duelist,angler|duration=1.5
RANDOM_REVEAL|enemies=angler|duration=1.5
RANDOM_REVEAL|enemies=swordfish_duelist|duration=1.5
RANDOM_REVEAL|enemies=frilled_shark|duration=1.5
RANDOM_REVEAL|enemies=angler,frilled_shark|duration=1.5
RANDOM_REVEAL|enemies=frilled_shark,swordfish_duelist,angler|duration=1.5
RANDOM_REVEAL|enemies=angler|duration=1.5
RANDOM_REVEAL|enemies=swordfish_duelist|duration=1.5
RANDOM_REVEAL|enemies=frilled_shark|duration=1.5
RANDOM_REVEAL|enemies=angler,frilled_shark|duration=1.5
RANDOM_REVEAL|enemies=frilled_shark,swordfish_duelist,angler|duration=1.5
RANDOM_REVEAL|enemies=angler|duration=1.5
RANDOM_REVEAL|enemies=swordfish_duelist|duration=1.5
RANDOM_REVEAL|enemies=frilled_shark|duration=1.5
RANDOM_REVEAL|enemies=angler,frilled_shark|duration=1.5
RANDOM_REVEAL|enemies=frilled_shark,swordfish_duelist,angler|duration=1.5
RANDOM REVEAL FRAMING: 90 formations / three live animation samples: PASS
