Godot Engine v4.7.1.stable.official.a13da4feb - https://godotengine.org

RANDOM_REVEAL|enemies=angler|duration=1.5
RANDOM_REVEAL|enemies=swordfish_duelist|duration=1.5
RANDOM_REVEAL|enemies=frilled_shark|duration=1.5
RANDOM_REVEAL|enemies=angler,frilled_shark|duration=1.5
RANDOM_REVEAL|enemies=frilled_shark,swordfish_duelist,angler|duration=1.5
RANDOM_REVEAL|enemies=angler|duration=1.5
RANDOM_REVEAL|enemies=swordfish_duelist|duration=1.5
RANDOM_REVEAL|enemies=frilled_shark|duration=1.5
RANDOM_REVEAL|enemies=angler,frilled_shark|duration=1.5
RANDOM_REVEAL|enemies=frilled_shark,swordfish_duelist,angler|duration=1.5
RANDOM_REVEAL|enemies=angler|duration=1.5
RANDOM_REVEAL|enemies=swordfish_duelist|duration=1.5
RANDOM_REVEAL|enemies=frilled_shark|duration=1.5
RANDOM_REVEAL|enemies=angler,frilled_shark|duration=1.5
RANDOM_REVEAL|enemies=frilled_shark,swordfish_duelist,angler|duration=1.5
RANDOM_REVEAL|enemies=angler|duration=1.5
RANDOM_REVEAL|enemies=swordfish_duelist|duration=1.5
RANDOM_REVEAL|enemies=frilled_shark|duration=1.5
RANDOM_REVEAL|enemies=angler,frilled_shark|duration=1.5
RANDOM_REVEAL|enemies=frilled_shark,swordfish_duelist,angler|duration=1.5
RANDOM_REVEAL|enemies=angler|duration=1.5
RANDOM_REVEAL|enemies=swordfish_duelist|duration=1.5
RANDOM_REVEAL|enemies=frilled_shark|duration=1.5
RANDOM_REVEAL|enemies=angler,frilled_shark|duration=1.5
RANDOM_REVEAL|enemies=frilled_shark,swordfish_duelist,angler|duration=1.5
RANDOM_REVEAL|enemies=angler|duration=1.5
RANDOM_REVEAL|enemies=swordfish_duelist|duration=1.5
RANDOM_REVEAL|enemies=frilled_shark|duration=1.5
RANDOM_REVEAL|enemies=angler,frilled_shark|duration=1.5
RANDOM_REVEAL|enemies=frilled_shark,swordfish_duelist,angler|duration=1.5
RANDOM_REVEAL|enemies=angler|duration=1.5
RANDOM_REVEAL|enemies=swordfish_duelist|duration=1.5
RANDOM_REVEAL|enemies=frilled_shark|duration=1.5
RANDOM_REVEAL|enemies=angler,frilled_shark|duration=1.5
RANDOM_REVEAL|enemies=frilled_shark,swordfish_duelist,angler|duration=1.5
RANDOM_REVEAL|enemies=angler|duration=1.5
RANDOM_REVEAL|enemies=swordfish_duelist|duration=1.5
RANDOM_REVEAL|enemies=frilled_shark|duration=1.5
RANDOM_REVEAL|enemies=angler,frilled_shark|duration=1.5
RANDOM_REVEAL|enemies=frilled_shark,swordfish_duelist,angler|duration=1.5
RANDOM_REVEAL|enemies=angler|duration=1.5
RANDOM_REVEAL|enemies=swordfish_duelist|duration=1.5
RANDOM_REVEAL|enemies=frilled_shark|duration=1.5
RANDOM_REVEAL|enemies=angler,frilled_shark|duration=1.5
RANDOM_REVEAL|enemies=frilled_shark,swordfish_duelist,angler|duration=1.5
RANDOM_REVEAL|enemies=angler|duration=1.5
RANDOM_REVEAL|enemies=swordfish_duelist|duration=1.5
RANDOM_REVEAL|enemies=frilled_shark|duration=1.5
RANDOM_REVEAL|enemies=angler,frilled_shark|duration=1.5
RANDOM_REVEAL|enemies=frilled_shark,swordfish_duelist,angler|duration=1.5
RANDOM_REVEAL|enemies=angler|duration=1.5
RANDOM_REVEAL|enemies=swordfish_duelist|duration=1.5
RANDOM_REVEAL|enemies=frilled_shark|duration=1.5
RANDOM_REVEAL|enemies=angler,frilled_shark|duration=1.5
RANDOM_REVEAL|enemies=frilled_shark,swordfish_duelist,angler|duration=1.5
RANDOM_REVEAL|enemies=angler|duration=1.5
RANDOM_REVEAL|enemies=swordfish_duelist|duration=1.5
RANDOM_REVEAL|enemies=frilled_shark|duration=1.5
RANDOM_REVEAL|enemies=angler,frilled_shark|duration=1.5
RANDOM_REVEAL|enemies=frilled_shark,swordfish_duelist,angler|duration=1.5
RANDOM_REVEAL|enemies=angler|duration=1.5
RANDOM_REVEAL|enemies=swordfish_duelist|duration=1.5
RANDOM_REVEAL|enemies=frilled_shark|duration=1.5
RANDOM_REVEAL|enemies=angler,frilled_shark|duration=1.5
RANDOM_REVEAL|enemies=frilled_shark,swordfish_duelist,angler|duration=1.5
RANDOM_REVEAL|enemies=angler|duration=1.5
RANDOM_REVEAL|enemies=swordfish_duelist|duration=1.5
RANDOM_REVEAL|enemies=frilled_shark|duration=1.5
RANDOM_REVEAL|enemies=angler,frilled_shark|duration=1.5
RANDOM_REVEAL|enemies=frilled_shark,swordfish_duelist,angler|duration=1.5
RANDOM_REVEAL|enemies=angler|duration=1.5
RANDOM_REVEAL|enemies=swordfish_duelist|duration=1.5
RANDOM_REVEAL|enemies=frilled_shark|duration=1.5
RANDOM_REVEAL|enemies=angler,frilled_shark|duration=1.5
RANDOM_REVEAL|enemies=frilled_shark,swordfish_duelist,angler|duration=1.5
RANDOM_REVEAL|enemies=angler|duration=1.5
RANDOM_REVEAL|enemies=swordfish_duelist|duration=1.5
RANDOM_REVEAL|enemies=frilled_shark|duration=1.5
RANDOM_REVEAL|enemies=angler,frilled_shark|duration=1.5
RANDOM_REVEAL|enemies=frilled_shark,swordfish_duelist,angler|duration=1.5
RANDOM_REVEAL|enemies=angler|duration=1.5
RANDOM_REVEAL|enemies=swordfish_duelist|duration=1.5
RANDOM_REVEAL|enemies=frilled_shark|duration=1.5
RANDOM_REVEAL|enemies=angler,frilled_shark|duration=1.5
RANDOM_REVEAL|enemies=frilled_shark,swordfish_duelist,angler|duration=1.5
RANDOM_REVEAL|enemies=angler|duration=1.5
RANDOM_REVEAL|enemies=swordfish_duelist|duration=1.5
RANDOM_REVEAL|enemies=frilled_shark|duration=1.5
RANDOM_REVEAL|enemies=angler,frilled_shark|duration=1.5
RANDOM_REVEAL|enemies=frilled_shark,swordfish_duelist,angler|duration=1.5
ERROR: REVEAL-04 angler intersects environment at (1280, 720) / -1.0 / 3.14159265358979
   at: push_error (core/variant/variant_utility.cpp:1023)
   GDScript backtrace (most recent call first):
       [0] _run (res://verify/random_reveal_framing.gd:55)
ERROR: REVEAL-04 angler hidden behind terrain at (17.0, 3.0, 10.0) / -1.0 / 3.14159265358979
   at: push_error (core/variant/variant_utility.cpp:1023)
   GDScript backtrace (most recent call first):
       [0] _run (res://verify/random_reveal_framing.gd:55)
ERROR: REVEAL-04 angler intersects environment at (1280, 720) / -1.0 / 3.14159265358979
   at: push_error (core/variant/variant_utility.cpp:1023)
   GDScript backtrace (most recent call first):
       [0] _run (res://verify/random_reveal_framing.gd:55)
ERROR: REVEAL-04 angler hidden behind terrain at (17.0, 3.0, 10.0) / -1.0 / 3.14159265358979
   at: push_error (core/variant/variant_utility.cpp:1023)
   GDScript backtrace (most recent call first):
       [0] _run (res://verify/random_reveal_framing.gd:55)
ERROR: REVEAL-04 angler intersects environment at (1280, 720) / -1.0 / 3.14159265358979
   at: push_error (core/variant/variant_utility.cpp:1023)
   GDScript backtrace (most recent call first):
       [0] _run (res://verify/random_reveal_framing.gd:55)
ERROR: REVEAL-04 angler hidden behind terrain at (17.0, 3.0, 10.0) / -1.0 / 3.14159265358979
   at: push_error (core/variant/variant_utility.cpp:1023)
   GDScript backtrace (most recent call first):
       [0] _run (res://verify/random_reveal_framing.gd:55)
ERROR: REVEAL-04 swordfish_duelist intersects environment at (1280, 720) / -1.0 / 3.14159265358979
   at: push_error (core/variant/variant_utility.cpp:1023)
   GDScript backtrace (most recent call first):
       [0] _run (res://verify/random_reveal_framing.gd:55)
ERROR: REVEAL-04 swordfish_duelist hidden behind terrain at (17.0, 3.0, 10.0) / -1.0 / 3.14159265358979
   at: push_error (core/variant/variant_utility.cpp:1023)
   GDScript backtrace (most recent call first):
       [0] _run (res://verify/random_reveal_framing.gd:55)
ERROR: REVEAL-04 swordfish_duelist intersects environment at (1280, 720) / -1.0 / 3.14159265358979
   at: push_error (core/variant/variant_utility.cpp:1023)
   GDScript backtrace (most recent call first):
       [0] _run (res://verify/random_reveal_framing.gd:55)
ERROR: REVEAL-04 swordfish_duelist hidden behind terrain at (17.0, 3.0, 10.0) / -1.0 / 3.14159265358979
   at: push_error (core/variant/variant_utility.cpp:1023)
   GDScript backtrace (most recent call first):
       [0] _run (res://verify/random_reveal_framing.gd:55)
ERROR: REVEAL-04 swordfish_duelist intersects environment at (1280, 720) / -1.0 / 3.14159265358979
   at: push_error (core/variant/variant_utility.cpp:1023)
   GDScript backtrace (most recent call first):
       [0] _run (res://verify/random_reveal_framing.gd:55)
ERROR: REVEAL-04 swordfish_duelist hidden behind terrain at (17.0, 3.0, 10.0) / -1.0 / 3.14159265358979
   at: push_error (core/variant/variant_utility.cpp:1023)
   GDScript backtrace (most recent call first):
       [0] _run (res://verify/random_reveal_framing.gd:55)
ERROR: REVEAL-04 frilled_shark intersects environment at (1280, 720) / -1.0 / 3.14159265358979
   at: push_error (core/variant/variant_utility.cpp:1023)
   GDScript backtrace (most recent call first):
       [0] _run (res://verify/random_reveal_framing.gd:55)
ERROR: REVEAL-04 frilled_shark hidden behind terrain at (17.0, 3.0, 10.0) / -1.0 / 3.14159265358979
   at: push_error (core/variant/variant_utility.cpp:1023)
   GDScript backtrace (most recent call first):
       [0] _run (res://verify/random_reveal_framing.gd:55)
ERROR: REVEAL-04 frilled_shark intersects environment at (1280, 720) / -1.0 / 3.14159265358979
   at: push_error (core/variant/variant_utility.cpp:1023)
   GDScript backtrace (most recent call first):
       [0] _run (res://verify/random_reveal_framing.gd:55)
ERROR: REVEAL-04 frilled_shark hidden behind terrain at (17.0, 3.0, 10.0) / -1.0 / 3.14159265358979
   at: push_error (core/variant/variant_utility.cpp:1023)
   GDScript backtrace (most recent call first):
       [0] _run (res://verify/random_reveal_framing.gd:55)
ERROR: REVEAL-04 frilled_shark intersects environment at (1280, 720) / -1.0 / 3.14159265358979
   at: push_error (core/variant/variant_utility.cpp:1023)
   GDScript backtrace (most recent call first):
       [0] _run (res://verify/random_reveal_framing.gd:55)
ERROR: REVEAL-04 frilled_shark hidden behind terrain at (17.0, 3.0, 10.0) / -1.0 / 3.14159265358979
   at: push_error (core/variant/variant_utility.cpp:1023)
   GDScript backtrace (most recent call first):
       [0] _run (res://verify/random_reveal_framing.gd:55)
ERROR: REVEAL-04 angler hidden behind terrain at (17.0, 3.0, 10.0) / -1.0 / 3.14159265358979
   at: push_error (core/variant/variant_utility.cpp:1023)
   GDScript backtrace (most recent call first):
       [0] _run (res://verify/random_reveal_framing.gd:55)
ERROR: REVEAL-04 frilled_shark intersects environment at (1280, 720) / -1.0 / 3.14159265358979
   at: push_error (core/variant/variant_utility.cpp:1023)
   GDScript backtrace (most recent call first):
       [0] _run (res://verify/random_reveal_framing.gd:55)
ERROR: REVEAL-04 frilled_shark hidden behind terrain at (17.0, 3.0, 10.0) / -1.0 / 3.14159265358979
   at: push_error (core/variant/variant_utility.cpp:1023)
   GDScript backtrace (most recent call first):
       [0] _run (res://verify/random_reveal_framing.gd:55)
ERROR: REVEAL-04 angler hidden behind terrain at (17.0, 3.0, 10.0) / -1.0 / 3.14159265358979
   at: push_error (core/variant/variant_utility.cpp:1023)
   GDScript backtrace (most recent call first):
       [0] _run (res://verify/random_reveal_framing.gd:55)
ERROR: REVEAL-04 frilled_shark intersects environment at (1280, 720) / -1.0 / 3.14159265358979
   at: push_error (core/variant/variant_utility.cpp:1023)
   GDScript backtrace (most recent call first):
       [0] _run (res://verify/random_reveal_framing.gd:55)
ERROR: REVEAL-04 frilled_shark hidden behind terrain at (17.0, 3.0, 10.0) / -1.0 / 3.14159265358979
   at: push_error (core/variant/variant_utility.cpp:1023)
   GDScript backtrace (most recent call first):
       [0] _run (res://verify/random_reveal_framing.gd:55)
ERROR: REVEAL-04 angler hidden behind terrain at (17.0, 3.0, 10.0) / -1.0 / 3.14159265358979
   at: push_error (core/variant/variant_utility.cpp:1023)
   GDScript backtrace (most recent call first):
       [0] _run (res://verify/random_reveal_framing.gd:55)
ERROR: REVEAL-04 frilled_shark intersects environment at (1280, 720) / -1.0 / 3.14159265358979
   at: push_error (core/variant/variant_utility.cpp:1023)
   GDScript backtrace (most recent call first):
       [0] _run (res://verify/random_reveal_framing.gd:55)
ERROR: REVEAL-04 frilled_shark hidden behind terrain at (17.0, 3.0, 10.0) / -1.0 / 3.14159265358979
   at: push_error (core/variant/variant_utility.cpp:1023)
   GDScript backtrace (most recent call first):
       [0] _run (res://verify/random_reveal_framing.gd:55)
ERROR: REVEAL-04 frilled_shark hidden behind terrain at (17.0, 3.0, 10.0) / -1.0 / 3.14159265358979
   at: push_error (core/variant/variant_utility.cpp:1023)
   GDScript backtrace (most recent call first):
       [0] _run (res://verify/random_reveal_framing.gd:55)
ERROR: REVEAL-04 swordfish_duelist intersects environment at (1280, 720) / -1.0 / 3.14159265358979
   at: push_error (core/variant/variant_utility.cpp:1023)
   GDScript backtrace (most recent call first):
       [0] _run (res://verify/random_reveal_framing.gd:55)
ERROR: REVEAL-04 swordfish_duelist hidden behind terrain at (17.0, 3.0, 10.0) / -1.0 / 3.14159265358979
   at: push_error (core/variant/variant_utility.cpp:1023)
   GDScript backtrace (most recent call first):
       [0] _run (res://verify/random_reveal_framing.gd:55)
ERROR: REVEAL-04 angler intersects environment at (1280, 720) / -1.0 / 3.14159265358979
   at: push_error (core/variant/variant_utility.cpp:1023)
   GDScript backtrace (most recent call first):
       [0] _run (res://verify/random_reveal_framing.gd:55)
ERROR: REVEAL-04 angler hidden behind terrain at (17.0, 3.0, 10.0) / -1.0 / 3.14159265358979
   at: push_error (core/variant/variant_utility.cpp:1023)
   GDScript backtrace (most recent call first):
       [0] _run (res://verify/random_reveal_framing.gd:55)
ERROR: REVEAL-04 frilled_shark hidden behind terrain at (17.0, 3.0, 10.0) / -1.0 / 3.14159265358979
   at: push_error (core/variant/variant_utility.cpp:1023)
   GDScript backtrace (most recent call first):
       [0] _run (res://verify/random_reveal_framing.gd:55)
ERROR: REVEAL-04 swordfish_duelist intersects environment at (1280, 720) / -1.0 / 3.14159265358979
   at: push_error (core/variant/variant_utility.cpp:1023)
   GDScript backtrace (most recent call first):
       [0] _run (res://verify/random_reveal_framing.gd:55)
ERROR: REVEAL-04 swordfish_duelist hidden behind terrain at (17.0, 3.0, 10.0) / -1.0 / 3.14159265358979
   at: push_error (core/variant/variant_utility.cpp:1023)
   GDScript backtrace (most recent call first):
       [0] _run (res://verify/random_reveal_framing.gd:55)
ERROR: REVEAL-04 angler intersects environment at (1280, 720) / -1.0 / 3.14159265358979
   at: push_error (core/variant/variant_utility.cpp:1023)
   GDScript backtrace (most recent call first):
       [0] _run (res://verify/random_reveal_framing.gd:55)
ERROR: REVEAL-04 angler hidden behind terrain at (17.0, 3.0, 10.0) / -1.0 / 3.14159265358979
   at: push_error (core/variant/variant_utility.cpp:1023)
   GDScript backtrace (most recent call first):
       [0] _run (res://verify/random_reveal_framing.gd:55)
ERROR: REVEAL-04 frilled_shark hidden behind terrain at (17.0, 3.0, 10.0) / -1.0 / 3.14159265358979
   at: push_error (core/variant/variant_utility.cpp:1023)
   GDScript backtrace (most recent call first):
       [0] _run (res://verify/random_reveal_framing.gd:55)
ERROR: REVEAL-04 swordfish_duelist intersects environment at (1280, 720) / -1.0 / 3.14159265358979
   at: push_error (core/variant/variant_utility.cpp:1023)
   GDScript backtrace (most recent call first):
       [0] _run (res://verify/random_reveal_framing.gd:55)
ERROR: REVEAL-04 swordfish_duelist hidden behind terrain at (17.0, 3.0, 10.0) / -1.0 / 3.14159265358979
   at: push_error (core/variant/variant_utility.cpp:1023)
   GDScript backtrace (most recent call first):
       [0] _run (res://verify/random_reveal_framing.gd:55)
ERROR: REVEAL-04 angler intersects environment at (1280, 720) / -1.0 / 3.14159265358979
   at: push_error (core/variant/variant_utility.cpp:1023)
   GDScript backtrace (most recent call first):
       [0] _run (res://verify/random_reveal_framing.gd:55)
ERROR: REVEAL-04 angler hidden behind terrain at (17.0, 3.0, 10.0) / -1.0 / 3.14159265358979
   at: push_error (core/variant/variant_utility.cpp:1023)
   GDScript backtrace (most recent call first):
       [0] _run (res://verify/random_reveal_framing.gd:55)
ERROR: REVEAL-04 angler intersects environment at (1280, 720) / -0.16 / 3.14159265358979
   at: push_error (core/variant/variant_utility.cpp:1023)
   GDScript backtrace (most recent call first):
       [0] _run (res://verify/random_reveal_framing.gd:55)
ERROR: REVEAL-04 angler hidden behind terrain at (17.0, 3.0, 10.0) / -0.16 / 3.14159265358979
   at: push_error (core/variant/variant_utility.cpp:1023)
   GDScript backtrace (most recent call first):
       [0] _run (res://verify/random_reveal_framing.gd:55)
ERROR: REVEAL-04 angler intersects environment at (1280, 720) / -0.16 / 3.14159265358979
   at: push_error (core/variant/variant_utility.cpp:1023)
   GDScript backtrace (most recent call first):
       [0] _run (res://verify/random_reveal_framing.gd:55)
ERROR: REVEAL-04 angler hidden behind terrain at (17.0, 3.0, 10.0) / -0.16 / 3.14159265358979
   at: push_error (core/variant/variant_utility.cpp:1023)
   GDScript backtrace (most recent call first):
       [0] _run (res://verify/random_reveal_framing.gd:55)
ERROR: REVEAL-04 angler intersects environment at (1280, 720) / -0.16 / 3.14159265358979
   at: push_error (core/variant/variant_utility.cpp:1023)
   GDScript backtrace (most recent call first):
       [0] _run (res://verify/random_reveal_framing.gd:55)
ERROR: REVEAL-04 angler hidden behind terrain at (17.0, 3.0, 10.0) / -0.16 / 3.14159265358979
   at: push_error (core/variant/variant_utility.cpp:1023)
   GDScript backtrace (most recent call first):
       [0] _run (res://verify/random_reveal_framing.gd:55)
ERROR: REVEAL-04 swordfish_duelist intersects environment at (1280, 720) / -0.16 / 3.14159265358979
   at: push_error (core/variant/variant_utility.cpp:1023)
   GDScript backtrace (most recent call first):
       [0] _run (res://verify/random_reveal_framing.gd:55)
ERROR: REVEAL-04 swordfish_duelist hidden behind terrain at (17.0, 3.0, 10.0) / -0.16 / 3.14159265358979
   at: push_error (core/variant/variant_utility.cpp:1023)
   GDScript backtrace (most recent call first):
       [0] _run (res://verify/random_reveal_framing.gd:55)
ERROR: REVEAL-04 swordfish_duelist intersects environment at (1280, 720) / -0.16 / 3.14159265358979
   at: push_error (core/variant/variant_utility.cpp:1023)
   GDScript backtrace (most recent call first):
       [0] _run (res://verify/random_reveal_framing.gd:55)
ERROR: REVEAL-04 swordfish_duelist hidden behind terrain at (17.0, 3.0, 10.0) / -0.16 / 3.14159265358979
   at: push_error (core/variant/variant_utility.cpp:1023)
   GDScript backtrace (most recent call first):
       [0] _run (res://verify/random_reveal_framing.gd:55)
ERROR: REVEAL-04 swordfish_duelist intersects environment at (1280, 720) / -0.16 / 3.14159265358979
   at: push_error (core/variant/variant_utility.cpp:1023)
   GDScript backtrace (most recent call first):
       [0] _run (res://verify/random_reveal_framing.gd:55)
ERROR: REVEAL-04 swordfish_duelist hidden behind terrain at (17.0, 3.0, 10.0) / -0.16 / 3.14159265358979
   at: push_error (core/variant/variant_utility.cpp:1023)
   GDScript backtrace (most recent call first):
       [0] _run (res://verify/random_reveal_framing.gd:55)
ERROR: REVEAL-04 frilled_shark intersects environment at (1280, 720) / -0.16 / 3.14159265358979
   at: push_error (core/variant/variant_utility.cpp:1023)
   GDScript backtrace (most recent call first):
       [0] _run (res://verify/random_reveal_framing.gd:55)
ERROR: REVEAL-04 frilled_shark hidden behind terrain at (17.0, 3.0, 10.0) / -0.16 / 3.14159265358979
   at: push_error (core/variant/variant_utility.cpp:1023)
   GDScript backtrace (most recent call first):
       [0] _run (res://verify/random_reveal_framing.gd:55)
ERROR: REVEAL-04 frilled_shark intersects environment at (1280, 720) / -0.16 / 3.14159265358979
   at: push_error (core/variant/variant_utility.cpp:1023)
   GDScript backtrace (most recent call first):
       [0] _run (res://verify/random_reveal_framing.gd:55)
ERROR: REVEAL-04 frilled_shark hidden behind terrain at (17.0, 3.0, 10.0) / -0.16 / 3.14159265358979
   at: push_error (core/variant/variant_utility.cpp:1023)
   GDScript backtrace (most recent call first):
       [0] _run (res://verify/random_reveal_framing.gd:55)
ERROR: REVEAL-04 frilled_shark intersects environment at (1280, 720) / -0.16 / 3.14159265358979
   at: push_error (core/variant/variant_utility.cpp:1023)
   GDScript backtrace (most recent call first):
       [0] _run (res://verify/random_reveal_framing.gd:55)
ERROR: REVEAL-04 frilled_shark hidden behind terrain at (17.0, 3.0, 10.0) / -0.16 / 3.14159265358979
   at: push_error (core/variant/variant_utility.cpp:1023)
   GDScript backtrace (most recent call first):
       [0] _run (res://verify/random_reveal_framing.gd:55)
ERROR: REVEAL-04 angler hidden behind terrain at (17.0, 3.0, 10.0) / -0.16 / 3.14159265358979
   at: push_error (core/variant/variant_utility.cpp:1023)
   GDScript backtrace (most recent call first):
       [0] _run (res://verify/random_reveal_framing.gd:55)
ERROR: REVEAL-04 frilled_shark intersects environment at (1280, 720) / -0.16 / 3.14159265358979
   at: push_error (core/variant/variant_utility.cpp:1023)
   GDScript backtrace (most recent call first):
       [0] _run (res://verify/random_reveal_framing.gd:55)
ERROR: REVEAL-04 frilled_shark hidden behind terrain at (17.0, 3.0, 10.0) / -0.16 / 3.14159265358979
   at: push_error (core/variant/variant_utility.cpp:1023)
   GDScript backtrace (most recent call first):
       [0] _run (res://verify/random_reveal_framing.gd:55)
ERROR: REVEAL-04 angler hidden behind terrain at (17.0, 3.0, 10.0) / -0.16 / 3.14159265358979
   at: push_error (core/variant/variant_utility.cpp:1023)
   GDScript backtrace (most recent call first):
       [0] _run (res://verify/random_reveal_framing.gd:55)
ERROR: REVEAL-04 frilled_shark intersects environment at (1280, 720) / -0.16 / 3.14159265358979
   at: push_error (core/variant/variant_utility.cpp:1023)
   GDScript backtrace (most recent call first):
       [0] _run (res://verify/random_reveal_framing.gd:55)
ERROR: REVEAL-04 frilled_shark hidden behind terrain at (17.0, 3.0, 10.0) / -0.16 / 3.14159265358979
   at: push_error (core/variant/variant_utility.cpp:1023)
   GDScript backtrace (most recent call first):
       [0] _run (res://verify/random_reveal_framing.gd:55)
ERROR: REVEAL-04 angler hidden behind terrain at (17.0, 3.0, 10.0) / -0.16 / 3.14159265358979
   at: push_error (core/variant/variant_utility.cpp:1023)
   GDScript backtrace (most recent call first):
       [0] _run (res://verify/random_reveal_framing.gd:55)
ERROR: REVEAL-04 frilled_shark intersects environment at (1280, 720) / -0.16 / 3.14159265358979
   at: push_error (core/variant/variant_utility.cpp:1023)
   GDScript backtrace (most recent call first):
       [0] _run (res://verify/random_reveal_framing.gd:55)
ERROR: REVEAL-04 frilled_shark hidden behind terrain at (17.0, 3.0, 10.0) / -0.16 / 3.14159265358979
   at: push_error (core/variant/variant_utility.cpp:1023)
   GDScript backtrace (most recent call first):
       [0] _run (res://verify/random_reveal_framing.gd:55)
ERROR: REVEAL-04 frilled_shark hidden behind terrain at (17.0, 3.0, 10.0) / -0.16 / 3.14159265358979
   at: push_error (core/variant/variant_utility.cpp:1023)
   GDScript backtrace (most recent call first):
       [0] _run (res://verify/random_reveal_framing.gd:55)
ERROR: REVEAL-04 swordfish_duelist intersects environment at (1280, 720) / -0.16 / 3.14159265358979
   at: push_error (core/variant/variant_utility.cpp:1023)
   GDScript backtrace (most recent call first):
       [0] _run (res://verify/random_reveal_framing.gd:55)
ERROR: REVEAL-04 swordfish_duelist hidden behind terrain at (17.0, 3.0, 10.0) / -0.16 / 3.14159265358979
   at: push_error (core/variant/variant_utility.cpp:1023)
   GDScript backtrace (most recent call first):
       [0] _run (res://verify/random_reveal_framing.gd:55)
ERROR: REVEAL-04 angler intersects environment at (1280, 720) / -0.16 / 3.14159265358979
   at: push_error (core/variant/variant_utility.cpp:1023)
   GDScript backtrace (most recent call first):
       [0] _run (res://verify/random_reveal_framing.gd:55)
ERROR: REVEAL-04 angler hidden behind terrain at (17.0, 3.0, 10.0) / -0.16 / 3.14159265358979
   at: push_error (core/variant/variant_utility.cpp:1023)
   GDScript backtrace (most recent call first):
       [0] _run (res://verify/random_reveal_framing.gd:55)
ERROR: REVEAL-04 frilled_shark hidden behind terrain at (17.0, 3.0, 10.0) / -0.16 / 3.14159265358979
   at: push_error (core/variant/variant_utility.cpp:1023)
   GDScript backtrace (most recent call first):
       [0] _run (res://verify/random_reveal_framing.gd:55)
ERROR: REVEAL-04 swordfish_duelist intersects environment at (1280, 720) / -0.16 / 3.14159265358979
   at: push_error (core/variant/variant_utility.cpp:1023)
   GDScript backtrace (most recent call first):
       [0] _run (res://verify/random_reveal_framing.gd:55)
ERROR: REVEAL-04 swordfish_duelist hidden behind terrain at (17.0, 3.0, 10.0) / -0.16 / 3.14159265358979
   at: push_error (core/variant/variant_utility.cpp:1023)
   GDScript backtrace (most recent call first):
       [0] _run (res://verify/random_reveal_framing.gd:55)
ERROR: REVEAL-04 angler intersects environment at (1280, 720) / -0.16 / 3.14159265358979
   at: push_error (core/variant/variant_utility.cpp:1023)
   GDScript backtrace (most recent call first):
       [0] _run (res://verify/random_reveal_framing.gd:55)
ERROR: REVEAL-04 angler hidden behind terrain at (17.0, 3.0, 10.0) / -0.16 / 3.14159265358979
   at: push_error (core/variant/variant_utility.cpp:1023)
   GDScript backtrace (most recent call first):
       [0] _run (res://verify/random_reveal_framing.gd:55)
ERROR: REVEAL-04 frilled_shark hidden behind terrain at (17.0, 3.0, 10.0) / -0.16 / 3.14159265358979
   at: push_error (core/variant/variant_utility.cpp:1023)
   GDScript backtrace (most recent call first):
       [0] _run (res://verify/random_reveal_framing.gd:55)
ERROR: REVEAL-04 swordfish_duelist intersects environment at (1280, 720) / -0.16 / 3.14159265358979
   at: push_error (core/variant/variant_utility.cpp:1023)
   GDScript backtrace (most recent call first):
       [0] _run (res://verify/random_reveal_framing.gd:55)
ERROR: REVEAL-04 swordfish_duelist hidden behind terrain at (17.0, 3.0, 10.0) / -0.16 / 3.14159265358979
   at: push_error (core/variant/variant_utility.cpp:1023)
   GDScript backtrace (most recent call first):
       [0] _run (res://verify/random_reveal_framing.gd:55)
ERROR: REVEAL-04 angler intersects environment at (1280, 720) / -0.16 / 3.14159265358979
   at: push_error (core/variant/variant_utility.cpp:1023)
   GDScript backtrace (most recent call first):
       [0] _run (res://verify/random_reveal_framing.gd:55)
ERROR: REVEAL-04 angler hidden behind terrain at (17.0, 3.0, 10.0) / -0.16 / 3.14159265358979
   at: push_error (core/variant/variant_utility.cpp:1023)
   GDScript backtrace (most recent call first):
       [0] _run (res://verify/random_reveal_framing.gd:55)
ERROR: REVEAL-04 angler intersects environment at (1280, 720) / 0.7 / 3.14159265358979
   at: push_error (core/variant/variant_utility.cpp:1023)
   GDScript backtrace (most recent call first):
       [0] _run (res://verify/random_reveal_framing.gd:55)
ERROR: REVEAL-04 angler hidden behind terrain at (17.0, 3.0, 10.0) / 0.7 / 3.14159265358979
   at: push_error (core/variant/variant_utility.cpp:1023)
   GDScript backtrace (most recent call first):
       [0] _run (res://verify/random_reveal_framing.gd:55)
ERROR: REVEAL-04 angler intersects environment at (1280, 720) / 0.7 / 3.14159265358979
   at: push_error (core/variant/variant_utility.cpp:1023)
   GDScript backtrace (most recent call first):
       [0] _run (res://verify/random_reveal_framing.gd:55)
ERROR: REVEAL-04 angler hidden behind terrain at (17.0, 3.0, 10.0) / 0.7 / 3.14159265358979
   at: push_error (core/variant/variant_utility.cpp:1023)
   GDScript backtrace (most recent call first):
       [0] _run (res://verify/random_reveal_framing.gd:55)
ERROR: REVEAL-04 angler intersects environment at (1280, 720) / 0.7 / 3.14159265358979
   at: push_error (core/variant/variant_utility.cpp:1023)
   GDScript backtrace (most recent call first):
       [0] _run (res://verify/random_reveal_framing.gd:55)
ERROR: REVEAL-04 angler hidden behind terrain at (17.0, 3.0, 10.0) / 0.7 / 3.14159265358979
   at: push_error (core/variant/variant_utility.cpp:1023)
   GDScript backtrace (most recent call first):
       [0] _run (res://verify/random_reveal_framing.gd:55)
ERROR: REVEAL-04 swordfish_duelist intersects environment at (1280, 720) / 0.7 / 3.14159265358979
   at: push_error (core/variant/variant_utility.cpp:1023)
   GDScript backtrace (most recent call first):
       [0] _run (res://verify/random_reveal_framing.gd:55)
ERROR: REVEAL-04 swordfish_duelist hidden behind terrain at (17.0, 3.0, 10.0) / 0.7 / 3.14159265358979
   at: push_error (core/variant/variant_utility.cpp:1023)
   GDScript backtrace (most recent call first):
       [0] _run (res://verify/random_reveal_framing.gd:55)
ERROR: REVEAL-04 swordfish_duelist intersects environment at (1280, 720) / 0.7 / 3.14159265358979
   at: push_error (core/variant/variant_utility.cpp:1023)
   GDScript backtrace (most recent call first):
       [0] _run (res://verify/random_reveal_framing.gd:55)
ERROR: REVEAL-04 swordfish_duelist hidden behind terrain at (17.0, 3.0, 10.0) / 0.7 / 3.14159265358979
   at: push_error (core/variant/variant_utility.cpp:1023)
   GDScript backtrace (most recent call first):
       [0] _run (res://verify/random_reveal_framing.gd:55)
ERROR: REVEAL-04 swordfish_duelist intersects environment at (1280, 720) / 0.7 / 3.14159265358979
   at: push_error (core/variant/variant_utility.cpp:1023)
   GDScript backtrace (most recent call first):
       [0] _run (res://verify/random_reveal_framing.gd:55)
ERROR: REVEAL-04 swordfish_duelist hidden behind terrain at (17.0, 3.0, 10.0) / 0.7 / 3.14159265358979
   at: push_error (core/variant/variant_utility.cpp:1023)
   GDScript backtrace (most recent call first):
       [0] _run (res://verify/random_reveal_framing.gd:55)
ERROR: REVEAL-04 frilled_shark intersects environment at (1280, 720) / 0.7 / 3.14159265358979
   at: push_error (core/variant/variant_utility.cpp:1023)
   GDScript backtrace (most recent call first):
       [0] _run (res://verify/random_reveal_framing.gd:55)
ERROR: REVEAL-04 frilled_shark hidden behind terrain at (17.0, 3.0, 10.0) / 0.7 / 3.14159265358979
   at: push_error (core/variant/variant_utility.cpp:1023)
   GDScript backtrace (most recent call first):
       [0] _run (res://verify/random_reveal_framing.gd:55)
ERROR: REVEAL-04 frilled_shark intersects environment at (1280, 720) / 0.7 / 3.14159265358979
   at: push_error (core/variant/variant_utility.cpp:1023)
   GDScript backtrace (most recent call first):
       [0] _run (res://verify/random_reveal_framing.gd:55)
ERROR: REVEAL-04 frilled_shark hidden behind terrain at (17.0, 3.0, 10.0) / 0.7 / 3.14159265358979
   at: push_error (core/variant/variant_utility.cpp:1023)
   GDScript backtrace (most recent call first):
       [0] _run (res://verify/random_reveal_framing.gd:55)
ERROR: REVEAL-04 frilled_shark intersects environment at (1280, 720) / 0.7 / 3.14159265358979
   at: push_error (core/variant/variant_utility.cpp:1023)
   GDScript backtrace (most recent call first):
       [0] _run (res://verify/random_reveal_framing.gd:55)
ERROR: REVEAL-04 frilled_shark hidden behind terrain at (17.0, 3.0, 10.0) / 0.7 / 3.14159265358979
   at: push_error (core/variant/variant_utility.cpp:1023)
   GDScript backtrace (most recent call first):
       [0] _run (res://verify/random_reveal_framing.gd:55)
ERROR: REVEAL-04 angler hidden behind terrain at (17.0, 3.0, 10.0) / 0.7 / 3.14159265358979
   at: push_error (core/variant/variant_utility.cpp:1023)
   GDScript backtrace (most recent call first):
       [0] _run (res://verify/random_reveal_framing.gd:55)
ERROR: REVEAL-04 frilled_shark intersects environment at (1280, 720) / 0.7 / 3.14159265358979
   at: push_error (core/variant/variant_utility.cpp:1023)
   GDScript backtrace (most recent call first):
       [0] _run (res://verify/random_reveal_framing.gd:55)
ERROR: REVEAL-04 frilled_shark hidden behind terrain at (17.0, 3.0, 10.0) / 0.7 / 3.14159265358979
   at: push_error (core/variant/variant_utility.cpp:1023)
   GDScript backtrace (most recent call first):
       [0] _run (res://verify/random_reveal_framing.gd:55)
ERROR: REVEAL-04 angler hidden behind terrain at (17.0, 3.0, 10.0) / 0.7 / 3.14159265358979
   at: push_error (core/variant/variant_utility.cpp:1023)
   GDScript backtrace (most recent call first):
       [0] _run (res://verify/random_reveal_framing.gd:55)
ERROR: REVEAL-04 frilled_shark intersects environment at (1280, 720) / 0.7 / 3.14159265358979
   at: push_error (core/variant/variant_utility.cpp:1023)
   GDScript backtrace (most recent call first):
       [0] _run (res://verify/random_reveal_framing.gd:55)
ERROR: REVEAL-04 frilled_shark hidden behind terrain at (17.0, 3.0, 10.0) / 0.7 / 3.14159265358979
   at: push_error (core/variant/variant_utility.cpp:1023)
   GDScript backtrace (most recent call first):
       [0] _run (res://verify/random_reveal_framing.gd:55)
ERROR: REVEAL-04 angler hidden behind terrain at (17.0, 3.0, 10.0) / 0.7 / 3.14159265358979
   at: push_error (core/variant/variant_utility.cpp:1023)
   GDScript backtrace (most recent call first):
       [0] _run (res://verify/random_reveal_framing.gd:55)
ERROR: REVEAL-04 frilled_shark intersects environment at (1280, 720) / 0.7 / 3.14159265358979
   at: push_error (core/variant/variant_utility.cpp:1023)
   GDScript backtrace (most recent call first):
       [0] _run (res://verify/random_reveal_framing.gd:55)
ERROR: REVEAL-04 frilled_shark hidden behind terrain at (17.0, 3.0, 10.0) / 0.7 / 3.14159265358979
   at: push_error (core/variant/variant_utility.cpp:1023)
   GDScript backtrace (most recent call first):
       [0] _run (res://verify/random_reveal_framing.gd:55)
ERROR: REVEAL-04 frilled_shark hidden behind terrain at (17.0, 3.0, 10.0) / 0.7 / 3.14159265358979
   at: push_error (core/variant/variant_utility.cpp:1023)
   GDScript backtrace (most recent call first):
       [0] _run (res://verify/random_reveal_framing.gd:55)
ERROR: REVEAL-04 swordfish_duelist intersects environment at (1280, 720) / 0.7 / 3.14159265358979
   at: push_error (core/variant/variant_utility.cpp:1023)
   GDScript backtrace (most recent call first):
       [0] _run (res://verify/random_reveal_framing.gd:55)
ERROR: REVEAL-04 swordfish_duelist hidden behind terrain at (17.0, 3.0, 10.0) / 0.7 / 3.14159265358979
   at: push_error (core/variant/variant_utility.cpp:1023)
   GDScript backtrace (most recent call first):
       [0] _run (res://verify/random_reveal_framing.gd:55)
ERROR: REVEAL-04 angler intersects environment at (1280, 720) / 0.7 / 3.14159265358979
   at: push_error (core/variant/variant_utility.cpp:1023)
   GDScript backtrace (most recent call first):
       [0] _run (res://verify/random_reveal_framing.gd:55)
ERROR: REVEAL-04 angler hidden behind terrain at (17.0, 3.0, 10.0) / 0.7 / 3.14159265358979
   at: push_error (core/variant/variant_utility.cpp:1023)
   GDScript backtrace (most recent call first):
       [0] _run (res://verify/random_reveal_framing.gd:55)
ERROR: REVEAL-04 frilled_shark hidden behind terrain at (17.0, 3.0, 10.0) / 0.7 / 3.14159265358979
   at: push_error (core/variant/variant_utility.cpp:1023)
   GDScript backtrace (most recent call first):
       [0] _run (res://verify/random_reveal_framing.gd:55)
ERROR: REVEAL-04 swordfish_duelist intersects environment at (1280, 720) / 0.7 / 3.14159265358979
   at: push_error (core/variant/variant_utility.cpp:1023)
   GDScript backtrace (most recent call first):
       [0] _run (res://verify/random_reveal_framing.gd:55)
ERROR: REVEAL-04 swordfish_duelist hidden behind terrain at (17.0, 3.0, 10.0) / 0.7 / 3.14159265358979
   at: push_error (core/variant/variant_utility.cpp:1023)
   GDScript backtrace (most recent call first):
       [0] _run (res://verify/random_reveal_framing.gd:55)
ERROR: REVEAL-04 angler intersects environment at (1280, 720) / 0.7 / 3.14159265358979
   at: push_error (core/variant/variant_utility.cpp:1023)
   GDScript backtrace (most recent call first):
       [0] _run (res://verify/random_reveal_framing.gd:55)
ERROR: REVEAL-04 angler hidden behind terrain at (17.0, 3.0, 10.0) / 0.7 / 3.14159265358979
   at: push_error (core/variant/variant_utility.cpp:1023)
   GDScript backtrace (most recent call first):
       [0] _run (res://verify/random_reveal_framing.gd:55)
ERROR: REVEAL-04 frilled_shark hidden behind terrain at (17.0, 3.0, 10.0) / 0.7 / 3.14159265358979
   at: push_error (core/variant/variant_utility.cpp:1023)
   GDScript backtrace (most recent call first):
       [0] _run (res://verify/random_reveal_framing.gd:55)
ERROR: REVEAL-04 swordfish_duelist intersects environment at (1280, 720) / 0.7 / 3.14159265358979
   at: push_error (core/variant/variant_utility.cpp:1023)
   GDScript backtrace (most recent call first):
       [0] _run (res://verify/random_reveal_framing.gd:55)
ERROR: REVEAL-04 swordfish_duelist hidden behind terrain at (17.0, 3.0, 10.0) / 0.7 / 3.14159265358979
   at: push_error (core/variant/variant_utility.cpp:1023)
   GDScript backtrace (most recent call first):
       [0] _run (res://verify/random_reveal_framing.gd:55)
ERROR: REVEAL-04 angler intersects environment at (1280, 720) / 0.7 / 3.14159265358979
   at: push_error (core/variant/variant_utility.cpp:1023)
   GDScript backtrace (most recent call first):
       [0] _run (res://verify/random_reveal_framing.gd:55)
ERROR: REVEAL-04 angler hidden behind terrain at (17.0, 3.0, 10.0) / 0.7 / 3.14159265358979
   at: push_error (core/variant/variant_utility.cpp:1023)
   GDScript backtrace (most recent call first):
       [0] _run (res://verify/random_reveal_framing.gd:55)
ERROR: REVEAL-04 angler intersects environment at (720, 480) / -1.0 / 3.14159265358979
   at: push_error (core/variant/variant_utility.cpp:1023)
   GDScript backtrace (most recent call first):
       [0] _run (res://verify/random_reveal_framing.gd:55)
ERROR: REVEAL-04 angler hidden behind terrain at (17.0, 3.0, 10.0) / -1.0 / 3.14159265358979
   at: push_error (core/variant/variant_utility.cpp:1023)
   GDScript backtrace (most recent call first):
       [0] _run (res://verify/random_reveal_framing.gd:55)
ERROR: REVEAL-04 angler intersects environment at (720, 480) / -1.0 / 3.14159265358979
   at: push_error (core/variant/variant_utility.cpp:1023)
   GDScript backtrace (most recent call first):
       [0] _run (res://verify/random_reveal_framing.gd:55)
ERROR: REVEAL-04 angler hidden behind terrain at (17.0, 3.0, 10.0) / -1.0 / 3.14159265358979
   at: push_error (core/variant/variant_utility.cpp:1023)
   GDScript backtrace (most recent call first):
       [0] _run (res://verify/random_reveal_framing.gd:55)
ERROR: REVEAL-04 angler intersects environment at (720, 480) / -1.0 / 3.14159265358979
   at: push_error (core/variant/variant_utility.cpp:1023)
   GDScript backtrace (most recent call first):
       [0] _run (res://verify/random_reveal_framing.gd:55)
ERROR: REVEAL-04 angler hidden behind terrain at (17.0, 3.0, 10.0) / -1.0 / 3.14159265358979
   at: push_error (core/variant/variant_utility.cpp:1023)
   GDScript backtrace (most recent call first):
       [0] _run (res://verify/random_reveal_framing.gd:55)
ERROR: REVEAL-04 swordfish_duelist intersects environment at (720, 480) / -1.0 / 3.14159265358979
   at: push_error (core/variant/variant_utility.cpp:1023)
   GDScript backtrace (most recent call first):
       [0] _run (res://verify/random_reveal_framing.gd:55)
ERROR: REVEAL-04 swordfish_duelist hidden behind terrain at (17.0, 3.0, 10.0) / -1.0 / 3.14159265358979
   at: push_error (core/variant/variant_utility.cpp:1023)
   GDScript backtrace (most recent call first):
       [0] _run (res://verify/random_reveal_framing.gd:55)
ERROR: REVEAL-04 swordfish_duelist intersects environment at (720, 480) / -1.0 / 3.14159265358979
   at: push_error (core/variant/variant_utility.cpp:1023)
   GDScript backtrace (most recent call first):
       [0] _run (res://verify/random_reveal_framing.gd:55)
ERROR: REVEAL-04 swordfish_duelist hidden behind terrain at (17.0, 3.0, 10.0) / -1.0 / 3.14159265358979
   at: push_error (core/variant/variant_utility.cpp:1023)
   GDScript backtrace (most recent call first):
       [0] _run (res://verify/random_reveal_framing.gd:55)
ERROR: REVEAL-04 swordfish_duelist intersects environment at (720, 480) / -1.0 / 3.14159265358979
   at: push_error (core/variant/variant_utility.cpp:1023)
   GDScript backtrace (most recent call first):
       [0] _run (res://verify/random_reveal_framing.gd:55)
ERROR: REVEAL-04 swordfish_duelist hidden behind terrain at (17.0, 3.0, 10.0) / -1.0 / 3.14159265358979
   at: push_error (core/variant/variant_utility.cpp:1023)
   GDScript backtrace (most recent call first):
       [0] _run (res://verify/random_reveal_framing.gd:55)
ERROR: REVEAL-04 frilled_shark intersects environment at (720, 480) / -1.0 / 3.14159265358979
   at: push_error (core/variant/variant_utility.cpp:1023)
   GDScript backtrace (most recent call first):
       [0] _run (res://verify/random_reveal_framing.gd:55)
ERROR: REVEAL-04 frilled_shark hidden behind terrain at (17.0, 3.0, 10.0) / -1.0 / 3.14159265358979
   at: push_error (core/variant/variant_utility.cpp:1023)
   GDScript backtrace (most recent call first):
       [0] _run (res://verify/random_reveal_framing.gd:55)
ERROR: REVEAL-04 frilled_shark intersects environment at (720, 480) / -1.0 / 3.14159265358979
   at: push_error (core/variant/variant_utility.cpp:1023)
   GDScript backtrace (most recent call first):
       [0] _run (res://verify/random_reveal_framing.gd:55)
ERROR: REVEAL-04 frilled_shark hidden behind terrain at (17.0, 3.0, 10.0) / -1.0 / 3.14159265358979
   at: push_error (core/variant/variant_utility.cpp:1023)
   GDScript backtrace (most recent call first):
       [0] _run (res://verify/random_reveal_framing.gd:55)
ERROR: REVEAL-04 frilled_shark intersects environment at (720, 480) / -1.0 / 3.14159265358979
   at: push_error (core/variant/variant_utility.cpp:1023)
   GDScript backtrace (most recent call first):
       [0] _run (res://verify/random_reveal_framing.gd:55)
ERROR: REVEAL-04 frilled_shark hidden behind terrain at (17.0, 3.0, 10.0) / -1.0 / 3.14159265358979
   at: push_error (core/variant/variant_utility.cpp:1023)
   GDScript backtrace (most recent call first):
       [0] _run (res://verify/random_reveal_framing.gd:55)
ERROR: REVEAL-04 angler hidden behind terrain at (17.0, 3.0, 10.0) / -1.0 / 3.14159265358979
   at: push_error (core/variant/variant_utility.cpp:1023)
   GDScript backtrace (most recent call first):
       [0] _run (res://verify/random_reveal_framing.gd:55)
ERROR: REVEAL-04 frilled_shark intersects environment at (720, 480) / -1.0 / 3.14159265358979
   at: push_error (core/variant/variant_utility.cpp:1023)
   GDScript backtrace (most recent call first):
       [0] _run (res://verify/random_reveal_framing.gd:55)
ERROR: REVEAL-04 frilled_shark hidden behind terrain at (17.0, 3.0, 10.0) / -1.0 / 3.14159265358979
   at: push_error (core/variant/variant_utility.cpp:1023)
   GDScript backtrace (most recent call first):
       [0] _run (res://verify/random_reveal_framing.gd:55)
ERROR: REVEAL-04 angler hidden behind terrain at (17.0, 3.0, 10.0) / -1.0 / 3.14159265358979
   at: push_error (core/variant/variant_utility.cpp:1023)
   GDScript backtrace (most recent call first):
       [0] _run (res://verify/random_reveal_framing.gd:55)
ERROR: REVEAL-04 frilled_shark intersects environment at (720, 480) / -1.0 / 3.14159265358979
   at: push_error (core/variant/variant_utility.cpp:1023)
   GDScript backtrace (most recent call first):
       [0] _run (res://verify/random_reveal_framing.gd:55)
ERROR: REVEAL-04 frilled_shark hidden behind terrain at (17.0, 3.0, 10.0) / -1.0 / 3.14159265358979
   at: push_error (core/variant/variant_utility.cpp:1023)
   GDScript backtrace (most recent call first):
       [0] _run (res://verify/random_reveal_framing.gd:55)
ERROR: REVEAL-04 angler hidden behind terrain at (17.0, 3.0, 10.0) / -1.0 / 3.14159265358979
   at: push_error (core/variant/variant_utility.cpp:1023)
   GDScript backtrace (most recent call first):
       [0] _run (res://verify/random_reveal_framing.gd:55)
ERROR: REVEAL-04 frilled_shark intersects environment at (720, 480) / -1.0 / 3.14159265358979
   at: push_error (core/variant/variant_utility.cpp:1023)
   GDScript backtrace (most recent call first):
       [0] _run (res://verify/random_reveal_framing.gd:55)
ERROR: REVEAL-04 frilled_shark hidden behind terrain at (17.0, 3.0, 10.0) / -1.0 / 3.14159265358979
   at: push_error (core/variant/variant_utility.cpp:1023)
   GDScript backtrace (most recent call first):
       [0] _run (res://verify/random_reveal_framing.gd:55)
ERROR: REVEAL-04 frilled_shark hidden behind terrain at (17.0, 3.0, 10.0) / -1.0 / 3.14159265358979
   at: push_error (core/variant/variant_utility.cpp:1023)
   GDScript backtrace (most recent call first):
       [0] _run (res://verify/random_reveal_framing.gd:55)
ERROR: REVEAL-04 swordfish_duelist intersects environment at (720, 480) / -1.0 / 3.14159265358979
   at: push_error (core/variant/variant_utility.cpp:1023)
   GDScript backtrace (most recent call first):
       [0] _run (res://verify/random_reveal_framing.gd:55)
ERROR: REVEAL-04 swordfish_duelist hidden behind terrain at (17.0, 3.0, 10.0) / -1.0 / 3.14159265358979
   at: push_error (core/variant/variant_utility.cpp:1023)
   GDScript backtrace (most recent call first):
       [0] _run (res://verify/random_reveal_framing.gd:55)
ERROR: REVEAL-04 angler intersects environment at (720, 480) / -1.0 / 3.14159265358979
   at: push_error (core/variant/variant_utility.cpp:1023)
   GDScript backtrace (most recent call first):
       [0] _run (res://verify/random_reveal_framing.gd:55)
ERROR: REVEAL-04 angler hidden behind terrain at (17.0, 3.0, 10.0) / -1.0 / 3.14159265358979
   at: push_error (core/variant/variant_utility.cpp:1023)
   GDScript backtrace (most recent call first):
       [0] _run (res://verify/random_reveal_framing.gd:55)
ERROR: REVEAL-04 frilled_shark hidden behind terrain at (17.0, 3.0, 10.0) / -1.0 / 3.14159265358979
   at: push_error (core/variant/variant_utility.cpp:1023)
   GDScript backtrace (most recent call first):
       [0] _run (res://verify/random_reveal_framing.gd:55)
ERROR: REVEAL-04 swordfish_duelist intersects environment at (720, 480) / -1.0 / 3.14159265358979
   at: push_error (core/variant/variant_utility.cpp:1023)
   GDScript backtrace (most recent call first):
       [0] _run (res://verify/random_reveal_framing.gd:55)
ERROR: REVEAL-04 swordfish_duelist hidden behind terrain at (17.0, 3.0, 10.0) / -1.0 / 3.14159265358979
   at: push_error (core/variant/variant_utility.cpp:1023)
   GDScript backtrace (most recent call first):
       [0] _run (res://verify/random_reveal_framing.gd:55)
ERROR: REVEAL-04 angler intersects environment at (720, 480) / -1.0 / 3.14159265358979
   at: push_error (core/variant/variant_utility.cpp:1023)
   GDScript backtrace (most recent call first):
       [0] _run (res://verify/random_reveal_framing.gd:55)
ERROR: REVEAL-04 angler hidden behind terrain at (17.0, 3.0, 10.0) / -1.0 / 3.14159265358979
   at: push_error (core/variant/variant_utility.cpp:1023)
   GDScript backtrace (most recent call first):
       [0] _run (res://verify/random_reveal_framing.gd:55)
ERROR: REVEAL-04 frilled_shark hidden behind terrain at (17.0, 3.0, 10.0) / -1.0 / 3.14159265358979
   at: push_error (core/variant/variant_utility.cpp:1023)
   GDScript backtrace (most recent call first):
       [0] _run (res://verify/random_reveal_framing.gd:55)
ERROR: REVEAL-04 swordfish_duelist intersects environment at (720, 480) / -1.0 / 3.14159265358979
   at: push_error (core/variant/variant_utility.cpp:1023)
   GDScript backtrace (most recent call first):
       [0] _run (res://verify/random_reveal_framing.gd:55)
ERROR: REVEAL-04 swordfish_duelist hidden behind terrain at (17.0, 3.0, 10.0) / -1.0 / 3.14159265358979
   at: push_error (core/variant/variant_utility.cpp:1023)
   GDScript backtrace (most recent call first):
       [0] _run (res://verify/random_reveal_framing.gd:55)
ERROR: REVEAL-04 angler intersects environment at (720, 480) / -1.0 / 3.14159265358979
   at: push_error (core/variant/variant_utility.cpp:1023)
   GDScript backtrace (most recent call first):
       [0] _run (res://verify/random_reveal_framing.gd:55)
ERROR: REVEAL-04 angler hidden behind terrain at (17.0, 3.0, 10.0) / -1.0 / 3.14159265358979
   at: push_error (core/variant/variant_utility.cpp:1023)
   GDScript backtrace (most recent call first):
       [0] _run (res://verify/random_reveal_framing.gd:55)
ERROR: REVEAL-04 angler intersects environment at (720, 480) / -0.16 / 3.14159265358979
   at: push_error (core/variant/variant_utility.cpp:1023)
   GDScript backtrace (most recent call first):
       [0] _run (res://verify/random_reveal_framing.gd:55)
ERROR: REVEAL-04 angler hidden behind terrain at (17.0, 3.0, 10.0) / -0.16 / 3.14159265358979
   at: push_error (core/variant/variant_utility.cpp:1023)
   GDScript backtrace (most recent call first):
       [0] _run (res://verify/random_reveal_framing.gd:55)
ERROR: REVEAL-04 angler intersects environment at (720, 480) / -0.16 / 3.14159265358979
   at: push_error (core/variant/variant_utility.cpp:1023)
   GDScript backtrace (most recent call first):
       [0] _run (res://verify/random_reveal_framing.gd:55)
ERROR: REVEAL-04 angler hidden behind terrain at (17.0, 3.0, 10.0) / -0.16 / 3.14159265358979
   at: push_error (core/variant/variant_utility.cpp:1023)
   GDScript backtrace (most recent call first):
       [0] _run (res://verify/random_reveal_framing.gd:55)
ERROR: REVEAL-04 angler intersects environment at (720, 480) / -0.16 / 3.14159265358979
   at: push_error (core/variant/variant_utility.cpp:1023)
   GDScript backtrace (most recent call first):
       [0] _run (res://verify/random_reveal_framing.gd:55)
ERROR: REVEAL-04 angler hidden behind terrain at (17.0, 3.0, 10.0) / -0.16 / 3.14159265358979
   at: push_error (core/variant/variant_utility.cpp:1023)
   GDScript backtrace (most recent call first):
       [0] _run (res://verify/random_reveal_framing.gd:55)
ERROR: REVEAL-04 swordfish_duelist intersects environment at (720, 480) / -0.16 / 3.14159265358979
   at: push_error (core/variant/variant_utility.cpp:1023)
   GDScript backtrace (most recent call first):
       [0] _run (res://verify/random_reveal_framing.gd:55)
ERROR: REVEAL-04 swordfish_duelist hidden behind terrain at (17.0, 3.0, 10.0) / -0.16 / 3.14159265358979
   at: push_error (core/variant/variant_utility.cpp:1023)
   GDScript backtrace (most recent call first):
       [0] _run (res://verify/random_reveal_framing.gd:55)
ERROR: REVEAL-04 swordfish_duelist intersects environment at (720, 480) / -0.16 / 3.14159265358979
   at: push_error (core/variant/variant_utility.cpp:1023)
   GDScript backtrace (most recent call first):
       [0] _run (res://verify/random_reveal_framing.gd:55)
ERROR: REVEAL-04 swordfish_duelist hidden behind terrain at (17.0, 3.0, 10.0) / -0.16 / 3.14159265358979
   at: push_error (core/variant/variant_utility.cpp:1023)
   GDScript backtrace (most recent call first):
       [0] _run (res://verify/random_reveal_framing.gd:55)
ERROR: REVEAL-04 swordfish_duelist intersects environment at (720, 480) / -0.16 / 3.14159265358979
   at: push_error (core/variant/variant_utility.cpp:1023)
   GDScript backtrace (most recent call first):
       [0] _run (res://verify/random_reveal_framing.gd:55)
ERROR: REVEAL-04 swordfish_duelist hidden behind terrain at (17.0, 3.0, 10.0) / -0.16 / 3.14159265358979
   at: push_error (core/variant/variant_utility.cpp:1023)
   GDScript backtrace (most recent call first):
       [0] _run (res://verify/random_reveal_framing.gd:55)
ERROR: REVEAL-04 frilled_shark intersects environment at (720, 480) / -0.16 / 3.14159265358979
   at: push_error (core/variant/variant_utility.cpp:1023)
   GDScript backtrace (most recent call first):
       [0] _run (res://verify/random_reveal_framing.gd:55)
ERROR: REVEAL-04 frilled_shark hidden behind terrain at (17.0, 3.0, 10.0) / -0.16 / 3.14159265358979
   at: push_error (core/variant/variant_utility.cpp:1023)
   GDScript backtrace (most recent call first):
       [0] _run (res://verify/random_reveal_framing.gd:55)
ERROR: REVEAL-04 frilled_shark intersects environment at (720, 480) / -0.16 / 3.14159265358979
   at: push_error (core/variant/variant_utility.cpp:1023)
   GDScript backtrace (most recent call first):
       [0] _run (res://verify/random_reveal_framing.gd:55)
ERROR: REVEAL-04 frilled_shark hidden behind terrain at (17.0, 3.0, 10.0) / -0.16 / 3.14159265358979
   at: push_error (core/variant/variant_utility.cpp:1023)
   GDScript backtrace (most recent call first):
       [0] _run (res://verify/random_reveal_framing.gd:55)
ERROR: REVEAL-04 frilled_shark intersects environment at (720, 480) / -0.16 / 3.14159265358979
   at: push_error (core/variant/variant_utility.cpp:1023)
   GDScript backtrace (most recent call first):
       [0] _run (res://verify/random_reveal_framing.gd:55)
ERROR: REVEAL-04 frilled_shark hidden behind terrain at (17.0, 3.0, 10.0) / -0.16 / 3.14159265358979
   at: push_error (core/variant/variant_utility.cpp:1023)
   GDScript backtrace (most recent call first):
       [0] _run (res://verify/random_reveal_framing.gd:55)
ERROR: REVEAL-04 angler hidden behind terrain at (17.0, 3.0, 10.0) / -0.16 / 3.14159265358979
   at: push_error (core/variant/variant_utility.cpp:1023)
   GDScript backtrace (most recent call first):
       [0] _run (res://verify/random_reveal_framing.gd:55)
ERROR: REVEAL-04 frilled_shark intersects environment at (720, 480) / -0.16 / 3.14159265358979
   at: push_error (core/variant/variant_utility.cpp:1023)
   GDScript backtrace (most recent call first):
       [0] _run (res://verify/random_reveal_framing.gd:55)
ERROR: REVEAL-04 frilled_shark hidden behind terrain at (17.0, 3.0, 10.0) / -0.16 / 3.14159265358979
   at: push_error (core/variant/variant_utility.cpp:1023)
   GDScript backtrace (most recent call first):
       [0] _run (res://verify/random_reveal_framing.gd:55)
ERROR: REVEAL-04 angler hidden behind terrain at (17.0, 3.0, 10.0) / -0.16 / 3.14159265358979
   at: push_error (core/variant/variant_utility.cpp:1023)
   GDScript backtrace (most recent call first):
       [0] _run (res://verify/random_reveal_framing.gd:55)
ERROR: REVEAL-04 frilled_shark intersects environment at (720, 480) / -0.16 / 3.14159265358979
   at: push_error (core/variant/variant_utility.cpp:1023)
   GDScript backtrace (most recent call first):
       [0] _run (res://verify/random_reveal_framing.gd:55)
ERROR: REVEAL-04 frilled_shark hidden behind terrain at (17.0, 3.0, 10.0) / -0.16 / 3.14159265358979
   at: push_error (core/variant/variant_utility.cpp:1023)
   GDScript backtrace (most recent call first):
       [0] _run (res://verify/random_reveal_framing.gd:55)
ERROR: REVEAL-04 angler hidden behind terrain at (17.0, 3.0, 10.0) / -0.16 / 3.14159265358979
   at: push_error (core/variant/variant_utility.cpp:1023)
   GDScript backtrace (most recent call first):
       [0] _run (res://verify/random_reveal_framing.gd:55)
ERROR: REVEAL-04 frilled_shark intersects environment at (720, 480) / -0.16 / 3.14159265358979
   at: push_error (core/variant/variant_utility.cpp:1023)
   GDScript backtrace (most recent call first):
       [0] _run (res://verify/random_reveal_framing.gd:55)
ERROR: REVEAL-04 frilled_shark hidden behind terrain at (17.0, 3.0, 10.0) / -0.16 / 3.14159265358979
   at: push_error (core/variant/variant_utility.cpp:1023)
   GDScript backtrace (most recent call first):
       [0] _run (res://verify/random_reveal_framing.gd:55)
ERROR: REVEAL-04 frilled_shark hidden behind terrain at (17.0, 3.0, 10.0) / -0.16 / 3.14159265358979
   at: push_error (core/variant/variant_utility.cpp:1023)
   GDScript backtrace (most recent call first):
       [0] _run (res://verify/random_reveal_framing.gd:55)
ERROR: REVEAL-04 swordfish_duelist intersects environment at (720, 480) / -0.16 / 3.14159265358979
   at: push_error (core/variant/variant_utility.cpp:1023)
   GDScript backtrace (most recent call first):
       [0] _run (res://verify/random_reveal_framing.gd:55)
ERROR: REVEAL-04 swordfish_duelist hidden behind terrain at (17.0, 3.0, 10.0) / -0.16 / 3.14159265358979
   at: push_error (core/variant/variant_utility.cpp:1023)
   GDScript backtrace (most recent call first):
       [0] _run (res://verify/random_reveal_framing.gd:55)
ERROR: REVEAL-04 angler intersects environment at (720, 480) / -0.16 / 3.14159265358979
   at: push_error (core/variant/variant_utility.cpp:1023)
   GDScript backtrace (most recent call first):
       [0] _run (res://verify/random_reveal_framing.gd:55)
ERROR: REVEAL-04 angler hidden behind terrain at (17.0, 3.0, 10.0) / -0.16 / 3.14159265358979
   at: push_error (core/variant/variant_utility.cpp:1023)
   GDScript backtrace (most recent call first):
       [0] _run (res://verify/random_reveal_framing.gd:55)
ERROR: REVEAL-04 frilled_shark hidden behind terrain at (17.0, 3.0, 10.0) / -0.16 / 3.14159265358979
   at: push_error (core/variant/variant_utility.cpp:1023)
   GDScript backtrace (most recent call first):
       [0] _run (res://verify/random_reveal_framing.gd:55)
ERROR: REVEAL-04 swordfish_duelist intersects environment at (720, 480) / -0.16 / 3.14159265358979
   at: push_error (core/variant/variant_utility.cpp:1023)
   GDScript backtrace (most recent call first):
       [0] _run (res://verify/random_reveal_framing.gd:55)
ERROR: REVEAL-04 swordfish_duelist hidden behind terrain at (17.0, 3.0, 10.0) / -0.16 / 3.14159265358979
   at: push_error (core/variant/variant_utility.cpp:1023)
   GDScript backtrace (most recent call first):
       [0] _run (res://verify/random_reveal_framing.gd:55)
ERROR: REVEAL-04 angler intersects environment at (720, 480) / -0.16 / 3.14159265358979
   at: push_error (core/variant/variant_utility.cpp:1023)
   GDScript backtrace (most recent call first):
       [0] _run (res://verify/random_reveal_framing.gd:55)
ERROR: REVEAL-04 angler hidden behind terrain at (17.0, 3.0, 10.0) / -0.16 / 3.14159265358979
   at: push_error (core/variant/variant_utility.cpp:1023)
   GDScript backtrace (most recent call first):
       [0] _run (res://verify/random_reveal_framing.gd:55)
ERROR: REVEAL-04 frilled_shark hidden behind terrain at (17.0, 3.0, 10.0) / -0.16 / 3.14159265358979
   at: push_error (core/variant/variant_utility.cpp:1023)
   GDScript backtrace (most recent call first):
       [0] _run (res://verify/random_reveal_framing.gd:55)
ERROR: REVEAL-04 swordfish_duelist intersects environment at (720, 480) / -0.16 / 3.14159265358979
   at: push_error (core/variant/variant_utility.cpp:1023)
   GDScript backtrace (most recent call first):
       [0] _run (res://verify/random_reveal_framing.gd:55)
ERROR: REVEAL-04 swordfish_duelist hidden behind terrain at (17.0, 3.0, 10.0) / -0.16 / 3.14159265358979
   at: push_error (core/variant/variant_utility.cpp:1023)
   GDScript backtrace (most recent call first):
       [0] _run (res://verify/random_reveal_framing.gd:55)
ERROR: REVEAL-04 angler intersects environment at (720, 480) / -0.16 / 3.14159265358979
   at: push_error (core/variant/variant_utility.cpp:1023)
   GDScript backtrace (most recent call first):
       [0] _run (res://verify/random_reveal_framing.gd:55)
ERROR: REVEAL-04 angler hidden behind terrain at (17.0, 3.0, 10.0) / -0.16 / 3.14159265358979
   at: push_error (core/variant/variant_utility.cpp:1023)
   GDScript backtrace (most recent call first):
       [0] _run (res://verify/random_reveal_framing.gd:55)
ERROR: REVEAL-04 angler intersects environment at (720, 480) / 0.7 / 3.14159265358979
   at: push_error (core/variant/variant_utility.cpp:1023)
   GDScript backtrace (most recent call first):
       [0] _run (res://verify/random_reveal_framing.gd:55)
ERROR: REVEAL-04 angler hidden behind terrain at (17.0, 3.0, 10.0) / 0.7 / 3.14159265358979
   at: push_error (core/variant/variant_utility.cpp:1023)
   GDScript backtrace (most recent call first):
       [0] _run (res://verify/random_reveal_framing.gd:55)
ERROR: REVEAL-04 angler intersects environment at (720, 480) / 0.7 / 3.14159265358979
   at: push_error (core/variant/variant_utility.cpp:1023)
   GDScript backtrace (most recent call first):
       [0] _run (res://verify/random_reveal_framing.gd:55)
ERROR: REVEAL-04 angler hidden behind terrain at (17.0, 3.0, 10.0) / 0.7 / 3.14159265358979
   at: push_error (core/variant/variant_utility.cpp:1023)
   GDScript backtrace (most recent call first):
       [0] _run (res://verify/random_reveal_framing.gd:55)
ERROR: REVEAL-04 angler intersects environment at (720, 480) / 0.7 / 3.14159265358979
   at: push_error (core/variant/variant_utility.cpp:1023)
   GDScript backtrace (most recent call first):
       [0] _run (res://verify/random_reveal_framing.gd:55)
ERROR: REVEAL-04 angler hidden behind terrain at (17.0, 3.0, 10.0) / 0.7 / 3.14159265358979
   at: push_error (core/variant/variant_utility.cpp:1023)
   GDScript backtrace (most recent call first):
       [0] _run (res://verify/random_reveal_framing.gd:55)
ERROR: REVEAL-04 swordfish_duelist intersects environment at (720, 480) / 0.7 / 3.14159265358979
   at: push_error (core/variant/variant_utility.cpp:1023)
   GDScript backtrace (most recent call first):
       [0] _run (res://verify/random_reveal_framing.gd:55)
ERROR: REVEAL-04 swordfish_duelist hidden behind terrain at (17.0, 3.0, 10.0) / 0.7 / 3.14159265358979
   at: push_error (core/variant/variant_utility.cpp:1023)
   GDScript backtrace (most recent call first):
       [0] _run (res://verify/random_reveal_framing.gd:55)
ERROR: REVEAL-04 swordfish_duelist intersects environment at (720, 480) / 0.7 / 3.14159265358979
   at: push_error (core/variant/variant_utility.cpp:1023)
   GDScript backtrace (most recent call first):
       [0] _run (res://verify/random_reveal_framing.gd:55)
ERROR: REVEAL-04 swordfish_duelist hidden behind terrain at (17.0, 3.0, 10.0) / 0.7 / 3.14159265358979
   at: push_error (core/variant/variant_utility.cpp:1023)
   GDScript backtrace (most recent call first):
       [0] _run (res://verify/random_reveal_framing.gd:55)
ERROR: REVEAL-04 swordfish_duelist intersects environment at (720, 480) / 0.7 / 3.14159265358979
   at: push_error (core/variant/variant_utility.cpp:1023)
   GDScript backtrace (most recent call first):
       [0] _run (res://verify/random_reveal_framing.gd:55)
ERROR: REVEAL-04 swordfish_duelist hidden behind terrain at (17.0, 3.0, 10.0) / 0.7 / 3.14159265358979
   at: push_error (core/variant/variant_utility.cpp:1023)
   GDScript backtrace (most recent call first):
       [0] _run (res://verify/random_reveal_framing.gd:55)
ERROR: REVEAL-04 frilled_shark intersects environment at (720, 480) / 0.7 / 3.14159265358979
   at: push_error (core/variant/variant_utility.cpp:1023)
   GDScript backtrace (most recent call first):
       [0] _run (res://verify/random_reveal_framing.gd:55)
ERROR: REVEAL-04 frilled_shark hidden behind terrain at (17.0, 3.0, 10.0) / 0.7 / 3.14159265358979
   at: push_error (core/variant/variant_utility.cpp:1023)
   GDScript backtrace (most recent call first):
       [0] _run (res://verify/random_reveal_framing.gd:55)
ERROR: REVEAL-04 frilled_shark intersects environment at (720, 480) / 0.7 / 3.14159265358979
   at: push_error (core/variant/variant_utility.cpp:1023)
   GDScript backtrace (most recent call first):
       [0] _run (res://verify/random_reveal_framing.gd:55)
ERROR: REVEAL-04 frilled_shark hidden behind terrain at (17.0, 3.0, 10.0) / 0.7 / 3.14159265358979
   at: push_error (core/variant/variant_utility.cpp:1023)
   GDScript backtrace (most recent call first):
       [0] _run (res://verify/random_reveal_framing.gd:55)
ERROR: REVEAL-04 frilled_shark intersects environment at (720, 480) / 0.7 / 3.14159265358979
   at: push_error (core/variant/variant_utility.cpp:1023)
   GDScript backtrace (most recent call first):
       [0] _run (res://verify/random_reveal_framing.gd:55)
ERROR: REVEAL-04 frilled_shark hidden behind terrain at (17.0, 3.0, 10.0) / 0.7 / 3.14159265358979
   at: push_error (core/variant/variant_utility.cpp:1023)
   GDScript backtrace (most recent call first):
       [0] _run (res://verify/random_reveal_framing.gd:55)
ERROR: REVEAL-04 angler hidden behind terrain at (17.0, 3.0, 10.0) / 0.7 / 3.14159265358979
   at: push_error (core/variant/variant_utility.cpp:1023)
   GDScript backtrace (most recent call first):
       [0] _run (res://verify/random_reveal_framing.gd:55)
ERROR: REVEAL-04 frilled_shark intersects environment at (720, 480) / 0.7 / 3.14159265358979
   at: push_error (core/variant/variant_utility.cpp:1023)
   GDScript backtrace (most recent call first):
       [0] _run (res://verify/random_reveal_framing.gd:55)
ERROR: REVEAL-04 frilled_shark hidden behind terrain at (17.0, 3.0, 10.0) / 0.7 / 3.14159265358979
   at: push_error (core/variant/variant_utility.cpp:1023)
   GDScript backtrace (most recent call first):
       [0] _run (res://verify/random_reveal_framing.gd:55)
ERROR: REVEAL-04 angler hidden behind terrain at (17.0, 3.0, 10.0) / 0.7 / 3.14159265358979
   at: push_error (core/variant/variant_utility.cpp:1023)
   GDScript backtrace (most recent call first):
       [0] _run (res://verify/random_reveal_framing.gd:55)
ERROR: REVEAL-04 frilled_shark intersects environment at (720, 480) / 0.7 / 3.14159265358979
   at: push_error (core/variant/variant_utility.cpp:1023)
   GDScript backtrace (most recent call first):
       [0] _run (res://verify/random_reveal_framing.gd:55)
ERROR: REVEAL-04 frilled_shark hidden behind terrain at (17.0, 3.0, 10.0) / 0.7 / 3.14159265358979
   at: push_error (core/variant/variant_utility.cpp:1023)
   GDScript backtrace (most recent call first):
       [0] _run (res://verify/random_reveal_framing.gd:55)
ERROR: REVEAL-04 angler hidden behind terrain at (17.0, 3.0, 10.0) / 0.7 / 3.14159265358979
   at: push_error (core/variant/variant_utility.cpp:1023)
   GDScript backtrace (most recent call first):
       [0] _run (res://verify/random_reveal_framing.gd:55)
ERROR: REVEAL-04 frilled_shark intersects environment at (720, 480) / 0.7 / 3.14159265358979
   at: push_error (core/variant/variant_utility.cpp:1023)
   GDScript backtrace (most recent call first):
       [0] _run (res://verify/random_reveal_framing.gd:55)
ERROR: REVEAL-04 frilled_shark hidden behind terrain at (17.0, 3.0, 10.0) / 0.7 / 3.14159265358979
   at: push_error (core/variant/variant_utility.cpp:1023)
   GDScript backtrace (most recent call first):
       [0] _run (res://verify/random_reveal_framing.gd:55)
ERROR: REVEAL-04 frilled_shark hidden behind terrain at (17.0, 3.0, 10.0) / 0.7 / 3.14159265358979
   at: push_error (core/variant/variant_utility.cpp:1023)
   GDScript backtrace (most recent call first):
       [0] _run (res://verify/random_reveal_framing.gd:55)
ERROR: REVEAL-04 swordfish_duelist intersects environment at (720, 480) / 0.7 / 3.14159265358979
   at: push_error (core/variant/variant_utility.cpp:1023)
   GDScript backtrace (most recent call first):
       [0] _run (res://verify/random_reveal_framing.gd:55)
ERROR: REVEAL-04 swordfish_duelist hidden behind terrain at (17.0, 3.0, 10.0) / 0.7 / 3.14159265358979
   at: push_error (core/variant/variant_utility.cpp:1023)
   GDScript backtrace (most recent call first):
       [0] _run (res://verify/random_reveal_framing.gd:55)
ERROR: REVEAL-04 angler intersects environment at (720, 480) / 0.7 / 3.14159265358979
   at: push_error (core/variant/variant_utility.cpp:1023)
   GDScript backtrace (most recent call first):
       [0] _run (res://verify/random_reveal_framing.gd:55)
ERROR: REVEAL-04 angler hidden behind terrain at (17.0, 3.0, 10.0) / 0.7 / 3.14159265358979
   at: push_error (core/variant/variant_utility.cpp:1023)
   GDScript backtrace (most recent call first):
       [0] _run (res://verify/random_reveal_framing.gd:55)
ERROR: REVEAL-04 frilled_shark hidden behind terrain at (17.0, 3.0, 10.0) / 0.7 / 3.14159265358979
   at: push_error (core/variant/variant_utility.cpp:1023)
   GDScript backtrace (most recent call first):
       [0] _run (res://verify/random_reveal_framing.gd:55)
ERROR: REVEAL-04 swordfish_duelist intersects environment at (720, 480) / 0.7 / 3.14159265358979
   at: push_error (core/variant/variant_utility.cpp:1023)
   GDScript backtrace (most recent call first):
       [0] _run (res://verify/random_reveal_framing.gd:55)
ERROR: REVEAL-04 swordfish_duelist hidden behind terrain at (17.0, 3.0, 10.0) / 0.7 / 3.14159265358979
   at: push_error (core/variant/variant_utility.cpp:1023)
   GDScript backtrace (most recent call first):
       [0] _run (res://verify/random_reveal_framing.gd:55)
ERROR: REVEAL-04 angler intersects environment at (720, 480) / 0.7 / 3.14159265358979
   at: push_error (core/variant/variant_utility.cpp:1023)
   GDScript backtrace (most recent call first):
       [0] _run (res://verify/random_reveal_framing.gd:55)
ERROR: REVEAL-04 angler hidden behind terrain at (17.0, 3.0, 10.0) / 0.7 / 3.14159265358979
   at: push_error (core/variant/variant_utility.cpp:1023)
   GDScript backtrace (most recent call first):
       [0] _run (res://verify/random_reveal_framing.gd:55)
ERROR: REVEAL-04 frilled_shark hidden behind terrain at (17.0, 3.0, 10.0) / 0.7 / 3.14159265358979
   at: push_error (core/variant/variant_utility.cpp:1023)
   GDScript backtrace (most recent call first):
       [0] _run (res://verify/random_reveal_framing.gd:55)
ERROR: REVEAL-04 swordfish_duelist intersects environment at (720, 480) / 0.7 / 3.14159265358979
   at: push_error (core/variant/variant_utility.cpp:1023)
   GDScript backtrace (most recent call first):
       [0] _run (res://verify/random_reveal_framing.gd:55)
ERROR: REVEAL-04 swordfish_duelist hidden behind terrain at (17.0, 3.0, 10.0) / 0.7 / 3.14159265358979
   at: push_error (core/variant/variant_utility.cpp:1023)
   GDScript backtrace (most recent call first):
       [0] _run (res://verify/random_reveal_framing.gd:55)
ERROR: REVEAL-04 angler intersects environment at (720, 480) / 0.7 / 3.14159265358979
   at: push_error (core/variant/variant_utility.cpp:1023)
   GDScript backtrace (most recent call first):
       [0] _run (res://verify/random_reveal_framing.gd:55)
ERROR: REVEAL-04 angler hidden behind terrain at (17.0, 3.0, 10.0) / 0.7 / 3.14159265358979
   at: push_error (core/variant/variant_utility.cpp:1023)
   GDScript backtrace (most recent call first):
       [0] _run (res://verify/random_reveal_framing.gd:55)
RANDOM REVEAL FRAMING: 90 formations / three live animation samples: FAIL
