Godot Engine v4.7.1.stable.official.a13da4feb - https://godotengine.org

EARNED MAP RISE|frames=43|held=true|y=1.9312858581543|goal=2.0|fps=28.0
ROUTE LEG|(-4.87922, 2.706857, -4.609349)
ROUTE LEG|(-5.659538, 2.793013, -4.47436)
ROUTE LEG|(-6.412078, 2.816654, -4.447445)
ROUTE LEG|(-7.194166, 2.825477, -4.470592)
ROUTE LEG|(-7.906939, 2.828574, -4.497707)
ROUTE LEG|(-8.703907, 2.82994, -4.511717)
ROUTE LEG|(-9.422373, 2.830419, -4.510231)
ROUTE LEG|(-10.14053, 2.830617, -4.50385)
ROUTE LEG|(-10.93992, 2.830704, -4.498564)
ROUTE LEG|(-11.65928, 2.830735, -4.497292)
ROUTE LEG|(-12.4592, 2.830749, -4.49838)
ROUTE LEG|(-13.17876, 2.830753, -4.499819)
ROUTE LEG|(-13.89741, 2.830755, -4.50058)
ROUTE LEG|(-14.69702, 2.830756, -4.500579)
ROUTE LEG|(-15.41647, 2.830756, -4.500228)
ROUTE LEG|(-16.13508, 2.830756, -4.499941)
ROUTE LEG|(-16.93468, 2.830756, -4.499844)
ROUTE LEG|(-17.65412, 2.830756, -4.499897)
ROUTE LEG|(-18.45407, 2.830756, -4.499985)
ROUTE LEG|(-19.17364, 2.830756, -4.50003)
ROUTE LEG|(-19.8923, 2.830756, -4.500034)
ROUTE LEG|(-20.69192, 2.830756, -4.500015)
ROUTE LEG|(-21.41136, 2.830756, -4.499999)
ROUTE LEG|(-22.21132, 2.830756, -4.499992)
ROUTE LEG|(-22.79877, 2.830756, -5.005347)
ROUTE LEG|(-22.69938, 2.830756, -5.704868)
ROUTE LEG|(-22.50955, 2.830756, -6.444337)
ROUTE LEG|(-22.42635, 2.830756, -7.140722)
ROUTE LEG|(-22.43206, 2.830756, -7.928419)
ROUTE LEG|(-22.4742, 2.830756, -8.64159)
ROUTE LEG|(-22.50935, 2.830756, -9.43832)
ROUTE LEG|(-22.51795, 2.830756, -10.1567)
ROUTE LEG|(-22.51085, 2.830756, -10.95606)
ROUTE LEG|(-22.50133, 2.830756, -11.67535)
ROUTE LEG|(-22.49623, 2.830756, -12.39389)
ROUTE LEG|(-22.49615, 2.830756, -13.19345)
ROUTE LEG|(-22.49843, 2.830756, -13.91286)
ROUTE LEG|(-22.50034, 2.830756, -14.63146)
ROUTE LEG|(-22.50102, 2.830756, -15.43105)
ROUTE LEG|(-22.50069, 2.830756, -16.15049)
ROUTE LEG|(-22.50011, 2.830756, -16.95044)
ROUTE LEG|(-22.49981, 2.830756, -17.67001)
ROUTE LEG|(-22.49978, 2.830756, -18.38867)
ROUTE LEG|(-22.4999, 2.830756, -19.18828)
ROUTE LEG|(-22.50001, 2.830756, -19.90773)
ROUTE LEG|(-22.50005, 2.830756, -20.70769)
ROUTE LEG|(-22.50004, 2.830756, -21.42726)
ROUTE LEG|(-22.50001, 2.830756, -22.14592)
ROUTE LEG|(-22.49999, 2.830756, -22.94553)
ROUTE LEG|(-22.49999, 2.830756, -23.66498)
ROUTE LEG|(-22.55434, 2.830756, -24.37721)
ROUTE LEG|(-22.0767, 2.830756, -24.71812)
ROUTE LEG|(-21.32302, 2.830756, -24.76303)
ROUTE LEG|(-20.56166, 2.830756, -24.77059)
ROUTE LEG|(-19.85582, 2.830756, -24.76129)
ROUTE LEG|(-19.06193, 2.830756, -24.7501)
ROUTE LEG|(-18.34449, 2.830756, -24.74552)
ROUTE LEG|(-17.54543, 2.830756, -24.74616)
ROUTE LEG|(-16.82618, 2.830756, -24.74877)
ROUTE LEG|(-16.10765, 2.830756, -24.75065)
ROUTE LEG|(-15.3081, 2.830756, -24.75113)
ROUTE LEG|(-14.70835, 2.830756, -24.24531)
ROUTE LEG|(-14.64925, 2.830756, -24.03772)
ROUTE LEG|(-13.75007, 2.830756, -23.77913)
ROUTE LEG|(-13.04204, 2.830756, -23.92599)
ROUTE LEG|(-12.36022, 2.830756, -24.0319)
ROUTE LEG|(-11.57756, 2.830756, -24.06202)
ROUTE LEG|(-10.9704, 2.830756, -23.54322)
ROUTE LEG|(-11.05511, 2.830756, -22.7584)
ROUTE LEG|(-11.21597, 2.830756, -22.10853)
ROUTE LEG|(-11.26299, 2.830756, -21.34151)
ROUTE LEG|(-11.25395, 2.830756, -20.55291)
ROUTE LEG|(-11.2479, 2.830756, -19.83735)
ROUTE LEG|(-11.24639, 2.830756, -19.0391)
ROUTE LEG|(-11.24801, 2.830756, -18.32014)
ROUTE LEG|(-11.24987, 2.830756, -17.60172)
ROUTE LEG|(-11.25081, 2.830756, -16.80222)
ROUTE LEG|(-11.2507, 2.830756, -16.08282)
ROUTE LEG|(-11.25026, 2.830756, -15.36422)
ROUTE LEG|(-11.2499, 2.830756, -14.56463)
ROUTE LEG|(-11.24981, 2.830756, -13.8452)
ROUTE LEG|(-11.24989, 2.830756, -13.04524)
ROUTE LEG|(-11.24999, 2.830756, -12.32567)
ROUTE LEG|(-11.25004, 2.830756, -11.60701)
ROUTE LEG|(-11.25004, 2.830756, -10.8074)
ROUTE LEG|(-11.25001, 2.830756, -10.08795)
ROUTE LEG|(-11.24999, 2.830756, -9.287989)
ROUTE LEG|(-11.24999, 2.830756, -8.56842)
ROUTE LEG|(-10.80203, 2.830756, -7.968201)
ROUTE LEG|(-10.03519, 2.830756, -8.028385)
ROUTE LEG|(-9.31671, 2.830756, -8.208941)
ROUTE LEG|(-8.549698, 2.830756, -8.311227)
ROUTE LEG|(-7.843109, 2.830756, -8.315553)
ROUTE LEG|(-7.050673, 2.830756, -8.277176)
ROUTE LEG|(-6.334304, 2.830756, -8.245161)
ROUTE LEG|(-5.617006, 2.830756, -8.233186)
ROUTE LEG|(-4.818099, 2.830756, -8.237701)
ROUTE LEG|(-4.217421, 2.830756, -7.797968)
ROUTE LEG|(-4.27913, 2.830756, -7.033978)
ROUTE LEG|(-4.460039, 2.830756, -6.31633)
ROUTE LEG|(-4.56178, 2.830756, -5.549579)
ROUTE LEG|(-4.568515, 2.830756, -5.082816)
EARNED MAP ROUTE|distance=1005 samples|position=(-4.568515, 2.830756, -5.082816)|map_count=1|keys=0
MARC EARNED MAP: clean
