Godot Engine v4.7.1.stable.official.a13da4feb - https://godotengine.org

(0.03911, 0.017409, 0.065218)
(0.03911, 0.017409, 0.065218)
(0.03911, 0.017409, 0.065218)
PROLOGUE_PHASE|complete
WHIRL_OPEN_OBSERVER|actor=0|caught=1|hp=5|at=(226.0, 2.0, 16.0)|visible=true|locked=false
WHIRL_MATRIX|actor=0|csg=false|cylinder=false|angle=0.0|blocked_then_open=true|caught=1|end=(226.0, 2.0, 16.0)
WHIRL_OPEN_OBSERVER|actor=0|caught=1|hp=5|at=(226.0, 2.0, 16.0)|visible=true|locked=false
WHIRL_MATRIX|actor=0|csg=false|cylinder=false|angle=1.5707963267949|blocked_then_open=true|caught=1|end=(226.0, 2.0, 16.0)
WHIRL_OPEN_OBSERVER|actor=0|caught=1|hp=5|at=(226.0, 2.0, 16.0)|visible=true|locked=false
WHIRL_MATRIX|actor=0|csg=false|cylinder=true|angle=0.0|blocked_then_open=true|caught=1|end=(226.0, 2.0, 16.0)
WHIRL_OPEN_OBSERVER|actor=0|caught=1|hp=5|at=(226.0, 2.0, 16.0)|visible=true|locked=false
WHIRL_MATRIX|actor=0|csg=false|cylinder=true|angle=1.5707963267949|blocked_then_open=true|caught=1|end=(226.0, 2.0, 16.0)
WHIRL_OPEN_OBSERVER|actor=0|caught=1|hp=5|at=(226.0, 2.0, 16.0)|visible=true|locked=false
WHIRL_MATRIX|actor=0|csg=true|cylinder=false|angle=0.0|blocked_then_open=true|caught=1|end=(226.0, 2.0, 16.0)
WHIRL_OPEN_OBSERVER|actor=0|caught=1|hp=5|at=(226.0, 2.0, 16.0)|visible=true|locked=false
WHIRL_MATRIX|actor=0|csg=true|cylinder=false|angle=1.5707963267949|blocked_then_open=true|caught=1|end=(226.0, 2.0, 16.0)
WHIRL_OPEN_OBSERVER|actor=0|caught=1|hp=5|at=(226.0, 2.0, 16.0)|visible=true|locked=false
WHIRL_MATRIX|actor=0|csg=true|cylinder=true|angle=0.0|blocked_then_open=true|caught=1|end=(226.0, 2.0, 16.0)
WHIRL_OPEN_OBSERVER|actor=0|caught=1|hp=5|at=(226.0, 2.0, 16.0)|visible=true|locked=false
WHIRL_MATRIX|actor=0|csg=true|cylinder=true|angle=1.5707963267949|blocked_then_open=true|caught=1|end=(226.0, 2.0, 16.0)
WHIRL_OPEN_OBSERVER|actor=1|caught=1|hp=5|at=(226.0, 2.0, 16.0)|visible=true|locked=false
WHIRL_MATRIX|actor=1|csg=false|cylinder=false|angle=0.0|blocked_then_open=true|caught=1|end=(226.0, 2.0, 16.0)
WHIRL_OPEN_OBSERVER|actor=1|caught=1|hp=5|at=(226.0, 2.0, 16.0)|visible=true|locked=false
WHIRL_MATRIX|actor=1|csg=false|cylinder=false|angle=1.5707963267949|blocked_then_open=true|caught=1|end=(226.0, 2.0, 16.0)
WHIRL_OPEN_OBSERVER|actor=1|caught=1|hp=5|at=(226.0, 2.0, 16.0)|visible=true|locked=false
WHIRL_MATRIX|actor=1|csg=false|cylinder=true|angle=0.0|blocked_then_open=true|caught=1|end=(226.0, 2.0, 16.0)
WHIRL_OPEN_OBSERVER|actor=1|caught=1|hp=5|at=(226.0, 2.0, 16.0)|visible=true|locked=false
WHIRL_MATRIX|actor=1|csg=false|cylinder=true|angle=1.5707963267949|blocked_then_open=true|caught=1|end=(226.0, 2.0, 16.0)
WHIRL_OPEN_OBSERVER|actor=1|caught=1|hp=5|at=(226.0, 2.0, 16.0)|visible=true|locked=false
WHIRL_MATRIX|actor=1|csg=true|cylinder=false|angle=0.0|blocked_then_open=true|caught=1|end=(226.0, 2.0, 16.0)
WHIRL_OPEN_OBSERVER|actor=1|caught=1|hp=5|at=(226.0, 2.0, 16.0)|visible=true|locked=false
WHIRL_MATRIX|actor=1|csg=true|cylinder=false|angle=1.5707963267949|blocked_then_open=true|caught=1|end=(226.0, 2.0, 16.0)
WHIRL_OPEN_OBSERVER|actor=1|caught=1|hp=5|at=(226.0, 2.0, 16.0)|visible=true|locked=false
WHIRL_MATRIX|actor=1|csg=true|cylinder=true|angle=0.0|blocked_then_open=true|caught=1|end=(226.0, 2.0, 16.0)
WHIRL_OPEN_OBSERVER|actor=1|caught=1|hp=5|at=(226.0, 2.0, 16.0)|visible=true|locked=false
WHIRL_MATRIX|actor=1|csg=true|cylinder=true|angle=1.5707963267949|blocked_then_open=true|caught=1|end=(226.0, 2.0, 16.0)
WHIRL_OPEN_OBSERVER|actor=2|caught=1|hp=5|at=(226.0, 2.0, 16.0)|visible=true|locked=false
WHIRL_MATRIX|actor=2|csg=false|cylinder=false|angle=0.0|blocked_then_open=true|caught=1|end=(226.0, 2.0, 16.0)
WHIRL_OPEN_OBSERVER|actor=2|caught=1|hp=5|at=(226.0, 2.0, 16.0)|visible=true|locked=false
WHIRL_MATRIX|actor=2|csg=false|cylinder=false|angle=1.5707963267949|blocked_then_open=true|caught=1|end=(226.0, 2.0, 16.0)
WHIRL_OPEN_OBSERVER|actor=2|caught=1|hp=5|at=(226.0, 2.0, 16.0)|visible=true|locked=false
WHIRL_MATRIX|actor=2|csg=false|cylinder=true|angle=0.0|blocked_then_open=true|caught=1|end=(226.0, 2.0, 16.0)
WHIRL_OPEN_OBSERVER|actor=2|caught=1|hp=5|at=(226.0, 2.0, 16.0)|visible=true|locked=false
WHIRL_MATRIX|actor=2|csg=false|cylinder=true|angle=1.5707963267949|blocked_then_open=true|caught=1|end=(226.0, 2.0, 16.0)
WHIRL_OPEN_OBSERVER|actor=2|caught=1|hp=5|at=(226.0, 2.0, 16.0)|visible=true|locked=false
WHIRL_MATRIX|actor=2|csg=true|cylinder=false|angle=0.0|blocked_then_open=true|caught=1|end=(226.0, 2.0, 16.0)
WHIRL_OPEN_OBSERVER|actor=2|caught=1|hp=5|at=(226.0, 2.0, 16.0)|visible=true|locked=false
WHIRL_MATRIX|actor=2|csg=true|cylinder=false|angle=1.5707963267949|blocked_then_open=true|caught=1|end=(226.0, 2.0, 16.0)
WHIRL_OPEN_OBSERVER|actor=2|caught=1|hp=5|at=(226.0, 2.0, 16.0)|visible=true|locked=false
WHIRL_MATRIX|actor=2|csg=true|cylinder=true|angle=0.0|blocked_then_open=true|caught=1|end=(226.0, 2.0, 16.0)
WHIRL_OPEN_OBSERVER|actor=2|caught=1|hp=5|at=(226.0, 2.0, 16.0)|visible=true|locked=false
WHIRL_MATRIX|actor=2|csg=true|cylinder=true|angle=1.5707963267949|blocked_then_open=true|caught=1|end=(226.0, 2.0, 16.0)
WHIRL_MATRIX|cases=24|no_player_files=true
WHIRLPOOL SAFETY: clean
