Godot Engine v4.7.1.stable.official.a13da4feb - https://godotengine.org

(0.03911, 0.017409, 0.065218)
(0.03911, 0.017409, 0.065218)
(0.03911, 0.017409, 0.065218)
PROLOGUE_PHASE|complete
WHIRL_MENU|start=(27.67605, 1.991804, 10.65162)|end=(27.67605, 1.991804, 10.65162)|hp=7|caught=0|warning=false
WHIRL_MENU_COMPLETION|reset=(20.0, 2.0, 10.0)|clear=true|lock=false|visible=true|oxygen=0.0
WHIRL_MENU_RESUMED|end=(19.76903, 2.0, 9.904329)|hp=5|caught=1
WHIRL_MENU_CASE|actor=0|phase=spiral|returned_clear=true|swim=true
(0.03911, 0.017409, 0.065218)
(0.03911, 0.017409, 0.065218)
(0.03911, 0.017409, 0.065218)
PROLOGUE_PHASE|complete
WHIRL_MENU|start=(27.0, -0.2, 10.0)|end=(27.0, -0.2, 10.0)|hp=7|caught=0|warning=false
WHIRL_MENU_COMPLETION|reset=(20.0, 2.0, 10.0)|clear=true|lock=false|visible=true|oxygen=0.0
WHIRL_MENU_RESUMED|end=(19.76903, 2.0, 9.904329)|hp=5|caught=1
WHIRL_MENU_CASE|actor=0|phase=vanish|returned_clear=true|swim=true
(0.03911, 0.017409, 0.065218)
(0.03911, 0.017409, 0.065218)
(0.03911, 0.017409, 0.065218)
PROLOGUE_PHASE|complete
WHIRL_MENU|start=(27.94958, 1.999128, 10.24263)|end=(27.94958, 1.999128, 10.24263)|hp=7|caught=0|warning=false
WHIRL_MENU_COMPLETION|reset=(20.0, 2.0, 10.0)|clear=true|lock=false|visible=true|oxygen=0.0
WHIRL_MENU_RESUMED|end=(19.90433, 2.0, 9.769031)|hp=5|caught=1
WHIRL_MENU_CASE|actor=1|phase=spiral|returned_clear=true|swim=true
(0.03911, 0.017409, 0.065218)
(0.03911, 0.017409, 0.065218)
(0.03911, 0.017409, 0.065218)
PROLOGUE_PHASE|complete
WHIRL_MENU|start=(27.0, -0.2, 10.0)|end=(27.0, -0.2, 10.0)|hp=7|caught=0|warning=false
WHIRL_MENU_COMPLETION|reset=(20.0, 2.0, 10.0)|clear=true|lock=false|visible=true|oxygen=0.0
WHIRL_MENU_RESUMED|end=(19.90433, 2.0, 9.769031)|hp=5|caught=1
WHIRL_MENU_CASE|actor=1|phase=vanish|returned_clear=true|swim=true
(0.03911, 0.017409, 0.065218)
(0.03911, 0.017409, 0.065218)
(0.03911, 0.017409, 0.065218)
PROLOGUE_PHASE|complete
WHIRL_MENU|start=(27.96287, 1.99941, 10.20099)|end=(27.96287, 1.99941, 10.20099)|hp=7|caught=0|warning=false
WHIRL_MENU_COMPLETION|reset=(20.0, 2.0, 10.0)|clear=true|lock=false|visible=true|oxygen=0.0
WHIRL_MENU_RESUMED|end=(19.64645, 2.0, 9.646446)|hp=5|caught=1
WHIRL_MENU_CASE|actor=2|phase=spiral|returned_clear=true|swim=true
(0.03911, 0.017409, 0.065218)
(0.03911, 0.017409, 0.065218)
(0.03911, 0.017409, 0.065218)
PROLOGUE_PHASE|complete
WHIRL_MENU|start=(27.0, -0.2, 10.0)|end=(27.0, -0.2, 10.0)|hp=7|caught=0|warning=false
WHIRL_MENU_COMPLETION|reset=(20.0, 2.0, 10.0)|clear=true|lock=false|visible=true|oxygen=0.0
WHIRL_MENU_RESUMED|end=(19.64645, 2.0, 9.646446)|hp=5|caught=1
WHIRL_MENU_CASE|actor=2|phase=vanish|returned_clear=true|swim=true
WHIRL_MENU_CASES|completed=6
WHIRLPOOL SAFETY: clean
