Godot Engine v4.7.1.stable.official.a13da4feb - https://godotengine.org

(0.03911, 0.017409, 0.065218)
(0.03911, 0.017409, 0.065218)
(0.03911, 0.017409, 0.065218)
PROLOGUE_PHASE|complete
WHIRL_DEACTIVATE|actor=0|phase=spiral|release=(339.688, 1.8, 5.698997)|end=(339.688, 1.8, 7.480792)|hp=7
(0.03911, 0.017409, 0.065218)
(0.03911, 0.017409, 0.065218)
(0.03911, 0.017409, 0.065218)
PROLOGUE_PHASE|complete
WHIRL_DEACTIVATE|actor=0|phase=vanish|release=(339.688, 1.8, 5.698997)|end=(339.688, 1.8, 7.480792)|hp=7
(0.03911, 0.017409, 0.065218)
(0.03911, 0.017409, 0.065218)
(0.03911, 0.017409, 0.065218)
PROLOGUE_PHASE|complete
WHIRL_DEACTIVATE|actor=1|phase=spiral|release=(339.688, 1.8, 5.698997)|end=(339.688, 1.8, 7.480792)|hp=7
(0.03911, 0.017409, 0.065218)
(0.03911, 0.017409, 0.065218)
(0.03911, 0.017409, 0.065218)
PROLOGUE_PHASE|complete
WHIRL_DEACTIVATE|actor=1|phase=vanish|release=(339.688, 1.8, 5.698997)|end=(339.688, 1.8, 7.480792)|hp=7
(0.03911, 0.017409, 0.065218)
(0.03911, 0.017409, 0.065218)
(0.03911, 0.017409, 0.065218)
PROLOGUE_PHASE|complete
WHIRL_DEACTIVATE|actor=2|phase=spiral|release=(339.688, 1.8, 5.698997)|end=(339.688, 1.8, 7.480792)|hp=7
(0.03911, 0.017409, 0.065218)
(0.03911, 0.017409, 0.065218)
(0.03911, 0.017409, 0.065218)
PROLOGUE_PHASE|complete
WHIRL_DEACTIVATE|actor=2|phase=vanish|release=(339.688, 1.8, 5.698997)|end=(339.688, 1.8, 7.480792)|hp=7
WHIRL_DEACTIVATE|cases=6|no_player_files=true
WHIRLPOOL SAFETY: clean
