Godot Engine v4.7.1.stable.official.a13da4feb - https://godotengine.org

(0.03911, 0.017409, 0.065218)
(0.03911, 0.017409, 0.065218)
(0.03911, 0.017409, 0.065218)
PROLOGUE_PHASE|complete
POSTER_MATRIX|actor=0|gap=(257.3036, 300.3047)|fraction=0.3|side=-1.0|y=2.0|moved=1.07033157348633|end=(270.204, 2.0, 38.20691)
POSTER_MATRIX|actor=0|gap=(257.3036, 300.3047)|fraction=0.3|side=1.0|y=2.0|moved=1.07033157348633|end=(270.204, 2.0, 40.06624)
POSTER_MATRIX|actor=0|gap=(257.3036, 300.3047)|fraction=0.3|side=-1.0|y=3.26808713674545|moved=1.07038497924805|end=(270.204, 3.268087, 38.20696)
POSTER_MATRIX|actor=0|gap=(257.3036, 300.3047)|fraction=0.3|side=1.0|y=3.26808713674545|moved=1.07038497924805|end=(270.204, 3.268087, 40.06619)
POSTER_MATRIX|actor=0|gap=(257.3036, 300.3047)|fraction=0.7|side=-1.0|y=2.0|moved=1.07038497924805|end=(287.4044, 2.0, 38.20696)
POSTER_MATRIX|actor=0|gap=(257.3036, 300.3047)|fraction=0.7|side=1.0|y=2.0|moved=1.07038497924805|end=(287.4044, 2.0, 40.06619)
POSTER_MATRIX|actor=0|gap=(257.3036, 300.3047)|fraction=0.7|side=-1.0|y=3.26808713674545|moved=1.07038497924805|end=(287.4044, 3.268087, 38.20696)
POSTER_MATRIX|actor=0|gap=(257.3036, 300.3047)|fraction=0.7|side=1.0|y=3.26808713674545|moved=1.07038497924805|end=(287.4044, 3.268087, 40.06619)
POSTER_MATRIX|actor=0|gap=(309.512, 318.7128)|fraction=0.3|side=-1.0|y=2.0|moved=1.07048797607422|end=(312.2722, 2.0, 38.20706)
POSTER_MATRIX|actor=0|gap=(309.512, 318.7128)|fraction=0.3|side=1.0|y=2.0|moved=1.07033538818359|end=(312.2722, 2.0, 40.06624)
POSTER_MATRIX|actor=0|gap=(309.512, 318.7128)|fraction=0.3|side=-1.0|y=3.26808713674545|moved=1.07033538818359|end=(312.2722, 3.268087, 38.20691)
POSTER_MATRIX|actor=0|gap=(309.512, 318.7128)|fraction=0.3|side=1.0|y=3.26808713674545|moved=1.07049179077148|end=(312.2722, 3.268087, 40.06608)
POSTER_MATRIX|actor=0|gap=(309.512, 318.7128)|fraction=0.7|side=-1.0|y=2.0|moved=1.07033920288086|end=(315.9525, 2.0, 38.20691)
POSTER_MATRIX|actor=0|gap=(309.512, 318.7128)|fraction=0.7|side=1.0|y=2.0|moved=1.07038879394531|end=(315.9525, 2.0, 40.06618)
POSTER_MATRIX|actor=0|gap=(309.512, 318.7128)|fraction=0.7|side=-1.0|y=3.26808713674545|moved=1.07033920288086|end=(315.9525, 3.268087, 38.20691)
POSTER_MATRIX|actor=0|gap=(309.512, 318.7128)|fraction=0.7|side=1.0|y=3.26808713674545|moved=1.07049179077148|end=(315.9525, 3.268087, 40.06608)
POSTER_MATRIX|actor=1|gap=(257.3036, 300.3047)|fraction=0.3|side=-1.0|y=2.0|moved=1.18907928466797|end=(270.204, 2.0, 38.32565)
POSTER_MATRIX|actor=1|gap=(257.3036, 300.3047)|fraction=0.3|side=1.0|y=2.0|moved=1.18907928466797|end=(270.204, 2.0, 39.94749)
POSTER_MATRIX|actor=1|gap=(257.3036, 300.3047)|fraction=0.3|side=-1.0|y=3.13724141120911|moved=1.18907928466797|end=(270.204, 3.137241, 38.32565)
POSTER_MATRIX|actor=1|gap=(257.3036, 300.3047)|fraction=0.3|side=1.0|y=3.13724141120911|moved=1.18907928466797|end=(270.204, 3.137241, 39.94749)
POSTER_MATRIX|actor=1|gap=(257.3036, 300.3047)|fraction=0.7|side=-1.0|y=2.0|moved=1.18908309936523|end=(287.4044, 2.0, 38.32566)
POSTER_MATRIX|actor=1|gap=(257.3036, 300.3047)|fraction=0.7|side=1.0|y=2.0|moved=1.18908309936523|end=(287.4044, 2.0, 39.94749)
POSTER_MATRIX|actor=1|gap=(257.3036, 300.3047)|fraction=0.7|side=-1.0|y=3.13724141120911|moved=1.18908309936523|end=(287.4044, 3.137241, 38.32566)
POSTER_MATRIX|actor=1|gap=(257.3036, 300.3047)|fraction=0.7|side=1.0|y=3.13724141120911|moved=1.18908309936523|end=(287.4044, 3.137241, 39.94749)
POSTER_MATRIX|actor=1|gap=(309.512, 318.7128)|fraction=0.3|side=-1.0|y=2.0|moved=1.18913269042969|end=(312.2722, 2.0, 38.32571)
POSTER_MATRIX|actor=1|gap=(309.512, 318.7128)|fraction=0.3|side=1.0|y=2.0|moved=1.18913269042969|end=(312.2722, 2.0, 39.94744)
POSTER_MATRIX|actor=1|gap=(309.512, 318.7128)|fraction=0.3|side=-1.0|y=3.13724141120911|moved=1.18908309936523|end=(312.2722, 3.137241, 38.32566)
POSTER_MATRIX|actor=1|gap=(309.512, 318.7128)|fraction=0.3|side=1.0|y=3.13724141120911|moved=1.18913269042969|end=(312.2722, 3.137241, 39.94744)
POSTER_MATRIX|actor=1|gap=(309.512, 318.7128)|fraction=0.7|side=-1.0|y=2.0|moved=1.18913269042969|end=(315.9525, 2.0, 38.32571)
POSTER_MATRIX|actor=1|gap=(309.512, 318.7128)|fraction=0.7|side=1.0|y=2.0|moved=1.18913269042969|end=(315.9525, 2.0, 39.94744)
POSTER_MATRIX|actor=1|gap=(309.512, 318.7128)|fraction=0.7|side=-1.0|y=3.13724141120911|moved=1.18913269042969|end=(315.9525, 3.137241, 38.32571)
POSTER_MATRIX|actor=1|gap=(309.512, 318.7128)|fraction=0.7|side=1.0|y=3.13724141120911|moved=1.18908309936523|end=(315.9525, 3.137241, 39.94749)
POSTER_MATRIX|actor=2|gap=(257.3036, 300.3047)|fraction=0.3|side=-1.0|y=2.0|moved=0.96516418457031|end=(270.204, 2.0, 38.10174)
POSTER_MATRIX|actor=2|gap=(257.3036, 300.3047)|fraction=0.3|side=1.0|y=2.0|moved=0.96516418457031|end=(270.204, 2.0, 40.17141)
POSTER_MATRIX|actor=2|gap=(257.3036, 300.3047)|fraction=0.3|side=-1.0|y=2.88124697208405|moved=0.96506500244141|end=(270.204, 2.881247, 38.10164)
POSTER_MATRIX|actor=2|gap=(257.3036, 300.3047)|fraction=0.3|side=1.0|y=2.88124697208405|moved=0.96506881713867|end=(270.204, 2.881247, 40.1715)
POSTER_MATRIX|actor=2|gap=(257.3036, 300.3047)|fraction=0.7|side=-1.0|y=2.0|moved=0.96501922607422|end=(287.4044, 2.0, 38.10159)
POSTER_MATRIX|actor=2|gap=(257.3036, 300.3047)|fraction=0.7|side=1.0|y=2.0|moved=0.96501922607422|end=(287.4044, 2.0, 40.17155)
POSTER_MATRIX|actor=2|gap=(257.3036, 300.3047)|fraction=0.7|side=-1.0|y=2.88124697208405|moved=0.96502304077148|end=(287.4044, 2.881247, 38.1016)
POSTER_MATRIX|actor=2|gap=(257.3036, 300.3047)|fraction=0.7|side=1.0|y=2.88124697208405|moved=0.96497344970703|end=(287.4044, 2.881247, 40.1716)
POSTER_MATRIX|actor=2|gap=(309.512, 318.7128)|fraction=0.3|side=-1.0|y=2.0|moved=0.96497344970703|end=(312.2722, 2.0, 38.10155)
POSTER_MATRIX|actor=2|gap=(309.512, 318.7128)|fraction=0.3|side=1.0|y=2.0|moved=0.96512222290039|end=(312.2722, 2.0, 40.17145)
POSTER_MATRIX|actor=2|gap=(309.512, 318.7128)|fraction=0.3|side=-1.0|y=2.88124697208405|moved=0.96492385864258|end=(312.2722, 2.881247, 38.1015)
POSTER_MATRIX|actor=2|gap=(309.512, 318.7128)|fraction=0.3|side=1.0|y=2.88124697208405|moved=0.96497344970703|end=(312.2722, 2.881247, 40.1716)
POSTER_MATRIX|actor=2|gap=(309.512, 318.7128)|fraction=0.7|side=-1.0|y=2.0|moved=0.9649772644043|end=(315.9525, 2.0, 38.10155)
POSTER_MATRIX|actor=2|gap=(309.512, 318.7128)|fraction=0.7|side=1.0|y=2.0|moved=0.96517181396484|end=(315.9525, 2.0, 40.1714)
POSTER_MATRIX|actor=2|gap=(309.512, 318.7128)|fraction=0.7|side=-1.0|y=2.88124697208405|moved=0.96497344970703|end=(315.9525, 2.881247, 38.10155)
POSTER_MATRIX|actor=2|gap=(309.512, 318.7128)|fraction=0.7|side=1.0|y=2.88124697208405|moved=0.96521759033203|end=(315.9525, 2.881247, 40.17136)
POSTER_MATRIX|cases=48|independent_physical_rays=636
MAZE POSTER BARRIERS: clean
