Godot Engine v4.7.1.stable.official.a13da4feb - https://godotengine.org

(0.03911, 0.017409, 0.065218)
(0.03911, 0.017409, 0.065218)
(0.03911, 0.017409, 0.065218)
PROLOGUE_PHASE|complete
POSTER_RESTORE|actor=0|legacy=false|gap=(257.3036, 300.3047)|side=-1.0|downed=1|clear_and_swimmable=true
POSTER_RESTORE|actor=0|legacy=false|gap=(257.3036, 300.3047)|side=0.0|downed=1|clear_and_swimmable=true
POSTER_RESTORE|actor=0|legacy=false|gap=(257.3036, 300.3047)|side=1.0|downed=1|clear_and_swimmable=true
POSTER_RESTORE|actor=0|legacy=false|gap=(309.512, 318.7128)|side=-1.0|downed=1|clear_and_swimmable=true
POSTER_RESTORE|actor=0|legacy=false|gap=(309.512, 318.7128)|side=0.0|downed=1|clear_and_swimmable=true
POSTER_RESTORE|actor=0|legacy=false|gap=(309.512, 318.7128)|side=1.0|downed=1|clear_and_swimmable=true
POSTER_RESTORE|actor=0|legacy=true|gap=(257.3036, 300.3047)|side=-1.0|downed=1|clear_and_swimmable=true
POSTER_RESTORE|actor=0|legacy=true|gap=(257.3036, 300.3047)|side=0.0|downed=1|clear_and_swimmable=true
POSTER_RESTORE|actor=0|legacy=true|gap=(257.3036, 300.3047)|side=1.0|downed=1|clear_and_swimmable=true
POSTER_RESTORE|actor=0|legacy=true|gap=(309.512, 318.7128)|side=-1.0|downed=1|clear_and_swimmable=true
POSTER_RESTORE|actor=0|legacy=true|gap=(309.512, 318.7128)|side=0.0|downed=1|clear_and_swimmable=true
POSTER_RESTORE|actor=0|legacy=true|gap=(309.512, 318.7128)|side=1.0|downed=1|clear_and_swimmable=true
POSTER_RESTORE|actor=1|legacy=false|gap=(257.3036, 300.3047)|side=-1.0|downed=2|clear_and_swimmable=true
POSTER_RESTORE|actor=1|legacy=false|gap=(257.3036, 300.3047)|side=0.0|downed=2|clear_and_swimmable=true
POSTER_RESTORE|actor=1|legacy=false|gap=(257.3036, 300.3047)|side=1.0|downed=2|clear_and_swimmable=true
POSTER_RESTORE|actor=1|legacy=false|gap=(309.512, 318.7128)|side=-1.0|downed=2|clear_and_swimmable=true
POSTER_RESTORE|actor=1|legacy=false|gap=(309.512, 318.7128)|side=0.0|downed=2|clear_and_swimmable=true
POSTER_RESTORE|actor=1|legacy=false|gap=(309.512, 318.7128)|side=1.0|downed=2|clear_and_swimmable=true
POSTER_RESTORE|actor=1|legacy=true|gap=(257.3036, 300.3047)|side=-1.0|downed=2|clear_and_swimmable=true
POSTER_RESTORE|actor=1|legacy=true|gap=(257.3036, 300.3047)|side=0.0|downed=2|clear_and_swimmable=true
POSTER_RESTORE|actor=1|legacy=true|gap=(257.3036, 300.3047)|side=1.0|downed=2|clear_and_swimmable=true
POSTER_RESTORE|actor=1|legacy=true|gap=(309.512, 318.7128)|side=-1.0|downed=2|clear_and_swimmable=true
POSTER_RESTORE|actor=1|legacy=true|gap=(309.512, 318.7128)|side=0.0|downed=2|clear_and_swimmable=true
POSTER_RESTORE|actor=1|legacy=true|gap=(309.512, 318.7128)|side=1.0|downed=2|clear_and_swimmable=true
POSTER_RESTORE|actor=2|legacy=false|gap=(257.3036, 300.3047)|side=-1.0|downed=0|clear_and_swimmable=true
POSTER_RESTORE|actor=2|legacy=false|gap=(257.3036, 300.3047)|side=0.0|downed=0|clear_and_swimmable=true
POSTER_RESTORE|actor=2|legacy=false|gap=(257.3036, 300.3047)|side=1.0|downed=0|clear_and_swimmable=true
POSTER_RESTORE|actor=2|legacy=false|gap=(309.512, 318.7128)|side=-1.0|downed=0|clear_and_swimmable=true
POSTER_RESTORE|actor=2|legacy=false|gap=(309.512, 318.7128)|side=0.0|downed=0|clear_and_swimmable=true
POSTER_RESTORE|actor=2|legacy=false|gap=(309.512, 318.7128)|side=1.0|downed=0|clear_and_swimmable=true
POSTER_RESTORE|actor=2|legacy=true|gap=(257.3036, 300.3047)|side=-1.0|downed=0|clear_and_swimmable=true
POSTER_RESTORE|actor=2|legacy=true|gap=(257.3036, 300.3047)|side=0.0|downed=0|clear_and_swimmable=true
POSTER_RESTORE|actor=2|legacy=true|gap=(257.3036, 300.3047)|side=1.0|downed=0|clear_and_swimmable=true
POSTER_RESTORE|actor=2|legacy=true|gap=(309.512, 318.7128)|side=-1.0|downed=0|clear_and_swimmable=true
POSTER_RESTORE|actor=2|legacy=true|gap=(309.512, 318.7128)|side=0.0|downed=0|clear_and_swimmable=true
POSTER_RESTORE|actor=2|legacy=true|gap=(309.512, 318.7128)|side=1.0|downed=0|clear_and_swimmable=true
POSTER_RESTORE|generated_JSON_cases=36|no_player_files=true
MAZE POSTER BARRIERS: clean
