Godot Engine v4.7.1.stable.official.a13da4feb - https://godotengine.org

(0.03911, 0.017409, 0.065218)
(0.03911, 0.017409, 0.065218)
(0.03911, 0.017409, 0.065218)
PROLOGUE_PHASE|opening_video
PROLOGUE_PHASE|opening_handoff
PROLOGUE_PHASE|spawn_exploration
EARN NEW GAME|policy=skilled|recovery=existing-save-point|seed=64002|real_opening_seen=true
PROLOGUE_PHASE|angler
EARN FIGHT START|index=1|source=prologue_angler|enemy=["Angler"]
EARN PARTY|stage=fight-1-entry|name=Staff_Diver|level=1|xp=0|hp=10|o2=100.0|spells=[]
EARN PARTY|stage=fight-1-entry|name=Prototype_1(1910)|level=1|xp=0|hp=10|o2=100.0|spells=[]
EARN PARTY|stage=fight-1-entry|name=Prototype_V(1922)|level=1|xp=0|hp=10|o2=100.0|spells=[]
EARN ACTION|fight=1|actor=Maxilani|move=Scuba Stabbing|target=Angler
EARN ACTION|fight=1|actor=Musashi|move=Precise Tap|target=Angler
PROLOGUE_PHASE|angler_victory
PROLOGUE_PHASE|octopus_notice
PROLOGUE_PHASE|octopus_omen
PROLOGUE_PHASE|octopus_introduction
PROLOGUE_PHASE|octopus_reveal
PROLOGUE_PHASE|octopus_response
EARN ACTION|fight=1|actor=Maxilani|move=Scuba Stabbing|target=Cordys
PROLOGUE_HIT|move=Scuba Stabbing|damage=1|hit=true|hp=999|effects=["Bleed 2"]
PROLOGUE_PHASE|scripted_defeat
PROLOGUE_STRIKE|move=Octo Stab|target=Maxilani|damage=80|hit=true|hp=0|living=2
EARN ACTION|fight=1|actor=Musashi|move=Precise Tap|target=Cordys
PROLOGUE_HIT|move=Precise Tap|damage=3|hit=true|hp=994|effects=[]
PROLOGUE_STRIKE|move=Head Bash|target=Musashi|damage=78|hit=true|hp=0|living=1
EARN ACTION|fight=1|actor=Bucky|move=Guard Bash|target=Cordys
PROLOGUE_HIT|move=Guard Bash|damage=9|hit=true|hp=983|effects=[]
PROLOGUE_STRIKE|move=Electric Shooting|target=Bucky|damage=76|hit=true|hp=0|living=0
EARN FIGHT END|index=1|result=prologue_defeat|actions=5|phase=scripted_defeat
EARN PARTY|stage=fight-1-exit|name=Staff_Diver|level=1|xp=0|hp=0|o2=100.0|spells=[]
EARN PARTY|stage=fight-1-exit|name=Prototype_1(1910)|level=1|xp=0|hp=0|o2=100.0|spells=[]
EARN PARTY|stage=fight-1-exit|name=Prototype_V(1922)|level=1|xp=0|hp=0|o2=100.0|spells=[]
PROLOGUE_PHASE|octopus_aftermath
PROLOGUE_PHASE|recovery
PROLOGUE_PHASE|complete
EARN PARTY|stage=real-recovery|name=Staff_Diver|level=1|xp=0|hp=10|o2=100.0|spells=[]
EARN PARTY|stage=real-recovery|name=Prototype_1(1910)|level=1|xp=0|hp=10|o2=100.0|spells=[]
EARN PARTY|stage=real-recovery|name=Prototype_V(1922)|level=1|xp=0|hp=10|o2=100.0|spells=[]
RANDOM_REVEAL|enemies=swordfish_duelist|duration=1.5
RANDOM_COMBAT|enemies=swordfish_duelist
EARN FIGHT START|index=2|source=random|enemy=["Swordfish Duelist"]
EARN PARTY|stage=fight-2-entry|name=Staff_Diver|level=1|xp=0|hp=10|o2=100.0|spells=[]
EARN PARTY|stage=fight-2-entry|name=Prototype_1(1910)|level=1|xp=0|hp=10|o2=100.0|spells=[]
EARN PARTY|stage=fight-2-entry|name=Prototype_V(1922)|level=1|xp=0|hp=10|o2=100.0|spells=[]
EARN ACTION|fight=2|actor=Maxilani|move=Flash Blast|target=All enemies
EARN ACTION|fight=2|actor=Musashi|move=Precise Tap|target=Swordfish Duelist
EARN ACTION|fight=2|actor=Bucky|move=Guard Bash|target=Swordfish Duelist
EARN FIGHT END|index=2|result=won|actions=3|phase=complete
EARN PARTY|stage=fight-2-exit|name=Staff_Diver|level=1|xp=10|hp=10|o2=100.0|spells=[]
EARN PARTY|stage=fight-2-exit|name=Prototype_1(1910)|level=1|xp=10|hp=9|o2=100.0|spells=[]
EARN PARTY|stage=fight-2-exit|name=Prototype_V(1922)|level=1|xp=10|hp=10|o2=100.0|spells=[]
RANDOM_REVEAL|enemies=angler,swordfish_duelist|duration=1.5
RANDOM_COMBAT|enemies=angler,swordfish_duelist
EARN FIGHT START|index=3|source=random|enemy=["Angler 1", "Swordfish Duelist 2"]
EARN PARTY|stage=fight-3-entry|name=Staff_Diver|level=1|xp=10|hp=10|o2=88.0|spells=[]
EARN PARTY|stage=fight-3-entry|name=Prototype_1(1910)|level=1|xp=10|hp=9|o2=100.0|spells=[]
EARN PARTY|stage=fight-3-entry|name=Prototype_V(1922)|level=1|xp=10|hp=10|o2=100.0|spells=[]
EARN ACTION|fight=3|actor=Maxilani|move=Flash Blast|target=All enemies
EARN ACTION|fight=3|actor=Musashi|move=Precise Tap|target=Angler 1
EARN ACTION|fight=3|actor=Bucky|move=Guard Bash|target=Angler 1
EARN ACTION|fight=3|actor=Maxilani|move=Flash Blast|target=All enemies
EARN ACTION|fight=3|actor=Musashi|move=Precise Tap|target=Swordfish Duelist 2
EARN ACTION|fight=3|actor=Bucky|move=Guard Bash|target=Swordfish Duelist 2
EARN FIGHT END|index=3|result=won|actions=6|phase=complete
EARN PARTY|stage=fight-3-exit|name=Staff_Diver|level=2|xp=0|hp=10|o2=100.0|spells=["swift_strike"]
EARN PARTY|stage=fight-3-exit|name=Prototype_1(1910)|level=2|xp=0|hp=10|o2=100.0|spells=["precise_jab"]
EARN PARTY|stage=fight-3-exit|name=Prototype_V(1922)|level=2|xp=0|hp=10|o2=100.0|spells=["heavy_slam"]
EARN PHYSICAL ARRIVAL|goal=(55.0, 2.0, -5.0)|actual=(55.11464, 2.0, -5.248756)
RANDOM_REVEAL|enemies=angler|duration=1.5
RANDOM_COMBAT|enemies=angler
EARN FIGHT START|index=4|source=random|enemy=["Angler"]
EARN PARTY|stage=fight-4-entry|name=Staff_Diver|level=2|xp=0|hp=10|o2=97.0|spells=["swift_strike"]
EARN PARTY|stage=fight-4-entry|name=Prototype_1(1910)|level=2|xp=0|hp=10|o2=100.0|spells=["precise_jab"]
EARN PARTY|stage=fight-4-entry|name=Prototype_V(1922)|level=2|xp=0|hp=10|o2=100.0|spells=["heavy_slam"]
EARN ACTION|fight=4|actor=Maxilani|move=Flash Blast|target=All enemies
EARN ACTION|fight=4|actor=Musashi|move=Precise Jab|target=Angler
EARN FIGHT END|index=4|result=won|actions=2|phase=complete
EARN PARTY|stage=fight-4-exit|name=Staff_Diver|level=2|xp=11|hp=10|o2=97.0|spells=["swift_strike"]
EARN PARTY|stage=fight-4-exit|name=Prototype_1(1910)|level=2|xp=11|hp=10|o2=92.0|spells=["precise_jab"]
EARN PARTY|stage=fight-4-exit|name=Prototype_V(1922)|level=2|xp=11|hp=10|o2=100.0|spells=["heavy_slam"]
EARN PHYSICAL ARRIVAL|goal=(68.0, 2.0, 10.0)|actual=(68.00023, 2.0, 10.28867)
EARN PHYSICAL ARRIVAL|goal=(90.0, 2.0, 10.0)|actual=(90.19225, 2.0, 9.999942)
EARN FIGHT START|index=5|source=lab_blocker|enemy=["Bomb Bot"]
EARN PARTY|stage=fight-5-entry|name=Staff_Diver|level=2|xp=11|hp=10|o2=79.0|spells=["swift_strike"]
EARN PARTY|stage=fight-5-entry|name=Prototype_1(1910)|level=2|xp=11|hp=10|o2=92.0|spells=["precise_jab"]
EARN PARTY|stage=fight-5-entry|name=Prototype_V(1922)|level=2|xp=11|hp=10|o2=100.0|spells=["heavy_slam"]
EARN ACTION|fight=5|actor=Maxilani|move=Flash Blast|target=All enemies
EARN ACTION|fight=5|actor=Musashi|move=Precise Jab|target=Bomb Bot
EARN ACTION|fight=5|actor=Bucky|move=Guard Bash|target=Bomb Bot
EARN FIGHT END|index=5|result=won|actions=3|phase=complete
EARN PARTY|stage=fight-5-exit|name=Staff_Diver|level=2|xp=28|hp=10|o2=79.0|spells=["swift_strike"]
EARN PARTY|stage=fight-5-exit|name=Prototype_1(1910)|level=2|xp=28|hp=10|o2=84.0|spells=["precise_jab"]
EARN PARTY|stage=fight-5-exit|name=Prototype_V(1922)|level=2|xp=28|hp=10|o2=100.0|spells=["heavy_slam"]
EARN PHYSICAL ARRIVAL|goal=(117.0, 2.0, 16.0)|actual=(117.0243, 2.0, 16.0683)
EARN FIGHT START|index=6|source=lab_blocker|enemy=["Sword Slayer"]
EARN PARTY|stage=fight-6-entry|name=Staff_Diver|level=2|xp=28|hp=10|o2=73.0|spells=["swift_strike"]
EARN PARTY|stage=fight-6-entry|name=Prototype_1(1910)|level=2|xp=28|hp=10|o2=84.0|spells=["precise_jab"]
EARN PARTY|stage=fight-6-entry|name=Prototype_V(1922)|level=2|xp=28|hp=10|o2=100.0|spells=["heavy_slam"]
EARN ACTION|fight=6|actor=Maxilani|move=Flash Blast|target=All enemies
EARN ACTION|fight=6|actor=Musashi|move=Precise Jab|target=Sword Slayer
EARN ACTION|fight=6|actor=Bucky|move=Guard Bash|target=Sword Slayer
EARN ACTION|fight=6|actor=Maxilani|move=Flash Blast|target=All enemies
EARN ACTION|fight=6|actor=Musashi|move=Precise Jab|target=Sword Slayer
EARN FIGHT END|index=6|result=won|actions=5|phase=complete
EARN PARTY|stage=fight-6-exit|name=Staff_Diver|level=2|xp=47|hp=0|o2=73.0|spells=["swift_strike"]
EARN PARTY|stage=fight-6-exit|name=Prototype_1(1910)|level=2|xp=47|hp=0|o2=68.0|spells=["precise_jab"]
EARN PARTY|stage=fight-6-exit|name=Prototype_V(1922)|level=2|xp=47|hp=7|o2=100.0|spells=["heavy_slam"]
EARN PHYSICAL ARRIVAL|goal=(142.0, 2.0, 16.0)|actual=(141.9973, 2.0, 15.99996)
EARN PARTY|stage=recovery-detour-start|name=Staff_Diver|level=2|xp=47|hp=0|o2=70.0|spells=["swift_strike"]
EARN PARTY|stage=recovery-detour-start|name=Prototype_1(1910)|level=2|xp=47|hp=0|o2=68.0|spells=["precise_jab"]
EARN PARTY|stage=recovery-detour-start|name=Prototype_V(1922)|level=2|xp=47|hp=7|o2=100.0|spells=["heavy_slam"]
EARN PHYSICAL ARRIVAL|goal=(90.0, 2.0, 10.0)|actual=(89.96929, 2.0, 9.707414)
EARN PHYSICAL ARRIVAL|goal=(68.0, 2.0, 10.0)|actual=(67.80527, 2.0, 10.00007)
RANDOM_REVEAL|enemies=swordfish_duelist|duration=1.5
RANDOM_COMBAT|enemies=swordfish_duelist
EARN FIGHT START|index=7|source=random|enemy=["Swordfish Duelist"]
EARN PARTY|stage=fight-7-entry|name=Staff_Diver|level=2|xp=47|hp=0|o2=40.0|spells=["swift_strike"]
EARN PARTY|stage=fight-7-entry|name=Prototype_1(1910)|level=2|xp=47|hp=0|o2=68.0|spells=["precise_jab"]
EARN PARTY|stage=fight-7-entry|name=Prototype_V(1922)|level=2|xp=47|hp=7|o2=100.0|spells=["heavy_slam"]
EARN ACTION|fight=7|actor=Bucky|move=Guard Bash|target=Swordfish Duelist
EARN ACTION|fight=7|actor=Bucky|move=Guard Bash|target=Swordfish Duelist
EARN ACTION|fight=7|actor=Bucky|move=Guard Bash|target=Swordfish Duelist
EARN ACTION|fight=7|actor=Bucky|move=Guard Bash|target=Swordfish Duelist
CHECKPOINT_GAME_OVER|slot=918431|complete=true
EARN FIGHT END|index=7|result=lost|actions=4|phase=complete
EARN PARTY|stage=fight-7-exit|name=Staff_Diver|level=2|xp=47|hp=0|o2=40.0|spells=["swift_strike"]
EARN PARTY|stage=fight-7-exit|name=Prototype_1(1910)|level=2|xp=47|hp=0|o2=68.0|spells=["precise_jab"]
EARN PARTY|stage=fight-7-exit|name=Prototype_V(1922)|level=2|xp=47|hp=0|o2=100.0|spells=["heavy_slam"]
EARN PARTY|stage=lab-terminal|name=Staff_Diver|level=2|xp=47|hp=0|o2=40.0|spells=["swift_strike"]
EARN PARTY|stage=lab-terminal|name=Prototype_1(1910)|level=2|xp=47|hp=0|o2=68.0|spells=["precise_jab"]
EARN PARTY|stage=lab-terminal|name=Prototype_V(1922)|level=2|xp=47|hp=0|o2=100.0|spells=["heavy_slam"]
EARNED LAB-FIRST SLICE|policy=skilled|recovery=existing-save-point|seed=64002|fights=7|actions=28|lab=available|NOT_FULL_CAMPAIGN
FINDING EARN-2 actual earned fight ended lost
FINDING EARN-2 earned lab-first route did not finish actual blockers/Tethys
EARNED LAB-FIRST SLICE: failed
