Godot Engine v4.7.1.stable.official.a13da4feb - https://godotengine.org

(0.03911, 0.017409, 0.065218)
(0.03911, 0.017409, 0.065218)
(0.03911, 0.017409, 0.065218)
PROLOGUE_PHASE|complete
RIDER_LIFECYCLE|diver=0|mode=restore|clear=true|mask=5
RIDER_LIFECYCLE|diver=0|mode=kill|clear=true|mask=5
RIDER_LIFECYCLE|diver=0|mode=inactive|clear=true|mask=5
RIDER_LIFECYCLE|diver=0|mode=removed|clear=true|mask=5
RIDER_C5_ARRIVAL|end=(359.8148, -0.507667, -2.691317)|velocity=(-0.013016, 0.0, 0.021693)
RIDER_LIFECYCLE|diver=0|mode=c5-arrival|clear=true|mask=5
RIDER_LIFECYCLE|diver=1|mode=restore|clear=true|mask=5
RIDER_LIFECYCLE|diver=1|mode=kill|clear=true|mask=5
RIDER_LIFECYCLE|diver=1|mode=inactive|clear=true|mask=5
RIDER_LIFECYCLE|diver=1|mode=removed|clear=true|mask=5
RIDER_C5_ARRIVAL|end=(359.8148, -0.376822, -2.691317)|velocity=(-0.013016, 0.0, 0.021693)
RIDER_LIFECYCLE|diver=1|mode=c5-arrival|clear=true|mask=5
RIDER_LIFECYCLE|diver=2|mode=restore|clear=true|mask=5
RIDER_LIFECYCLE|diver=2|mode=kill|clear=true|mask=5
RIDER_LIFECYCLE|diver=2|mode=inactive|clear=true|mask=5
RIDER_LIFECYCLE|diver=2|mode=removed|clear=true|mask=5
RIDER_C5_ARRIVAL|end=(359.8148, -0.120827, -2.691317)|velocity=(-0.013016, 0.0, 0.021693)
RIDER_LIFECYCLE|diver=2|mode=c5-arrival|clear=true|mask=5
MAZE WALL RIDERS: clean | cases=15|retained_frames=0
