Godot Engine v4.7.1.stable.official.a13da4feb - https://godotengine.org

(0.03911, 0.017409, 0.065218)
(0.03911, 0.017409, 0.065218)
(0.03911, 0.017409, 0.065218)
PROLOGUE_PHASE|complete
RIDER_START|wall=CurrentWall1|diver=0|closing=false|position=(301.8843, -0.507667, 34.95497)|size=(18.408, 4.058, 1.0)
RIDER_FRAME|0|wall=(301.0421, 1.42021, 29.42934)|yaw=-1.5435254573822|actor=(302.1722, -0.507667, 34.93526)|local=(5.534691, -1.927877, -0.979584)
RIDER_CONTACT|frame=0|offset=(5.534691, -1.927877, -0.979584)
RIDER_FRAME|20|wall=(304.6925, 1.42021, 28.51609)|yaw=-1.10776817798615|actor=(308.041, -0.507667, 33.03045)|local=(5.534698, -1.927877, -0.979584)
RIDER_FRAME|40|wall=(307.6129, 1.42021, 26.15158)|yaw=-0.67263054847717|actor=(312.5524, -0.507667, 28.83372)|local=(5.534668, -1.927877, -0.979584)
RIDER_FRAME|60|wall=(309.2608, 1.42021, 22.79137)|yaw=-0.2392680644989|actor=(314.87, -0.507667, 23.15136)|local=(5.534698, -1.927877, -0.979595)
RIDER_RELEASE|wall=CurrentWall1|diver=0|clear=true|mask=5|swim=1.00785064697266
RIDER_START|wall=CurrentWall2|diver=0|closing=false|position=(310.0916, -0.507667, 16.45788)|size=(27.8898, 4.05762, 1.0)
RIDER_FRAME|0|wall=(309.2568, 1.420212, 24.8224)|yaw=1.58897686004639|actor=(310.0916, -0.507667, 16.45788)|local=(8.347977, -1.92788, 0.986725)
RIDER_CONTACT|frame=1|offset=(8.32387, -1.927883, 0.979614)
RIDER_FRAME|20|wall=(314.9058, 1.420265, 23.46151)|yaw=2.02395939826965|actor=(312.1422, -0.507667, 15.54894)|local=(8.323868, -1.927932, 0.979614)
RIDER_FRAME|40|wall=(319.4575, 1.420318, 19.84417)|yaw=2.45920085906982|actor=(313.6154, -0.507667, 13.8345)|local=(8.323868, -1.927985, 0.979614)
RIDER_FRAME|60|wall=(322.0536, 1.42037, 14.66915)|yaw=2.89258813858032|actor=(314.2279, -0.507667, 11.66845)|local=(8.323883, -1.928037, 0.979591)
RIDER_RELEASE|wall=CurrentWall2|diver=0|clear=true|mask=5|swim=1.00784683227539
RIDER_START|wall=CurrentWall1|diver=1|closing=false|position=(301.7586, -0.376822, 34.94328)|size=(18.408, 4.058, 1.0)
RIDER_FRAME|0|wall=(301.0421, 1.42021, 29.42934)|yaw=-1.5435254573822|actor=(302.0531, -0.376822, 34.92339)|local=(5.519608, -1.797032, -0.86084)
RIDER_CONTACT|frame=0|offset=(5.519608, -1.797032, -0.86084)
RIDER_FRAME|20|wall=(304.697, 1.42021, 28.51385)|yaw=-1.10719323158264|actor=(307.9352, -0.376822, 33.06588)|local=(5.519592, -1.797032, -0.86084)
RIDER_FRAME|40|wall=(307.6146, 1.42021, 26.14944)|yaw=-0.67231529951096|actor=(312.4692, -0.376822, 28.91352)|local=(5.519623, -1.797032, -0.86087)
RIDER_FRAME|60|wall=(309.2616, 1.42021, 22.78826)|yaw=-0.23890076577663|actor=(314.8281, -0.376822, 23.25799)|local=(5.519653, -1.797032, -0.860844)
RIDER_RELEASE|wall=CurrentWall1|diver=1|clear=true|mask=5|swim=1.00785064697266
RIDER_START|wall=CurrentWall2|diver=1|closing=false|position=(309.9728, -0.376822, 16.45791)|size=(27.8898, 4.05762, 1.0)
RIDER_FRAME|0|wall=(309.3791, 1.420213, 24.81953)|yaw=1.59806716442108|actor=(310.0122, -0.376822, 16.45684)|local=(8.342371, -1.797035, 0.86084)
RIDER_CONTACT|frame=3|offset=(8.342369, -1.797043, 0.86087)
RIDER_FRAME|20|wall=(315.0244, 1.420266, 23.4029)|yaw=2.03378820419312|actor=(312.0688, -0.376822, 15.55439)|local=(8.342377, -1.797088, 0.86084)
RIDER_FRAME|40|wall=(319.5349, 1.420319, 19.74787)|yaw=2.46837735176086|actor=(313.5495, -0.376822, 13.87339)|local=(8.342361, -1.79714, 0.860855)
RIDER_FRAME|60|wall=(322.0838, 1.420371, 14.54741)|yaw=2.90190458297729|actor=(314.1844, -0.376822, 11.73072)|local=(8.342377, -1.797193, 0.860855)
RIDER_RELEASE|wall=CurrentWall2|diver=1|clear=true|mask=5|swim=1.00784683227539
RIDER_START|wall=CurrentWall1|diver=2|closing=false|position=(301.9827, -0.120827, 34.94326)|size=(18.408, 4.058, 1.0)
RIDER_FRAME|0|wall=(300.9946, 1.42021, 29.4305)|yaw=-1.54897964000702|actor=(302.1998, -0.120827, 34.92671)|local=(5.52124, -1.541037, -1.084961)
RIDER_CONTACT|frame=0|offset=(5.52124, -1.541037, -1.084961)
RIDER_FRAME|20|wall=(304.693, 1.42021, 28.51584)|yaw=-1.10770452022552|actor=(308.13, -0.120827, 32.97085)|local=(5.52124, -1.541037, -1.084991)
RIDER_FRAME|40|wall=(307.5781, 1.42021, 26.19497)|yaw=-0.67902028560638|actor=(312.556, -0.120827, 28.81815)|local=(5.521225, -1.541037, -1.084976)
RIDER_FRAME|60|wall=(309.2661, 1.42021, 22.76969)|yaw=-0.23670503497124|actor=(314.8877, -0.120827, 23.00971)|local=(5.52121, -1.541037, -1.084953)
RIDER_RELEASE|wall=CurrentWall1|diver=2|clear=true|mask=5|swim=1.00785064697266
RIDER_START|wall=CurrentWall2|diver=2|closing=false|position=(310.1969, -0.120827, 16.45794)|size=(27.8898, 4.05762, 1.0)
RIDER_FRAME|0|wall=(309.3791, 1.420213, 24.81953)|yaw=1.59806716442108|actor=(310.2364, -0.120827, 16.45686)|local=(8.336258, -1.541041, 1.084961)
RIDER_CONTACT|frame=2|offset=(8.336266, -1.541046, 1.08493)
RIDER_FRAME|20|wall=(315.0318, 1.420266, 23.39922)|yaw=2.03439950942993|actor=(312.2745, -0.120827, 15.45779)|local=(8.336258, -1.541093, 1.084961)
RIDER_FRAME|40|wall=(319.5547, 1.420319, 19.72305)|yaw=2.47073173522949|actor=(313.6995, -0.120827, 13.69095)|local=(8.336258, -1.541146, 1.084946)
RIDER_FRAME|60|wall=(322.0971, 1.420372, 14.49225)|yaw=2.90611934661865|actor=(314.2441, -0.120827, 11.49239)|local=(8.336243, -1.541199, 1.084957)
RIDER_RELEASE|wall=CurrentWall2|diver=2|clear=true|mask=5|swim=1.00784683227539
RIDER_START|wall=CurrentWall1|diver=0|closing=true|position=(315.0312, -0.507667, 21.80817)|size=(18.408, 4.058, 1.0)
RIDER_FRAME|0|wall=(309.5067, 1.42021, 20.91845)|yaw=-0.02181654050946|actor=(315.0266, -0.507667, 22.01872)|local=(5.542603, -1.927877, 0.979595)
RIDER_CONTACT|frame=0|offset=(5.542603, -1.927877, 0.979595)
RIDER_FRAME|20|wall=(308.59, 1.42021, 24.62084)|yaw=-0.46361172199249|actor=(313.1095, -0.507667, 27.97557)|local=(5.542603, -1.927877, 0.979591)
RIDER_FRAME|40|wall=(306.2226, 1.42021, 27.54082)|yaw=-0.89892119169235|actor=(308.9059, -0.507667, 32.48849)|local=(5.542587, -1.927877, 0.979584)
RIDER_FRAME|60|wall=(302.7853, 1.42021, 29.20425)|yaw=-1.34123659133911|actor=(303.0927, -0.507667, 34.82432)|local=(5.542572, -1.927877, 0.979614)
RIDER_RELEASE|wall=CurrentWall1|diver=0|clear=true|mask=5|swim=1.00787353515625
RIDER_START|wall=CurrentWall2|diver=0|closing=true|position=(314.0995, -0.507667, 12.4303)|size=(27.8898, 4.05762, 1.0)
RIDER_FRAME|0|wall=(322.4623, 1.420397, 11.69338)|yaw=3.11614012718201|actor=(314.0987, -0.507667, 12.46037)|local=(8.341339, -1.928064, -0.979595)
RIDER_CONTACT|frame=3|offset=(8.341309, -1.928057, -0.979594)
RIDER_FRAME|20|wall=(321.0605, 1.420344, 17.35069)|yaw=2.67980766296387|actor=(313.1564, -0.507667, 14.51123)|local=(8.341309, -1.928012, -0.979591)
RIDER_FRAME|40|wall=(317.3992, 1.420291, 21.88554)|yaw=2.24347543716431|actor=(311.4357, -0.507667, 15.97171)|local=(8.341339, -1.927959, -0.979584)
RIDER_FRAME|60|wall=(312.1647, 1.420239, 24.4481)|yaw=1.80716669559479|actor=(309.2591, -0.507667, 16.56812)|local=(8.341331, -1.927906, -0.979584)
RIDER_RELEASE|wall=CurrentWall2|diver=0|clear=true|mask=5|swim=1.79967331886292
RIDER_START|wall=CurrentWall1|diver=1|closing=true|position=(315.0311, -0.376822, 21.68941)|size=(18.408, 4.058, 1.0)
RIDER_FRAME|0|wall=(309.5055, 1.42021, 20.96861)|yaw=-0.02758160419762|actor=(315.023, -0.376822, 21.98201)|local=(5.543457, -1.797032, 0.860849)
RIDER_CONTACT|frame=0|offset=(5.543457, -1.797032, 0.860849)
RIDER_FRAME|20|wall=(308.5932, 1.42021, 24.61447)|yaw=-0.46279296278954|actor=(313.1692, -0.376822, 27.85962)|local=(5.543457, -1.797032, 0.860847)
RIDER_FRAME|40|wall=(306.2479, 1.42021, 27.52062)|yaw=-0.89520174264908|actor=(309.0428, -0.376822, 32.38469)|local=(5.543457, -1.797032, 0.86087)
RIDER_FRAME|60|wall=(302.8253, 1.42021, 29.19481)|yaw=-1.33651518821716|actor=(303.2749, -0.376822, 34.78664)|local=(5.543465, -1.797032, 0.86084)
RIDER_RELEASE|wall=CurrentWall1|diver=1|clear=true|mask=5|swim=1.00787353515625
RIDER_START|wall=CurrentWall2|diver=1|closing=true|position=(314.0995, -0.376822, 12.31155)|size=(27.8898, 4.05762, 1.0)
RIDER_FRAME|0|wall=(322.4623, 1.420397, 11.69338)|yaw=3.11614012718201|actor=(314.0988, -0.376822, 12.34158)|local=(8.34436, -1.797219, -0.860847)
RIDER_CONTACT|frame=3|offset=(8.344391, -1.797211, -0.860847)
RIDER_FRAME|20|wall=(321.0894, 1.420345, 17.29216)|yaw=2.6846559047699|actor=(313.2214, -0.376822, 14.38317)|local=(8.34433, -1.797166, -0.860832)
RIDER_FRAME|40|wall=(316.7704, 1.420284, 22.35784)|yaw=2.18505907058716|actor=(311.2577, -0.376822, 16.03503)|local=(8.344345, -1.797106, -0.860825)
RIDER_FRAME|60|wall=(311.3365, 1.420231, 24.62091)|yaw=1.7443140745163|actor=(309.0479, -0.376822, 16.55053)|local=(8.344353, -1.797053, -0.86087)
RIDER_RELEASE|wall=CurrentWall2|diver=1|clear=true|mask=5|swim=1.58194756507874
RIDER_START|wall=CurrentWall1|diver=2|closing=true|position=(315.0311, -0.120827, 21.91352)|size=(18.408, 4.058, 1.0)
RIDER_FRAME|0|wall=(309.506, 1.42021, 20.95009)|yaw=-0.02545264177024|actor=(315.0245, -0.120827, 22.17588)|local=(5.548004, -1.541037, 1.08496)
RIDER_CONTACT|frame=0|offset=(5.548004, -1.541037, 1.08496)
RIDER_FRAME|20|wall=(308.5971, 1.42021, 24.60662)|yaw=-0.46178492903709|actor=(313.0805, -0.120827, 28.04979)|local=(5.547974, -1.541037, 1.084969)
RIDER_FRAME|40|wall=(306.2281, 1.42021, 27.53646)|yaw=-0.89811718463898|actor=(308.8363, -0.120827, 32.55182)|local=(5.547958, -1.541037, 1.084976)
RIDER_FRAME|60|wall=(302.8534, 1.42021, 29.18807)|yaw=-1.33320462703705|actor=(303.1047, -0.120827, 34.8355)|local=(5.547974, -1.541037, 1.08493)
RIDER_RELEASE|wall=CurrentWall1|diver=2|clear=true|mask=5|swim=1.00787353515625
RIDER_START|wall=CurrentWall2|diver=2|closing=true|position=(314.0995, -0.120827, 12.53566)|size=(27.8898, 4.05762, 1.0)
RIDER_FRAME|0|wall=(322.4617, 1.420397, 11.71785)|yaw=3.11432194709778|actor=(314.0985, -0.120827, 12.57508)|local=(8.336792, -1.541224, -1.084962)
RIDER_CONTACT|frame=2|offset=(8.336792, -1.541219, -1.084962)
RIDER_FRAME|20|wall=(321.0678, 1.420344, 17.33608)|yaw=2.68101906776428|actor=(313.1176, -0.120827, 14.60262)|local=(8.336761, -1.541172, -1.084976)
RIDER_FRAME|40|wall=(317.4439, 1.420292, 21.84972)|yaw=2.24773073196411|actor=(311.376, -0.120827, 16.0309)|local=(8.336777, -1.541119, -1.084961)
RIDER_FRAME|60|wall=(312.1418, 1.420238, 24.45362)|yaw=1.805415391922|actor=(309.1485, -0.120827, 16.59754)|local=(8.336792, -1.541066, -1.084991)
RIDER_RELEASE|wall=CurrentWall2|diver=2|clear=true|mask=5|swim=1.58829236030579
RIDER_START|wall=CSGBox3D14|diver=0|closing=false|position=(388.0629, -0.507667, 34.2212)|size=(25.6101, 4.05762, 1.0)
RIDER_FRAME|0|wall=(380.3769, 1.4204, 33.41004)|yaw=-0.02181661501527|actor=(388.0555, -0.507667, 34.55742)|local=(7.701813, -1.928067, 0.979593)
RIDER_CONTACT|frame=0|offset=(7.701813, -1.928067, 0.979593)
RIDER_FRAME|20|wall=(379.1076, 1.4204, 38.59063)|yaw=-0.45875144004822|actor=(385.5793, -0.507667, 42.87952)|local=(7.701813, -1.928067, 0.979614)
RIDER_FRAME|40|wall=(375.7664, 1.4204, 42.74643)|yaw=-0.89556193351746|actor=(379.816, -0.507667, 49.37048)|local=(7.701843, -1.928067, 0.979584)
RIDER_FRAME|60|wall=(371.023, 1.4204, 45.08824)|yaw=-1.32885050773621|actor=(371.9172, -0.507667, 52.80042)|local=(7.701813, -1.928067, 0.979645)
RIDER_RELEASE|wall=CSGBox3D14|diver=0|clear=true|mask=5|swim=1.00787353515625
RIDER_START|wall=CSGBox3D15|diver=0|closing=false|position=(396.3192, -0.507667, 28.0117)|size=(25.2762, 4.05762, 1.0)
RIDER_FRAME|0|wall=(388.7335, 1.4204, 27.1969)|yaw=-0.02181661501527|actor=(396.3121, -0.507667, 28.34209)|local=(7.601807, -1.928067, 0.979597)
RIDER_CONTACT|frame=0|offset=(7.601807, -1.928067, 0.979597)
RIDER_FRAME|20|wall=(387.5037, 1.4204, 32.26182)|yaw=-0.45458495616913|actor=(393.9033, -0.507667, 36.47977)|local=(7.601807, -1.928067, 0.979584)
RIDER_FRAME|40|wall=(384.2392, 1.4204, 36.36348)|yaw=-0.88989454507828|actor=(388.2633, -0.507667, 42.88673)|local=(7.601776, -1.928067, 0.979584)
RIDER_FRAME|60|wall=(379.5732, 1.4204, 38.7)|yaw=-1.3231828212738|actor=(380.4866, -0.507667, 46.30999)|local=(7.601776, -1.928067, 0.979645)
RIDER_RELEASE|wall=CSGBox3D15|diver=0|clear=true|mask=5|swim=1.00787353515625
RIDER_START|wall=CSGBox3D14|diver=1|closing=false|position=(388.0628, -0.376822, 34.10245)|size=(25.6101, 4.05762, 1.0)
RIDER_FRAME|0|wall=(380.3778, 1.4204, 33.36531)|yaw=-0.01818051189184|actor=(388.058, -0.376822, 34.36594)|local=(7.697205, -1.797222, 0.860846)
RIDER_CONTACT|frame=0|offset=(7.697205, -1.797222, 0.860846)
RIDER_FRAME|20|wall=(379.1306, 1.4204, 38.54382)|yaw=-0.45451277494431|actor=(385.6683, -0.376822, 42.69651)|local=(7.697205, -1.797222, 0.860855)
RIDER_FRAME|40|wall=(375.8116, 1.4204, 42.71004)|yaw=-0.89084511995316|actor=(379.9819, -0.376822, 49.23664)|local=(7.697205, -1.797222, 0.86087)
RIDER_FRAME|60|wall=(371.062, 1.4204, 45.07853)|yaw=-1.32557940483093|actor=(372.0956, -0.376822, 52.75441)|local=(7.69722, -1.797222, 0.86084)
RIDER_RELEASE|wall=CSGBox3D14|diver=1|clear=true|mask=5|swim=1.00787353515625
RIDER_START|wall=CSGBox3D15|diver=1|closing=false|position=(396.3192, -0.376822, 27.89295)|size=(25.2762, 4.05762, 1.0)
RIDER_FRAME|0|wall=(388.7335, 1.4204, 27.1969)|yaw=-0.02181661501527|actor=(396.312, -0.376822, 28.22331)|local=(7.599152, -1.797222, 0.860847)
RIDER_CONTACT|frame=0|offset=(7.599152, -1.797222, 0.860847)
RIDER_FRAME|20|wall=(387.4762, 1.4204, 32.31763)|yaw=-0.45970925688744|actor=(393.9044, -0.376822, 36.46072)|local=(7.599121, -1.797222, 0.86084)
RIDER_FRAME|40|wall=(384.2392, 1.4204, 36.36348)|yaw=-0.88989454507828|actor=(388.3539, -0.376822, 42.80991)|local=(7.599152, -1.797222, 0.86087)
RIDER_FRAME|60|wall=(379.4669, 1.4204, 38.72638)|yaw=-1.33220982551575|actor=(380.4264, -0.376822, 46.31366)|local=(7.599152, -1.797222, 0.86084)
RIDER_RELEASE|wall=CSGBox3D15|diver=1|clear=true|mask=5|swim=1.00787353515625
RIDER_START|wall=CSGBox3D14|diver=2|closing=false|position=(388.0628, -0.120827, 34.32656)|size=(25.6101, 4.05762, 1.0)
RIDER_FRAME|0|wall=(380.3758, 1.4204, 33.45477)|yaw=-0.02545271813869|actor=(388.0524, -0.120827, 34.73551)|local=(7.706757, -1.541227, 1.084961)
RIDER_CONTACT|frame=0|offset=(7.706757, -1.541227, 1.084961)
RIDER_FRAME|20|wall=(379.091, 1.4204, 38.62407)|yaw=-0.46178498864174|actor=(385.507, -0.120827, 43.02908)|local=(7.706757, -1.541227, 1.084961)
RIDER_FRAME|40|wall=(375.7419, 1.4204, 42.76605)|yaw=-0.89811730384827|actor=(379.6952, -0.120827, 49.46989)|local=(7.706757, -1.541227, 1.084961)
RIDER_FRAME|60|wall=(370.9653, 1.4204, 45.10232)|yaw=-1.33367323875427|actor=(371.7211, -0.120827, 52.84821)|local=(7.706757, -1.541227, 1.08493)
RIDER_RELEASE|wall=CSGBox3D14|diver=2|clear=true|mask=5|swim=1.00787353515625
RIDER_START|wall=CSGBox3D15|diver=2|closing=false|position=(396.3192, -0.120827, 28.11706)|size=(25.2762, 4.05762, 1.0)
RIDER_FRAME|0|wall=(388.7335, 1.4204, 27.1969)|yaw=-0.02181661501527|actor=(396.312, -0.120827, 28.44747)|local=(7.604095, -1.541227, 1.084961)
RIDER_CONTACT|frame=0|offset=(7.604095, -1.541227, 1.084961)
RIDER_FRAME|20|wall=(387.4957, 1.4204, 32.27818)|yaw=-0.45608589053154|actor=(393.8445, -0.120827, 36.60131)|local=(7.604065, -1.541227, 1.084976)
RIDER_FRAME|40|wall=(384.2392, 1.4204, 36.36348)|yaw=-0.88989454507828|actor=(388.1828, -0.120827, 42.95478)|local=(7.604065, -1.541227, 1.084961)
RIDER_FRAME|60|wall=(379.4669, 1.4204, 38.72638)|yaw=-1.33220982551575|actor=(380.2097, -0.120827, 46.37136)|local=(7.60408, -1.541227, 1.084961)
RIDER_RELEASE|wall=CSGBox3D15|diver=2|clear=true|mask=5|swim=1.00787353515625
RIDER_START|wall=CSGBox3D14|diver=0|closing=true|position=(369.1544, -0.507667, 53.12969)|size=(25.6101, 4.05762, 1.0)
RIDER_FRAME|0|wall=(368.3432, 1.4204, 45.44373)|yaw=-1.54897975921631|actor=(369.4906, -0.507667, 53.12235)|local=(7.701824, -1.928067, -0.979584)
RIDER_CONTACT|frame=0|offset=(7.701824, -1.928067, -0.979584)
RIDER_FRAME|20|wall=(373.4612, 1.4204, 44.2051)|yaw=-1.11771237850189|actor=(377.7133, -0.507667, 50.70101)|local=(7.701843, -1.928067, -0.979614)
RIDER_FRAME|40|wall=(377.6359, 1.4204, 40.88757)|yaw=-0.68090182542801|actor=(384.2369, -0.507667, 44.97467)|local=(7.701843, -1.928067, -0.979599)
RIDER_FRAME|60|wall=(380.0045, 1.4204, 36.15746)|yaw=-0.24761347472668|actor=(387.7115, -0.507667, 37.09539)|local=(7.701843, -1.928067, -0.979599)
RIDER_RELEASE|wall=CSGBox3D14|diver=0|clear=true|mask=5|swim=1.00785636901855
RIDER_START|wall=CSGBox3D15|diver=0|closing=true|position=(377.6779, -0.507667, 46.65305)|size=(25.2762, 4.05762, 1.0)
RIDER_FRAME|0|wall=(376.8631, 1.4204, 39.06732)|yaw=-1.54897975921631|actor=(378.0083, -0.507667, 46.64585)|local=(7.601723, -1.928067, -0.979614)
RIDER_CONTACT|frame=0|offset=(7.601723, -1.928067, -0.979614)
RIDER_FRAME|20|wall=(382.0655, 1.4204, 37.76921)|yaw=-1.1035612821579|actor=(386.3641, -0.507667, 44.11491)|local=(7.601715, -1.928067, -0.979584)
RIDER_FRAME|40|wall=(386.0983, 1.4204, 34.48753)|yaw=-0.67187505960464|actor=(392.6575, -0.507667, 38.45256)|local=(7.601746, -1.928067, -0.979599)
RIDER_FRAME|60|wall=(388.3926, 1.4204, 29.8007)|yaw=-0.23858654499054|actor=(396.0104, -0.507667, 30.64536)|local=(7.601685, -1.928067, -0.979595)
RIDER_RELEASE|wall=CSGBox3D15|diver=0|clear=true|mask=5|swim=1.00785064697266
RIDER_START|wall=CSGBox3D14|diver=1|closing=true|position=(369.0356, -0.376822, 53.12965)|size=(25.6101, 4.05762, 1.0)
RIDER_FRAME|0|wall=(368.3432, 1.4204, 45.44373)|yaw=-1.54897975921631|actor=(369.3718, -0.376822, 53.12231)|local=(7.699226, -1.797222, -0.86084)
RIDER_CONTACT|frame=0|offset=(7.699226, -1.797222, -0.86084)
RIDER_FRAME|20|wall=(373.5344, 1.4204, 44.16917)|yaw=-1.11108708381653|actor=(377.7219, -0.376822, 50.68709)|local=(7.699234, -1.797222, -0.86084)
RIDER_FRAME|40|wall=(377.6359, 1.4204, 40.88757)|yaw=-0.68090182542801|actor=(384.1601, -0.376822, 45.06528)|local=(7.699219, -1.797222, -0.86084)
RIDER_FRAME|60|wall=(380.0312, 1.4204, 36.04966)|yaw=-0.23858654499054|actor=(387.7158, -0.376822, 37.03274)|local=(7.699219, -1.797222, -0.860847)
RIDER_RELEASE|wall=CSGBox3D14|diver=1|clear=true|mask=5|swim=1.00785446166992
RIDER_START|wall=CSGBox3D15|diver=1|closing=true|position=(377.5591, -0.376822, 46.65302)|size=(25.2762, 4.05762, 1.0)
RIDER_FRAME|0|wall=(376.9072, 1.4204, 39.06628)|yaw=-1.54534363746643|actor=(377.9612, -0.376822, 46.64278)|local=(7.600929, -1.797222, -0.86084)
RIDER_CONTACT|frame=0|offset=(7.600929, -1.797222, -0.86084)
RIDER_FRAME|20|wall=(382.0064, 1.4204, 37.79885)|yaw=-1.10901141166687|actor=(386.1636, -0.376822, 44.22005)|local=(7.600937, -1.797222, -0.86087)
RIDER_FRAME|40|wall=(386.0922, 1.4204, 34.49516)|yaw=-0.67267906665802|actor=(392.5736, -0.376822, 38.55783)|local=(7.600952, -1.797222, -0.860855)
RIDER_FRAME|60|wall=(388.3969, 1.4204, 29.78274)|yaw=-0.2370645403862|actor=(395.9874, -0.376822, 30.73104)|local=(7.600952, -1.797222, -0.860855)
RIDER_RELEASE|wall=CSGBox3D15|diver=1|clear=true|mask=5|swim=1.00785064697266
RIDER_START|wall=CSGBox3D14|diver=2|closing=true|position=(369.2597, -0.120827, 53.12963)|size=(25.6101, 4.05762, 1.0)
RIDER_FRAME|0|wall=(368.3432, 1.4204, 45.44373)|yaw=-1.54897975921631|actor=(369.5959, -0.120827, 53.12229)|local=(7.704124, -1.541227, -1.08493)
RIDER_CONTACT|frame=0|offset=(7.704124, -1.541227, -1.08493)
RIDER_FRAME|20|wall=(373.4944, 1.4204, 44.18888)|yaw=-1.11471045017242|actor=(377.8616, -0.120827, 50.6276)|local=(7.704132, -1.541227, -1.084991)
RIDER_FRAME|40|wall=(377.6359, 1.4204, 40.88757)|yaw=-0.68090182542801|actor=(384.3049, -0.120827, 44.89421)|local=(7.704132, -1.541227, -1.084961)
RIDER_FRAME|60|wall=(380.0312, 1.4204, 36.04966)|yaw=-0.23858654499054|actor=(387.7735, -0.120827, 36.81613)|local=(7.704102, -1.541227, -1.084965)
RIDER_RELEASE|wall=CSGBox3D14|diver=2|clear=true|mask=5|swim=1.00785064697266
RIDER_START|wall=CSGBox3D15|diver=2|closing=true|position=(377.7832, -0.120827, 46.65299)|size=(25.2762, 4.05762, 1.0)
RIDER_FRAME|0|wall=(376.9293, 1.4204, 39.0657)|yaw=-1.54352557659149|actor=(378.2213, -0.120827, 46.64104)|local=(7.60783, -1.541227, -1.084961)
RIDER_CONTACT|frame=0|offset=(7.60783, -1.541227, -1.084961)
RIDER_FRAME|20|wall=(382.0261, 1.4204, 37.789)|yaw=-1.10719335079193|actor=(386.3985, -0.120827, 44.10857)|local=(7.607834, -1.541227, -1.084961)
RIDER_FRAME|40|wall=(386.1059, 1.4204, 34.47789)|yaw=-0.67086100578308|actor=(392.7394, -0.120827, 38.3575)|local=(7.607849, -1.541227, -1.084946)
RIDER_FRAME|60|wall=(388.4039, 1.4204, 29.75373)|yaw=-0.23460599780083|actor=(396.0555, -0.120827, 30.467)|local=(7.607819, -1.541227, -1.084965)
RIDER_RELEASE|wall=CSGBox3D15|diver=2|clear=true|mask=5|swim=1.00785064697266
RIDER_START|wall=CSGBox3D10|diver=0|closing=false|position=(375.5187, -0.507667, 19.70003)|size=(33.6604, 4.05762, 1.0)
RIDER_FRAME|0|wall=(376.2196, 1.4204, 9.606047)|yaw=-1.54894483089447|actor=(375.4604, -0.507667, 19.7013)|local=(10.07626, -1.928067, 0.979584)
RIDER_CONTACT|frame=1|offset=(10.07626, -1.928067, 0.979614)
RIDER_FRAME|20|wall=(368.9238, 1.4204, 11.39384)|yaw=-1.1120331287384|actor=(372.5077, -0.507667, 20.86202)|local=(10.07625, -1.928067, 0.979553)
RIDER_FRAME|40|wall=(363.0709, 1.4204, 16.0995)|yaw=-0.67522263526917|actor=(370.3238, -0.507667, 23.16251)|local=(10.07623, -1.928067, 0.979599)
RIDER_FRAME|60|wall=(359.7728, 1.4204, 22.78012)|yaw=-0.24193407595158|actor=(369.3209, -0.507667, 26.14526)|local=(10.07626, -1.928067, 0.979591)
RIDER_RELEASE|wall=CSGBox3D10|diver=0|clear=true|mask=5|swim=1.00785064697266
RIDER_START|wall=CSGBox3D11|diver=0|closing=false|position=(366.9952, -0.507667, 26.00158)|size=(31.9193, 4.05762, 1.0)
RIDER_FRAME|0|wall=(367.8377, 1.4204, 16.74577)|yaw=-1.55261588096619|actor=(366.9952, -0.507667, 26.00158)|local=(9.238987, -1.928067, 1.010681)
RIDER_CONTACT|frame=2|offset=(9.1208, -1.928067, 0.979614)
RIDER_FRAME|20|wall=(362.6196, 1.4204, 19.55111)|yaw=-1.11020839214325|actor=(365.796, -0.507667, 28.15682)|local=(9.120819, -1.928067, 0.979614)
RIDER_FRAME|40|wall=(359.1548, 1.4204, 24.20786)|yaw=-0.67691987752914|actor=(365.6509, -0.507667, 30.68466)|local=(9.120819, -1.928067, 0.979584)
RIDER_FRAME|60|wall=(357.9654, 1.4204, 29.88897)|yaw=-0.24363152682781|actor=(366.5805, -0.507667, 33.03982)|local=(9.120789, -1.928067, 0.979595)
RIDER_RELEASE|wall=CSGBox3D11|diver=0|clear=true|mask=5|swim=1.00785446166992
RIDER_START|wall=CSGBox3D10|diver=1|closing=false|position=(375.6375, -0.376822, 19.69998)|size=(33.6604, 4.05762, 1.0)
RIDER_FRAME|0|wall=(376.2202, 1.4204, 9.606033)|yaw=-1.54897975921631|actor=(375.5795, -0.376822, 19.70125)|local=(10.07888, -1.797222, 0.86084)
RIDER_CONTACT|frame=1|offset=(10.07888, -1.797222, 0.86084)
RIDER_FRAME|20|wall=(368.9888, 1.4204, 11.36191)|yaw=-1.11621141433716|actor=(372.6409, -0.376822, 20.79515)|local=(10.07889, -1.797222, 0.86084)
RIDER_FRAME|40|wall=(363.1326, 1.4204, 16.02285)|yaw=-0.68090182542801|actor=(370.422, -0.376822, 23.03629)|local=(10.07889, -1.797222, 0.860855)
RIDER_FRAME|60|wall=(359.759, 1.4204, 22.83647)|yaw=-0.23858654499054|actor=(369.3489, -0.376822, 26.05485)|local=(10.07889, -1.797222, 0.860847)
RIDER_RELEASE|wall=CSGBox3D10|diver=1|clear=true|mask=5|swim=1.00785064697266
RIDER_START|wall=CSGBox3D11|diver=1|closing=false|position=(367.1138, -0.377759, 26.12033)|size=(31.9193, 4.05762, 1.0)
RIDER_FRAME|0|wall=(367.7433, 1.4204, 16.7725)|yaw=-1.54534363746643|actor=(367.1138, -0.377759, 26.12033)|local=(9.32884, -1.798159, 0.867218)
RIDER_CONTACT|frame=2|offset=(9.252045, -1.798159, 0.86084)
RIDER_FRAME|20|wall=(362.6074, 1.4204, 19.56171)|yaw=-1.10901141166687|actor=(365.9589, -0.377759, 28.22817)|local=(9.252045, -1.798159, 0.86084)
RIDER_FRAME|40|wall=(359.1314, 1.4204, 24.26011)|yaw=-0.67267906665802|actor=(365.8315, -0.377759, 30.69818)|local=(9.252045, -1.798159, 0.86084)
RIDER_FRAME|60|wall=(357.9667, 1.4204, 29.9822)|yaw=-0.23672543466091|actor=(366.7588, -0.377759, 32.98881)|local=(9.252045, -1.798159, 0.860847)
RIDER_RELEASE|wall=CSGBox3D11|diver=1|clear=true|mask=5|swim=1.00785446166992
RIDER_START|wall=CSGBox3D10|diver=2|closing=false|position=(375.4133, -0.120827, 19.69995)|size=(33.6604, 4.05762, 1.0)
RIDER_FRAME|0|wall=(376.114, 1.4204, 9.608677)|yaw=-1.54284906387329|actor=(375.3108, -0.120827, 19.70281)|local=(10.06783, -1.541227, 1.084961)
RIDER_CONTACT|frame=0|offset=(10.06783, -1.541227, 1.084961)
RIDER_FRAME|20|wall=(368.8612, 1.4204, 11.42489)|yaw=-1.10800337791443|actor=(372.3851, -0.120827, 20.91798)|local=(10.06783, -1.541227, 1.084961)
RIDER_FRAME|40|wall=(363.0749, 1.4204, 16.09447)|yaw=-0.67559450864792|actor=(370.2527, -0.120827, 23.23707)|local=(10.06784, -1.541227, 1.084946)
RIDER_FRAME|60|wall=(359.7415, 1.4204, 22.90901)|yaw=-0.23428101837635|actor=(369.2824, -0.120827, 26.30148)|local=(10.06784, -1.541227, 1.084961)
RIDER_RELEASE|wall=CSGBox3D10|diver=2|clear=true|mask=5|swim=1.00785064697266
RIDER_START|wall=CSGBox3D11|diver=2|closing=false|position=(366.8898, -0.120827, 25.89621)|size=(31.9193, 4.05762, 1.0)
RIDER_FRAME|0|wall=(367.7015, 1.4204, 16.78454)|yaw=-1.5421267747879|actor=(366.8774, -0.120827, 25.89657)|local=(9.084755, -1.541227, 1.084961)
RIDER_CONTACT|frame=1|offset=(9.084759, -1.541227, 1.084961)
RIDER_FRAME|20|wall=(362.5903, 1.4204, 19.57658)|yaw=-1.10733389854431|actor=(365.6811, -0.120827, 28.18792)|local=(9.084763, -1.541227, 1.084961)
RIDER_FRAME|40|wall=(359.1493, 1.4204, 24.22008)|yaw=-0.67592686414719|actor=(365.5577, -0.120827, 30.75002)|local=(9.084747, -1.541227, 1.084946)
RIDER_FRAME|60|wall=(357.9675, 1.4204, 30.02423)|yaw=-0.23361159861088|actor=(366.5542, -0.120827, 33.18274)|local=(9.084747, -1.541227, 1.084961)
RIDER_RELEASE|wall=CSGBox3D11|diver=2|clear=true|mask=5|swim=1.00785446166992
RIDER_START|wall=CSGBox3D10|diver=0|closing=true|position=(369.3662, -0.507667, 25.85251)|size=(33.6604, 4.05762, 1.0)
RIDER_FRAME|0|wall=(359.2722, 1.4204, 26.55405)|yaw=-0.02181661687791|actor=(369.3675, -0.507667, 25.7945)|local=(10.07626, -1.928067, -0.979595)
RIDER_CONTACT|frame=1|offset=(10.07626, -1.928067, -0.979595)
RIDER_FRAME|20|wall=(361.0509, 1.4204, 19.27603)|yaw=-0.45757818222046|actor=(370.5233, -0.507667, 22.84867)|local=(10.07623, -1.928067, -0.979584)
RIDER_FRAME|40|wall=(365.701, 1.4204, 13.45673)|yaw=-0.89078634977341|actor=(372.7987, -0.507667, 20.67571)|local=(10.07626, -1.928067, -0.979584)
RIDER_FRAME|60|wall=(372.3658, 1.4204, 10.12669)|yaw=-1.32407486438751|actor=(375.7766, -0.507667, 19.65857)|local=(10.07626, -1.928067, -0.979553)
RIDER_RELEASE|wall=CSGBox3D10|diver=0|clear=true|mask=5|swim=1.00787353515625
RIDER_START|wall=CSGBox3D11|diver=0|closing=true|position=(367.1443, -0.507667, 32.06202)|size=(31.9193, 4.05762, 1.0)
RIDER_FRAME|0|wall=(358.3381, 1.4204, 32.90347)|yaw=-0.01818051375449|actor=(367.1443, -0.507667, 32.06202)|local=(8.78952, -1.928067, -1.00141)
RIDER_CONTACT|frame=3|offset=(8.856049, -1.928067, -0.979597)
RIDER_FRAME|20|wall=(358.2521, 1.4204, 26.97967)|yaw=-0.46058377623558|actor=(366.6206, -0.507667, 30.03839)|local=(8.855988, -1.928067, -0.979584)
RIDER_FRAME|40|wall=(360.6365, 1.4204, 21.68774)|yaw=-0.89387226104736|actor=(366.9474, -0.507667, 27.9774)|local=(8.856003, -1.928067, -0.979584)
RIDER_FRAME|60|wall=(365.0224, 1.4204, 17.88596)|yaw=-1.32716059684753|actor=(368.1094, -0.507667, 26.24409)|local=(8.856018, -1.928067, -0.979584)
RIDER_RELEASE|wall=CSGBox3D11|diver=0|clear=true|mask=5|swim=1.00787353515625
RIDER_START|wall=CSGBox3D10|diver=1|closing=true|position=(369.3662, -0.376822, 25.97127)|size=(33.6604, 4.05762, 1.0)
RIDER_FRAME|0|wall=(359.2722, 1.4204, 26.55405)|yaw=-0.02181661687791|actor=(369.3674, -0.376822, 25.91328)|local=(10.07883, -1.797222, -0.860849)
RIDER_CONTACT|frame=1|offset=(10.07889, -1.797222, -0.860847)
RIDER_FRAME|20|wall=(361.1256, 1.4204, 19.12625)|yaw=-0.46723511815071|actor=(370.5119, -0.376822, 22.89737)|local=(10.07886, -1.797222, -0.86084)
RIDER_FRAME|40|wall=(365.811, 1.4204, 13.36852)|yaw=-0.89892131090164|actor=(372.7584, -0.376822, 20.72092)|local=(10.07884, -1.797222, -0.86087)
RIDER_FRAME|60|wall=(372.5027, 1.4204, 10.09282)|yaw=-1.33220982551575|actor=(375.721, -0.376822, 19.68267)|local=(10.07887, -1.797222, -0.86087)
RIDER_RELEASE|wall=CSGBox3D10|diver=1|clear=true|mask=5|swim=1.00787353515625
RIDER_START|wall=CSGBox3D11|diver=1|closing=true|position=(367.263, -0.376822, 32.18077)|size=(31.9193, 4.05762, 1.0)
RIDER_FRAME|0|wall=(358.3267, 1.4204, 32.85572)|yaw=-0.02181661687791|actor=(367.263, -0.376822, 32.18077)|local=(8.919556, -1.797222, -0.86974)
RIDER_CONTACT|frame=2|offset=(8.975555, -1.797222, -0.860849)
RIDER_FRAME|20|wall=(358.2605, 1.4204, 26.93967)|yaw=-0.46361181139946|actor=(366.6736, -0.376822, 30.18337)|local=(8.975555, -1.797222, -0.860855)
RIDER_FRAME|40|wall=(360.6773, 1.4204, 21.63317)|yaw=-0.89892131090164|actor=(366.9379, -0.376822, 28.12205)|local=(8.975555, -1.797222, -0.86087)
RIDER_FRAME|60|wall=(365.19, 1.4204, 17.79643)|yaw=-1.3412367105484|actor=(368.0706, -0.376822, 26.34058)|local=(8.975555, -1.797222, -0.86087)
RIDER_RELEASE|wall=CSGBox3D11|diver=1|clear=true|mask=5|swim=1.00787353515625
RIDER_START|wall=CSGBox3D10|diver=2|closing=true|position=(369.3661, -0.120827, 25.74716)|size=(33.6604, 4.05762, 1.0)
RIDER_FRAME|0|wall=(359.2737, 1.4204, 26.49106)|yaw=-0.02545271813869|actor=(369.3683, -0.120827, 25.66274)|local=(10.07034, -1.541227, -1.084961)
RIDER_CONTACT|frame=1|offset=(10.07037, -1.541227, -1.084961)
RIDER_FRAME|20|wall=(361.0833, 1.4204, 19.21069)|yaw=-0.46178501844406|actor=(370.5822, -0.120827, 22.72615)|local=(10.07034, -1.541227, -1.084961)
RIDER_FRAME|40|wall=(365.8001, 1.4204, 13.3772)|yaw=-0.89811730384827|actor=(372.9233, -0.120827, 20.57769)|local=(10.07033, -1.541227, -1.084961)
RIDER_FRAME|60|wall=(372.5367, 1.4204, 10.08458)|yaw=-1.33422935009003|actor=(375.9515, -0.120827, 19.62009)|local=(10.07034, -1.541227, -1.08493)
RIDER_RELEASE|wall=CSGBox3D10|diver=2|clear=true|mask=5|swim=1.00787353515625
RIDER_START|wall=CSGBox3D11|diver=2|closing=true|position=(367.9733, 0.66369, 31.95666)|size=(31.9193, 4.05762, 1.0)
RIDER_FRAME|0|wall=(358.3267, 1.4204, 32.85572)|yaw=-0.02181661687791|actor=(367.9733, 0.66369, 31.95666)|local=(9.624786, -0.75671, -1.109295)
RIDER_CONTACT|frame=4|offset=(9.675385, -0.75671, -1.084961)
RIDER_FRAME|20|wall=(358.2521, 1.4204, 26.97933)|yaw=-0.46060985326767|actor=(367.4013, 0.66369, 30.30806)|local=(9.675354, -0.75671, -1.084961)
RIDER_FRAME|40|wall=(360.6773, 1.4204, 21.63317)|yaw=-0.89892131090164|actor=(367.5489, 0.66369, 28.53026)|local=(9.675385, -0.75671, -1.084961)
RIDER_FRAME|60|wall=(365.0824, 1.4204, 17.85357)|yaw=-1.33220982551575|actor=(368.4232, 0.66369, 26.99838)|local=(9.675377, -0.75671, -1.08493)
RIDER_RELEASE|wall=CSGBox3D11|diver=2|clear=true|mask=5|swim=1.00787353515625
MAZE WALL RIDERS: clean | cases=36|retained_frames=2271
