Godot Engine v4.7.1.stable.official.a13da4feb - https://godotengine.org

(0.03911, 0.017409, 0.065218)
(0.03911, 0.017409, 0.065218)
(0.03911, 0.017409, 0.065218)
PROLOGUE_PHASE|complete
EARNED MAP RISE|frames=7|held=true|y=1.90400660037994|goal=2.0|fps=16.0
ROUTE LEG|(258.4453, 2.333377, 15.84004)
ROUTE LEG|(259.1561, 2.360436, 15.7203)
ROUTE LEG|(259.9231, 2.370535, 15.69)
ROUTE LEG|(260.7102, 2.374303, 15.7171)
ROUTE LEG|(261.4245, 2.375626, 15.7484)
ROUTE LEG|(262.1409, 2.376175, 15.76364)
ROUTE LEG|(262.9395, 2.376417, 15.76246)
ROUTE LEG|(263.6585, 2.376502, 15.75453)
ROUTE LEG|(264.4583, 2.376539, 15.74805)
ROUTE LEG|(265.1777, 2.376552, 15.74662)
ROUTE LEG|(265.8964, 2.376558, 15.74787)
ROUTE LEG|(266.6959, 2.37656, 15.74974)
ROUTE LEG|(267.4153, 2.376561, 15.75066)
ROUTE LEG|(268.1339, 2.376561, 15.75071)
ROUTE LEG|(268.9335, 2.376561, 15.75031)
ROUTE LEG|(269.6529, 2.376561, 15.74997)
ROUTE LEG|(270.4528, 2.376561, 15.74983)
ROUTE LEG|(271.1724, 2.376561, 15.74988)
ROUTE LEG|(271.8911, 2.376561, 15.74997)
ROUTE LEG|(272.6907, 2.376561, 15.75003)
ROUTE LEG|(273.4102, 2.376561, 15.75004)
ROUTE LEG|(274.2101, 2.376561, 15.75002)
ROUTE LEG|(274.9297, 2.376561, 15.75)
ROUTE LEG|(275.6484, 2.376561, 15.74999)
ROUTE LEG|(276.4481, 2.376561, 15.74999)
ROUTE LEG|(277.0439, 2.376561, 15.2445)
ROUTE LEG|(276.9508, 2.376561, 14.54343)
ROUTE LEG|(276.7765, 2.376561, 13.82429)
ROUTE LEG|(276.6868, 2.376561, 13.056)
ROUTE LEG|(276.6884, 2.376561, 12.34902)
ROUTE LEG|(276.7268, 2.376561, 11.5562)
ROUTE LEG|(276.7563, 2.376561, 10.83957)
ROUTE LEG|(276.7661, 2.376561, 10.0409)
ROUTE LEG|(276.7602, 2.376561, 9.321898)
ROUTE LEG|(276.7517, 2.376561, 8.60352)
ROUTE LEG|(276.7468, 2.376561, 7.804037)
ROUTE LEG|(276.7467, 2.376561, 7.084641)
ROUTE LEG|(276.7485, 2.376561, 6.366054)
ROUTE LEG|(276.7502, 2.376561, 5.566473)
ROUTE LEG|(276.7508, 2.376561, 4.847038)
ROUTE LEG|(276.7505, 2.376561, 4.047084)
ROUTE LEG|(276.7501, 2.376561, 3.327519)
ROUTE LEG|(276.7498, 2.376561, 2.608857)
ROUTE LEG|(276.7498, 2.376561, 1.809243)
ROUTE LEG|(276.7498, 2.376561, 1.089796)
ROUTE LEG|(276.7499, 2.376561, 0.289835)
ROUTE LEG|(276.7499, 2.376561, -0.429733)
ROUTE LEG|(276.7499, 2.376561, -1.148395)
ROUTE LEG|(276.7499, 2.376561, -1.94801)
ROUTE LEG|(276.7499, 2.376561, -2.667457)
ROUTE LEG|(276.7499, 2.376561, -3.386069)
ROUTE LEG|(276.9061, 2.376561, -3.940214)
ROUTE LEG|(276.9784, 2.376561, -4.064154)
ROUTE LEG|(276.7484, 2.376561, -3.341787)
ROUTE LEG|(276.6838, 2.376561, -2.545268)
ROUTE LEG|(276.703, 2.376561, -1.851836)
ROUTE LEG|(276.7406, 2.376561, -1.064397)
ROUTE LEG|(276.7614, 2.376561, -0.34937)
ROUTE LEG|(276.7641, 2.376561, 0.448583)
ROUTE LEG|(276.7566, 2.376561, 1.167357)
ROUTE LEG|(276.7495, 2.376561, 1.885664)
ROUTE LEG|(276.7465, 2.376561, 2.68512)
ROUTE LEG|(276.7473, 2.376561, 3.404506)
ROUTE LEG|(276.7495, 2.376561, 4.204437)
ROUTE LEG|(276.7506, 2.376561, 4.923995)
ROUTE LEG|(276.7508, 2.376561, 5.642653)
ROUTE LEG|(276.7504, 2.376561, 6.442266)
ROUTE LEG|(276.75, 2.376561, 7.161712)
ROUTE LEG|(276.7498, 2.376561, 7.961672)
ROUTE LEG|(276.7498, 2.376561, 8.68124)
ROUTE LEG|(276.3019, 2.376561, 9.281653)
ROUTE LEG|(275.5351, 2.376561, 9.221625)
ROUTE LEG|(274.8166, 2.376561, 9.041086)
ROUTE LEG|(274.0496, 2.376561, 8.938782)
ROUTE LEG|(273.343, 2.376561, 8.934446)
ROUTE LEG|(272.5505, 2.376561, 8.972826)
ROUTE LEG|(271.8341, 2.376561, 9.004846)
ROUTE LEG|(271.1169, 2.376561, 9.016819)
ROUTE LEG|(270.3179, 2.376561, 9.012296)
ROUTE LEG|(269.5988, 2.376561, 9.0032)
ROUTE LEG|(268.799, 2.376561, 8.99702)
ROUTE LEG|(268.0794, 2.376561, 8.996333)
ROUTE LEG|(267.3608, 2.376561, 8.998057)
ROUTE LEG|(266.5612, 2.376561, 9.000028)
ROUTE LEG|(265.8418, 2.376561, 9.000805)
ROUTE LEG|(265.0418, 2.376561, 9.000668)
ROUTE LEG|(264.3222, 2.376561, 9.000201)
ROUTE LEG|(263.6035, 2.376561, 8.999874)
ROUTE LEG|(262.8039, 2.376561, 8.9998)
ROUTE LEG|(262.0845, 2.376561, 8.99989)
ROUTE LEG|(261.3658, 2.376561, 8.999991)
ROUTE LEG|(260.739, 2.376561, 9.446307)
ROUTE LEG|(260.7722, 2.376561, 10.21773)
ROUTE LEG|(260.9485, 2.376561, 10.93671)
ROUTE LEG|(261.0562, 2.376561, 11.70325)
ROUTE LEG|(261.0656, 2.376561, 12.40986)
ROUTE LEG|(260.5374, 2.376561, 13.0239)
ROUTE LEG|(259.7497, 2.376561, 12.94453)
ROUTE LEG|(259.0995, 2.376561, 12.78392)
ROUTE LEG|(258.3325, 2.376561, 12.68773)
ROUTE LEG|(257.5455, 2.376561, 12.68898)
ROUTE LEG|(256.9579, 2.376561, 13.22641)
ROUTE LEG|(257.0434, 2.376561, 13.93928)
ROUTE LEG|(257.2151, 2.376561, 14.66282)
ROUTE LEG|(257.3087, 2.376561, 15.43252)
ROUTE LEG|(257.3163, 2.376561, 15.66408)
EARNED MAP ROUTE|distance=1035 samples|position=(257.3163, 2.376561, 15.66408)|map_count=1|keys=0
MARC EARNED MAP: clean
